-- The C compiler identification is GNU 11.4.0
-- The CXX compiler identification is GNU 11.4.0
-- Detecting C compiler ABI info
-- Detecting C compiler ABI info - done
-- Check for working C compiler: /usr/bin/cc - skipped
-- Detecting C compile features
-- Detecting C compile features - done
-- Detecting CXX compiler ABI info
-- Detecting CXX compiler ABI info - done
-- Check for working CXX compiler: /usr/bin/c++ - skipped
-- Detecting CXX compile features
-- Detecting CXX compile features - done
-- Found ament_cmake: 1.3.12 (/opt/ros/humble/share/ament_cmake/cmake)
-- Found Python3: /usr/bin/python3 (found version "3.10.12") found components: Interpreter 
-- Override CMake install command with custom implementation using symlinks instead of copying resources
-- Configuring done
-- Generating done
-- Build files have been written to: /ws/build/openarmx_can
[  5%] Building CXX object CMakeFiles/openarmx_can.dir/src/openarm/canbus/can_socket.cpp.o
[ 10%] Building CXX object CMakeFiles/openarmx_can.dir/src/openarm/robstride_motor/rs_motor_device.cpp.o
[ 15%] Building CXX object CMakeFiles/openarmx_can.dir/src/openarm/can/socket/arm_component.cpp.o
[ 20%] Building CXX object CMakeFiles/openarmx_can.dir/src/openarm/robstride_motor/rs_motor_device_collection.cpp.o
[ 25%] Building CXX object CMakeFiles/openarmx_can.dir/src/openarm/robstride_motor/rs_motor_control.cpp.o
[ 30%] Building CXX object CMakeFiles/openarmx_can.dir/src/openarm/can/socket/gripper_component.cpp.o
[ 45%] Building CXX object CMakeFiles/openarmx_can.dir/src/openarm/canbus/can_device_collection.cpp.o
[ 45%] Building CXX object CMakeFiles/openarmx_can.dir/src/openarm/can/socket/openarm.cpp.o
[ 45%] Building CXX object CMakeFiles/openarmx_can.dir/src/openarm/robstride_motor/rs_motor.cpp.o
[ 50%] Linking CXX static library libopenarmx_can.a
[ 50%] Built target openarmx_can
[ 60%] Building CXX object CMakeFiles/motor-check.dir/setup/motor_check.cpp.o
[ 60%] Building CXX object CMakeFiles/robstride-demo-full.dir/examples/robstride_demo_full.cpp.o
[ 65%] Building CXX object CMakeFiles/robstride-demo.dir/examples/robstride_demo.cpp.o
[ 75%] Building CXX object CMakeFiles/robstride-demo-gripper.dir/examples/robstride_demo_gripper.cpp.o
[ 75%] Building CXX object CMakeFiles/python-style-test.dir/examples/python_style_test.cpp.o
[ 80%] Linking CXX executable motor-check
[ 85%] Linking CXX executable robstride-demo-full
[ 90%] Linking CXX executable python-style-test
[ 95%] Linking CXX executable robstride-demo-gripper
[100%] Linking CXX executable robstride-demo
[100%] Built target robstride-demo-full
[100%] Built target motor-check
[100%] Built target python-style-test
[100%] Built target robstride-demo
[100%] Built target robstride-demo-gripper
-- Install configuration: ""
-- Execute custom install script
-- Symlinking: /ws/install/openarmx_can/lib/cmake/OpenArmCANOpenArmXCom/OpenArmXCANConfig.cmake
-- Symlinking: /ws/install/openarmx_can/lib/cmake/OpenArmCANOpenArmXCom/OpenArmXCANVersion.cmake
-- Symlinking: /ws/install/openarmx_can/lib/pkgconfig/openarmx-can.pc
-- Symlinking: /ws/install/openarmx_can/include/openarm/can/socket/arm_component.hpp
-- Symlinking: /ws/install/openarmx_can/include/openarm/can/socket/gripper_component.hpp
-- Symlinking: /ws/install/openarmx_can/include/openarm/can/socket/openarm.hpp
-- Symlinking: /ws/install/openarmx_can/include/openarm/canbus/can_device.hpp
-- Symlinking: /ws/install/openarmx_can/include/openarm/canbus/can_device_collection.hpp
-- Symlinking: /ws/install/openarmx_can/include/openarm/canbus/can_socket.hpp
-- Symlinking: /ws/install/openarmx_can/include/openarm/robstride_motor/rs_motor.hpp
-- Symlinking: /ws/install/openarmx_can/include/openarm/robstride_motor/rs_motor_constants.hpp
-- Symlinking: /ws/install/openarmx_can/include/openarm/robstride_motor/rs_motor_control.hpp
-- Symlinking: /ws/install/openarmx_can/include/openarm/robstride_motor/rs_motor_device.hpp
-- Symlinking: /ws/install/openarmx_can/include/openarm/robstride_motor/rs_motor_device_collection.hpp
-- Symlinking: /ws/install/openarmx_can/lib/openarmx_can/robstride-demo
-- Symlinking: /ws/install/openarmx_can/lib/openarmx_can/python-style-test
-- Symlinking: /ws/install/openarmx_can/lib/openarmx_can/robstride-demo-full
-- Symlinking: /ws/install/openarmx_can/lib/openarmx_can/robstride-demo-gripper
-- Symlinking: /ws/install/openarmx_can/lib/openarmx_can/motor-check
-- Symlinking: /ws/install/openarmx_can/lib/cmake/openarmx_can/openarmx_canConfig.cmake
-- Symlinking: /ws/install/openarmx_can/share/openarmx_can/environment/library_path.sh
-- Symlinking: /ws/install/openarmx_can/share/openarmx_can/environment/library_path.dsv
-- Symlinking: /ws/install/openarmx_can/share/ament_index/resource_index/package_run_dependencies/openarmx_can
-- Symlinking: /ws/install/openarmx_can/share/ament_index/resource_index/parent_prefix_path/openarmx_can
-- Symlinking: /ws/install/openarmx_can/share/openarmx_can/environment/ament_prefix_path.sh
-- Symlinking: /ws/install/openarmx_can/share/openarmx_can/environment/ament_prefix_path.dsv
-- Symlinking: /ws/install/openarmx_can/share/openarmx_can/environment/path.sh
-- Symlinking: /ws/install/openarmx_can/share/openarmx_can/environment/path.dsv
-- Symlinking: /ws/install/openarmx_can/share/openarmx_can/local_setup.bash
-- Symlinking: /ws/install/openarmx_can/share/openarmx_can/local_setup.sh
-- Symlinking: /ws/install/openarmx_can/share/openarmx_can/local_setup.zsh
-- Symlinking: /ws/install/openarmx_can/share/openarmx_can/local_setup.dsv
-- Symlinking: /ws/install/openarmx_can/share/openarmx_can/package.dsv
-- Symlinking: /ws/install/openarmx_can/share/ament_index/resource_index/packages/openarmx_can
-- Symlinking: /ws/install/openarmx_can/share/openarmx_can/cmake/ament_cmake_export_targets-extras.cmake
-- Symlinking: /ws/install/openarmx_can/share/openarmx_can/cmake/openarmx_canConfig.cmake
-- Symlinking: /ws/install/openarmx_can/share/openarmx_can/cmake/openarmx_canConfig-version.cmake
-- Symlinking: /ws/install/openarmx_can/share/openarmx_can/package.xml
-- Installing: /ws/install/openarmx_can/lib/libopenarmx_can.a
-- Installing: /ws/install/openarmx_can/lib/cmake/OpenArmCANOpenArmXCom/OpenArmCANOpenArmXComTargets.cmake
-- Installing: /ws/install/openarmx_can/lib/cmake/OpenArmCANOpenArmXCom/OpenArmCANOpenArmXComTargets-noconfig.cmake
-- Up-to-date: /ws/install/openarmx_can/lib/libopenarmx_can.a
-- Installing: /ws/install/openarmx_can/lib/cmake/openarmx_can/openarmx_canTargets.cmake
-- Installing: /ws/install/openarmx_can/lib/cmake/openarmx_can/openarmx_canTargets-noconfig.cmake
-- Installing: /ws/install/openarmx_can/share/openarmx_can/cmake/openarmx_canTargetsExport.cmake
-- Installing: /ws/install/openarmx_can/share/openarmx_can/cmake/openarmx_canTargetsExport-noconfig.cmake
