[0.000000] (-) TimerEvent: {}
[0.000321] (openarmx_bringup) JobQueued: {'identifier': 'openarmx_bringup', 'dependencies': OrderedDict()}
[0.000379] (openarmx_can) JobQueued: {'identifier': 'openarmx_can', 'dependencies': OrderedDict()}
[0.000436] (openarmx_description) JobQueued: {'identifier': 'openarmx_description', 'dependencies': OrderedDict()}
[0.000447] (openarmx_gripper_panel) JobQueued: {'identifier': 'openarmx_gripper_panel', 'dependencies': OrderedDict()}
[0.000455] (openarmx_kp_kd_panel) JobQueued: {'identifier': 'openarmx_kp_kd_panel', 'dependencies': OrderedDict()}
[0.000467] (openarmx_teach) JobQueued: {'identifier': 'openarmx_teach', 'dependencies': OrderedDict()}
[0.000474] (openarmx_bimanual_moveit_config) JobQueued: {'identifier': 'openarmx_bimanual_moveit_config', 'dependencies': OrderedDict([('openarmx_description', '/ws/install/openarmx_description')])}
[0.000483] (openarmx_hardware) JobQueued: {'identifier': 'openarmx_hardware', 'dependencies': OrderedDict([('openarmx_can', '/ws/install/openarmx_can')])}
[0.000491] (openarmx_teleop_leader) JobQueued: {'identifier': 'openarmx_teleop_leader', 'dependencies': OrderedDict([('openarmx_can', '/ws/install/openarmx_can')])}
[0.000498] (openarmx) JobQueued: {'identifier': 'openarmx', 'dependencies': OrderedDict([('openarmx_bringup', '/ws/install/openarmx_bringup'), ('openarmx_can', '/ws/install/openarmx_can'), ('openarmx_description', '/ws/install/openarmx_description'), ('openarmx_hardware', '/ws/install/openarmx_hardware')])}
[0.000515] (openarmx_can) JobStarted: {'identifier': 'openarmx_can'}
[0.003806] (openarmx_description) JobStarted: {'identifier': 'openarmx_description'}
[0.005532] (openarmx_bringup) JobStarted: {'identifier': 'openarmx_bringup'}
[0.007163] (openarmx_gripper_panel) JobStarted: {'identifier': 'openarmx_gripper_panel'}
[0.008763] (openarmx_kp_kd_panel) JobStarted: {'identifier': 'openarmx_kp_kd_panel'}
[0.010349] (openarmx_teach) JobStarted: {'identifier': 'openarmx_teach'}
[0.013899] (openarmx_can) JobProgress: {'identifier': 'openarmx_can', 'progress': 'cmake'}
[0.014118] (openarmx_can) JobProgress: {'identifier': 'openarmx_can', 'progress': 'build'}
[0.014394] (openarmx_can) Command: {'cmd': ['/usr/bin/cmake', '--build', '/ws/build/openarmx_can', '--', '-j20', '-l20'], 'cwd': '/ws/build/openarmx_can', 'env': OrderedDict([('HOSTNAME', 'sajio-System-Product-Name'), ('SHLVL', '1'), ('LD_LIBRARY_PATH', '/ws/install/openarmx_kp_kd_panel/lib:/ws/install/openarmx_hardware/lib:/ws/install/openarmx_gripper_panel/lib:/ws/install/openarmx_can/lib:/opt/ros/humble/opt/rviz_ogre_vendor/lib:/opt/ros/humble/lib/x86_64-linux-gnu:/opt/ros/humble/lib'), ('HOME', '/root'), ('ROS_PYTHON_VERSION', '3'), ('COLCON_PREFIX_PATH', '/ws/install'), ('ROS_DISTRO', 'humble'), ('_', '/usr/bin/colcon'), ('ROS_VERSION', '2'), ('TERM', 'xterm'), ('ROS_LOCALHOST_ONLY', '0'), ('QT_X11_NO_MITSHM', '1'), ('PATH', '/opt/ros/humble/bin:/usr/local/sbin:/usr/local/bin:/usr/sbin:/usr/bin:/sbin:/bin'), ('DISPLAY', ':0'), ('LANG', 'C.UTF-8'), ('AMENT_PREFIX_PATH', '/ws/install/openarmx_teleop_leader:/ws/install/openarmx_teach:/ws/install/openarmx_kp_kd_panel:/ws/install/openarmx:/ws/install/openarmx_hardware:/ws/install/openarmx_gripper_panel:/ws/install/openarmx_bimanual_moveit_config:/ws/install/openarmx_description:/ws/install/openarmx_can:/ws/install/openarmx_bringup:/opt/ros/humble'), ('DEBIAN_FRONTEND', 'noninteractive'), ('PWD', '/ws/build/openarmx_can'), ('LC_ALL', 'C.UTF-8'), ('PYTHONPATH', '/ws/build/openarmx_teach:/ws/install/openarmx_teach/lib/python3.10/site-packages:/opt/ros/humble/lib/python3.10/site-packages:/opt/ros/humble/local/lib/python3.10/dist-packages'), ('COLCON', '1'), ('CMAKE_PREFIX_PATH', '/ws/install/openarmx_teleop_leader:/ws/install/openarmx_kp_kd_panel:/ws/install/openarmx:/ws/install/openarmx_hardware:/ws/install/openarmx_gripper_panel:/ws/install/openarmx_bimanual_moveit_config:/ws/install/openarmx_description:/ws/install/openarmx_can:/ws/install/openarmx_bringup:/ws/install/openarmx_teach:/opt/ros/humble')]), 'shell': False}
[0.015455] (openarmx_description) JobProgress: {'identifier': 'openarmx_description', 'progress': 'cmake'}
[0.015640] (openarmx_description) JobProgress: {'identifier': 'openarmx_description', 'progress': 'build'}
[0.015780] (openarmx_description) Command: {'cmd': ['/usr/bin/cmake', '--build', '/ws/build/openarmx_description', '--', '-j20', '-l20'], 'cwd': '/ws/build/openarmx_description', 'env': OrderedDict([('HOSTNAME', 'sajio-System-Product-Name'), ('SHLVL', '1'), ('LD_LIBRARY_PATH', '/ws/install/openarmx_kp_kd_panel/lib:/ws/install/openarmx_hardware/lib:/ws/install/openarmx_gripper_panel/lib:/ws/install/openarmx_can/lib:/opt/ros/humble/opt/rviz_ogre_vendor/lib:/opt/ros/humble/lib/x86_64-linux-gnu:/opt/ros/humble/lib'), ('HOME', '/root'), ('ROS_PYTHON_VERSION', '3'), ('COLCON_PREFIX_PATH', '/ws/install'), ('ROS_DISTRO', 'humble'), ('_', '/usr/bin/colcon'), ('ROS_VERSION', '2'), ('TERM', 'xterm'), ('ROS_LOCALHOST_ONLY', '0'), ('QT_X11_NO_MITSHM', '1'), ('PATH', '/opt/ros/humble/bin:/usr/local/sbin:/usr/local/bin:/usr/sbin:/usr/bin:/sbin:/bin'), ('DISPLAY', ':0'), ('LANG', 'C.UTF-8'), ('AMENT_PREFIX_PATH', '/ws/install/openarmx_teleop_leader:/ws/install/openarmx_teach:/ws/install/openarmx_kp_kd_panel:/ws/install/openarmx:/ws/install/openarmx_hardware:/ws/install/openarmx_gripper_panel:/ws/install/openarmx_bimanual_moveit_config:/ws/install/openarmx_description:/ws/install/openarmx_can:/ws/install/openarmx_bringup:/opt/ros/humble'), ('DEBIAN_FRONTEND', 'noninteractive'), ('PWD', '/ws/build/openarmx_description'), ('LC_ALL', 'C.UTF-8'), ('PYTHONPATH', '/ws/build/openarmx_teach:/ws/install/openarmx_teach/lib/python3.10/site-packages:/opt/ros/humble/lib/python3.10/site-packages:/opt/ros/humble/local/lib/python3.10/dist-packages'), ('COLCON', '1'), ('CMAKE_PREFIX_PATH', '/ws/install/openarmx_teleop_leader:/ws/install/openarmx_kp_kd_panel:/ws/install/openarmx:/ws/install/openarmx_hardware:/ws/install/openarmx_gripper_panel:/ws/install/openarmx_bimanual_moveit_config:/ws/install/openarmx_description:/ws/install/openarmx_can:/ws/install/openarmx_bringup:/ws/install/openarmx_teach:/opt/ros/humble')]), 'shell': False}
[0.016390] (openarmx_bringup) JobProgress: {'identifier': 'openarmx_bringup', 'progress': 'cmake'}
[0.016502] (openarmx_bringup) JobProgress: {'identifier': 'openarmx_bringup', 'progress': 'build'}
[0.016636] (openarmx_bringup) Command: {'cmd': ['/usr/bin/cmake', '--build', '/ws/build/openarmx_bringup', '--', '-j20', '-l20'], 'cwd': '/ws/build/openarmx_bringup', 'env': OrderedDict([('HOSTNAME', 'sajio-System-Product-Name'), ('SHLVL', '1'), ('LD_LIBRARY_PATH', '/ws/install/openarmx_kp_kd_panel/lib:/ws/install/openarmx_hardware/lib:/ws/install/openarmx_gripper_panel/lib:/ws/install/openarmx_can/lib:/opt/ros/humble/opt/rviz_ogre_vendor/lib:/opt/ros/humble/lib/x86_64-linux-gnu:/opt/ros/humble/lib'), ('HOME', '/root'), ('ROS_PYTHON_VERSION', '3'), ('COLCON_PREFIX_PATH', '/ws/install'), ('ROS_DISTRO', 'humble'), ('_', '/usr/bin/colcon'), ('ROS_VERSION', '2'), ('TERM', 'xterm'), ('ROS_LOCALHOST_ONLY', '0'), ('QT_X11_NO_MITSHM', '1'), ('PATH', '/opt/ros/humble/bin:/usr/local/sbin:/usr/local/bin:/usr/sbin:/usr/bin:/sbin:/bin'), ('DISPLAY', ':0'), ('LANG', 'C.UTF-8'), ('AMENT_PREFIX_PATH', '/ws/install/openarmx_teleop_leader:/ws/install/openarmx_teach:/ws/install/openarmx_kp_kd_panel:/ws/install/openarmx:/ws/install/openarmx_hardware:/ws/install/openarmx_gripper_panel:/ws/install/openarmx_bimanual_moveit_config:/ws/install/openarmx_description:/ws/install/openarmx_can:/ws/install/openarmx_bringup:/opt/ros/humble'), ('DEBIAN_FRONTEND', 'noninteractive'), ('PWD', '/ws/build/openarmx_bringup'), ('LC_ALL', 'C.UTF-8'), ('PYTHONPATH', '/ws/build/openarmx_teach:/ws/install/openarmx_teach/lib/python3.10/site-packages:/opt/ros/humble/lib/python3.10/site-packages:/opt/ros/humble/local/lib/python3.10/dist-packages'), ('COLCON', '1'), ('CMAKE_PREFIX_PATH', '/ws/install/openarmx_teleop_leader:/ws/install/openarmx_kp_kd_panel:/ws/install/openarmx:/ws/install/openarmx_hardware:/ws/install/openarmx_gripper_panel:/ws/install/openarmx_bimanual_moveit_config:/ws/install/openarmx_description:/ws/install/openarmx_can:/ws/install/openarmx_bringup:/ws/install/openarmx_teach:/opt/ros/humble')]), 'shell': False}
[0.017160] (openarmx_gripper_panel) JobProgress: {'identifier': 'openarmx_gripper_panel', 'progress': 'cmake'}
[0.017446] (openarmx_gripper_panel) JobProgress: {'identifier': 'openarmx_gripper_panel', 'progress': 'build'}
[0.017624] (openarmx_gripper_panel) Command: {'cmd': ['/usr/bin/cmake', '--build', '/ws/build/openarmx_gripper_panel', '--', '-j20', '-l20'], 'cwd': '/ws/build/openarmx_gripper_panel', 'env': OrderedDict([('HOSTNAME', 'sajio-System-Product-Name'), ('SHLVL', '1'), ('LD_LIBRARY_PATH', '/ws/install/openarmx_kp_kd_panel/lib:/ws/install/openarmx_hardware/lib:/ws/install/openarmx_gripper_panel/lib:/ws/install/openarmx_can/lib:/opt/ros/humble/opt/rviz_ogre_vendor/lib:/opt/ros/humble/lib/x86_64-linux-gnu:/opt/ros/humble/lib'), ('HOME', '/root'), ('ROS_PYTHON_VERSION', '3'), ('COLCON_PREFIX_PATH', '/ws/install'), ('ROS_DISTRO', 'humble'), ('_', '/usr/bin/colcon'), ('ROS_VERSION', '2'), ('TERM', 'xterm'), ('ROS_LOCALHOST_ONLY', '0'), ('QT_X11_NO_MITSHM', '1'), ('PATH', '/opt/ros/humble/bin:/usr/local/sbin:/usr/local/bin:/usr/sbin:/usr/bin:/sbin:/bin'), ('DISPLAY', ':0'), ('LANG', 'C.UTF-8'), ('AMENT_PREFIX_PATH', '/ws/install/openarmx_teleop_leader:/ws/install/openarmx_teach:/ws/install/openarmx_kp_kd_panel:/ws/install/openarmx:/ws/install/openarmx_hardware:/ws/install/openarmx_gripper_panel:/ws/install/openarmx_bimanual_moveit_config:/ws/install/openarmx_description:/ws/install/openarmx_can:/ws/install/openarmx_bringup:/opt/ros/humble'), ('DEBIAN_FRONTEND', 'noninteractive'), ('PWD', '/ws/build/openarmx_gripper_panel'), ('LC_ALL', 'C.UTF-8'), ('PYTHONPATH', '/ws/build/openarmx_teach:/ws/install/openarmx_teach/lib/python3.10/site-packages:/opt/ros/humble/lib/python3.10/site-packages:/opt/ros/humble/local/lib/python3.10/dist-packages'), ('COLCON', '1'), ('CMAKE_PREFIX_PATH', '/ws/install/openarmx_teleop_leader:/ws/install/openarmx_kp_kd_panel:/ws/install/openarmx:/ws/install/openarmx_hardware:/ws/install/openarmx_gripper_panel:/ws/install/openarmx_bimanual_moveit_config:/ws/install/openarmx_description:/ws/install/openarmx_can:/ws/install/openarmx_bringup:/ws/install/openarmx_teach:/opt/ros/humble')]), 'shell': False}
[0.018176] (openarmx_kp_kd_panel) JobProgress: {'identifier': 'openarmx_kp_kd_panel', 'progress': 'cmake'}
[0.018446] (openarmx_kp_kd_panel) JobProgress: {'identifier': 'openarmx_kp_kd_panel', 'progress': 'build'}
[0.018621] (openarmx_kp_kd_panel) Command: {'cmd': ['/usr/bin/cmake', '--build', '/ws/build/openarmx_kp_kd_panel', '--', '-j20', '-l20'], 'cwd': '/ws/build/openarmx_kp_kd_panel', 'env': OrderedDict([('HOSTNAME', 'sajio-System-Product-Name'), ('SHLVL', '1'), ('LD_LIBRARY_PATH', '/ws/install/openarmx_kp_kd_panel/lib:/ws/install/openarmx_hardware/lib:/ws/install/openarmx_gripper_panel/lib:/ws/install/openarmx_can/lib:/opt/ros/humble/opt/rviz_ogre_vendor/lib:/opt/ros/humble/lib/x86_64-linux-gnu:/opt/ros/humble/lib'), ('HOME', '/root'), ('ROS_PYTHON_VERSION', '3'), ('COLCON_PREFIX_PATH', '/ws/install'), ('ROS_DISTRO', 'humble'), ('_', '/usr/bin/colcon'), ('ROS_VERSION', '2'), ('TERM', 'xterm'), ('ROS_LOCALHOST_ONLY', '0'), ('QT_X11_NO_MITSHM', '1'), ('PATH', '/opt/ros/humble/bin:/usr/local/sbin:/usr/local/bin:/usr/sbin:/usr/bin:/sbin:/bin'), ('DISPLAY', ':0'), ('LANG', 'C.UTF-8'), ('AMENT_PREFIX_PATH', '/ws/install/openarmx_teleop_leader:/ws/install/openarmx_teach:/ws/install/openarmx_kp_kd_panel:/ws/install/openarmx:/ws/install/openarmx_hardware:/ws/install/openarmx_gripper_panel:/ws/install/openarmx_bimanual_moveit_config:/ws/install/openarmx_description:/ws/install/openarmx_can:/ws/install/openarmx_bringup:/opt/ros/humble'), ('DEBIAN_FRONTEND', 'noninteractive'), ('PWD', '/ws/build/openarmx_kp_kd_panel'), ('LC_ALL', 'C.UTF-8'), ('PYTHONPATH', '/ws/build/openarmx_teach:/ws/install/openarmx_teach/lib/python3.10/site-packages:/opt/ros/humble/lib/python3.10/site-packages:/opt/ros/humble/local/lib/python3.10/dist-packages'), ('COLCON', '1'), ('CMAKE_PREFIX_PATH', '/ws/install/openarmx_teleop_leader:/ws/install/openarmx_kp_kd_panel:/ws/install/openarmx:/ws/install/openarmx_hardware:/ws/install/openarmx_gripper_panel:/ws/install/openarmx_bimanual_moveit_config:/ws/install/openarmx_description:/ws/install/openarmx_can:/ws/install/openarmx_bringup:/ws/install/openarmx_teach:/opt/ros/humble')]), 'shell': False}
[0.042069] (openarmx_can) StdoutLine: {'line': b'[ 50%] Built target openarmx_can\n'}
[0.046150] (openarmx_kp_kd_panel) StdoutLine: {'line': b'[ 25%] \x1b[34m\x1b[1mAutomatic MOC and UIC for target openarmx_kp_kd_panel\x1b[0m\n'}
[0.051814] (openarmx_gripper_panel) StdoutLine: {'line': b'[ 25%] \x1b[34m\x1b[1mAutomatic MOC for target openarmx_gripper_panel\x1b[0m\n'}
[0.055153] (openarmx_can) StdoutLine: {'line': b'[ 60%] Built target robstride-demo\n'}
[0.056887] (openarmx_can) StdoutLine: {'line': b'[ 70%] Built target robstride-demo-gripper\n'}
[0.057751] (openarmx_can) StdoutLine: {'line': b'[ 80%] Built target robstride-demo-full\n'}
[0.058286] (openarmx_can) StdoutLine: {'line': b'[ 90%] Built target python-style-test\n'}
[0.061266] (openarmx_can) StdoutLine: {'line': b'[100%] Built target motor-check\n'}
[0.061552] (openarmx_kp_kd_panel) StdoutLine: {'line': b'[ 25%] Built target openarmx_kp_kd_panel_autogen\n'}
[0.067200] (openarmx_gripper_panel) StdoutLine: {'line': b'[ 25%] Built target openarmx_gripper_panel_autogen\n'}
[0.078035] (openarmx_kp_kd_panel) StdoutLine: {'line': b'[100%] Built target openarmx_kp_kd_panel\n'}
[0.083253] (openarmx_gripper_panel) StdoutLine: {'line': b'[100%] Built target openarmx_gripper_panel\n'}
[0.099732] (-) TimerEvent: {}
[0.144163] (openarmx_can) CommandEnded: {'returncode': 0}
[0.144778] (openarmx_can) JobProgress: {'identifier': 'openarmx_can', 'progress': 'install'}
[0.150921] (openarmx_can) Command: {'cmd': ['/usr/bin/cmake', '--install', '/ws/build/openarmx_can'], 'cwd': '/ws/build/openarmx_can', 'env': OrderedDict([('HOSTNAME', 'sajio-System-Product-Name'), ('SHLVL', '1'), ('LD_LIBRARY_PATH', '/ws/install/openarmx_kp_kd_panel/lib:/ws/install/openarmx_hardware/lib:/ws/install/openarmx_gripper_panel/lib:/ws/install/openarmx_can/lib:/opt/ros/humble/opt/rviz_ogre_vendor/lib:/opt/ros/humble/lib/x86_64-linux-gnu:/opt/ros/humble/lib'), ('HOME', '/root'), ('ROS_PYTHON_VERSION', '3'), ('COLCON_PREFIX_PATH', '/ws/install'), ('ROS_DISTRO', 'humble'), ('_', '/usr/bin/colcon'), ('ROS_VERSION', '2'), ('TERM', 'xterm'), ('ROS_LOCALHOST_ONLY', '0'), ('QT_X11_NO_MITSHM', '1'), ('PATH', '/opt/ros/humble/bin:/usr/local/sbin:/usr/local/bin:/usr/sbin:/usr/bin:/sbin:/bin'), ('DISPLAY', ':0'), ('LANG', 'C.UTF-8'), ('AMENT_PREFIX_PATH', '/ws/install/openarmx_teleop_leader:/ws/install/openarmx_teach:/ws/install/openarmx_kp_kd_panel:/ws/install/openarmx:/ws/install/openarmx_hardware:/ws/install/openarmx_gripper_panel:/ws/install/openarmx_bimanual_moveit_config:/ws/install/openarmx_description:/ws/install/openarmx_can:/ws/install/openarmx_bringup:/opt/ros/humble'), ('DEBIAN_FRONTEND', 'noninteractive'), ('PWD', '/ws/build/openarmx_can'), ('LC_ALL', 'C.UTF-8'), ('PYTHONPATH', '/ws/build/openarmx_teach:/ws/install/openarmx_teach/lib/python3.10/site-packages:/opt/ros/humble/lib/python3.10/site-packages:/opt/ros/humble/local/lib/python3.10/dist-packages'), ('COLCON', '1'), ('CMAKE_PREFIX_PATH', '/ws/install/openarmx_teleop_leader:/ws/install/openarmx_kp_kd_panel:/ws/install/openarmx:/ws/install/openarmx_hardware:/ws/install/openarmx_gripper_panel:/ws/install/openarmx_bimanual_moveit_config:/ws/install/openarmx_description:/ws/install/openarmx_can:/ws/install/openarmx_bringup:/ws/install/openarmx_teach:/opt/ros/humble')]), 'shell': False}
[0.151622] (openarmx_kp_kd_panel) CommandEnded: {'returncode': 0}
[0.151882] (openarmx_kp_kd_panel) JobProgress: {'identifier': 'openarmx_kp_kd_panel', 'progress': 'install'}
[0.152102] (openarmx_kp_kd_panel) Command: {'cmd': ['/usr/bin/cmake', '--install', '/ws/build/openarmx_kp_kd_panel'], 'cwd': '/ws/build/openarmx_kp_kd_panel', 'env': OrderedDict([('HOSTNAME', 'sajio-System-Product-Name'), ('SHLVL', '1'), ('LD_LIBRARY_PATH', '/ws/install/openarmx_kp_kd_panel/lib:/ws/install/openarmx_hardware/lib:/ws/install/openarmx_gripper_panel/lib:/ws/install/openarmx_can/lib:/opt/ros/humble/opt/rviz_ogre_vendor/lib:/opt/ros/humble/lib/x86_64-linux-gnu:/opt/ros/humble/lib'), ('HOME', '/root'), ('ROS_PYTHON_VERSION', '3'), ('COLCON_PREFIX_PATH', '/ws/install'), ('ROS_DISTRO', 'humble'), ('_', '/usr/bin/colcon'), ('ROS_VERSION', '2'), ('TERM', 'xterm'), ('ROS_LOCALHOST_ONLY', '0'), ('QT_X11_NO_MITSHM', '1'), ('PATH', '/opt/ros/humble/bin:/usr/local/sbin:/usr/local/bin:/usr/sbin:/usr/bin:/sbin:/bin'), ('DISPLAY', ':0'), ('LANG', 'C.UTF-8'), ('AMENT_PREFIX_PATH', '/ws/install/openarmx_teleop_leader:/ws/install/openarmx_teach:/ws/install/openarmx_kp_kd_panel:/ws/install/openarmx:/ws/install/openarmx_hardware:/ws/install/openarmx_gripper_panel:/ws/install/openarmx_bimanual_moveit_config:/ws/install/openarmx_description:/ws/install/openarmx_can:/ws/install/openarmx_bringup:/opt/ros/humble'), ('DEBIAN_FRONTEND', 'noninteractive'), ('PWD', '/ws/build/openarmx_kp_kd_panel'), ('LC_ALL', 'C.UTF-8'), ('PYTHONPATH', '/ws/build/openarmx_teach:/ws/install/openarmx_teach/lib/python3.10/site-packages:/opt/ros/humble/lib/python3.10/site-packages:/opt/ros/humble/local/lib/python3.10/dist-packages'), ('COLCON', '1'), ('CMAKE_PREFIX_PATH', '/ws/install/openarmx_teleop_leader:/ws/install/openarmx_kp_kd_panel:/ws/install/openarmx:/ws/install/openarmx_hardware:/ws/install/openarmx_gripper_panel:/ws/install/openarmx_bimanual_moveit_config:/ws/install/openarmx_description:/ws/install/openarmx_can:/ws/install/openarmx_bringup:/ws/install/openarmx_teach:/opt/ros/humble')]), 'shell': False}
[0.153098] (openarmx_bringup) CommandEnded: {'returncode': 0}
[0.153467] (openarmx_bringup) JobProgress: {'identifier': 'openarmx_bringup', 'progress': 'install'}
[0.153581] (openarmx_bringup) Command: {'cmd': ['/usr/bin/cmake', '--install', '/ws/build/openarmx_bringup'], 'cwd': '/ws/build/openarmx_bringup', 'env': OrderedDict([('HOSTNAME', 'sajio-System-Product-Name'), ('SHLVL', '1'), ('LD_LIBRARY_PATH', '/ws/install/openarmx_kp_kd_panel/lib:/ws/install/openarmx_hardware/lib:/ws/install/openarmx_gripper_panel/lib:/ws/install/openarmx_can/lib:/opt/ros/humble/opt/rviz_ogre_vendor/lib:/opt/ros/humble/lib/x86_64-linux-gnu:/opt/ros/humble/lib'), ('HOME', '/root'), ('ROS_PYTHON_VERSION', '3'), ('COLCON_PREFIX_PATH', '/ws/install'), ('ROS_DISTRO', 'humble'), ('_', '/usr/bin/colcon'), ('ROS_VERSION', '2'), ('TERM', 'xterm'), ('ROS_LOCALHOST_ONLY', '0'), ('QT_X11_NO_MITSHM', '1'), ('PATH', '/opt/ros/humble/bin:/usr/local/sbin:/usr/local/bin:/usr/sbin:/usr/bin:/sbin:/bin'), ('DISPLAY', ':0'), ('LANG', 'C.UTF-8'), ('AMENT_PREFIX_PATH', '/ws/install/openarmx_teleop_leader:/ws/install/openarmx_teach:/ws/install/openarmx_kp_kd_panel:/ws/install/openarmx:/ws/install/openarmx_hardware:/ws/install/openarmx_gripper_panel:/ws/install/openarmx_bimanual_moveit_config:/ws/install/openarmx_description:/ws/install/openarmx_can:/ws/install/openarmx_bringup:/opt/ros/humble'), ('DEBIAN_FRONTEND', 'noninteractive'), ('PWD', '/ws/build/openarmx_bringup'), ('LC_ALL', 'C.UTF-8'), ('PYTHONPATH', '/ws/build/openarmx_teach:/ws/install/openarmx_teach/lib/python3.10/site-packages:/opt/ros/humble/lib/python3.10/site-packages:/opt/ros/humble/local/lib/python3.10/dist-packages'), ('COLCON', '1'), ('CMAKE_PREFIX_PATH', '/ws/install/openarmx_teleop_leader:/ws/install/openarmx_kp_kd_panel:/ws/install/openarmx:/ws/install/openarmx_hardware:/ws/install/openarmx_gripper_panel:/ws/install/openarmx_bimanual_moveit_config:/ws/install/openarmx_description:/ws/install/openarmx_can:/ws/install/openarmx_bringup:/ws/install/openarmx_teach:/opt/ros/humble')]), 'shell': False}
[0.154115] (openarmx_description) CommandEnded: {'returncode': 0}
[0.154347] (openarmx_description) JobProgress: {'identifier': 'openarmx_description', 'progress': 'install'}
[0.154465] (openarmx_description) Command: {'cmd': ['/usr/bin/cmake', '--install', '/ws/build/openarmx_description'], 'cwd': '/ws/build/openarmx_description', 'env': OrderedDict([('HOSTNAME', 'sajio-System-Product-Name'), ('SHLVL', '1'), ('LD_LIBRARY_PATH', '/ws/install/openarmx_kp_kd_panel/lib:/ws/install/openarmx_hardware/lib:/ws/install/openarmx_gripper_panel/lib:/ws/install/openarmx_can/lib:/opt/ros/humble/opt/rviz_ogre_vendor/lib:/opt/ros/humble/lib/x86_64-linux-gnu:/opt/ros/humble/lib'), ('HOME', '/root'), ('ROS_PYTHON_VERSION', '3'), ('COLCON_PREFIX_PATH', '/ws/install'), ('ROS_DISTRO', 'humble'), ('_', '/usr/bin/colcon'), ('ROS_VERSION', '2'), ('TERM', 'xterm'), ('ROS_LOCALHOST_ONLY', '0'), ('QT_X11_NO_MITSHM', '1'), ('PATH', '/opt/ros/humble/bin:/usr/local/sbin:/usr/local/bin:/usr/sbin:/usr/bin:/sbin:/bin'), ('DISPLAY', ':0'), ('LANG', 'C.UTF-8'), ('AMENT_PREFIX_PATH', '/ws/install/openarmx_teleop_leader:/ws/install/openarmx_teach:/ws/install/openarmx_kp_kd_panel:/ws/install/openarmx:/ws/install/openarmx_hardware:/ws/install/openarmx_gripper_panel:/ws/install/openarmx_bimanual_moveit_config:/ws/install/openarmx_description:/ws/install/openarmx_can:/ws/install/openarmx_bringup:/opt/ros/humble'), ('DEBIAN_FRONTEND', 'noninteractive'), ('PWD', '/ws/build/openarmx_description'), ('LC_ALL', 'C.UTF-8'), ('PYTHONPATH', '/ws/build/openarmx_teach:/ws/install/openarmx_teach/lib/python3.10/site-packages:/opt/ros/humble/lib/python3.10/site-packages:/opt/ros/humble/local/lib/python3.10/dist-packages'), ('COLCON', '1'), ('CMAKE_PREFIX_PATH', '/ws/install/openarmx_teleop_leader:/ws/install/openarmx_kp_kd_panel:/ws/install/openarmx:/ws/install/openarmx_hardware:/ws/install/openarmx_gripper_panel:/ws/install/openarmx_bimanual_moveit_config:/ws/install/openarmx_description:/ws/install/openarmx_can:/ws/install/openarmx_bringup:/ws/install/openarmx_teach:/opt/ros/humble')]), 'shell': False}
[0.155013] (openarmx_gripper_panel) CommandEnded: {'returncode': 0}
[0.155252] (openarmx_gripper_panel) JobProgress: {'identifier': 'openarmx_gripper_panel', 'progress': 'install'}
[0.155477] (openarmx_gripper_panel) Command: {'cmd': ['/usr/bin/cmake', '--install', '/ws/build/openarmx_gripper_panel'], 'cwd': '/ws/build/openarmx_gripper_panel', 'env': OrderedDict([('HOSTNAME', 'sajio-System-Product-Name'), ('SHLVL', '1'), ('LD_LIBRARY_PATH', '/ws/install/openarmx_kp_kd_panel/lib:/ws/install/openarmx_hardware/lib:/ws/install/openarmx_gripper_panel/lib:/ws/install/openarmx_can/lib:/opt/ros/humble/opt/rviz_ogre_vendor/lib:/opt/ros/humble/lib/x86_64-linux-gnu:/opt/ros/humble/lib'), ('HOME', '/root'), ('ROS_PYTHON_VERSION', '3'), ('COLCON_PREFIX_PATH', '/ws/install'), ('ROS_DISTRO', 'humble'), ('_', '/usr/bin/colcon'), ('ROS_VERSION', '2'), ('TERM', 'xterm'), ('ROS_LOCALHOST_ONLY', '0'), ('QT_X11_NO_MITSHM', '1'), ('PATH', '/opt/ros/humble/bin:/usr/local/sbin:/usr/local/bin:/usr/sbin:/usr/bin:/sbin:/bin'), ('DISPLAY', ':0'), ('LANG', 'C.UTF-8'), ('AMENT_PREFIX_PATH', '/ws/install/openarmx_teleop_leader:/ws/install/openarmx_teach:/ws/install/openarmx_kp_kd_panel:/ws/install/openarmx:/ws/install/openarmx_hardware:/ws/install/openarmx_gripper_panel:/ws/install/openarmx_bimanual_moveit_config:/ws/install/openarmx_description:/ws/install/openarmx_can:/ws/install/openarmx_bringup:/opt/ros/humble'), ('DEBIAN_FRONTEND', 'noninteractive'), ('PWD', '/ws/build/openarmx_gripper_panel'), ('LC_ALL', 'C.UTF-8'), ('PYTHONPATH', '/ws/build/openarmx_teach:/ws/install/openarmx_teach/lib/python3.10/site-packages:/opt/ros/humble/lib/python3.10/site-packages:/opt/ros/humble/local/lib/python3.10/dist-packages'), ('COLCON', '1'), ('CMAKE_PREFIX_PATH', '/ws/install/openarmx_teleop_leader:/ws/install/openarmx_kp_kd_panel:/ws/install/openarmx:/ws/install/openarmx_hardware:/ws/install/openarmx_gripper_panel:/ws/install/openarmx_bimanual_moveit_config:/ws/install/openarmx_description:/ws/install/openarmx_can:/ws/install/openarmx_bringup:/ws/install/openarmx_teach:/opt/ros/humble')]), 'shell': False}
[0.156725] (openarmx_can) StdoutLine: {'line': b'-- Install configuration: ""\n'}
[0.157216] (openarmx_can) StdoutLine: {'line': b'-- Execute custom install script\n'}
[0.157250] (openarmx_kp_kd_panel) StdoutLine: {'line': b'-- Install configuration: ""\n'}
[0.157308] (openarmx_can) StdoutLine: {'line': b'-- Up-to-date symlink: /ws/install/openarmx_can/lib/cmake/OpenArmCANOpenArmXCom/OpenArmXCANConfig.cmake\n'}
[0.157442] (openarmx_can) StdoutLine: {'line': b'-- Up-to-date symlink: /ws/install/openarmx_can/lib/cmake/OpenArmCANOpenArmXCom/OpenArmXCANVersion.cmake\n'}
[0.158279] (openarmx_can) StdoutLine: {'line': b'-- Up-to-date symlink: /ws/install/openarmx_can/lib/pkgconfig/openarmx-can.pc\n'}
[0.158313] (openarmx_can) StdoutLine: {'line': b'-- Up-to-date symlink: /ws/install/openarmx_can/include/openarm/can/socket/arm_component.hpp\n'}
[0.158459] (openarmx_kp_kd_panel) StdoutLine: {'line': b'-- Execute custom install script\n'}
[0.158598] (openarmx_can) StdoutLine: {'line': b'-- Up-to-date symlink: /ws/install/openarmx_can/include/openarm/can/socket/gripper_component.hpp\n'}
[0.159099] (openarmx_can) StdoutLine: {'line': b'-- Up-to-date symlink: /ws/install/openarmx_can/include/openarm/can/socket/openarm.hpp\n'}
[0.159523] (openarmx_can) StdoutLine: {'line': b'-- Up-to-date symlink: /ws/install/openarmx_can/include/openarm/canbus/can_device.hpp\n'}
[0.159777] (openarmx_can) StdoutLine: {'line': b'-- Up-to-date symlink: /ws/install/openarmx_can/include/openarm/canbus/can_device_collection.hpp\n'}
[0.160169] (openarmx_can) StdoutLine: {'line': b'-- Up-to-date symlink: /ws/install/openarmx_can/include/openarm/canbus/can_socket.hpp\n'}
[0.160276] (openarmx_can) StdoutLine: {'line': b'-- Up-to-date symlink: /ws/install/openarmx_can/include/openarm/robstride_motor/rs_motor.hpp\n'}
[0.160381] (openarmx_can) StdoutLine: {'line': b'-- Up-to-date symlink: /ws/install/openarmx_can/include/openarm/robstride_motor/rs_motor_constants.hpp\n'}
[0.160455] (openarmx_can) StdoutLine: {'line': b'-- Up-to-date symlink: /ws/install/openarmx_can/include/openarm/robstride_motor/rs_motor_control.hpp\n'}
[0.160568] (openarmx_can) StdoutLine: {'line': b'-- Up-to-date symlink: /ws/install/openarmx_can/include/openarm/robstride_motor/rs_motor_device.hpp\n'}
[0.160668] (openarmx_kp_kd_panel) StdoutLine: {'line': b'-- Up-to-date symlink: /ws/install/openarmx_kp_kd_panel/share/openarmx_kp_kd_panel//plugin_description.xml\n'}
[0.160768] (openarmx_kp_kd_panel) StdoutLine: {'line': b'-- Up-to-date symlink: /ws/install/openarmx_kp_kd_panel/lib/libopenarmx_kp_kd_panel.so\n'}
[0.160868] (openarmx_kp_kd_panel) StdoutLine: {'line': b'-- Up-to-date symlink: /ws/install/openarmx_kp_kd_panel/include/openarmx_kp_kd_panel/kp_kd_panel.hpp\n'}
[0.160954] (openarmx_kp_kd_panel) StdoutLine: {'line': b'-- Up-to-date symlink: /ws/install/openarmx_kp_kd_panel/share/openarmx_kp_kd_panel/plugin_description.xml\n'}
[0.161021] (openarmx_kp_kd_panel) StdoutLine: {'line': b'-- Up-to-date symlink: /ws/install/openarmx_kp_kd_panel/share/openarmx_kp_kd_panel/environment/library_path.sh\n'}
[0.161107] (openarmx_kp_kd_panel) StdoutLine: {'line': b'-- Up-to-date symlink: /ws/install/openarmx_kp_kd_panel/share/openarmx_kp_kd_panel/environment/library_path.dsv\n'}
[0.161210] (openarmx_kp_kd_panel) StdoutLine: {'line': b'-- Up-to-date symlink: /ws/install/openarmx_kp_kd_panel/share/ament_index/resource_index/package_run_dependencies/openarmx_kp_kd_panel\n'}
[0.161300] (openarmx_kp_kd_panel) StdoutLine: {'line': b'-- Up-to-date symlink: /ws/install/openarmx_kp_kd_panel/share/ament_index/resource_index/parent_prefix_path/openarmx_kp_kd_panel\n'}
[0.161409] (openarmx_kp_kd_panel) StdoutLine: {'line': b'-- Up-to-date symlink: /ws/install/openarmx_kp_kd_panel/share/openarmx_kp_kd_panel/environment/ament_prefix_path.sh\n'}
[0.161461] (openarmx_kp_kd_panel) StdoutLine: {'line': b'-- Up-to-date symlink: /ws/install/openarmx_kp_kd_panel/share/openarmx_kp_kd_panel/environment/ament_prefix_path.dsv\n'}
[0.161488] (openarmx_kp_kd_panel) StdoutLine: {'line': b'-- Up-to-date symlink: /ws/install/openarmx_kp_kd_panel/share/openarmx_kp_kd_panel/environment/path.sh\n'}
[0.161513] (openarmx_kp_kd_panel) StdoutLine: {'line': b'-- Up-to-date symlink: /ws/install/openarmx_kp_kd_panel/share/openarmx_kp_kd_panel/environment/path.dsv\n'}
[0.161536] (openarmx_description) StdoutLine: {'line': b'-- Install configuration: ""\n'}
[0.161581] (openarmx_can) StdoutLine: {'line': b'-- Up-to-date symlink: /ws/install/openarmx_can/include/openarm/robstride_motor/rs_motor_device_collection.hpp\n'}
[0.161607] (openarmx_kp_kd_panel) StdoutLine: {'line': b'-- Up-to-date symlink: /ws/install/openarmx_kp_kd_panel/share/openarmx_kp_kd_panel/local_setup.bash\n'}
[0.161633] (openarmx_kp_kd_panel) StdoutLine: {'line': b'-- Up-to-date symlink: /ws/install/openarmx_kp_kd_panel/share/openarmx_kp_kd_panel/local_setup.sh\n'}
[0.161662] (openarmx_kp_kd_panel) StdoutLine: {'line': b'-- Up-to-date symlink: /ws/install/openarmx_kp_kd_panel/share/openarmx_kp_kd_panel/local_setup.zsh\n'}
[0.161686] (openarmx_can) StdoutLine: {'line': b'-- Up-to-date symlink: /ws/install/openarmx_can/lib/openarmx_can/robstride-demo\n'}
[0.161716] (openarmx_kp_kd_panel) StdoutLine: {'line': b'-- Up-to-date symlink: /ws/install/openarmx_kp_kd_panel/share/openarmx_kp_kd_panel/local_setup.dsv\n'}
[0.161739] (openarmx_bringup) StdoutLine: {'line': b'-- Install configuration: ""\n'}
[0.161774] (openarmx_kp_kd_panel) StdoutLine: {'line': b'-- Symlinking: /ws/install/openarmx_kp_kd_panel/share/openarmx_kp_kd_panel/package.dsv\n'}
[0.161797] (openarmx_gripper_panel) StdoutLine: {'line': b'-- Install configuration: ""\n'}
[0.161832] (openarmx_can) StdoutLine: {'line': b'-- Up-to-date symlink: /ws/install/openarmx_can/lib/openarmx_can/python-style-test\n'}
[0.161855] (openarmx_can) StdoutLine: {'line': b'-- Up-to-date symlink: /ws/install/openarmx_can/lib/openarmx_can/robstride-demo-full\n'}
[0.161884] (openarmx_can) StdoutLine: {'line': b'-- Up-to-date symlink: /ws/install/openarmx_can/lib/openarmx_can/robstride-demo-gripper\n'}
[0.161906] (openarmx_can) StdoutLine: {'line': b'-- Up-to-date symlink: /ws/install/openarmx_can/lib/openarmx_can/motor-check\n'}
[0.161928] (openarmx_gripper_panel) StdoutLine: {'line': b'-- Execute custom install script\n'}
[0.161958] (openarmx_gripper_panel) StdoutLine: {'line': b'-- Up-to-date symlink: /ws/install/openarmx_gripper_panel/include/openarmx_gripper_panel/gripper_panel.hpp\n'}
[0.161981] (openarmx_gripper_panel) StdoutLine: {'line': b'-- Up-to-date symlink: /ws/install/openarmx_gripper_panel/share/openarmx_gripper_panel/plugin_description.xml\n'}
[0.162003] (openarmx_gripper_panel) StdoutLine: {'line': b'-- Up-to-date symlink: /ws/install/openarmx_gripper_panel/share/openarmx_gripper_panel/resource/openarmx_gripper_panel\n'}
[0.162025] (openarmx_can) StdoutLine: {'line': b'-- Up-to-date symlink: /ws/install/openarmx_can/lib/cmake/openarmx_can/openarmx_canConfig.cmake\n'}
[0.162048] (openarmx_description) StdoutLine: {'line': b'-- Execute custom install script\n'}
[0.162070] (openarmx_can) StdoutLine: {'line': b'-- Up-to-date symlink: /ws/install/openarmx_can/share/openarmx_can/environment/library_path.sh\n'}
[0.162092] (openarmx_gripper_panel) StdoutLine: {'line': b'-- Up-to-date symlink: /ws/install/openarmx_gripper_panel/share/openarmx_gripper_panel/plugins/plugin_description.xml\n'}
[0.162114] (openarmx_description) StdoutLine: {'line': b'-- Up-to-date symlink: /ws/install/openarmx_description/share/openarmx_description/launch/display_openarmx.launch.py\n'}
[0.162135] (openarmx_description) StdoutLine: {'line': b'-- Up-to-date symlink: /ws/install/openarmx_description/share/openarmx_description/meshes/arm/v10/collision/link0_symp.stl\n'}
[0.162156] (openarmx_description) StdoutLine: {'line': b'-- Up-to-date symlink: /ws/install/openarmx_description/share/openarmx_description/meshes/arm/v10/collision/link1_symp.stl\n'}
[0.162178] (openarmx_description) StdoutLine: {'line': b'-- Up-to-date symlink: /ws/install/openarmx_description/share/openarmx_description/meshes/arm/v10/collision/link2_symp.stl\n'}
[0.162207] (openarmx_description) StdoutLine: {'line': b'-- Up-to-date symlink: /ws/install/openarmx_description/share/openarmx_description/meshes/arm/v10/collision/link3_symp.stl\n'}
[0.162228] (openarmx_description) StdoutLine: {'line': b'-- Up-to-date symlink: /ws/install/openarmx_description/share/openarmx_description/meshes/arm/v10/collision/link4_symp.stl\n'}
[0.162250] (openarmx_description) StdoutLine: {'line': b'-- Up-to-date symlink: /ws/install/openarmx_description/share/openarmx_description/meshes/arm/v10/collision/link5_symp.stl\n'}
[0.162270] (openarmx_bringup) StdoutLine: {'line': b'-- Execute custom install script\n'}
[0.162291] (openarmx_gripper_panel) StdoutLine: {'line': b'-- Up-to-date symlink: /ws/install/openarmx_gripper_panel/share/openarmx_gripper_panel/environment/library_path.sh\n'}
[0.162312] (openarmx_can) StdoutLine: {'line': b'-- Up-to-date symlink: /ws/install/openarmx_can/share/openarmx_can/environment/library_path.dsv\n'}
[0.162334] (openarmx_can) StdoutLine: {'line': b'-- Up-to-date symlink: /ws/install/openarmx_can/share/ament_index/resource_index/package_run_dependencies/openarmx_can\n'}
[0.162357] (openarmx_description) StdoutLine: {'line': b'-- Up-to-date symlink: /ws/install/openarmx_description/share/openarmx_description/meshes/arm/v10/collision/link6_symp.stl\n'}
[0.162378] (openarmx_description) StdoutLine: {'line': b'-- Up-to-date symlink: /ws/install/openarmx_description/share/openarmx_description/meshes/arm/v10/collision/link7_symp.stl\n'}
[0.162399] (openarmx_description) StdoutLine: {'line': b'-- Up-to-date symlink: /ws/install/openarmx_description/share/openarmx_description/meshes/arm/v10/visual/link0.dae\n'}
[0.162419] (openarmx_description) StdoutLine: {'line': b'-- Up-to-date symlink: /ws/install/openarmx_description/share/openarmx_description/meshes/arm/v10/visual/link0.stl\n'}
[0.162439] (openarmx_description) StdoutLine: {'line': b'-- Up-to-date symlink: /ws/install/openarmx_description/share/openarmx_description/meshes/arm/v10/visual/link1.dae\n'}
[0.162458] (openarmx_description) StdoutLine: {'line': b'-- Up-to-date symlink: /ws/install/openarmx_description/share/openarmx_description/meshes/arm/v10/visual/link1.stl\n'}
[0.162476] (openarmx_description) StdoutLine: {'line': b'-- Up-to-date symlink: /ws/install/openarmx_description/share/openarmx_description/meshes/arm/v10/visual/link2.dae\n'}
[0.162498] (openarmx_description) StdoutLine: {'line': b'-- Up-to-date symlink: /ws/install/openarmx_description/share/openarmx_description/meshes/arm/v10/visual/link2.stl\n'}
[0.162540] (openarmx_gripper_panel) StdoutLine: {'line': b'-- Up-to-date symlink: /ws/install/openarmx_gripper_panel/share/openarmx_gripper_panel/environment/library_path.dsv\n'}
[0.162593] (openarmx_gripper_panel) StdoutLine: {'line': b'-- Up-to-date symlink: /ws/install/openarmx_gripper_panel/share/ament_index/resource_index/package_run_dependencies/openarmx_gripper_panel\n'}
[0.162646] (openarmx_gripper_panel) StdoutLine: {'line': b'-- Up-to-date symlink: /ws/install/openarmx_gripper_panel/share/ament_index/resource_index/parent_prefix_path/openarmx_gripper_panel\n'}
[0.162705] (openarmx_gripper_panel) StdoutLine: {'line': b'-- Up-to-date symlink: /ws/install/openarmx_gripper_panel/share/openarmx_gripper_panel/environment/ament_prefix_path.sh\n'}
[0.162762] (openarmx_gripper_panel) StdoutLine: {'line': b'-- Up-to-date symlink: /ws/install/openarmx_gripper_panel/share/openarmx_gripper_panel/environment/ament_prefix_path.dsv\n'}
[0.162822] (openarmx_description) StdoutLine: {'line': b'-- Up-to-date symlink: /ws/install/openarmx_description/share/openarmx_description/meshes/arm/v10/visual/link3.dae\n'}
[0.162881] (openarmx_description) StdoutLine: {'line': b'-- Up-to-date symlink: /ws/install/openarmx_description/share/openarmx_description/meshes/arm/v10/visual/link3.stl\n'}
[0.162941] (openarmx_can) StdoutLine: {'line': b'-- Up-to-date symlink: /ws/install/openarmx_can/share/ament_index/resource_index/parent_prefix_path/openarmx_can\n'}
[0.162995] (openarmx_bringup) StdoutLine: {'line': b'-- Up-to-date symlink: /ws/install/openarmx_bringup/share/openarmx_bringup/launch/openarm.bimanual.launch.py\n'}
[0.163049] (openarmx_gripper_panel) StdoutLine: {'line': b'-- Up-to-date symlink: /ws/install/openarmx_gripper_panel/share/openarmx_gripper_panel/environment/path.sh\n'}
[0.163104] (openarmx_description) StdoutLine: {'line': b'-- Up-to-date symlink: /ws/install/openarmx_description/share/openarmx_description/meshes/arm/v10/visual/link4.dae\n'}
[0.163205] (openarmx_description) StdoutLine: {'line': b'-- Up-to-date symlink: /ws/install/openarmx_description/share/openarmx_description/meshes/arm/v10/visual/link4.stl\n'}
[0.163259] (openarmx_gripper_panel) StdoutLine: {'line': b'-- Up-to-date symlink: /ws/install/openarmx_gripper_panel/share/openarmx_gripper_panel/environment/path.dsv\n'}
[0.163315] (openarmx_can) StdoutLine: {'line': b'-- Up-to-date symlink: /ws/install/openarmx_can/share/openarmx_can/environment/ament_prefix_path.sh\n'}
[0.163374] (openarmx_description) StdoutLine: {'line': b'-- Up-to-date symlink: /ws/install/openarmx_description/share/openarmx_description/meshes/arm/v10/visual/link5.dae\n'}
[0.163428] (openarmx_description) StdoutLine: {'line': b'-- Up-to-date symlink: /ws/install/openarmx_description/share/openarmx_description/meshes/arm/v10/visual/link5.stl\n'}
[0.163482] (openarmx_gripper_panel) StdoutLine: {'line': b'-- Up-to-date symlink: /ws/install/openarmx_gripper_panel/share/openarmx_gripper_panel/local_setup.bash\n'}
[0.163536] (openarmx_gripper_panel) StdoutLine: {'line': b'-- Up-to-date symlink: /ws/install/openarmx_gripper_panel/share/openarmx_gripper_panel/local_setup.sh\n'}
[0.163587] (openarmx_gripper_panel) StdoutLine: {'line': b'-- Up-to-date symlink: /ws/install/openarmx_gripper_panel/share/openarmx_gripper_panel/local_setup.zsh\n'}
[0.163638] (openarmx_gripper_panel) StdoutLine: {'line': b'-- Up-to-date symlink: /ws/install/openarmx_gripper_panel/share/openarmx_gripper_panel/local_setup.dsv\n'}
[0.163691] (openarmx_gripper_panel) StdoutLine: {'line': b'-- Symlinking: /ws/install/openarmx_gripper_panel/share/openarmx_gripper_panel/package.dsv\n'}
[0.163743] (openarmx_bringup) StdoutLine: {'line': b'-- Up-to-date symlink: /ws/install/openarmx_bringup/share/openarmx_bringup/config/v10_controllers/openarm_v10_bimanual_controllers.yaml\n'}
[0.163799] (openarmx_can) StdoutLine: {'line': b'-- Up-to-date symlink: /ws/install/openarmx_can/share/openarmx_can/environment/ament_prefix_path.dsv\n'}
[0.163834] (openarmx_can) StdoutLine: {'line': b'-- Up-to-date symlink: /ws/install/openarmx_can/share/openarmx_can/environment/path.sh\n'}
[0.163856] (openarmx_description) StdoutLine: {'line': b'-- Up-to-date symlink: /ws/install/openarmx_description/share/openarmx_description/meshes/arm/v10/visual/link6.dae\n'}
[0.163879] (openarmx_bringup) StdoutLine: {'line': b'-- Up-to-date symlink: /ws/install/openarmx_bringup/share/openarmx_bringup/config/v10_controllers/openarm_v10_bimanual_controllers_namespaced.yaml\n'}
[0.163902] (openarmx_bringup) StdoutLine: {'line': b'-- Up-to-date symlink: /ws/install/openarmx_bringup/share/openarmx_bringup/config/v10_controllers/openarm_v10_controllers.yaml\n'}
[0.163923] (openarmx_can) StdoutLine: {'line': b'-- Up-to-date symlink: /ws/install/openarmx_can/share/openarmx_can/environment/path.dsv\n'}
[0.163946] (openarmx_description) StdoutLine: {'line': b'-- Up-to-date symlink: /ws/install/openarmx_description/share/openarmx_description/meshes/arm/v10/visual/link6.stl\n'}
[0.163968] (openarmx_description) StdoutLine: {'line': b'-- Up-to-date symlink: /ws/install/openarmx_description/share/openarmx_description/meshes/arm/v10/visual/link7.dae\n'}
[0.163991] (openarmx_description) StdoutLine: {'line': b'-- Up-to-date symlink: /ws/install/openarmx_description/share/openarmx_description/meshes/arm/v10/visual/link7.stl\n'}
[0.164014] (openarmx_description) StdoutLine: {'line': b'-- Up-to-date symlink: /ws/install/openarmx_description/share/openarmx_description/meshes/body/v10/collision/body_link0_symp.stl\n'}
[0.164037] (openarmx_description) StdoutLine: {'line': b'-- Up-to-date symlink: /ws/install/openarmx_description/share/openarmx_description/meshes/body/v10/visual/body_link0.dae\n'}
[0.164119] (openarmx_description) StdoutLine: {'line': b'-- Up-to-date symlink: /ws/install/openarmx_description/share/openarmx_description/meshes/body/v10/visual/body_link0.stl\n'}
[0.164235] (openarmx_description) StdoutLine: {'line': b'-- Up-to-date symlink: /ws/install/openarmx_description/share/openarmx_description/meshes/ee/openarmx_hand/collision/finger.stl\n'}
[0.164502] (openarmx_description) StdoutLine: {'line': b'-- Up-to-date symlink: /ws/install/openarmx_description/share/openarmx_description/meshes/ee/openarmx_hand/collision/hand.stl\n'}
[0.164945] (openarmx_bringup) StdoutLine: {'line': b'-- Up-to-date symlink: /ws/install/openarmx_bringup/share/ament_index/resource_index/package_run_dependencies/openarmx_bringup\n'}
[0.165190] (openarmx_description) StdoutLine: {'line': b'-- Up-to-date symlink: /ws/install/openarmx_description/share/openarmx_description/meshes/ee/openarmx_hand/visual/finger.dae\n'}
[0.165283] (openarmx_description) StdoutLine: {'line': b'-- Up-to-date symlink: /ws/install/openarmx_description/share/openarmx_description/meshes/ee/openarmx_hand/visual/finger.stl\n'}
[0.165461] (openarmx_can) StdoutLine: {'line': b'-- Up-to-date symlink: /ws/install/openarmx_can/share/openarmx_can/local_setup.bash\n'}
[0.165671] (openarmx_description) StdoutLine: {'line': b'-- Up-to-date symlink: /ws/install/openarmx_description/share/openarmx_description/meshes/ee/openarmx_hand/visual/hand.dae\n'}
[0.165788] (openarmx_bringup) StdoutLine: {'line': b'-- Up-to-date symlink: /ws/install/openarmx_bringup/share/ament_index/resource_index/parent_prefix_path/openarmx_bringup\n'}
[0.165879] (openarmx_can) StdoutLine: {'line': b'-- Up-to-date symlink: /ws/install/openarmx_can/share/openarmx_can/local_setup.sh\n'}
[0.166056] (openarmx_description) StdoutLine: {'line': b'-- Up-to-date symlink: /ws/install/openarmx_description/share/openarmx_description/rviz/arm_only.rviz\n'}
[0.166199] (openarmx_description) StdoutLine: {'line': b'-- Up-to-date symlink: /ws/install/openarmx_description/share/openarmx_description/rviz/bimanual.rviz\n'}
[0.166335] (openarmx_can) StdoutLine: {'line': b'-- Up-to-date symlink: /ws/install/openarmx_can/share/openarmx_can/local_setup.zsh\n'}
[0.166505] (openarmx_bringup) StdoutLine: {'line': b'-- Up-to-date symlink: /ws/install/openarmx_bringup/share/openarmx_bringup/environment/ament_prefix_path.sh\n'}
[0.166589] (openarmx_can) StdoutLine: {'line': b'-- Up-to-date symlink: /ws/install/openarmx_can/share/openarmx_can/local_setup.dsv\n'}
[0.166718] (openarmx_description) StdoutLine: {'line': b'-- Up-to-date symlink: /ws/install/openarmx_description/share/openarmx_description/urdf/arm/openarmx_arm.xacro\n'}
[0.166780] (openarmx_bringup) StdoutLine: {'line': b'-- Up-to-date symlink: /ws/install/openarmx_bringup/share/openarmx_bringup/environment/ament_prefix_path.dsv\n'}
[0.166841] (openarmx_description) StdoutLine: {'line': b'-- Up-to-date symlink: /ws/install/openarmx_description/share/openarmx_description/urdf/arm/openarmx_macro.xacro\n'}
[0.166908] (openarmx_can) StdoutLine: {'line': b'-- Symlinking: /ws/install/openarmx_can/share/openarmx_can/package.dsv\n'}
[0.167013] (openarmx_description) StdoutLine: {'line': b'-- Up-to-date symlink: /ws/install/openarmx_description/share/openarmx_description/urdf/body/openarmx_body.xacro\n'}
[0.167123] (openarmx_description) StdoutLine: {'line': b'-- Up-to-date symlink: /ws/install/openarmx_description/share/openarmx_description/urdf/body/openarmx_body_macro.xacro\n'}
[0.167180] (openarmx_bringup) StdoutLine: {'line': b'-- Up-to-date symlink: /ws/install/openarmx_bringup/share/openarmx_bringup/environment/path.sh\n'}
[0.167271] (openarmx_description) StdoutLine: {'line': b'-- Up-to-date symlink: /ws/install/openarmx_description/share/openarmx_description/urdf/ee/ee_with_one_link.xacro\n'}
[0.167380] (openarmx_description) StdoutLine: {'line': b'-- Up-to-date symlink: /ws/install/openarmx_description/share/openarmx_description/urdf/ee/openarmx_hand.xacro\n'}
[0.167463] (openarmx_description) StdoutLine: {'line': b'-- Up-to-date symlink: /ws/install/openarmx_description/share/openarmx_description/urdf/ee/openarmx_hand_arguments.xacro\n'}
[0.167569] (openarmx_description) StdoutLine: {'line': b'-- Up-to-date symlink: /ws/install/openarmx_description/share/openarmx_description/urdf/ee/openarmx_hand_macro.xacro\n'}
[0.167651] (openarmx_bringup) StdoutLine: {'line': b'-- Up-to-date symlink: /ws/install/openarmx_bringup/share/openarmx_bringup/environment/path.dsv\n'}
[0.167915] (openarmx_description) StdoutLine: {'line': b'-- Up-to-date symlink: /ws/install/openarmx_description/share/openarmx_description/urdf/robot/openarmx_bimanual_sim.urdf\n'}
[0.168042] (openarmx_description) StdoutLine: {'line': b'-- Up-to-date symlink: /ws/install/openarmx_description/share/openarmx_description/urdf/robot/openarmx_robot.xacro\n'}
[0.168118] (openarmx_description) StdoutLine: {'line': b'-- Up-to-date symlink: /ws/install/openarmx_description/share/openarmx_description/urdf/robot/v10.urdf.xacro\n'}
[0.168229] (openarmx_bringup) StdoutLine: {'line': b'-- Up-to-date symlink: /ws/install/openarmx_bringup/share/openarmx_bringup/local_setup.bash\n'}
[0.168295] (openarmx_description) StdoutLine: {'line': b'-- Up-to-date symlink: /ws/install/openarmx_description/share/openarmx_description/urdf/ros2_control/openarmx.bimanual.ros2_control.xacro\n'}
[0.168354] (openarmx_description) StdoutLine: {'line': b'-- Up-to-date symlink: /ws/install/openarmx_description/share/openarmx_description/urdf/ros2_control/openarmx.ros2_control.xacro\n'}
[0.168423] (openarmx_bringup) StdoutLine: {'line': b'-- Up-to-date symlink: /ws/install/openarmx_bringup/share/openarmx_bringup/local_setup.sh\n'}
[0.168539] (openarmx_description) StdoutLine: {'line': b'-- Up-to-date symlink: /ws/install/openarmx_description/share/openarmx_description/config/arm/v10/inertials.yaml\n'}
[0.168594] (openarmx_bringup) StdoutLine: {'line': b'-- Up-to-date symlink: /ws/install/openarmx_bringup/share/openarmx_bringup/local_setup.zsh\n'}
[0.168656] (openarmx_description) StdoutLine: {'line': b'-- Up-to-date symlink: /ws/install/openarmx_description/share/openarmx_description/config/arm/v10/joint_limits.yaml\n'}
[0.168744] (openarmx_description) StdoutLine: {'line': b'-- Up-to-date symlink: /ws/install/openarmx_description/share/openarmx_description/config/arm/v10/kinematics.yaml\n'}
[0.168799] (openarmx_description) StdoutLine: {'line': b'-- Up-to-date symlink: /ws/install/openarmx_description/share/openarmx_description/config/arm/v10/kinematics_link.yaml\n'}
[0.169027] (openarmx_bringup) StdoutLine: {'line': b'-- Up-to-date symlink: /ws/install/openarmx_bringup/share/openarmx_bringup/local_setup.dsv\n'}
[0.169173] (openarmx_description) StdoutLine: {'line': b'-- Up-to-date symlink: /ws/install/openarmx_description/share/openarmx_description/config/arm/v10/kinematics_offset.yaml\n'}
[0.169301] (openarmx_description) StdoutLine: {'line': b'-- Up-to-date symlink: /ws/install/openarmx_description/share/openarmx_description/config/body/v10/inertials.yaml\n'}
[0.169370] (openarmx_bringup) StdoutLine: {'line': b'-- Symlinking: /ws/install/openarmx_bringup/share/openarmx_bringup/package.dsv\n'}
[0.169541] (openarmx_description) StdoutLine: {'line': b'-- Up-to-date symlink: /ws/install/openarmx_description/share/openarmx_description/config/body/v10/kinematics.yaml\n'}
[0.169637] (openarmx_description) StdoutLine: {'line': b'-- Up-to-date symlink: /ws/install/openarmx_description/share/openarmx_description/config/body/v10/kinematics_link.yaml\n'}
[0.169756] (openarmx_description) StdoutLine: {'line': b'-- Up-to-date symlink: /ws/install/openarmx_description/share/openarmx_description/config/hand/openarmx_hand/inertials.yaml\n'}
[0.169823] (openarmx_description) StdoutLine: {'line': b'-- Up-to-date symlink: /ws/install/openarmx_description/share/openarmx_description/config/hand/openarmx_hand/joint_limits.yaml\n'}
[0.169950] (openarmx_description) StdoutLine: {'line': b'-- Up-to-date symlink: /ws/install/openarmx_description/share/openarmx_description/config/hand/openarmx_hand/kinematics.yaml\n'}
[0.170071] (openarmx_description) StdoutLine: {'line': b'-- Up-to-date symlink: /ws/install/openarmx_description/share/openarmx_description/config/hand/openarmx_hand/kinematics_link.yaml\n'}
[0.170133] (openarmx_description) StdoutLine: {'line': b'-- Up-to-date symlink: /ws/install/openarmx_description/share/ament_index/resource_index/package_run_dependencies/openarmx_description\n'}
[0.170196] (openarmx_description) StdoutLine: {'line': b'-- Up-to-date symlink: /ws/install/openarmx_description/share/ament_index/resource_index/parent_prefix_path/openarmx_description\n'}
[0.170409] (openarmx_description) StdoutLine: {'line': b'-- Up-to-date symlink: /ws/install/openarmx_description/share/openarmx_description/environment/ament_prefix_path.sh\n'}
[0.170922] (openarmx_description) StdoutLine: {'line': b'-- Up-to-date symlink: /ws/install/openarmx_description/share/openarmx_description/environment/ament_prefix_path.dsv\n'}
[0.171047] (openarmx_description) StdoutLine: {'line': b'-- Up-to-date symlink: /ws/install/openarmx_description/share/openarmx_description/environment/path.sh\n'}
[0.171160] (openarmx_description) StdoutLine: {'line': b'-- Up-to-date symlink: /ws/install/openarmx_description/share/openarmx_description/environment/path.dsv\n'}
[0.171250] (openarmx_description) StdoutLine: {'line': b'-- Up-to-date symlink: /ws/install/openarmx_description/share/openarmx_description/local_setup.bash\n'}
[0.171392] (openarmx_description) StdoutLine: {'line': b'-- Up-to-date symlink: /ws/install/openarmx_description/share/openarmx_description/local_setup.sh\n'}
[0.171473] (openarmx_description) StdoutLine: {'line': b'-- Up-to-date symlink: /ws/install/openarmx_description/share/openarmx_description/local_setup.zsh\n'}
[0.171547] (openarmx_description) StdoutLine: {'line': b'-- Up-to-date symlink: /ws/install/openarmx_description/share/openarmx_description/local_setup.dsv\n'}
[0.171639] (openarmx_description) StdoutLine: {'line': b'-- Symlinking: /ws/install/openarmx_description/share/openarmx_description/package.dsv\n'}
[0.171890] (openarmx_kp_kd_panel) StdoutLine: {'line': b'-- Up-to-date symlink: /ws/install/openarmx_kp_kd_panel/share/ament_index/resource_index/packages/openarmx_kp_kd_panel\n'}
[0.172106] (openarmx_kp_kd_panel) StdoutLine: {'line': b'-- Up-to-date symlink: /ws/install/openarmx_kp_kd_panel/share/ament_index/resource_index/rviz_common__pluginlib__plugin/openarmx_kp_kd_panel\n'}
[0.172319] (openarmx_kp_kd_panel) StdoutLine: {'line': b'-- Up-to-date symlink: /ws/install/openarmx_kp_kd_panel/share/openarmx_kp_kd_panel/cmake/ament_cmake_export_include_directories-extras.cmake\n'}
[0.172550] (openarmx_kp_kd_panel) StdoutLine: {'line': b'-- Up-to-date symlink: /ws/install/openarmx_kp_kd_panel/share/openarmx_kp_kd_panel/cmake/ament_cmake_export_libraries-extras.cmake\n'}
[0.172634] (openarmx_kp_kd_panel) StdoutLine: {'line': b'-- Up-to-date symlink: /ws/install/openarmx_kp_kd_panel/share/openarmx_kp_kd_panel/cmake/openarmx_kp_kd_panelConfig.cmake\n'}
[0.172844] (openarmx_kp_kd_panel) StdoutLine: {'line': b'-- Up-to-date symlink: /ws/install/openarmx_kp_kd_panel/share/openarmx_kp_kd_panel/cmake/openarmx_kp_kd_panelConfig-version.cmake\n'}
[0.173001] (openarmx_kp_kd_panel) StdoutLine: {'line': b'-- Up-to-date symlink: /ws/install/openarmx_kp_kd_panel/share/openarmx_kp_kd_panel/package.xml\n'}
[0.173223] (openarmx_gripper_panel) StdoutLine: {'line': b'-- Up-to-date symlink: /ws/install/openarmx_gripper_panel/share/ament_index/resource_index/packages/openarmx_gripper_panel\n'}
[0.173381] (openarmx_gripper_panel) StdoutLine: {'line': b'-- Up-to-date symlink: /ws/install/openarmx_gripper_panel/share/ament_index/resource_index/rviz_common__pluginlib__plugin/openarmx_gripper_panel\n'}
[0.173521] (openarmx_gripper_panel) StdoutLine: {'line': b'-- Up-to-date symlink: /ws/install/openarmx_gripper_panel/share/openarmx_gripper_panel/cmake/ament_cmake_export_include_directories-extras.cmake\n'}
[0.173651] (openarmx_gripper_panel) StdoutLine: {'line': b'-- Up-to-date symlink: /ws/install/openarmx_gripper_panel/share/openarmx_gripper_panel/cmake/ament_cmake_export_libraries-extras.cmake\n'}
[0.173859] (openarmx_gripper_panel) StdoutLine: {'line': b'-- Up-to-date symlink: /ws/install/openarmx_gripper_panel/share/openarmx_gripper_panel/cmake/ament_cmake_export_dependencies-extras.cmake\n'}
[0.174442] (openarmx_gripper_panel) StdoutLine: {'line': b'-- Up-to-date symlink: /ws/install/openarmx_gripper_panel/share/openarmx_gripper_panel/cmake/openarmx_gripper_panelConfig.cmake\n'}
[0.174793] (openarmx_gripper_panel) StdoutLine: {'line': b'-- Up-to-date symlink: /ws/install/openarmx_gripper_panel/share/openarmx_gripper_panel/cmake/openarmx_gripper_panelConfig-version.cmake\n'}
[0.174924] (openarmx_gripper_panel) StdoutLine: {'line': b'-- Up-to-date symlink: /ws/install/openarmx_gripper_panel/share/openarmx_gripper_panel/package.xml\n'}
[0.175163] (openarmx_gripper_panel) StdoutLine: {'line': b'-- Up-to-date: /ws/install/openarmx_gripper_panel/lib/libopenarmx_gripper_panel.so\n'}
[0.175528] (openarmx_kp_kd_panel) CommandEnded: {'returncode': 0}
[0.175765] (openarmx_description) StdoutLine: {'line': b'-- Up-to-date symlink: /ws/install/openarmx_description/share/ament_index/resource_index/packages/openarmx_description\n'}
[0.176053] (openarmx_description) StdoutLine: {'line': b'-- Up-to-date symlink: /ws/install/openarmx_description/share/openarmx_description/cmake/openarmx_descriptionConfig.cmake\n'}
[0.176187] (openarmx_description) StdoutLine: {'line': b'-- Up-to-date symlink: /ws/install/openarmx_description/share/openarmx_description/cmake/openarmx_descriptionConfig-version.cmake\n'}
[0.176452] (openarmx_description) StdoutLine: {'line': b'-- Up-to-date symlink: /ws/install/openarmx_description/share/openarmx_description/package.xml\n'}
[0.176608] (openarmx_can) StdoutLine: {'line': b'-- Up-to-date symlink: /ws/install/openarmx_can/share/ament_index/resource_index/packages/openarmx_can\n'}
[0.176707] (openarmx_can) StdoutLine: {'line': b'-- Up-to-date symlink: /ws/install/openarmx_can/share/openarmx_can/cmake/ament_cmake_export_targets-extras.cmake\n'}
[0.177117] (openarmx_can) StdoutLine: {'line': b'-- Up-to-date symlink: /ws/install/openarmx_can/share/openarmx_can/cmake/openarmx_canConfig.cmake\n'}
[0.177203] (openarmx_can) StdoutLine: {'line': b'-- Up-to-date symlink: /ws/install/openarmx_can/share/openarmx_can/cmake/openarmx_canConfig-version.cmake\n'}
[0.177290] (openarmx_bringup) StdoutLine: {'line': b'-- Up-to-date symlink: /ws/install/openarmx_bringup/share/ament_index/resource_index/packages/openarmx_bringup\n'}
[0.177432] (openarmx_bringup) StdoutLine: {'line': b'-- Up-to-date symlink: /ws/install/openarmx_bringup/share/openarmx_bringup/cmake/openarmx_bringupConfig.cmake\n'}
[0.177520] (openarmx_can) StdoutLine: {'line': b'-- Up-to-date symlink: /ws/install/openarmx_can/share/openarmx_can/package.xml\n'}
[0.177627] (openarmx_can) StdoutLine: {'line': b'-- Up-to-date: /ws/install/openarmx_can/lib/libopenarmx_can.a\n'}
[0.177716] (openarmx_can) StdoutLine: {'line': b'-- Up-to-date: /ws/install/openarmx_can/lib/cmake/OpenArmCANOpenArmXCom/OpenArmCANOpenArmXComTargets.cmake\n'}
[0.177788] (openarmx_bringup) StdoutLine: {'line': b'-- Up-to-date symlink: /ws/install/openarmx_bringup/share/openarmx_bringup/cmake/openarmx_bringupConfig-version.cmake\n'}
[0.177876] (openarmx_can) StdoutLine: {'line': b'-- Up-to-date: /ws/install/openarmx_can/lib/cmake/OpenArmCANOpenArmXCom/OpenArmCANOpenArmXComTargets-noconfig.cmake\n'}
[0.178187] (openarmx_can) StdoutLine: {'line': b'-- Up-to-date: /ws/install/openarmx_can/lib/libopenarmx_can.a\n'}
[0.178320] (openarmx_bringup) StdoutLine: {'line': b'-- Up-to-date symlink: /ws/install/openarmx_bringup/share/openarmx_bringup/package.xml\n'}
[0.178466] (openarmx_can) StdoutLine: {'line': b'-- Up-to-date: /ws/install/openarmx_can/lib/cmake/openarmx_can/openarmx_canTargets.cmake\n'}
[0.178581] (openarmx_can) StdoutLine: {'line': b'-- Up-to-date: /ws/install/openarmx_can/lib/cmake/openarmx_can/openarmx_canTargets-noconfig.cmake\n'}
[0.178743] (openarmx_can) StdoutLine: {'line': b'-- Up-to-date: /ws/install/openarmx_can/share/openarmx_can/cmake/openarmx_canTargetsExport.cmake\n'}
[0.178880] (openarmx_can) StdoutLine: {'line': b'-- Up-to-date: /ws/install/openarmx_can/share/openarmx_can/cmake/openarmx_canTargetsExport-noconfig.cmake\n'}
[0.181036] (openarmx_kp_kd_panel) JobEnded: {'identifier': 'openarmx_kp_kd_panel', 'rc': 0}
[0.182065] (openarmx_gripper_panel) CommandEnded: {'returncode': 0}
[0.188081] (openarmx_gripper_panel) JobEnded: {'identifier': 'openarmx_gripper_panel', 'rc': 0}
[0.188404] (openarmx_bringup) CommandEnded: {'returncode': 0}
[0.193035] (openarmx_bringup) JobEnded: {'identifier': 'openarmx_bringup', 'rc': 0}
[0.193447] (openarmx_description) CommandEnded: {'returncode': 0}
[0.198243] (openarmx_description) JobEnded: {'identifier': 'openarmx_description', 'rc': 0}
[0.198603] (openarmx_can) CommandEnded: {'returncode': 0}
[0.200025] (-) TimerEvent: {}
[0.203445] (openarmx_can) JobEnded: {'identifier': 'openarmx_can', 'rc': 0}
[0.203968] (openarmx_hardware) JobStarted: {'identifier': 'openarmx_hardware'}
[0.205611] (openarmx_bimanual_moveit_config) JobStarted: {'identifier': 'openarmx_bimanual_moveit_config'}
[0.207376] (openarmx_teleop_leader) JobStarted: {'identifier': 'openarmx_teleop_leader'}
[0.209647] (openarmx_hardware) JobProgress: {'identifier': 'openarmx_hardware', 'progress': 'cmake'}
[0.209873] (openarmx_hardware) JobProgress: {'identifier': 'openarmx_hardware', 'progress': 'build'}
[0.209972] (openarmx_hardware) Command: {'cmd': ['/usr/bin/cmake', '--build', '/ws/build/openarmx_hardware', '--', '-j20', '-l20'], 'cwd': '/ws/build/openarmx_hardware', 'env': OrderedDict([('HOSTNAME', 'sajio-System-Product-Name'), ('SHLVL', '1'), ('LD_LIBRARY_PATH', '/ws/install/openarmx_kp_kd_panel/lib:/ws/install/openarmx_hardware/lib:/ws/install/openarmx_gripper_panel/lib:/ws/install/openarmx_can/lib:/opt/ros/humble/opt/rviz_ogre_vendor/lib:/opt/ros/humble/lib/x86_64-linux-gnu:/opt/ros/humble/lib'), ('HOME', '/root'), ('ROS_PYTHON_VERSION', '3'), ('COLCON_PREFIX_PATH', '/ws/install'), ('ROS_DISTRO', 'humble'), ('_', '/usr/bin/colcon'), ('ROS_VERSION', '2'), ('TERM', 'xterm'), ('ROS_LOCALHOST_ONLY', '0'), ('QT_X11_NO_MITSHM', '1'), ('PATH', '/opt/ros/humble/bin:/usr/local/sbin:/usr/local/bin:/usr/sbin:/usr/bin:/sbin:/bin'), ('DISPLAY', ':0'), ('LANG', 'C.UTF-8'), ('AMENT_PREFIX_PATH', '/ws/install/openarmx_teleop_leader:/ws/install/openarmx_teach:/ws/install/openarmx_kp_kd_panel:/ws/install/openarmx:/ws/install/openarmx_hardware:/ws/install/openarmx_gripper_panel:/ws/install/openarmx_bimanual_moveit_config:/ws/install/openarmx_description:/ws/install/openarmx_can:/ws/install/openarmx_bringup:/opt/ros/humble'), ('DEBIAN_FRONTEND', 'noninteractive'), ('PWD', '/ws/build/openarmx_hardware'), ('LC_ALL', 'C.UTF-8'), ('PYTHONPATH', '/ws/build/openarmx_teach:/ws/install/openarmx_teach/lib/python3.10/site-packages:/opt/ros/humble/lib/python3.10/site-packages:/opt/ros/humble/local/lib/python3.10/dist-packages'), ('COLCON', '1'), ('CMAKE_PREFIX_PATH', '/ws/install/openarmx_can:/ws/install/openarmx_teleop_leader:/ws/install/openarmx_kp_kd_panel:/ws/install/openarmx:/ws/install/openarmx_hardware:/ws/install/openarmx_gripper_panel:/ws/install/openarmx_bimanual_moveit_config:/ws/install/openarmx_description:/ws/install/openarmx_bringup:/ws/install/openarmx_teach:/opt/ros/humble')]), 'shell': False}
[0.210585] (openarmx_bimanual_moveit_config) JobProgress: {'identifier': 'openarmx_bimanual_moveit_config', 'progress': 'cmake'}
[0.210753] (openarmx_bimanual_moveit_config) JobProgress: {'identifier': 'openarmx_bimanual_moveit_config', 'progress': 'build'}
[0.210891] (openarmx_bimanual_moveit_config) Command: {'cmd': ['/usr/bin/cmake', '--build', '/ws/build/openarmx_bimanual_moveit_config', '--', '-j20', '-l20'], 'cwd': '/ws/build/openarmx_bimanual_moveit_config', 'env': OrderedDict([('HOSTNAME', 'sajio-System-Product-Name'), ('SHLVL', '1'), ('LD_LIBRARY_PATH', '/ws/install/openarmx_kp_kd_panel/lib:/ws/install/openarmx_hardware/lib:/ws/install/openarmx_gripper_panel/lib:/ws/install/openarmx_can/lib:/opt/ros/humble/opt/rviz_ogre_vendor/lib:/opt/ros/humble/lib/x86_64-linux-gnu:/opt/ros/humble/lib'), ('HOME', '/root'), ('ROS_PYTHON_VERSION', '3'), ('COLCON_PREFIX_PATH', '/ws/install'), ('ROS_DISTRO', 'humble'), ('_', '/usr/bin/colcon'), ('ROS_VERSION', '2'), ('TERM', 'xterm'), ('ROS_LOCALHOST_ONLY', '0'), ('QT_X11_NO_MITSHM', '1'), ('PATH', '/opt/ros/humble/bin:/usr/local/sbin:/usr/local/bin:/usr/sbin:/usr/bin:/sbin:/bin'), ('DISPLAY', ':0'), ('LANG', 'C.UTF-8'), ('AMENT_PREFIX_PATH', '/ws/install/openarmx_teleop_leader:/ws/install/openarmx_teach:/ws/install/openarmx_kp_kd_panel:/ws/install/openarmx:/ws/install/openarmx_hardware:/ws/install/openarmx_gripper_panel:/ws/install/openarmx_bimanual_moveit_config:/ws/install/openarmx_description:/ws/install/openarmx_can:/ws/install/openarmx_bringup:/opt/ros/humble'), ('DEBIAN_FRONTEND', 'noninteractive'), ('PWD', '/ws/build/openarmx_bimanual_moveit_config'), ('LC_ALL', 'C.UTF-8'), ('PYTHONPATH', '/ws/build/openarmx_teach:/ws/install/openarmx_teach/lib/python3.10/site-packages:/opt/ros/humble/lib/python3.10/site-packages:/opt/ros/humble/local/lib/python3.10/dist-packages'), ('COLCON', '1'), ('CMAKE_PREFIX_PATH', '/ws/install/openarmx_description:/ws/install/openarmx_teleop_leader:/ws/install/openarmx_kp_kd_panel:/ws/install/openarmx:/ws/install/openarmx_hardware:/ws/install/openarmx_gripper_panel:/ws/install/openarmx_bimanual_moveit_config:/ws/install/openarmx_can:/ws/install/openarmx_bringup:/ws/install/openarmx_teach:/opt/ros/humble')]), 'shell': False}
[0.212033] (openarmx_teleop_leader) JobProgress: {'identifier': 'openarmx_teleop_leader', 'progress': 'cmake'}
[0.212445] (openarmx_teleop_leader) JobProgress: {'identifier': 'openarmx_teleop_leader', 'progress': 'build'}
[0.212606] (openarmx_teleop_leader) Command: {'cmd': ['/usr/bin/cmake', '--build', '/ws/build/openarmx_teleop_leader', '--', '-j20', '-l20'], 'cwd': '/ws/build/openarmx_teleop_leader', 'env': OrderedDict([('HOSTNAME', 'sajio-System-Product-Name'), ('SHLVL', '1'), ('LD_LIBRARY_PATH', '/ws/install/openarmx_kp_kd_panel/lib:/ws/install/openarmx_hardware/lib:/ws/install/openarmx_gripper_panel/lib:/ws/install/openarmx_can/lib:/opt/ros/humble/opt/rviz_ogre_vendor/lib:/opt/ros/humble/lib/x86_64-linux-gnu:/opt/ros/humble/lib'), ('HOME', '/root'), ('ROS_PYTHON_VERSION', '3'), ('COLCON_PREFIX_PATH', '/ws/install'), ('ROS_DISTRO', 'humble'), ('_', '/usr/bin/colcon'), ('ROS_VERSION', '2'), ('TERM', 'xterm'), ('ROS_LOCALHOST_ONLY', '0'), ('QT_X11_NO_MITSHM', '1'), ('PATH', '/opt/ros/humble/bin:/usr/local/sbin:/usr/local/bin:/usr/sbin:/usr/bin:/sbin:/bin'), ('DISPLAY', ':0'), ('LANG', 'C.UTF-8'), ('AMENT_PREFIX_PATH', '/ws/install/openarmx_teleop_leader:/ws/install/openarmx_teach:/ws/install/openarmx_kp_kd_panel:/ws/install/openarmx:/ws/install/openarmx_hardware:/ws/install/openarmx_gripper_panel:/ws/install/openarmx_bimanual_moveit_config:/ws/install/openarmx_description:/ws/install/openarmx_can:/ws/install/openarmx_bringup:/opt/ros/humble'), ('DEBIAN_FRONTEND', 'noninteractive'), ('PWD', '/ws/build/openarmx_teleop_leader'), ('LC_ALL', 'C.UTF-8'), ('PYTHONPATH', '/ws/build/openarmx_teach:/ws/install/openarmx_teach/lib/python3.10/site-packages:/opt/ros/humble/lib/python3.10/site-packages:/opt/ros/humble/local/lib/python3.10/dist-packages'), ('COLCON', '1'), ('CMAKE_PREFIX_PATH', '/ws/install/openarmx_can:/ws/install/openarmx_teleop_leader:/ws/install/openarmx_kp_kd_panel:/ws/install/openarmx:/ws/install/openarmx_hardware:/ws/install/openarmx_gripper_panel:/ws/install/openarmx_bimanual_moveit_config:/ws/install/openarmx_description:/ws/install/openarmx_bringup:/ws/install/openarmx_teach:/opt/ros/humble')]), 'shell': False}
[0.233783] (openarmx_bimanual_moveit_config) CommandEnded: {'returncode': 0}
[0.234239] (openarmx_bimanual_moveit_config) JobProgress: {'identifier': 'openarmx_bimanual_moveit_config', 'progress': 'install'}
[0.234507] (openarmx_bimanual_moveit_config) Command: {'cmd': ['/usr/bin/cmake', '--install', '/ws/build/openarmx_bimanual_moveit_config'], 'cwd': '/ws/build/openarmx_bimanual_moveit_config', 'env': OrderedDict([('HOSTNAME', 'sajio-System-Product-Name'), ('SHLVL', '1'), ('LD_LIBRARY_PATH', '/ws/install/openarmx_kp_kd_panel/lib:/ws/install/openarmx_hardware/lib:/ws/install/openarmx_gripper_panel/lib:/ws/install/openarmx_can/lib:/opt/ros/humble/opt/rviz_ogre_vendor/lib:/opt/ros/humble/lib/x86_64-linux-gnu:/opt/ros/humble/lib'), ('HOME', '/root'), ('ROS_PYTHON_VERSION', '3'), ('COLCON_PREFIX_PATH', '/ws/install'), ('ROS_DISTRO', 'humble'), ('_', '/usr/bin/colcon'), ('ROS_VERSION', '2'), ('TERM', 'xterm'), ('ROS_LOCALHOST_ONLY', '0'), ('QT_X11_NO_MITSHM', '1'), ('PATH', '/opt/ros/humble/bin:/usr/local/sbin:/usr/local/bin:/usr/sbin:/usr/bin:/sbin:/bin'), ('DISPLAY', ':0'), ('LANG', 'C.UTF-8'), ('AMENT_PREFIX_PATH', '/ws/install/openarmx_teleop_leader:/ws/install/openarmx_teach:/ws/install/openarmx_kp_kd_panel:/ws/install/openarmx:/ws/install/openarmx_hardware:/ws/install/openarmx_gripper_panel:/ws/install/openarmx_bimanual_moveit_config:/ws/install/openarmx_description:/ws/install/openarmx_can:/ws/install/openarmx_bringup:/opt/ros/humble'), ('DEBIAN_FRONTEND', 'noninteractive'), ('PWD', '/ws/build/openarmx_bimanual_moveit_config'), ('LC_ALL', 'C.UTF-8'), ('PYTHONPATH', '/ws/build/openarmx_teach:/ws/install/openarmx_teach/lib/python3.10/site-packages:/opt/ros/humble/lib/python3.10/site-packages:/opt/ros/humble/local/lib/python3.10/dist-packages'), ('COLCON', '1'), ('CMAKE_PREFIX_PATH', '/ws/install/openarmx_description:/ws/install/openarmx_teleop_leader:/ws/install/openarmx_kp_kd_panel:/ws/install/openarmx:/ws/install/openarmx_hardware:/ws/install/openarmx_gripper_panel:/ws/install/openarmx_bimanual_moveit_config:/ws/install/openarmx_can:/ws/install/openarmx_bringup:/ws/install/openarmx_teach:/opt/ros/humble')]), 'shell': False}
[0.239809] (openarmx_bimanual_moveit_config) StdoutLine: {'line': b'-- Install configuration: ""\n'}
[0.240174] (openarmx_bimanual_moveit_config) StdoutLine: {'line': b'-- Execute custom install script\n'}
[0.240349] (openarmx_bimanual_moveit_config) StdoutLine: {'line': b'-- Up-to-date symlink: /ws/install/openarmx_bimanual_moveit_config/share/ament_index/resource_index/package_run_dependencies/openarmx_bimanual_moveit_config\n'}
[0.240490] (openarmx_bimanual_moveit_config) StdoutLine: {'line': b'-- Up-to-date symlink: /ws/install/openarmx_bimanual_moveit_config/share/ament_index/resource_index/parent_prefix_path/openarmx_bimanual_moveit_config\n'}
[0.240621] (openarmx_bimanual_moveit_config) StdoutLine: {'line': b'-- Up-to-date symlink: /ws/install/openarmx_bimanual_moveit_config/share/openarmx_bimanual_moveit_config/environment/ament_prefix_path.sh\n'}
[0.240737] (openarmx_bimanual_moveit_config) StdoutLine: {'line': b'-- Up-to-date symlink: /ws/install/openarmx_bimanual_moveit_config/share/openarmx_bimanual_moveit_config/environment/ament_prefix_path.dsv\n'}
[0.240863] (openarmx_bimanual_moveit_config) StdoutLine: {'line': b'-- Up-to-date symlink: /ws/install/openarmx_bimanual_moveit_config/share/openarmx_bimanual_moveit_config/environment/path.sh\n'}
[0.240971] (openarmx_bimanual_moveit_config) StdoutLine: {'line': b'-- Up-to-date symlink: /ws/install/openarmx_bimanual_moveit_config/share/openarmx_bimanual_moveit_config/environment/path.dsv\n'}
[0.241077] (openarmx_bimanual_moveit_config) StdoutLine: {'line': b'-- Up-to-date symlink: /ws/install/openarmx_bimanual_moveit_config/share/openarmx_bimanual_moveit_config/local_setup.bash\n'}
[0.241180] (openarmx_bimanual_moveit_config) StdoutLine: {'line': b'-- Up-to-date symlink: /ws/install/openarmx_bimanual_moveit_config/share/openarmx_bimanual_moveit_config/local_setup.sh\n'}
[0.241283] (openarmx_bimanual_moveit_config) StdoutLine: {'line': b'-- Up-to-date symlink: /ws/install/openarmx_bimanual_moveit_config/share/openarmx_bimanual_moveit_config/local_setup.zsh\n'}
[0.241391] (openarmx_bimanual_moveit_config) StdoutLine: {'line': b'-- Up-to-date symlink: /ws/install/openarmx_bimanual_moveit_config/share/openarmx_bimanual_moveit_config/local_setup.dsv\n'}
[0.241472] (openarmx_bimanual_moveit_config) StdoutLine: {'line': b'-- Symlinking: /ws/install/openarmx_bimanual_moveit_config/share/openarmx_bimanual_moveit_config/package.dsv\n'}
[0.243892] (openarmx_teleop_leader) StdoutLine: {'line': b'[ 33%] Built target openarmx_teleop_leader_dynamics\n'}
[0.246842] (openarmx_bimanual_moveit_config) StdoutLine: {'line': b'-- Up-to-date symlink: /ws/install/openarmx_bimanual_moveit_config/share/ament_index/resource_index/packages/openarmx_bimanual_moveit_config\n'}
[0.246956] (openarmx_bimanual_moveit_config) StdoutLine: {'line': b'-- Up-to-date symlink: /ws/install/openarmx_bimanual_moveit_config/share/openarmx_bimanual_moveit_config/cmake/openarmx_bimanual_moveit_configConfig.cmake\n'}
[0.247034] (openarmx_bimanual_moveit_config) StdoutLine: {'line': b'-- Up-to-date symlink: /ws/install/openarmx_bimanual_moveit_config/share/openarmx_bimanual_moveit_config/cmake/openarmx_bimanual_moveit_configConfig-version.cmake\n'}
[0.247141] (openarmx_bimanual_moveit_config) StdoutLine: {'line': b'-- Up-to-date symlink: /ws/install/openarmx_bimanual_moveit_config/share/openarmx_bimanual_moveit_config/package.xml\n'}
[0.247493] (openarmx_bimanual_moveit_config) StdoutLine: {'line': b'-- Up-to-date symlink: /ws/install/openarmx_bimanual_moveit_config/share/openarmx_bimanual_moveit_config/launch/demo.launch.py\n'}
[0.247570] (openarmx_bimanual_moveit_config) StdoutLine: {'line': b'-- Up-to-date symlink: /ws/install/openarmx_bimanual_moveit_config/share/openarmx_bimanual_moveit_config/launch/demo.launch.py.backup\n'}
[0.247641] (openarmx_bimanual_moveit_config) StdoutLine: {'line': b'-- Up-to-date symlink: /ws/install/openarmx_bimanual_moveit_config/share/openarmx_bimanual_moveit_config/launch/demo_sim.launch.py\n'}
[0.247713] (openarmx_bimanual_moveit_config) StdoutLine: {'line': b'-- Up-to-date symlink: /ws/install/openarmx_bimanual_moveit_config/share/openarmx_bimanual_moveit_config/launch/motor_config_loader.py\n'}
[0.247785] (openarmx_bimanual_moveit_config) StdoutLine: {'line': b'-- Up-to-date symlink: /ws/install/openarmx_bimanual_moveit_config/share/openarmx_bimanual_moveit_config/launch/motor_control.py\n'}
[0.247856] (openarmx_bimanual_moveit_config) StdoutLine: {'line': b'-- Up-to-date symlink: /ws/install/openarmx_bimanual_moveit_config/share/openarmx_bimanual_moveit_config/launch/move_group.launch.py\n'}
[0.247927] (openarmx_bimanual_moveit_config) StdoutLine: {'line': b'-- Up-to-date symlink: /ws/install/openarmx_bimanual_moveit_config/share/openarmx_bimanual_moveit_config/launch/moveit_rviz.launch.py\n'}
[0.247999] (openarmx_bimanual_moveit_config) StdoutLine: {'line': b'-- Up-to-date symlink: /ws/install/openarmx_bimanual_moveit_config/share/openarmx_bimanual_moveit_config/launch/setup_assistant.launch.py\n'}
[0.248071] (openarmx_bimanual_moveit_config) StdoutLine: {'line': b'-- Up-to-date symlink: /ws/install/openarmx_bimanual_moveit_config/share/openarmx_bimanual_moveit_config/launch/spawn_controllers.launch.py\n'}
[0.248143] (openarmx_bimanual_moveit_config) StdoutLine: {'line': b'-- Up-to-date symlink: /ws/install/openarmx_bimanual_moveit_config/share/openarmx_bimanual_moveit_config/launch/static_virtual_joint_tfs.launch.py\n'}
[0.248426] (openarmx_bimanual_moveit_config) StdoutLine: {'line': b'-- Up-to-date symlink: /ws/install/openarmx_bimanual_moveit_config/share/openarmx_bimanual_moveit_config/config/initial_positions.yaml\n'}
[0.248499] (openarmx_bimanual_moveit_config) StdoutLine: {'line': b'-- Up-to-date symlink: /ws/install/openarmx_bimanual_moveit_config/share/openarmx_bimanual_moveit_config/config/joint_limits.yaml\n'}
[0.248570] (openarmx_bimanual_moveit_config) StdoutLine: {'line': b'-- Up-to-date symlink: /ws/install/openarmx_bimanual_moveit_config/share/openarmx_bimanual_moveit_config/config/kinematics.yaml\n'}
[0.248642] (openarmx_bimanual_moveit_config) StdoutLine: {'line': b'-- Up-to-date symlink: /ws/install/openarmx_bimanual_moveit_config/share/openarmx_bimanual_moveit_config/config/moveit.rviz\n'}
[0.248713] (openarmx_bimanual_moveit_config) StdoutLine: {'line': b'-- Up-to-date symlink: /ws/install/openarmx_bimanual_moveit_config/share/openarmx_bimanual_moveit_config/config/moveit_controllers.yaml\n'}
[0.248783] (openarmx_bimanual_moveit_config) StdoutLine: {'line': b'-- Up-to-date symlink: /ws/install/openarmx_bimanual_moveit_config/share/openarmx_bimanual_moveit_config/config/openarm_bimanual.srdf\n'}
[0.248853] (openarmx_bimanual_moveit_config) StdoutLine: {'line': b'-- Up-to-date symlink: /ws/install/openarmx_bimanual_moveit_config/share/openarmx_bimanual_moveit_config/config/openarm_bimanual.urdf.xacro\n'}
[0.248923] (openarmx_bimanual_moveit_config) StdoutLine: {'line': b'-- Up-to-date symlink: /ws/install/openarmx_bimanual_moveit_config/share/openarmx_bimanual_moveit_config/config/pilz_cartesian_limits.yaml\n'}
[0.248992] (openarmx_bimanual_moveit_config) StdoutLine: {'line': b'-- Up-to-date symlink: /ws/install/openarmx_bimanual_moveit_config/share/openarmx_bimanual_moveit_config/config/ros2_controllers.yaml\n'}
[0.249061] (openarmx_bimanual_moveit_config) StdoutLine: {'line': b'-- Up-to-date symlink: /ws/install/openarmx_bimanual_moveit_config/share/openarmx_bimanual_moveit_config/config/sensors_3d.yaml\n'}
[0.249174] (openarmx_bimanual_moveit_config) StdoutLine: {'line': b'-- Up-to-date symlink: /ws/install/openarmx_bimanual_moveit_config/share/openarmx_bimanual_moveit_config/.setup_assistant\n'}
[0.249368] (openarmx_hardware) StdoutLine: {'line': b'[100%] Built target openarmx_hardware\n'}
[0.249724] (openarmx_teleop_leader) StdoutLine: {'line': b'[ 66%] Built target teleop_leader_node\n'}
[0.250349] (openarmx_bimanual_moveit_config) CommandEnded: {'returncode': 0}
[0.255684] (openarmx_bimanual_moveit_config) JobEnded: {'identifier': 'openarmx_bimanual_moveit_config', 'rc': 0}
[0.256191] (openarmx_hardware) CommandEnded: {'returncode': 0}
[0.256428] (openarmx_hardware) JobProgress: {'identifier': 'openarmx_hardware', 'progress': 'install'}
[0.256599] (openarmx_hardware) Command: {'cmd': ['/usr/bin/cmake', '--install', '/ws/build/openarmx_hardware'], 'cwd': '/ws/build/openarmx_hardware', 'env': OrderedDict([('HOSTNAME', 'sajio-System-Product-Name'), ('SHLVL', '1'), ('LD_LIBRARY_PATH', '/ws/install/openarmx_kp_kd_panel/lib:/ws/install/openarmx_hardware/lib:/ws/install/openarmx_gripper_panel/lib:/ws/install/openarmx_can/lib:/opt/ros/humble/opt/rviz_ogre_vendor/lib:/opt/ros/humble/lib/x86_64-linux-gnu:/opt/ros/humble/lib'), ('HOME', '/root'), ('ROS_PYTHON_VERSION', '3'), ('COLCON_PREFIX_PATH', '/ws/install'), ('ROS_DISTRO', 'humble'), ('_', '/usr/bin/colcon'), ('ROS_VERSION', '2'), ('TERM', 'xterm'), ('ROS_LOCALHOST_ONLY', '0'), ('QT_X11_NO_MITSHM', '1'), ('PATH', '/opt/ros/humble/bin:/usr/local/sbin:/usr/local/bin:/usr/sbin:/usr/bin:/sbin:/bin'), ('DISPLAY', ':0'), ('LANG', 'C.UTF-8'), ('AMENT_PREFIX_PATH', '/ws/install/openarmx_teleop_leader:/ws/install/openarmx_teach:/ws/install/openarmx_kp_kd_panel:/ws/install/openarmx:/ws/install/openarmx_hardware:/ws/install/openarmx_gripper_panel:/ws/install/openarmx_bimanual_moveit_config:/ws/install/openarmx_description:/ws/install/openarmx_can:/ws/install/openarmx_bringup:/opt/ros/humble'), ('DEBIAN_FRONTEND', 'noninteractive'), ('PWD', '/ws/build/openarmx_hardware'), ('LC_ALL', 'C.UTF-8'), ('PYTHONPATH', '/ws/build/openarmx_teach:/ws/install/openarmx_teach/lib/python3.10/site-packages:/opt/ros/humble/lib/python3.10/site-packages:/opt/ros/humble/local/lib/python3.10/dist-packages'), ('COLCON', '1'), ('CMAKE_PREFIX_PATH', '/ws/install/openarmx_can:/ws/install/openarmx_teleop_leader:/ws/install/openarmx_kp_kd_panel:/ws/install/openarmx:/ws/install/openarmx_hardware:/ws/install/openarmx_gripper_panel:/ws/install/openarmx_bimanual_moveit_config:/ws/install/openarmx_description:/ws/install/openarmx_bringup:/ws/install/openarmx_teach:/opt/ros/humble')]), 'shell': False}
[0.260324] (openarmx_hardware) StdoutLine: {'line': b'-- Install configuration: ""\n'}
[0.260598] (openarmx_hardware) StdoutLine: {'line': b'-- Execute custom install script\n'}
[0.260718] (openarmx_hardware) StdoutLine: {'line': b'-- Up-to-date symlink: /ws/install/openarmx_hardware/share/openarmx_hardware//openarmx_hardware.xml\n'}
[0.260799] (openarmx_hardware) StdoutLine: {'line': b'-- Up-to-date symlink: /ws/install/openarmx_hardware/lib/libopenarmx_hardware.so\n'}
[0.260933] (openarmx_hardware) StdoutLine: {'line': b'-- Up-to-date symlink: /ws/install/openarmx_hardware/include/openarmx_hardware/v10_simple_hardware.hpp\n'}
[0.261006] (openarmx_hardware) StdoutLine: {'line': b'-- Up-to-date symlink: /ws/install/openarmx_hardware/include/openarmx_hardware/visibility_control.h\n'}
[0.261083] (openarmx_hardware) StdoutLine: {'line': b'-- Up-to-date symlink: /ws/install/openarmx_hardware/share/openarmx_hardware/environment/library_path.sh\n'}
[0.261151] (openarmx_hardware) StdoutLine: {'line': b'-- Up-to-date symlink: /ws/install/openarmx_hardware/share/openarmx_hardware/environment/library_path.dsv\n'}
[0.261223] (openarmx_hardware) StdoutLine: {'line': b'-- Up-to-date symlink: /ws/install/openarmx_hardware/share/ament_index/resource_index/package_run_dependencies/openarmx_hardware\n'}
[0.261290] (openarmx_hardware) StdoutLine: {'line': b'-- Up-to-date symlink: /ws/install/openarmx_hardware/share/ament_index/resource_index/parent_prefix_path/openarmx_hardware\n'}
[0.261360] (openarmx_hardware) StdoutLine: {'line': b'-- Up-to-date symlink: /ws/install/openarmx_hardware/share/openarmx_hardware/environment/ament_prefix_path.sh\n'}
[0.261432] (openarmx_hardware) StdoutLine: {'line': b'-- Up-to-date symlink: /ws/install/openarmx_hardware/share/openarmx_hardware/environment/ament_prefix_path.dsv\n'}
[0.261497] (openarmx_hardware) StdoutLine: {'line': b'-- Up-to-date symlink: /ws/install/openarmx_hardware/share/openarmx_hardware/environment/path.sh\n'}
[0.261571] (openarmx_hardware) StdoutLine: {'line': b'-- Up-to-date symlink: /ws/install/openarmx_hardware/share/openarmx_hardware/environment/path.dsv\n'}
[0.261642] (openarmx_hardware) StdoutLine: {'line': b'-- Up-to-date symlink: /ws/install/openarmx_hardware/share/openarmx_hardware/local_setup.bash\n'}
[0.261698] (openarmx_hardware) StdoutLine: {'line': b'-- Up-to-date symlink: /ws/install/openarmx_hardware/share/openarmx_hardware/local_setup.sh\n'}
[0.261751] (openarmx_hardware) StdoutLine: {'line': b'-- Up-to-date symlink: /ws/install/openarmx_hardware/share/openarmx_hardware/local_setup.zsh\n'}
[0.261805] (openarmx_hardware) StdoutLine: {'line': b'-- Up-to-date symlink: /ws/install/openarmx_hardware/share/openarmx_hardware/local_setup.dsv\n'}
[0.261858] (openarmx_hardware) StdoutLine: {'line': b'-- Symlinking: /ws/install/openarmx_hardware/share/openarmx_hardware/package.dsv\n'}
[0.261999] (openarmx_teleop_leader) StdoutLine: {'line': b'[100%] Built target teleop_leader_with_gravitycomp_single\n'}
[0.265362] (openarmx_hardware) StdoutLine: {'line': b'-- Up-to-date symlink: /ws/install/openarmx_hardware/share/ament_index/resource_index/packages/openarmx_hardware\n'}
[0.265490] (openarmx_hardware) StdoutLine: {'line': b'-- Up-to-date symlink: /ws/install/openarmx_hardware/share/ament_index/resource_index/hardware_interface__pluginlib__plugin/openarmx_hardware\n'}
[0.265580] (openarmx_hardware) StdoutLine: {'line': b'-- Up-to-date symlink: /ws/install/openarmx_hardware/share/openarmx_hardware/cmake/ament_cmake_export_include_directories-extras.cmake\n'}
[0.265659] (openarmx_hardware) StdoutLine: {'line': b'-- Up-to-date symlink: /ws/install/openarmx_hardware/share/openarmx_hardware/cmake/ament_cmake_export_libraries-extras.cmake\n'}
[0.265732] (openarmx_hardware) StdoutLine: {'line': b'-- Up-to-date symlink: /ws/install/openarmx_hardware/share/openarmx_hardware/cmake/ament_cmake_export_dependencies-extras.cmake\n'}
[0.265789] (openarmx_hardware) StdoutLine: {'line': b'-- Up-to-date symlink: /ws/install/openarmx_hardware/share/openarmx_hardware/cmake/openarmx_hardwareConfig.cmake\n'}
[0.265856] (openarmx_hardware) StdoutLine: {'line': b'-- Up-to-date symlink: /ws/install/openarmx_hardware/share/openarmx_hardware/cmake/openarmx_hardwareConfig-version.cmake\n'}
[0.265913] (openarmx_hardware) StdoutLine: {'line': b'-- Up-to-date symlink: /ws/install/openarmx_hardware/share/openarmx_hardware/package.xml\n'}
[0.266559] (openarmx_hardware) CommandEnded: {'returncode': 0}
[0.273553] (openarmx_hardware) JobEnded: {'identifier': 'openarmx_hardware', 'rc': 0}
[0.274116] (openarmx) JobStarted: {'identifier': 'openarmx'}
[0.276153] (openarmx_teleop_leader) CommandEnded: {'returncode': 0}
[0.276474] (openarmx_teleop_leader) JobProgress: {'identifier': 'openarmx_teleop_leader', 'progress': 'install'}
[0.276584] (openarmx_teleop_leader) Command: {'cmd': ['/usr/bin/cmake', '--install', '/ws/build/openarmx_teleop_leader'], 'cwd': '/ws/build/openarmx_teleop_leader', 'env': OrderedDict([('HOSTNAME', 'sajio-System-Product-Name'), ('SHLVL', '1'), ('LD_LIBRARY_PATH', '/ws/install/openarmx_kp_kd_panel/lib:/ws/install/openarmx_hardware/lib:/ws/install/openarmx_gripper_panel/lib:/ws/install/openarmx_can/lib:/opt/ros/humble/opt/rviz_ogre_vendor/lib:/opt/ros/humble/lib/x86_64-linux-gnu:/opt/ros/humble/lib'), ('HOME', '/root'), ('ROS_PYTHON_VERSION', '3'), ('COLCON_PREFIX_PATH', '/ws/install'), ('ROS_DISTRO', 'humble'), ('_', '/usr/bin/colcon'), ('ROS_VERSION', '2'), ('TERM', 'xterm'), ('ROS_LOCALHOST_ONLY', '0'), ('QT_X11_NO_MITSHM', '1'), ('PATH', '/opt/ros/humble/bin:/usr/local/sbin:/usr/local/bin:/usr/sbin:/usr/bin:/sbin:/bin'), ('DISPLAY', ':0'), ('LANG', 'C.UTF-8'), ('AMENT_PREFIX_PATH', '/ws/install/openarmx_teleop_leader:/ws/install/openarmx_teach:/ws/install/openarmx_kp_kd_panel:/ws/install/openarmx:/ws/install/openarmx_hardware:/ws/install/openarmx_gripper_panel:/ws/install/openarmx_bimanual_moveit_config:/ws/install/openarmx_description:/ws/install/openarmx_can:/ws/install/openarmx_bringup:/opt/ros/humble'), ('DEBIAN_FRONTEND', 'noninteractive'), ('PWD', '/ws/build/openarmx_teleop_leader'), ('LC_ALL', 'C.UTF-8'), ('PYTHONPATH', '/ws/build/openarmx_teach:/ws/install/openarmx_teach/lib/python3.10/site-packages:/opt/ros/humble/lib/python3.10/site-packages:/opt/ros/humble/local/lib/python3.10/dist-packages'), ('COLCON', '1'), ('CMAKE_PREFIX_PATH', '/ws/install/openarmx_can:/ws/install/openarmx_teleop_leader:/ws/install/openarmx_kp_kd_panel:/ws/install/openarmx:/ws/install/openarmx_hardware:/ws/install/openarmx_gripper_panel:/ws/install/openarmx_bimanual_moveit_config:/ws/install/openarmx_description:/ws/install/openarmx_bringup:/ws/install/openarmx_teach:/opt/ros/humble')]), 'shell': False}
[0.280943] (openarmx) JobProgress: {'identifier': 'openarmx', 'progress': 'cmake'}
[0.281299] (openarmx) JobProgress: {'identifier': 'openarmx', 'progress': 'build'}
[0.281441] (openarmx) Command: {'cmd': ['/usr/bin/cmake', '--build', '/ws/build/openarmx', '--', '-j20', '-l20'], 'cwd': '/ws/build/openarmx', 'env': OrderedDict([('HOSTNAME', 'sajio-System-Product-Name'), ('SHLVL', '1'), ('LD_LIBRARY_PATH', '/ws/install/openarmx_hardware/lib:/ws/install/openarmx_kp_kd_panel/lib:/ws/install/openarmx_gripper_panel/lib:/ws/install/openarmx_can/lib:/opt/ros/humble/opt/rviz_ogre_vendor/lib:/opt/ros/humble/lib/x86_64-linux-gnu:/opt/ros/humble/lib'), ('HOME', '/root'), ('ROS_PYTHON_VERSION', '3'), ('COLCON_PREFIX_PATH', '/ws/install'), ('ROS_DISTRO', 'humble'), ('_', '/usr/bin/colcon'), ('ROS_VERSION', '2'), ('TERM', 'xterm'), ('ROS_LOCALHOST_ONLY', '0'), ('QT_X11_NO_MITSHM', '1'), ('PATH', '/opt/ros/humble/bin:/usr/local/sbin:/usr/local/bin:/usr/sbin:/usr/bin:/sbin:/bin'), ('DISPLAY', ':0'), ('LANG', 'C.UTF-8'), ('AMENT_PREFIX_PATH', '/ws/install/openarmx_teleop_leader:/ws/install/openarmx_teach:/ws/install/openarmx_kp_kd_panel:/ws/install/openarmx:/ws/install/openarmx_hardware:/ws/install/openarmx_gripper_panel:/ws/install/openarmx_bimanual_moveit_config:/ws/install/openarmx_description:/ws/install/openarmx_can:/ws/install/openarmx_bringup:/opt/ros/humble'), ('DEBIAN_FRONTEND', 'noninteractive'), ('PWD', '/ws/build/openarmx'), ('LC_ALL', 'C.UTF-8'), ('PYTHONPATH', '/ws/build/openarmx_teach:/ws/install/openarmx_teach/lib/python3.10/site-packages:/opt/ros/humble/lib/python3.10/site-packages:/opt/ros/humble/local/lib/python3.10/dist-packages'), ('COLCON', '1'), ('CMAKE_PREFIX_PATH', '/ws/install/openarmx_hardware:/ws/install/openarmx_description:/ws/install/openarmx_can:/ws/install/openarmx_bringup:/ws/install/openarmx_teleop_leader:/ws/install/openarmx_kp_kd_panel:/ws/install/openarmx:/ws/install/openarmx_gripper_panel:/ws/install/openarmx_bimanual_moveit_config:/ws/install/openarmx_teach:/opt/ros/humble')]), 'shell': False}
[0.282659] (openarmx_teleop_leader) StdoutLine: {'line': b'-- Install configuration: ""\n'}
[0.283042] (openarmx_teleop_leader) StdoutLine: {'line': b'-- Execute custom install script\n'}
[0.283265] (openarmx_teleop_leader) StdoutLine: {'line': b'-- Up-to-date symlink: /ws/install/openarmx_teleop_leader/lib/openarmx_teleop_leader/teleop_leader_node\n'}
[0.283418] (openarmx_teleop_leader) StdoutLine: {'line': b'-- Up-to-date symlink: /ws/install/openarmx_teleop_leader/lib/openarmx_teleop_leader/teleop_leader_with_gravitycomp_single\n'}
[0.283598] (openarmx_teleop_leader) StdoutLine: {'line': b'-- Up-to-date symlink: /ws/install/openarmx_teleop_leader/share/openarmx_teleop_leader/launch/bimanual_teleop.launch.py\n'}
[0.283640] (openarmx_teleop_leader) StdoutLine: {'line': b'-- Up-to-date symlink: /ws/install/openarmx_teleop_leader/share/openarmx_teleop_leader/launch/teleop_leader_with_gravitycomp_bimanual.launch.py\n'}
[0.283712] (openarmx_teleop_leader) StdoutLine: {'line': b'-- Up-to-date symlink: /ws/install/openarmx_teleop_leader/share/ament_index/resource_index/package_run_dependencies/openarmx_teleop_leader\n'}
[0.283775] (openarmx_teleop_leader) StdoutLine: {'line': b'-- Up-to-date symlink: /ws/install/openarmx_teleop_leader/share/ament_index/resource_index/parent_prefix_path/openarmx_teleop_leader\n'}
[0.283838] (openarmx_teleop_leader) StdoutLine: {'line': b'-- Up-to-date symlink: /ws/install/openarmx_teleop_leader/share/openarmx_teleop_leader/environment/ament_prefix_path.sh\n'}
[0.283893] (openarmx_teleop_leader) StdoutLine: {'line': b'-- Up-to-date symlink: /ws/install/openarmx_teleop_leader/share/openarmx_teleop_leader/environment/ament_prefix_path.dsv\n'}
[0.283948] (openarmx_teleop_leader) StdoutLine: {'line': b'-- Up-to-date symlink: /ws/install/openarmx_teleop_leader/share/openarmx_teleop_leader/environment/path.sh\n'}
[0.283996] (openarmx_teleop_leader) StdoutLine: {'line': b'-- Up-to-date symlink: /ws/install/openarmx_teleop_leader/share/openarmx_teleop_leader/environment/path.dsv\n'}
[0.284046] (openarmx_teleop_leader) StdoutLine: {'line': b'-- Up-to-date symlink: /ws/install/openarmx_teleop_leader/share/openarmx_teleop_leader/local_setup.bash\n'}
[0.284093] (openarmx_teleop_leader) StdoutLine: {'line': b'-- Up-to-date symlink: /ws/install/openarmx_teleop_leader/share/openarmx_teleop_leader/local_setup.sh\n'}
[0.284139] (openarmx_teleop_leader) StdoutLine: {'line': b'-- Up-to-date symlink: /ws/install/openarmx_teleop_leader/share/openarmx_teleop_leader/local_setup.zsh\n'}
[0.284184] (openarmx_teleop_leader) StdoutLine: {'line': b'-- Up-to-date symlink: /ws/install/openarmx_teleop_leader/share/openarmx_teleop_leader/local_setup.dsv\n'}
[0.284220] (openarmx_teleop_leader) StdoutLine: {'line': b'-- Symlinking: /ws/install/openarmx_teleop_leader/share/openarmx_teleop_leader/package.dsv\n'}
[0.289916] (openarmx_teleop_leader) StdoutLine: {'line': b'-- Up-to-date symlink: /ws/install/openarmx_teleop_leader/share/ament_index/resource_index/packages/openarmx_teleop_leader\n'}
[0.289979] (openarmx_teleop_leader) StdoutLine: {'line': b'-- Up-to-date symlink: /ws/install/openarmx_teleop_leader/share/openarmx_teleop_leader/cmake/openarmx_teleop_leaderConfig.cmake\n'}
[0.290014] (openarmx_teleop_leader) StdoutLine: {'line': b'-- Up-to-date symlink: /ws/install/openarmx_teleop_leader/share/openarmx_teleop_leader/cmake/openarmx_teleop_leaderConfig-version.cmake\n'}
[0.290048] (openarmx_teleop_leader) StdoutLine: {'line': b'-- Up-to-date symlink: /ws/install/openarmx_teleop_leader/share/openarmx_teleop_leader/package.xml\n'}
[0.290881] (openarmx_teleop_leader) CommandEnded: {'returncode': 0}
[0.296349] (openarmx_teleop_leader) JobEnded: {'identifier': 'openarmx_teleop_leader', 'rc': 0}
[0.300092] (-) TimerEvent: {}
[0.306527] (openarmx_teach) Command: {'cmd': ['/usr/bin/python3', '-W', 'ignore:setup.py install is deprecated', '-W', 'ignore:easy_install command is deprecated', 'setup.py', 'develop', '--editable', '--build-directory', '/ws/build/openarmx_teach/build', '--no-deps', 'symlink_data'], 'cwd': '/ws/build/openarmx_teach', 'env': {'HOSTNAME': 'sajio-System-Product-Name', 'SHLVL': '1', 'LD_LIBRARY_PATH': '/ws/install/openarmx_kp_kd_panel/lib:/ws/install/openarmx_hardware/lib:/ws/install/openarmx_gripper_panel/lib:/ws/install/openarmx_can/lib:/opt/ros/humble/opt/rviz_ogre_vendor/lib:/opt/ros/humble/lib/x86_64-linux-gnu:/opt/ros/humble/lib', 'HOME': '/root', 'ROS_PYTHON_VERSION': '3', 'COLCON_PREFIX_PATH': '/ws/install', 'ROS_DISTRO': 'humble', '_': '/usr/bin/colcon', 'ROS_VERSION': '2', 'TERM': 'xterm', 'ROS_LOCALHOST_ONLY': '0', 'QT_X11_NO_MITSHM': '1', 'PATH': '/opt/ros/humble/bin:/usr/local/sbin:/usr/local/bin:/usr/sbin:/usr/bin:/sbin:/bin', 'DISPLAY': ':0', 'LANG': 'C.UTF-8', 'AMENT_PREFIX_PATH': '/ws/install/openarmx_teleop_leader:/ws/install/openarmx_teach:/ws/install/openarmx_kp_kd_panel:/ws/install/openarmx:/ws/install/openarmx_hardware:/ws/install/openarmx_gripper_panel:/ws/install/openarmx_bimanual_moveit_config:/ws/install/openarmx_description:/ws/install/openarmx_can:/ws/install/openarmx_bringup:/opt/ros/humble', 'DEBIAN_FRONTEND': 'noninteractive', 'PWD': '/ws/build/openarmx_teach', 'LC_ALL': 'C.UTF-8', 'PYTHONPATH': '/ws/build/openarmx_teach/prefix_override:/usr/lib/python3/dist-packages/colcon_core/task/python/colcon_distutils_commands:/ws/install/openarmx_teach/lib/python3.10/site-packages:/ws/build/openarmx_teach:/ws/install/openarmx_teach/lib/python3.10/site-packages:/opt/ros/humble/lib/python3.10/site-packages:/opt/ros/humble/local/lib/python3.10/dist-packages', 'COLCON': '1', 'CMAKE_PREFIX_PATH': '/ws/install/openarmx_teleop_leader:/ws/install/openarmx_kp_kd_panel:/ws/install/openarmx:/ws/install/openarmx_hardware:/ws/install/openarmx_gripper_panel:/ws/install/openarmx_bimanual_moveit_config:/ws/install/openarmx_description:/ws/install/openarmx_can:/ws/install/openarmx_bringup'}, 'shell': False}
[0.307768] (openarmx) CommandEnded: {'returncode': 0}
[0.308068] (openarmx) JobProgress: {'identifier': 'openarmx', 'progress': 'install'}
[0.308192] (openarmx) Command: {'cmd': ['/usr/bin/cmake', '--install', '/ws/build/openarmx'], 'cwd': '/ws/build/openarmx', 'env': OrderedDict([('HOSTNAME', 'sajio-System-Product-Name'), ('SHLVL', '1'), ('LD_LIBRARY_PATH', '/ws/install/openarmx_hardware/lib:/ws/install/openarmx_kp_kd_panel/lib:/ws/install/openarmx_gripper_panel/lib:/ws/install/openarmx_can/lib:/opt/ros/humble/opt/rviz_ogre_vendor/lib:/opt/ros/humble/lib/x86_64-linux-gnu:/opt/ros/humble/lib'), ('HOME', '/root'), ('ROS_PYTHON_VERSION', '3'), ('COLCON_PREFIX_PATH', '/ws/install'), ('ROS_DISTRO', 'humble'), ('_', '/usr/bin/colcon'), ('ROS_VERSION', '2'), ('TERM', 'xterm'), ('ROS_LOCALHOST_ONLY', '0'), ('QT_X11_NO_MITSHM', '1'), ('PATH', '/opt/ros/humble/bin:/usr/local/sbin:/usr/local/bin:/usr/sbin:/usr/bin:/sbin:/bin'), ('DISPLAY', ':0'), ('LANG', 'C.UTF-8'), ('AMENT_PREFIX_PATH', '/ws/install/openarmx_teleop_leader:/ws/install/openarmx_teach:/ws/install/openarmx_kp_kd_panel:/ws/install/openarmx:/ws/install/openarmx_hardware:/ws/install/openarmx_gripper_panel:/ws/install/openarmx_bimanual_moveit_config:/ws/install/openarmx_description:/ws/install/openarmx_can:/ws/install/openarmx_bringup:/opt/ros/humble'), ('DEBIAN_FRONTEND', 'noninteractive'), ('PWD', '/ws/build/openarmx'), ('LC_ALL', 'C.UTF-8'), ('PYTHONPATH', '/ws/build/openarmx_teach:/ws/install/openarmx_teach/lib/python3.10/site-packages:/opt/ros/humble/lib/python3.10/site-packages:/opt/ros/humble/local/lib/python3.10/dist-packages'), ('COLCON', '1'), ('CMAKE_PREFIX_PATH', '/ws/install/openarmx_hardware:/ws/install/openarmx_description:/ws/install/openarmx_can:/ws/install/openarmx_bringup:/ws/install/openarmx_teleop_leader:/ws/install/openarmx_kp_kd_panel:/ws/install/openarmx:/ws/install/openarmx_gripper_panel:/ws/install/openarmx_bimanual_moveit_config:/ws/install/openarmx_teach:/opt/ros/humble')]), 'shell': False}
[0.312644] (openarmx) StdoutLine: {'line': b'-- Install configuration: ""\n'}
[0.312913] (openarmx) StdoutLine: {'line': b'-- Execute custom install script\n'}
[0.313031] (openarmx) StdoutLine: {'line': b'-- Up-to-date symlink: /ws/install/openarmx/share/ament_index/resource_index/package_run_dependencies/openarmx\n'}
[0.313124] (openarmx) StdoutLine: {'line': b'-- Up-to-date symlink: /ws/install/openarmx/share/ament_index/resource_index/parent_prefix_path/openarmx\n'}
[0.313217] (openarmx) StdoutLine: {'line': b'-- Up-to-date symlink: /ws/install/openarmx/share/openarmx/environment/ament_prefix_path.sh\n'}
[0.313296] (openarmx) StdoutLine: {'line': b'-- Up-to-date symlink: /ws/install/openarmx/share/openarmx/environment/ament_prefix_path.dsv\n'}
[0.313389] (openarmx) StdoutLine: {'line': b'-- Up-to-date symlink: /ws/install/openarmx/share/openarmx/environment/path.sh\n'}
[0.313465] (openarmx) StdoutLine: {'line': b'-- Up-to-date symlink: /ws/install/openarmx/share/openarmx/environment/path.dsv\n'}
[0.313541] (openarmx) StdoutLine: {'line': b'-- Up-to-date symlink: /ws/install/openarmx/share/openarmx/local_setup.bash\n'}
[0.313613] (openarmx) StdoutLine: {'line': b'-- Up-to-date symlink: /ws/install/openarmx/share/openarmx/local_setup.sh\n'}
[0.313684] (openarmx) StdoutLine: {'line': b'-- Up-to-date symlink: /ws/install/openarmx/share/openarmx/local_setup.zsh\n'}
[0.313754] (openarmx) StdoutLine: {'line': b'-- Up-to-date symlink: /ws/install/openarmx/share/openarmx/local_setup.dsv\n'}
[0.313813] (openarmx) StdoutLine: {'line': b'-- Symlinking: /ws/install/openarmx/share/openarmx/package.dsv\n'}
[0.318942] (openarmx) StdoutLine: {'line': b'-- Up-to-date symlink: /ws/install/openarmx/share/ament_index/resource_index/packages/openarmx\n'}
[0.319030] (openarmx) StdoutLine: {'line': b'-- Up-to-date symlink: /ws/install/openarmx/share/openarmx/cmake/openarmxConfig.cmake\n'}
[0.319107] (openarmx) StdoutLine: {'line': b'-- Up-to-date symlink: /ws/install/openarmx/share/openarmx/cmake/openarmxConfig-version.cmake\n'}
[0.319184] (openarmx) StdoutLine: {'line': b'-- Up-to-date symlink: /ws/install/openarmx/share/openarmx/package.xml\n'}
[0.320115] (openarmx) CommandEnded: {'returncode': 0}
[0.325832] (openarmx) JobEnded: {'identifier': 'openarmx', 'rc': 0}
[0.400162] (-) TimerEvent: {}
[0.409819] (openarmx_teach) StdoutLine: {'line': b'running develop\n'}
[0.456152] (openarmx_teach) StdoutLine: {'line': b'running egg_info\n'}
[0.456258] (openarmx_teach) StdoutLine: {'line': b'writing openarmx_teach.egg-info/PKG-INFO\n'}
[0.456386] (openarmx_teach) StdoutLine: {'line': b'writing dependency_links to openarmx_teach.egg-info/dependency_links.txt\n'}
[0.456484] (openarmx_teach) StdoutLine: {'line': b'writing entry points to openarmx_teach.egg-info/entry_points.txt\n'}
[0.456509] (openarmx_teach) StdoutLine: {'line': b'writing requirements to openarmx_teach.egg-info/requires.txt\n'}
[0.456531] (openarmx_teach) StdoutLine: {'line': b'writing top-level names to openarmx_teach.egg-info/top_level.txt\n'}
[0.457159] (openarmx_teach) StdoutLine: {'line': b"reading manifest file 'openarmx_teach.egg-info/SOURCES.txt'\n"}
[0.457487] (openarmx_teach) StdoutLine: {'line': b"writing manifest file 'openarmx_teach.egg-info/SOURCES.txt'\n"}
[0.458073] (openarmx_teach) StdoutLine: {'line': b'running build_ext\n'}
[0.458146] (openarmx_teach) StdoutLine: {'line': b'Creating /ws/install/openarmx_teach/lib/python3.10/site-packages/openarmx-teach.egg-link (link to .)\n'}
[0.458523] (openarmx_teach) StdoutLine: {'line': b'Installing play_joint_trajectory script to /ws/install/openarmx_teach/lib/openarmx_teach\n'}
[0.458596] (openarmx_teach) StdoutLine: {'line': b'Installing record_joint_states_always script to /ws/install/openarmx_teach/lib/openarmx_teach\n'}
[0.458635] (openarmx_teach) StdoutLine: {'line': b'Installing record_joint_states_stepbystep script to /ws/install/openarmx_teach/lib/openarmx_teach\n'}
[0.458706] (openarmx_teach) StdoutLine: {'line': b'\n'}
[0.458732] (openarmx_teach) StdoutLine: {'line': b'Installed /ws/build/openarmx_teach\n'}
[0.458770] (openarmx_teach) StdoutLine: {'line': b'running symlink_data\n'}
[0.470164] (openarmx_teach) CommandEnded: {'returncode': 0}
[0.473811] (openarmx_teach) JobEnded: {'identifier': 'openarmx_teach', 'rc': 0}
[0.474170] (-) EventReactorShutdown: {}
