[0.000000] (-) TimerEvent: {}
[0.000344] (openarmx_bringup) JobQueued: {'identifier': 'openarmx_bringup', 'dependencies': OrderedDict()}
[0.000410] (openarmx_can) JobQueued: {'identifier': 'openarmx_can', 'dependencies': OrderedDict()}
[0.000441] (openarmx_description) JobQueued: {'identifier': 'openarmx_description', 'dependencies': OrderedDict()}
[0.000487] (openarmx_gripper_panel) JobQueued: {'identifier': 'openarmx_gripper_panel', 'dependencies': OrderedDict()}
[0.000511] (openarmx_kp_kd_panel) JobQueued: {'identifier': 'openarmx_kp_kd_panel', 'dependencies': OrderedDict()}
[0.000529] (openarmx_teach) JobQueued: {'identifier': 'openarmx_teach', 'dependencies': OrderedDict()}
[0.000619] (openarmx_bimanual_moveit_config) JobQueued: {'identifier': 'openarmx_bimanual_moveit_config', 'dependencies': OrderedDict([('openarmx_description', '/ws/install/openarmx_description')])}
[0.000661] (openarmx_hardware) JobQueued: {'identifier': 'openarmx_hardware', 'dependencies': OrderedDict([('openarmx_can', '/ws/install/openarmx_can')])}
[0.000680] (openarmx_teleop_leader) JobQueued: {'identifier': 'openarmx_teleop_leader', 'dependencies': OrderedDict([('openarmx_can', '/ws/install/openarmx_can')])}
[0.000767] (openarmx) JobQueued: {'identifier': 'openarmx', 'dependencies': OrderedDict([('openarmx_bringup', '/ws/install/openarmx_bringup'), ('openarmx_can', '/ws/install/openarmx_can'), ('openarmx_description', '/ws/install/openarmx_description'), ('openarmx_hardware', '/ws/install/openarmx_hardware')])}
[0.000796] (openarmx_can) JobStarted: {'identifier': 'openarmx_can'}
[0.003936] (openarmx_description) JobStarted: {'identifier': 'openarmx_description'}
[0.005963] (openarmx_bringup) JobStarted: {'identifier': 'openarmx_bringup'}
[0.007431] (openarmx_gripper_panel) JobStarted: {'identifier': 'openarmx_gripper_panel'}
[0.009056] (openarmx_kp_kd_panel) JobStarted: {'identifier': 'openarmx_kp_kd_panel'}
[0.010683] (openarmx_teach) JobStarted: {'identifier': 'openarmx_teach'}
[0.014319] (openarmx_can) JobProgress: {'identifier': 'openarmx_can', 'progress': 'cmake'}
[0.014540] (openarmx_can) JobProgress: {'identifier': 'openarmx_can', 'progress': 'build'}
[0.014882] (openarmx_can) Command: {'cmd': ['/usr/bin/cmake', '--build', '/ws/build/openarmx_can', '--', '-j20', '-l20'], 'cwd': '/ws/build/openarmx_can', 'env': OrderedDict([('HOSTNAME', 'sajio-System-Product-Name'), ('SHLVL', '1'), ('LD_LIBRARY_PATH', '/ws/install/openarmx_kp_kd_panel/lib:/ws/install/openarmx_hardware/lib:/ws/install/openarmx_gripper_panel/lib:/ws/install/openarmx_can/lib:/opt/ros/humble/opt/rviz_ogre_vendor/lib:/opt/ros/humble/lib/x86_64-linux-gnu:/opt/ros/humble/lib'), ('HOME', '/root'), ('ROS_PYTHON_VERSION', '3'), ('COLCON_PREFIX_PATH', '/ws/install'), ('ROS_DISTRO', 'humble'), ('_', '/usr/bin/colcon'), ('ROS_VERSION', '2'), ('TERM', 'xterm'), ('ROS_LOCALHOST_ONLY', '0'), ('QT_X11_NO_MITSHM', '1'), ('PATH', '/opt/ros/humble/bin:/usr/local/sbin:/usr/local/bin:/usr/sbin:/usr/bin:/sbin:/bin'), ('DISPLAY', ':0'), ('LANG', 'C.UTF-8'), ('AMENT_PREFIX_PATH', '/ws/install/openarmx_teleop_leader:/ws/install/openarmx_teach:/ws/install/openarmx_kp_kd_panel:/ws/install/openarmx:/ws/install/openarmx_hardware:/ws/install/openarmx_gripper_panel:/ws/install/openarmx_bimanual_moveit_config:/ws/install/openarmx_description:/ws/install/openarmx_can:/ws/install/openarmx_bringup:/opt/ros/humble'), ('DEBIAN_FRONTEND', 'noninteractive'), ('PWD', '/ws/build/openarmx_can'), ('LC_ALL', 'C.UTF-8'), ('PYTHONPATH', '/ws/build/openarmx_teach:/ws/install/openarmx_teach/lib/python3.10/site-packages:/opt/ros/humble/lib/python3.10/site-packages:/opt/ros/humble/local/lib/python3.10/dist-packages'), ('COLCON', '1'), ('CMAKE_PREFIX_PATH', '/ws/install/openarmx_teleop_leader:/ws/install/openarmx_kp_kd_panel:/ws/install/openarmx:/ws/install/openarmx_hardware:/ws/install/openarmx_gripper_panel:/ws/install/openarmx_bimanual_moveit_config:/ws/install/openarmx_description:/ws/install/openarmx_can:/ws/install/openarmx_bringup:/ws/install/openarmx_teach:/opt/ros/humble')]), 'shell': False}
[0.016018] (openarmx_description) JobProgress: {'identifier': 'openarmx_description', 'progress': 'cmake'}
[0.016212] (openarmx_description) JobProgress: {'identifier': 'openarmx_description', 'progress': 'build'}
[0.016555] (openarmx_description) Command: {'cmd': ['/usr/bin/cmake', '--build', '/ws/build/openarmx_description', '--', '-j20', '-l20'], 'cwd': '/ws/build/openarmx_description', 'env': OrderedDict([('HOSTNAME', 'sajio-System-Product-Name'), ('SHLVL', '1'), ('LD_LIBRARY_PATH', '/ws/install/openarmx_kp_kd_panel/lib:/ws/install/openarmx_hardware/lib:/ws/install/openarmx_gripper_panel/lib:/ws/install/openarmx_can/lib:/opt/ros/humble/opt/rviz_ogre_vendor/lib:/opt/ros/humble/lib/x86_64-linux-gnu:/opt/ros/humble/lib'), ('HOME', '/root'), ('ROS_PYTHON_VERSION', '3'), ('COLCON_PREFIX_PATH', '/ws/install'), ('ROS_DISTRO', 'humble'), ('_', '/usr/bin/colcon'), ('ROS_VERSION', '2'), ('TERM', 'xterm'), ('ROS_LOCALHOST_ONLY', '0'), ('QT_X11_NO_MITSHM', '1'), ('PATH', '/opt/ros/humble/bin:/usr/local/sbin:/usr/local/bin:/usr/sbin:/usr/bin:/sbin:/bin'), ('DISPLAY', ':0'), ('LANG', 'C.UTF-8'), ('AMENT_PREFIX_PATH', '/ws/install/openarmx_teleop_leader:/ws/install/openarmx_teach:/ws/install/openarmx_kp_kd_panel:/ws/install/openarmx:/ws/install/openarmx_hardware:/ws/install/openarmx_gripper_panel:/ws/install/openarmx_bimanual_moveit_config:/ws/install/openarmx_description:/ws/install/openarmx_can:/ws/install/openarmx_bringup:/opt/ros/humble'), ('DEBIAN_FRONTEND', 'noninteractive'), ('PWD', '/ws/build/openarmx_description'), ('LC_ALL', 'C.UTF-8'), ('PYTHONPATH', '/ws/build/openarmx_teach:/ws/install/openarmx_teach/lib/python3.10/site-packages:/opt/ros/humble/lib/python3.10/site-packages:/opt/ros/humble/local/lib/python3.10/dist-packages'), ('COLCON', '1'), ('CMAKE_PREFIX_PATH', '/ws/install/openarmx_teleop_leader:/ws/install/openarmx_kp_kd_panel:/ws/install/openarmx:/ws/install/openarmx_hardware:/ws/install/openarmx_gripper_panel:/ws/install/openarmx_bimanual_moveit_config:/ws/install/openarmx_description:/ws/install/openarmx_can:/ws/install/openarmx_bringup:/ws/install/openarmx_teach:/opt/ros/humble')]), 'shell': False}
[0.017216] (openarmx_bringup) JobProgress: {'identifier': 'openarmx_bringup', 'progress': 'cmake'}
[0.017616] (openarmx_bringup) JobProgress: {'identifier': 'openarmx_bringup', 'progress': 'build'}
[0.017657] (openarmx_bringup) Command: {'cmd': ['/usr/bin/cmake', '--build', '/ws/build/openarmx_bringup', '--', '-j20', '-l20'], 'cwd': '/ws/build/openarmx_bringup', 'env': OrderedDict([('HOSTNAME', 'sajio-System-Product-Name'), ('SHLVL', '1'), ('LD_LIBRARY_PATH', '/ws/install/openarmx_kp_kd_panel/lib:/ws/install/openarmx_hardware/lib:/ws/install/openarmx_gripper_panel/lib:/ws/install/openarmx_can/lib:/opt/ros/humble/opt/rviz_ogre_vendor/lib:/opt/ros/humble/lib/x86_64-linux-gnu:/opt/ros/humble/lib'), ('HOME', '/root'), ('ROS_PYTHON_VERSION', '3'), ('COLCON_PREFIX_PATH', '/ws/install'), ('ROS_DISTRO', 'humble'), ('_', '/usr/bin/colcon'), ('ROS_VERSION', '2'), ('TERM', 'xterm'), ('ROS_LOCALHOST_ONLY', '0'), ('QT_X11_NO_MITSHM', '1'), ('PATH', '/opt/ros/humble/bin:/usr/local/sbin:/usr/local/bin:/usr/sbin:/usr/bin:/sbin:/bin'), ('DISPLAY', ':0'), ('LANG', 'C.UTF-8'), ('AMENT_PREFIX_PATH', '/ws/install/openarmx_teleop_leader:/ws/install/openarmx_teach:/ws/install/openarmx_kp_kd_panel:/ws/install/openarmx:/ws/install/openarmx_hardware:/ws/install/openarmx_gripper_panel:/ws/install/openarmx_bimanual_moveit_config:/ws/install/openarmx_description:/ws/install/openarmx_can:/ws/install/openarmx_bringup:/opt/ros/humble'), ('DEBIAN_FRONTEND', 'noninteractive'), ('PWD', '/ws/build/openarmx_bringup'), ('LC_ALL', 'C.UTF-8'), ('PYTHONPATH', '/ws/build/openarmx_teach:/ws/install/openarmx_teach/lib/python3.10/site-packages:/opt/ros/humble/lib/python3.10/site-packages:/opt/ros/humble/local/lib/python3.10/dist-packages'), ('COLCON', '1'), ('CMAKE_PREFIX_PATH', '/ws/install/openarmx_teleop_leader:/ws/install/openarmx_kp_kd_panel:/ws/install/openarmx:/ws/install/openarmx_hardware:/ws/install/openarmx_gripper_panel:/ws/install/openarmx_bimanual_moveit_config:/ws/install/openarmx_description:/ws/install/openarmx_can:/ws/install/openarmx_bringup:/ws/install/openarmx_teach:/opt/ros/humble')]), 'shell': False}
[0.018136] (openarmx_gripper_panel) JobProgress: {'identifier': 'openarmx_gripper_panel', 'progress': 'cmake'}
[0.018234] (openarmx_gripper_panel) JobProgress: {'identifier': 'openarmx_gripper_panel', 'progress': 'build'}
[0.018421] (openarmx_gripper_panel) Command: {'cmd': ['/usr/bin/cmake', '--build', '/ws/build/openarmx_gripper_panel', '--', '-j20', '-l20'], 'cwd': '/ws/build/openarmx_gripper_panel', 'env': OrderedDict([('HOSTNAME', 'sajio-System-Product-Name'), ('SHLVL', '1'), ('LD_LIBRARY_PATH', '/ws/install/openarmx_kp_kd_panel/lib:/ws/install/openarmx_hardware/lib:/ws/install/openarmx_gripper_panel/lib:/ws/install/openarmx_can/lib:/opt/ros/humble/opt/rviz_ogre_vendor/lib:/opt/ros/humble/lib/x86_64-linux-gnu:/opt/ros/humble/lib'), ('HOME', '/root'), ('ROS_PYTHON_VERSION', '3'), ('COLCON_PREFIX_PATH', '/ws/install'), ('ROS_DISTRO', 'humble'), ('_', '/usr/bin/colcon'), ('ROS_VERSION', '2'), ('TERM', 'xterm'), ('ROS_LOCALHOST_ONLY', '0'), ('QT_X11_NO_MITSHM', '1'), ('PATH', '/opt/ros/humble/bin:/usr/local/sbin:/usr/local/bin:/usr/sbin:/usr/bin:/sbin:/bin'), ('DISPLAY', ':0'), ('LANG', 'C.UTF-8'), ('AMENT_PREFIX_PATH', '/ws/install/openarmx_teleop_leader:/ws/install/openarmx_teach:/ws/install/openarmx_kp_kd_panel:/ws/install/openarmx:/ws/install/openarmx_hardware:/ws/install/openarmx_gripper_panel:/ws/install/openarmx_bimanual_moveit_config:/ws/install/openarmx_description:/ws/install/openarmx_can:/ws/install/openarmx_bringup:/opt/ros/humble'), ('DEBIAN_FRONTEND', 'noninteractive'), ('PWD', '/ws/build/openarmx_gripper_panel'), ('LC_ALL', 'C.UTF-8'), ('PYTHONPATH', '/ws/build/openarmx_teach:/ws/install/openarmx_teach/lib/python3.10/site-packages:/opt/ros/humble/lib/python3.10/site-packages:/opt/ros/humble/local/lib/python3.10/dist-packages'), ('COLCON', '1'), ('CMAKE_PREFIX_PATH', '/ws/install/openarmx_teleop_leader:/ws/install/openarmx_kp_kd_panel:/ws/install/openarmx:/ws/install/openarmx_hardware:/ws/install/openarmx_gripper_panel:/ws/install/openarmx_bimanual_moveit_config:/ws/install/openarmx_description:/ws/install/openarmx_can:/ws/install/openarmx_bringup:/ws/install/openarmx_teach:/opt/ros/humble')]), 'shell': False}
[0.018914] (openarmx_kp_kd_panel) JobProgress: {'identifier': 'openarmx_kp_kd_panel', 'progress': 'cmake'}
[0.019169] (openarmx_kp_kd_panel) JobProgress: {'identifier': 'openarmx_kp_kd_panel', 'progress': 'build'}
[0.019347] (openarmx_kp_kd_panel) Command: {'cmd': ['/usr/bin/cmake', '--build', '/ws/build/openarmx_kp_kd_panel', '--', '-j20', '-l20'], 'cwd': '/ws/build/openarmx_kp_kd_panel', 'env': OrderedDict([('HOSTNAME', 'sajio-System-Product-Name'), ('SHLVL', '1'), ('LD_LIBRARY_PATH', '/ws/install/openarmx_kp_kd_panel/lib:/ws/install/openarmx_hardware/lib:/ws/install/openarmx_gripper_panel/lib:/ws/install/openarmx_can/lib:/opt/ros/humble/opt/rviz_ogre_vendor/lib:/opt/ros/humble/lib/x86_64-linux-gnu:/opt/ros/humble/lib'), ('HOME', '/root'), ('ROS_PYTHON_VERSION', '3'), ('COLCON_PREFIX_PATH', '/ws/install'), ('ROS_DISTRO', 'humble'), ('_', '/usr/bin/colcon'), ('ROS_VERSION', '2'), ('TERM', 'xterm'), ('ROS_LOCALHOST_ONLY', '0'), ('QT_X11_NO_MITSHM', '1'), ('PATH', '/opt/ros/humble/bin:/usr/local/sbin:/usr/local/bin:/usr/sbin:/usr/bin:/sbin:/bin'), ('DISPLAY', ':0'), ('LANG', 'C.UTF-8'), ('AMENT_PREFIX_PATH', '/ws/install/openarmx_teleop_leader:/ws/install/openarmx_teach:/ws/install/openarmx_kp_kd_panel:/ws/install/openarmx:/ws/install/openarmx_hardware:/ws/install/openarmx_gripper_panel:/ws/install/openarmx_bimanual_moveit_config:/ws/install/openarmx_description:/ws/install/openarmx_can:/ws/install/openarmx_bringup:/opt/ros/humble'), ('DEBIAN_FRONTEND', 'noninteractive'), ('PWD', '/ws/build/openarmx_kp_kd_panel'), ('LC_ALL', 'C.UTF-8'), ('PYTHONPATH', '/ws/build/openarmx_teach:/ws/install/openarmx_teach/lib/python3.10/site-packages:/opt/ros/humble/lib/python3.10/site-packages:/opt/ros/humble/local/lib/python3.10/dist-packages'), ('COLCON', '1'), ('CMAKE_PREFIX_PATH', '/ws/install/openarmx_teleop_leader:/ws/install/openarmx_kp_kd_panel:/ws/install/openarmx:/ws/install/openarmx_hardware:/ws/install/openarmx_gripper_panel:/ws/install/openarmx_bimanual_moveit_config:/ws/install/openarmx_description:/ws/install/openarmx_can:/ws/install/openarmx_bringup:/ws/install/openarmx_teach:/opt/ros/humble')]), 'shell': False}
[0.046190] (openarmx_can) StdoutLine: {'line': b'[ 50%] Built target openarmx_can\n'}
[0.049596] (openarmx_gripper_panel) StdoutLine: {'line': b'[ 25%] \x1b[34m\x1b[1mAutomatic MOC for target openarmx_gripper_panel\x1b[0m\n'}
[0.051355] (openarmx_kp_kd_panel) StdoutLine: {'line': b'[ 25%] \x1b[34m\x1b[1mAutomatic MOC and UIC for target openarmx_kp_kd_panel\x1b[0m\n'}
[0.057371] (openarmx_can) StdoutLine: {'line': b'[ 60%] Built target robstride-demo-full\n'}
[0.058733] (openarmx_can) StdoutLine: {'line': b'[ 70%] Built target robstride-demo-gripper\n'}
[0.058880] (openarmx_can) StdoutLine: {'line': b'[ 80%] Built target motor-check\n'}
[0.058961] (openarmx_can) StdoutLine: {'line': b'[ 90%] Built target robstride-demo\n'}
[0.059665] (openarmx_can) StdoutLine: {'line': b'[100%] Built target python-style-test\n'}
[0.061461] (openarmx_gripper_panel) StdoutLine: {'line': b'[ 25%] Built target openarmx_gripper_panel_autogen\n'}
[0.063607] (openarmx_kp_kd_panel) StdoutLine: {'line': b'[ 25%] Built target openarmx_kp_kd_panel_autogen\n'}
[0.080419] (openarmx_gripper_panel) StdoutLine: {'line': b'[100%] Built target openarmx_gripper_panel\n'}
[0.082064] (openarmx_kp_kd_panel) StdoutLine: {'line': b'[100%] Built target openarmx_kp_kd_panel\n'}
[0.099879] (-) TimerEvent: {}
[0.144024] (openarmx_description) CommandEnded: {'returncode': 0}
[0.144384] (openarmx_description) JobProgress: {'identifier': 'openarmx_description', 'progress': 'install'}
[0.148666] (openarmx_description) Command: {'cmd': ['/usr/bin/cmake', '--install', '/ws/build/openarmx_description'], 'cwd': '/ws/build/openarmx_description', 'env': OrderedDict([('HOSTNAME', 'sajio-System-Product-Name'), ('SHLVL', '1'), ('LD_LIBRARY_PATH', '/ws/install/openarmx_kp_kd_panel/lib:/ws/install/openarmx_hardware/lib:/ws/install/openarmx_gripper_panel/lib:/ws/install/openarmx_can/lib:/opt/ros/humble/opt/rviz_ogre_vendor/lib:/opt/ros/humble/lib/x86_64-linux-gnu:/opt/ros/humble/lib'), ('HOME', '/root'), ('ROS_PYTHON_VERSION', '3'), ('COLCON_PREFIX_PATH', '/ws/install'), ('ROS_DISTRO', 'humble'), ('_', '/usr/bin/colcon'), ('ROS_VERSION', '2'), ('TERM', 'xterm'), ('ROS_LOCALHOST_ONLY', '0'), ('QT_X11_NO_MITSHM', '1'), ('PATH', '/opt/ros/humble/bin:/usr/local/sbin:/usr/local/bin:/usr/sbin:/usr/bin:/sbin:/bin'), ('DISPLAY', ':0'), ('LANG', 'C.UTF-8'), ('AMENT_PREFIX_PATH', '/ws/install/openarmx_teleop_leader:/ws/install/openarmx_teach:/ws/install/openarmx_kp_kd_panel:/ws/install/openarmx:/ws/install/openarmx_hardware:/ws/install/openarmx_gripper_panel:/ws/install/openarmx_bimanual_moveit_config:/ws/install/openarmx_description:/ws/install/openarmx_can:/ws/install/openarmx_bringup:/opt/ros/humble'), ('DEBIAN_FRONTEND', 'noninteractive'), ('PWD', '/ws/build/openarmx_description'), ('LC_ALL', 'C.UTF-8'), ('PYTHONPATH', '/ws/build/openarmx_teach:/ws/install/openarmx_teach/lib/python3.10/site-packages:/opt/ros/humble/lib/python3.10/site-packages:/opt/ros/humble/local/lib/python3.10/dist-packages'), ('COLCON', '1'), ('CMAKE_PREFIX_PATH', '/ws/install/openarmx_teleop_leader:/ws/install/openarmx_kp_kd_panel:/ws/install/openarmx:/ws/install/openarmx_hardware:/ws/install/openarmx_gripper_panel:/ws/install/openarmx_bimanual_moveit_config:/ws/install/openarmx_description:/ws/install/openarmx_can:/ws/install/openarmx_bringup:/ws/install/openarmx_teach:/opt/ros/humble')]), 'shell': False}
[0.149229] (openarmx_bringup) CommandEnded: {'returncode': 0}
[0.149420] (openarmx_bringup) JobProgress: {'identifier': 'openarmx_bringup', 'progress': 'install'}
[0.149534] (openarmx_bringup) Command: {'cmd': ['/usr/bin/cmake', '--install', '/ws/build/openarmx_bringup'], 'cwd': '/ws/build/openarmx_bringup', 'env': OrderedDict([('HOSTNAME', 'sajio-System-Product-Name'), ('SHLVL', '1'), ('LD_LIBRARY_PATH', '/ws/install/openarmx_kp_kd_panel/lib:/ws/install/openarmx_hardware/lib:/ws/install/openarmx_gripper_panel/lib:/ws/install/openarmx_can/lib:/opt/ros/humble/opt/rviz_ogre_vendor/lib:/opt/ros/humble/lib/x86_64-linux-gnu:/opt/ros/humble/lib'), ('HOME', '/root'), ('ROS_PYTHON_VERSION', '3'), ('COLCON_PREFIX_PATH', '/ws/install'), ('ROS_DISTRO', 'humble'), ('_', '/usr/bin/colcon'), ('ROS_VERSION', '2'), ('TERM', 'xterm'), ('ROS_LOCALHOST_ONLY', '0'), ('QT_X11_NO_MITSHM', '1'), ('PATH', '/opt/ros/humble/bin:/usr/local/sbin:/usr/local/bin:/usr/sbin:/usr/bin:/sbin:/bin'), ('DISPLAY', ':0'), ('LANG', 'C.UTF-8'), ('AMENT_PREFIX_PATH', '/ws/install/openarmx_teleop_leader:/ws/install/openarmx_teach:/ws/install/openarmx_kp_kd_panel:/ws/install/openarmx:/ws/install/openarmx_hardware:/ws/install/openarmx_gripper_panel:/ws/install/openarmx_bimanual_moveit_config:/ws/install/openarmx_description:/ws/install/openarmx_can:/ws/install/openarmx_bringup:/opt/ros/humble'), ('DEBIAN_FRONTEND', 'noninteractive'), ('PWD', '/ws/build/openarmx_bringup'), ('LC_ALL', 'C.UTF-8'), ('PYTHONPATH', '/ws/build/openarmx_teach:/ws/install/openarmx_teach/lib/python3.10/site-packages:/opt/ros/humble/lib/python3.10/site-packages:/opt/ros/humble/local/lib/python3.10/dist-packages'), ('COLCON', '1'), ('CMAKE_PREFIX_PATH', '/ws/install/openarmx_teleop_leader:/ws/install/openarmx_kp_kd_panel:/ws/install/openarmx:/ws/install/openarmx_hardware:/ws/install/openarmx_gripper_panel:/ws/install/openarmx_bimanual_moveit_config:/ws/install/openarmx_description:/ws/install/openarmx_can:/ws/install/openarmx_bringup:/ws/install/openarmx_teach:/opt/ros/humble')]), 'shell': False}
[0.149997] (openarmx_can) CommandEnded: {'returncode': 0}
[0.150195] (openarmx_can) JobProgress: {'identifier': 'openarmx_can', 'progress': 'install'}
[0.150323] (openarmx_can) Command: {'cmd': ['/usr/bin/cmake', '--install', '/ws/build/openarmx_can'], 'cwd': '/ws/build/openarmx_can', 'env': OrderedDict([('HOSTNAME', 'sajio-System-Product-Name'), ('SHLVL', '1'), ('LD_LIBRARY_PATH', '/ws/install/openarmx_kp_kd_panel/lib:/ws/install/openarmx_hardware/lib:/ws/install/openarmx_gripper_panel/lib:/ws/install/openarmx_can/lib:/opt/ros/humble/opt/rviz_ogre_vendor/lib:/opt/ros/humble/lib/x86_64-linux-gnu:/opt/ros/humble/lib'), ('HOME', '/root'), ('ROS_PYTHON_VERSION', '3'), ('COLCON_PREFIX_PATH', '/ws/install'), ('ROS_DISTRO', 'humble'), ('_', '/usr/bin/colcon'), ('ROS_VERSION', '2'), ('TERM', 'xterm'), ('ROS_LOCALHOST_ONLY', '0'), ('QT_X11_NO_MITSHM', '1'), ('PATH', '/opt/ros/humble/bin:/usr/local/sbin:/usr/local/bin:/usr/sbin:/usr/bin:/sbin:/bin'), ('DISPLAY', ':0'), ('LANG', 'C.UTF-8'), ('AMENT_PREFIX_PATH', '/ws/install/openarmx_teleop_leader:/ws/install/openarmx_teach:/ws/install/openarmx_kp_kd_panel:/ws/install/openarmx:/ws/install/openarmx_hardware:/ws/install/openarmx_gripper_panel:/ws/install/openarmx_bimanual_moveit_config:/ws/install/openarmx_description:/ws/install/openarmx_can:/ws/install/openarmx_bringup:/opt/ros/humble'), ('DEBIAN_FRONTEND', 'noninteractive'), ('PWD', '/ws/build/openarmx_can'), ('LC_ALL', 'C.UTF-8'), ('PYTHONPATH', '/ws/build/openarmx_teach:/ws/install/openarmx_teach/lib/python3.10/site-packages:/opt/ros/humble/lib/python3.10/site-packages:/opt/ros/humble/local/lib/python3.10/dist-packages'), ('COLCON', '1'), ('CMAKE_PREFIX_PATH', '/ws/install/openarmx_teleop_leader:/ws/install/openarmx_kp_kd_panel:/ws/install/openarmx:/ws/install/openarmx_hardware:/ws/install/openarmx_gripper_panel:/ws/install/openarmx_bimanual_moveit_config:/ws/install/openarmx_description:/ws/install/openarmx_can:/ws/install/openarmx_bringup:/ws/install/openarmx_teach:/opt/ros/humble')]), 'shell': False}
[0.150678] (openarmx_gripper_panel) CommandEnded: {'returncode': 0}
[0.150832] (openarmx_gripper_panel) JobProgress: {'identifier': 'openarmx_gripper_panel', 'progress': 'install'}
[0.151016] (openarmx_gripper_panel) Command: {'cmd': ['/usr/bin/cmake', '--install', '/ws/build/openarmx_gripper_panel'], 'cwd': '/ws/build/openarmx_gripper_panel', 'env': OrderedDict([('HOSTNAME', 'sajio-System-Product-Name'), ('SHLVL', '1'), ('LD_LIBRARY_PATH', '/ws/install/openarmx_kp_kd_panel/lib:/ws/install/openarmx_hardware/lib:/ws/install/openarmx_gripper_panel/lib:/ws/install/openarmx_can/lib:/opt/ros/humble/opt/rviz_ogre_vendor/lib:/opt/ros/humble/lib/x86_64-linux-gnu:/opt/ros/humble/lib'), ('HOME', '/root'), ('ROS_PYTHON_VERSION', '3'), ('COLCON_PREFIX_PATH', '/ws/install'), ('ROS_DISTRO', 'humble'), ('_', '/usr/bin/colcon'), ('ROS_VERSION', '2'), ('TERM', 'xterm'), ('ROS_LOCALHOST_ONLY', '0'), ('QT_X11_NO_MITSHM', '1'), ('PATH', '/opt/ros/humble/bin:/usr/local/sbin:/usr/local/bin:/usr/sbin:/usr/bin:/sbin:/bin'), ('DISPLAY', ':0'), ('LANG', 'C.UTF-8'), ('AMENT_PREFIX_PATH', '/ws/install/openarmx_teleop_leader:/ws/install/openarmx_teach:/ws/install/openarmx_kp_kd_panel:/ws/install/openarmx:/ws/install/openarmx_hardware:/ws/install/openarmx_gripper_panel:/ws/install/openarmx_bimanual_moveit_config:/ws/install/openarmx_description:/ws/install/openarmx_can:/ws/install/openarmx_bringup:/opt/ros/humble'), ('DEBIAN_FRONTEND', 'noninteractive'), ('PWD', '/ws/build/openarmx_gripper_panel'), ('LC_ALL', 'C.UTF-8'), ('PYTHONPATH', '/ws/build/openarmx_teach:/ws/install/openarmx_teach/lib/python3.10/site-packages:/opt/ros/humble/lib/python3.10/site-packages:/opt/ros/humble/local/lib/python3.10/dist-packages'), ('COLCON', '1'), ('CMAKE_PREFIX_PATH', '/ws/install/openarmx_teleop_leader:/ws/install/openarmx_kp_kd_panel:/ws/install/openarmx:/ws/install/openarmx_hardware:/ws/install/openarmx_gripper_panel:/ws/install/openarmx_bimanual_moveit_config:/ws/install/openarmx_description:/ws/install/openarmx_can:/ws/install/openarmx_bringup:/ws/install/openarmx_teach:/opt/ros/humble')]), 'shell': False}
[0.151463] (openarmx_kp_kd_panel) CommandEnded: {'returncode': 0}
[0.151625] (openarmx_kp_kd_panel) JobProgress: {'identifier': 'openarmx_kp_kd_panel', 'progress': 'install'}
[0.151798] (openarmx_kp_kd_panel) Command: {'cmd': ['/usr/bin/cmake', '--install', '/ws/build/openarmx_kp_kd_panel'], 'cwd': '/ws/build/openarmx_kp_kd_panel', 'env': OrderedDict([('HOSTNAME', 'sajio-System-Product-Name'), ('SHLVL', '1'), ('LD_LIBRARY_PATH', '/ws/install/openarmx_kp_kd_panel/lib:/ws/install/openarmx_hardware/lib:/ws/install/openarmx_gripper_panel/lib:/ws/install/openarmx_can/lib:/opt/ros/humble/opt/rviz_ogre_vendor/lib:/opt/ros/humble/lib/x86_64-linux-gnu:/opt/ros/humble/lib'), ('HOME', '/root'), ('ROS_PYTHON_VERSION', '3'), ('COLCON_PREFIX_PATH', '/ws/install'), ('ROS_DISTRO', 'humble'), ('_', '/usr/bin/colcon'), ('ROS_VERSION', '2'), ('TERM', 'xterm'), ('ROS_LOCALHOST_ONLY', '0'), ('QT_X11_NO_MITSHM', '1'), ('PATH', '/opt/ros/humble/bin:/usr/local/sbin:/usr/local/bin:/usr/sbin:/usr/bin:/sbin:/bin'), ('DISPLAY', ':0'), ('LANG', 'C.UTF-8'), ('AMENT_PREFIX_PATH', '/ws/install/openarmx_teleop_leader:/ws/install/openarmx_teach:/ws/install/openarmx_kp_kd_panel:/ws/install/openarmx:/ws/install/openarmx_hardware:/ws/install/openarmx_gripper_panel:/ws/install/openarmx_bimanual_moveit_config:/ws/install/openarmx_description:/ws/install/openarmx_can:/ws/install/openarmx_bringup:/opt/ros/humble'), ('DEBIAN_FRONTEND', 'noninteractive'), ('PWD', '/ws/build/openarmx_kp_kd_panel'), ('LC_ALL', 'C.UTF-8'), ('PYTHONPATH', '/ws/build/openarmx_teach:/ws/install/openarmx_teach/lib/python3.10/site-packages:/opt/ros/humble/lib/python3.10/site-packages:/opt/ros/humble/local/lib/python3.10/dist-packages'), ('COLCON', '1'), ('CMAKE_PREFIX_PATH', '/ws/install/openarmx_teleop_leader:/ws/install/openarmx_kp_kd_panel:/ws/install/openarmx:/ws/install/openarmx_hardware:/ws/install/openarmx_gripper_panel:/ws/install/openarmx_bimanual_moveit_config:/ws/install/openarmx_description:/ws/install/openarmx_can:/ws/install/openarmx_bringup:/ws/install/openarmx_teach:/opt/ros/humble')]), 'shell': False}
[0.154672] (openarmx_description) StdoutLine: {'line': b'-- Install configuration: ""\n'}
[0.154854] (openarmx_kp_kd_panel) StdoutLine: {'line': b'-- Install configuration: ""\n'}
[0.154973] (openarmx_bringup) StdoutLine: {'line': b'-- Install configuration: ""\n'}
[0.155051] (openarmx_description) StdoutLine: {'line': b'-- Execute custom install script\n'}
[0.155107] (openarmx_kp_kd_panel) StdoutLine: {'line': b'-- Execute custom install script\n'}
[0.155200] (openarmx_kp_kd_panel) StdoutLine: {'line': b'-- Up-to-date symlink: /ws/install/openarmx_kp_kd_panel/share/openarmx_kp_kd_panel//plugin_description.xml\n'}
[0.155310] (openarmx_kp_kd_panel) StdoutLine: {'line': b'-- Up-to-date symlink: /ws/install/openarmx_kp_kd_panel/lib/libopenarmx_kp_kd_panel.so\n'}
[0.155350] (openarmx_description) StdoutLine: {'line': b'-- Up-to-date symlink: /ws/install/openarmx_description/share/openarmx_description/launch/display_openarmx.launch.py\n'}
[0.155407] (openarmx_bringup) StdoutLine: {'line': b'-- Execute custom install script\n'}
[0.155444] (openarmx_kp_kd_panel) StdoutLine: {'line': b'-- Up-to-date symlink: /ws/install/openarmx_kp_kd_panel/include/openarmx_kp_kd_panel/kp_kd_panel.hpp\n'}
[0.155489] (openarmx_can) StdoutLine: {'line': b'-- Install configuration: ""\n'}
[0.155532] (openarmx_kp_kd_panel) StdoutLine: {'line': b'-- Up-to-date symlink: /ws/install/openarmx_kp_kd_panel/share/openarmx_kp_kd_panel/plugin_description.xml\n'}
[0.155573] (openarmx_kp_kd_panel) StdoutLine: {'line': b'-- Up-to-date symlink: /ws/install/openarmx_kp_kd_panel/share/openarmx_kp_kd_panel/environment/library_path.sh\n'}
[0.155627] (openarmx_kp_kd_panel) StdoutLine: {'line': b'-- Up-to-date symlink: /ws/install/openarmx_kp_kd_panel/share/openarmx_kp_kd_panel/environment/library_path.dsv\n'}
[0.155689] (openarmx_kp_kd_panel) StdoutLine: {'line': b'-- Up-to-date symlink: /ws/install/openarmx_kp_kd_panel/share/ament_index/resource_index/package_run_dependencies/openarmx_kp_kd_panel\n'}
[0.155723] (openarmx_bringup) StdoutLine: {'line': b'-- Up-to-date symlink: /ws/install/openarmx_bringup/share/openarmx_bringup/launch/openarm.bimanual.launch.py\n'}
[0.155764] (openarmx_kp_kd_panel) StdoutLine: {'line': b'-- Up-to-date symlink: /ws/install/openarmx_kp_kd_panel/share/ament_index/resource_index/parent_prefix_path/openarmx_kp_kd_panel\n'}
[0.155818] (openarmx_kp_kd_panel) StdoutLine: {'line': b'-- Up-to-date symlink: /ws/install/openarmx_kp_kd_panel/share/openarmx_kp_kd_panel/environment/ament_prefix_path.sh\n'}
[0.155846] (openarmx_description) StdoutLine: {'line': b'-- Up-to-date symlink: /ws/install/openarmx_description/share/openarmx_description/meshes/arm/v10/collision/link0_symp.stl\n'}
[0.155895] (openarmx_kp_kd_panel) StdoutLine: {'line': b'-- Up-to-date symlink: /ws/install/openarmx_kp_kd_panel/share/openarmx_kp_kd_panel/environment/ament_prefix_path.dsv\n'}
[0.155920] (openarmx_can) StdoutLine: {'line': b'-- Execute custom install script\n'}
[0.155982] (openarmx_gripper_panel) StdoutLine: {'line': b'-- Install configuration: ""\n'}
[0.156033] (openarmx_description) StdoutLine: {'line': b'-- Up-to-date symlink: /ws/install/openarmx_description/share/openarmx_description/meshes/arm/v10/collision/link1_symp.stl\n'}
[0.156058] (openarmx_bringup) StdoutLine: {'line': b'-- Up-to-date symlink: /ws/install/openarmx_bringup/share/openarmx_bringup/config/v10_controllers/openarm_v10_bimanual_controllers.yaml\n'}
[0.156082] (openarmx_description) StdoutLine: {'line': b'-- Up-to-date symlink: /ws/install/openarmx_description/share/openarmx_description/meshes/arm/v10/collision/link2_symp.stl\n'}
[0.156106] (openarmx_bringup) StdoutLine: {'line': b'-- Up-to-date symlink: /ws/install/openarmx_bringup/share/openarmx_bringup/config/v10_controllers/openarm_v10_bimanual_controllers_namespaced.yaml\n'}
[0.156130] (openarmx_kp_kd_panel) StdoutLine: {'line': b'-- Up-to-date symlink: /ws/install/openarmx_kp_kd_panel/share/openarmx_kp_kd_panel/environment/path.sh\n'}
[0.156221] (openarmx_kp_kd_panel) StdoutLine: {'line': b'-- Up-to-date symlink: /ws/install/openarmx_kp_kd_panel/share/openarmx_kp_kd_panel/environment/path.dsv\n'}
[0.156249] (openarmx_kp_kd_panel) StdoutLine: {'line': b'-- Up-to-date symlink: /ws/install/openarmx_kp_kd_panel/share/openarmx_kp_kd_panel/local_setup.bash\n'}
[0.156273] (openarmx_kp_kd_panel) StdoutLine: {'line': b'-- Up-to-date symlink: /ws/install/openarmx_kp_kd_panel/share/openarmx_kp_kd_panel/local_setup.sh\n'}
[0.156317] (openarmx_kp_kd_panel) StdoutLine: {'line': b'-- Up-to-date symlink: /ws/install/openarmx_kp_kd_panel/share/openarmx_kp_kd_panel/local_setup.zsh\n'}
[0.156339] (openarmx_kp_kd_panel) StdoutLine: {'line': b'-- Up-to-date symlink: /ws/install/openarmx_kp_kd_panel/share/openarmx_kp_kd_panel/local_setup.dsv\n'}
[0.156386] (openarmx_kp_kd_panel) StdoutLine: {'line': b'-- Symlinking: /ws/install/openarmx_kp_kd_panel/share/openarmx_kp_kd_panel/package.dsv\n'}
[0.156410] (openarmx_can) StdoutLine: {'line': b'-- Up-to-date symlink: /ws/install/openarmx_can/lib/cmake/OpenArmCANOpenArmXCom/OpenArmXCANConfig.cmake\n'}
[0.156440] (openarmx_bringup) StdoutLine: {'line': b'-- Up-to-date symlink: /ws/install/openarmx_bringup/share/openarmx_bringup/config/v10_controllers/openarm_v10_controllers.yaml\n'}
[0.156465] (openarmx_bringup) StdoutLine: {'line': b'-- Up-to-date symlink: /ws/install/openarmx_bringup/share/ament_index/resource_index/package_run_dependencies/openarmx_bringup\n'}
[0.156486] (openarmx_description) StdoutLine: {'line': b'-- Up-to-date symlink: /ws/install/openarmx_description/share/openarmx_description/meshes/arm/v10/collision/link3_symp.stl\n'}
[0.156530] (openarmx_description) StdoutLine: {'line': b'-- Up-to-date symlink: /ws/install/openarmx_description/share/openarmx_description/meshes/arm/v10/collision/link4_symp.stl\n'}
[0.156553] (openarmx_description) StdoutLine: {'line': b'-- Up-to-date symlink: /ws/install/openarmx_description/share/openarmx_description/meshes/arm/v10/collision/link5_symp.stl\n'}
[0.156575] (openarmx_can) StdoutLine: {'line': b'-- Up-to-date symlink: /ws/install/openarmx_can/lib/cmake/OpenArmCANOpenArmXCom/OpenArmXCANVersion.cmake\n'}
[0.156598] (openarmx_can) StdoutLine: {'line': b'-- Up-to-date symlink: /ws/install/openarmx_can/lib/pkgconfig/openarmx-can.pc\n'}
[0.156620] (openarmx_bringup) StdoutLine: {'line': b'-- Up-to-date symlink: /ws/install/openarmx_bringup/share/ament_index/resource_index/parent_prefix_path/openarmx_bringup\n'}
[0.156709] (openarmx_description) StdoutLine: {'line': b'-- Up-to-date symlink: /ws/install/openarmx_description/share/openarmx_description/meshes/arm/v10/collision/link6_symp.stl\n'}
[0.156736] (openarmx_description) StdoutLine: {'line': b'-- Up-to-date symlink: /ws/install/openarmx_description/share/openarmx_description/meshes/arm/v10/collision/link7_symp.stl\n'}
[0.156760] (openarmx_bringup) StdoutLine: {'line': b'-- Up-to-date symlink: /ws/install/openarmx_bringup/share/openarmx_bringup/environment/ament_prefix_path.sh\n'}
[0.156783] (openarmx_description) StdoutLine: {'line': b'-- Up-to-date symlink: /ws/install/openarmx_description/share/openarmx_description/meshes/arm/v10/visual/link0.dae\n'}
[0.156806] (openarmx_description) StdoutLine: {'line': b'-- Up-to-date symlink: /ws/install/openarmx_description/share/openarmx_description/meshes/arm/v10/visual/link0.stl\n'}
[0.156827] (openarmx_description) StdoutLine: {'line': b'-- Up-to-date symlink: /ws/install/openarmx_description/share/openarmx_description/meshes/arm/v10/visual/link1.dae\n'}
[0.156847] (openarmx_gripper_panel) StdoutLine: {'line': b'-- Execute custom install script\n'}
[0.156870] (openarmx_gripper_panel) StdoutLine: {'line': b'-- Up-to-date symlink: /ws/install/openarmx_gripper_panel/include/openarmx_gripper_panel/gripper_panel.hpp\n'}
[0.156891] (openarmx_gripper_panel) StdoutLine: {'line': b'-- Up-to-date symlink: /ws/install/openarmx_gripper_panel/share/openarmx_gripper_panel/plugin_description.xml\n'}
[0.156914] (openarmx_gripper_panel) StdoutLine: {'line': b'-- Up-to-date symlink: /ws/install/openarmx_gripper_panel/share/openarmx_gripper_panel/resource/openarmx_gripper_panel\n'}
[0.156937] (openarmx_gripper_panel) StdoutLine: {'line': b'-- Up-to-date symlink: /ws/install/openarmx_gripper_panel/share/openarmx_gripper_panel/plugins/plugin_description.xml\n'}
[0.156961] (openarmx_bringup) StdoutLine: {'line': b'-- Up-to-date symlink: /ws/install/openarmx_bringup/share/openarmx_bringup/environment/ament_prefix_path.dsv\n'}
[0.156985] (openarmx_bringup) StdoutLine: {'line': b'-- Up-to-date symlink: /ws/install/openarmx_bringup/share/openarmx_bringup/environment/path.sh\n'}
[0.157007] (openarmx_description) StdoutLine: {'line': b'-- Up-to-date symlink: /ws/install/openarmx_description/share/openarmx_description/meshes/arm/v10/visual/link1.stl\n'}
[0.157030] (openarmx_can) StdoutLine: {'line': b'-- Up-to-date symlink: /ws/install/openarmx_can/include/openarm/can/socket/arm_component.hpp\n'}
[0.157093] (openarmx_can) StdoutLine: {'line': b'-- Up-to-date symlink: /ws/install/openarmx_can/include/openarm/can/socket/gripper_component.hpp\n'}
[0.157120] (openarmx_can) StdoutLine: {'line': b'-- Up-to-date symlink: /ws/install/openarmx_can/include/openarm/can/socket/openarm.hpp\n'}
[0.157143] (openarmx_can) StdoutLine: {'line': b'-- Up-to-date symlink: /ws/install/openarmx_can/include/openarm/canbus/can_device.hpp\n'}
[0.157165] (openarmx_can) StdoutLine: {'line': b'-- Up-to-date symlink: /ws/install/openarmx_can/include/openarm/canbus/can_device_collection.hpp\n'}
[0.157186] (openarmx_can) StdoutLine: {'line': b'-- Up-to-date symlink: /ws/install/openarmx_can/include/openarm/canbus/can_socket.hpp\n'}
[0.157208] (openarmx_can) StdoutLine: {'line': b'-- Up-to-date symlink: /ws/install/openarmx_can/include/openarm/robstride_motor/rs_motor.hpp\n'}
[0.157231] (openarmx_bringup) StdoutLine: {'line': b'-- Up-to-date symlink: /ws/install/openarmx_bringup/share/openarmx_bringup/environment/path.dsv\n'}
[0.157256] (openarmx_bringup) StdoutLine: {'line': b'-- Up-to-date symlink: /ws/install/openarmx_bringup/share/openarmx_bringup/local_setup.bash\n'}
[0.157279] (openarmx_bringup) StdoutLine: {'line': b'-- Up-to-date symlink: /ws/install/openarmx_bringup/share/openarmx_bringup/local_setup.sh\n'}
[0.157301] (openarmx_bringup) StdoutLine: {'line': b'-- Up-to-date symlink: /ws/install/openarmx_bringup/share/openarmx_bringup/local_setup.zsh\n'}
[0.157333] (openarmx_bringup) StdoutLine: {'line': b'-- Up-to-date symlink: /ws/install/openarmx_bringup/share/openarmx_bringup/local_setup.dsv\n'}
[0.157400] (openarmx_can) StdoutLine: {'line': b'-- Up-to-date symlink: /ws/install/openarmx_can/include/openarm/robstride_motor/rs_motor_constants.hpp\n'}
[0.157427] (openarmx_can) StdoutLine: {'line': b'-- Up-to-date symlink: /ws/install/openarmx_can/include/openarm/robstride_motor/rs_motor_control.hpp\n'}
[0.157449] (openarmx_can) StdoutLine: {'line': b'-- Up-to-date symlink: /ws/install/openarmx_can/include/openarm/robstride_motor/rs_motor_device.hpp\n'}
[0.157473] (openarmx_can) StdoutLine: {'line': b'-- Up-to-date symlink: /ws/install/openarmx_can/include/openarm/robstride_motor/rs_motor_device_collection.hpp\n'}
[0.157495] (openarmx_bringup) StdoutLine: {'line': b'-- Symlinking: /ws/install/openarmx_bringup/share/openarmx_bringup/package.dsv\n'}
[0.157519] (openarmx_description) StdoutLine: {'line': b'-- Up-to-date symlink: /ws/install/openarmx_description/share/openarmx_description/meshes/arm/v10/visual/link2.dae\n'}
[0.157612] (openarmx_can) StdoutLine: {'line': b'-- Up-to-date symlink: /ws/install/openarmx_can/lib/openarmx_can/robstride-demo\n'}
[0.157637] (openarmx_description) StdoutLine: {'line': b'-- Up-to-date symlink: /ws/install/openarmx_description/share/openarmx_description/meshes/arm/v10/visual/link2.stl\n'}
[0.157664] (openarmx_description) StdoutLine: {'line': b'-- Up-to-date symlink: /ws/install/openarmx_description/share/openarmx_description/meshes/arm/v10/visual/link3.dae\n'}
[0.157686] (openarmx_description) StdoutLine: {'line': b'-- Up-to-date symlink: /ws/install/openarmx_description/share/openarmx_description/meshes/arm/v10/visual/link3.stl\n'}
[0.157709] (openarmx_description) StdoutLine: {'line': b'-- Up-to-date symlink: /ws/install/openarmx_description/share/openarmx_description/meshes/arm/v10/visual/link4.dae\n'}
[0.157731] (openarmx_description) StdoutLine: {'line': b'-- Up-to-date symlink: /ws/install/openarmx_description/share/openarmx_description/meshes/arm/v10/visual/link4.stl\n'}
[0.157754] (openarmx_description) StdoutLine: {'line': b'-- Up-to-date symlink: /ws/install/openarmx_description/share/openarmx_description/meshes/arm/v10/visual/link5.dae\n'}
[0.157838] (openarmx_description) StdoutLine: {'line': b'-- Up-to-date symlink: /ws/install/openarmx_description/share/openarmx_description/meshes/arm/v10/visual/link5.stl\n'}
[0.157863] (openarmx_description) StdoutLine: {'line': b'-- Up-to-date symlink: /ws/install/openarmx_description/share/openarmx_description/meshes/arm/v10/visual/link6.dae\n'}
[0.157900] (openarmx_description) StdoutLine: {'line': b'-- Up-to-date symlink: /ws/install/openarmx_description/share/openarmx_description/meshes/arm/v10/visual/link6.stl\n'}
[0.157925] (openarmx_gripper_panel) StdoutLine: {'line': b'-- Up-to-date symlink: /ws/install/openarmx_gripper_panel/share/openarmx_gripper_panel/environment/library_path.sh\n'}
[0.157966] (openarmx_gripper_panel) StdoutLine: {'line': b'-- Up-to-date symlink: /ws/install/openarmx_gripper_panel/share/openarmx_gripper_panel/environment/library_path.dsv\n'}
[0.157990] (openarmx_gripper_panel) StdoutLine: {'line': b'-- Up-to-date symlink: /ws/install/openarmx_gripper_panel/share/ament_index/resource_index/package_run_dependencies/openarmx_gripper_panel\n'}
[0.158013] (openarmx_gripper_panel) StdoutLine: {'line': b'-- Up-to-date symlink: /ws/install/openarmx_gripper_panel/share/ament_index/resource_index/parent_prefix_path/openarmx_gripper_panel\n'}
[0.158043] (openarmx_gripper_panel) StdoutLine: {'line': b'-- Up-to-date symlink: /ws/install/openarmx_gripper_panel/share/openarmx_gripper_panel/environment/ament_prefix_path.sh\n'}
[0.158066] (openarmx_gripper_panel) StdoutLine: {'line': b'-- Up-to-date symlink: /ws/install/openarmx_gripper_panel/share/openarmx_gripper_panel/environment/ament_prefix_path.dsv\n'}
[0.158088] (openarmx_gripper_panel) StdoutLine: {'line': b'-- Up-to-date symlink: /ws/install/openarmx_gripper_panel/share/openarmx_gripper_panel/environment/path.sh\n'}
[0.158110] (openarmx_gripper_panel) StdoutLine: {'line': b'-- Up-to-date symlink: /ws/install/openarmx_gripper_panel/share/openarmx_gripper_panel/environment/path.dsv\n'}
[0.158132] (openarmx_gripper_panel) StdoutLine: {'line': b'-- Up-to-date symlink: /ws/install/openarmx_gripper_panel/share/openarmx_gripper_panel/local_setup.bash\n'}
[0.158154] (openarmx_gripper_panel) StdoutLine: {'line': b'-- Up-to-date symlink: /ws/install/openarmx_gripper_panel/share/openarmx_gripper_panel/local_setup.sh\n'}
[0.158196] (openarmx_gripper_panel) StdoutLine: {'line': b'-- Up-to-date symlink: /ws/install/openarmx_gripper_panel/share/openarmx_gripper_panel/local_setup.zsh\n'}
[0.158219] (openarmx_gripper_panel) StdoutLine: {'line': b'-- Up-to-date symlink: /ws/install/openarmx_gripper_panel/share/openarmx_gripper_panel/local_setup.dsv\n'}
[0.158241] (openarmx_gripper_panel) StdoutLine: {'line': b'-- Symlinking: /ws/install/openarmx_gripper_panel/share/openarmx_gripper_panel/package.dsv\n'}
[0.158264] (openarmx_description) StdoutLine: {'line': b'-- Up-to-date symlink: /ws/install/openarmx_description/share/openarmx_description/meshes/arm/v10/visual/link7.dae\n'}
[0.158288] (openarmx_description) StdoutLine: {'line': b'-- Up-to-date symlink: /ws/install/openarmx_description/share/openarmx_description/meshes/arm/v10/visual/link7.stl\n'}
[0.158311] (openarmx_description) StdoutLine: {'line': b'-- Up-to-date symlink: /ws/install/openarmx_description/share/openarmx_description/meshes/body/v10/collision/body_link0_symp.stl\n'}
[0.158334] (openarmx_description) StdoutLine: {'line': b'-- Up-to-date symlink: /ws/install/openarmx_description/share/openarmx_description/meshes/body/v10/visual/body_link0.dae\n'}
[0.158374] (openarmx_description) StdoutLine: {'line': b'-- Up-to-date symlink: /ws/install/openarmx_description/share/openarmx_description/meshes/body/v10/visual/body_link0.stl\n'}
[0.158397] (openarmx_description) StdoutLine: {'line': b'-- Up-to-date symlink: /ws/install/openarmx_description/share/openarmx_description/meshes/ee/openarmx_hand/collision/finger.stl\n'}
[0.158420] (openarmx_description) StdoutLine: {'line': b'-- Up-to-date symlink: /ws/install/openarmx_description/share/openarmx_description/meshes/ee/openarmx_hand/collision/hand.stl\n'}
[0.158443] (openarmx_description) StdoutLine: {'line': b'-- Up-to-date symlink: /ws/install/openarmx_description/share/openarmx_description/meshes/ee/openarmx_hand/visual/finger.dae\n'}
[0.158466] (openarmx_can) StdoutLine: {'line': b'-- Up-to-date symlink: /ws/install/openarmx_can/lib/openarmx_can/python-style-test\n'}
[0.158488] (openarmx_description) StdoutLine: {'line': b'-- Up-to-date symlink: /ws/install/openarmx_description/share/openarmx_description/meshes/ee/openarmx_hand/visual/finger.stl\n'}
[0.158510] (openarmx_description) StdoutLine: {'line': b'-- Up-to-date symlink: /ws/install/openarmx_description/share/openarmx_description/meshes/ee/openarmx_hand/visual/hand.dae\n'}
[0.158532] (openarmx_can) StdoutLine: {'line': b'-- Up-to-date symlink: /ws/install/openarmx_can/lib/openarmx_can/robstride-demo-full\n'}
[0.158553] (openarmx_can) StdoutLine: {'line': b'-- Up-to-date symlink: /ws/install/openarmx_can/lib/openarmx_can/robstride-demo-gripper\n'}
[0.158581] (openarmx_can) StdoutLine: {'line': b'-- Up-to-date symlink: /ws/install/openarmx_can/lib/openarmx_can/motor-check\n'}
[0.158604] (openarmx_description) StdoutLine: {'line': b'-- Up-to-date symlink: /ws/install/openarmx_description/share/openarmx_description/rviz/arm_only.rviz\n'}
[0.158651] (openarmx_description) StdoutLine: {'line': b'-- Up-to-date symlink: /ws/install/openarmx_description/share/openarmx_description/rviz/bimanual.rviz\n'}
[0.158673] (openarmx_can) StdoutLine: {'line': b'-- Up-to-date symlink: /ws/install/openarmx_can/lib/cmake/openarmx_can/openarmx_canConfig.cmake\n'}
[0.158696] (openarmx_can) StdoutLine: {'line': b'-- Up-to-date symlink: /ws/install/openarmx_can/share/openarmx_can/environment/library_path.sh\n'}
[0.158719] (openarmx_description) StdoutLine: {'line': b'-- Up-to-date symlink: /ws/install/openarmx_description/share/openarmx_description/urdf/arm/openarmx_arm.xacro\n'}
[0.158741] (openarmx_can) StdoutLine: {'line': b'-- Up-to-date symlink: /ws/install/openarmx_can/share/openarmx_can/environment/library_path.dsv\n'}
[0.158763] (openarmx_can) StdoutLine: {'line': b'-- Up-to-date symlink: /ws/install/openarmx_can/share/ament_index/resource_index/package_run_dependencies/openarmx_can\n'}
[0.158783] (openarmx_can) StdoutLine: {'line': b'-- Up-to-date symlink: /ws/install/openarmx_can/share/ament_index/resource_index/parent_prefix_path/openarmx_can\n'}
[0.158805] (openarmx_can) StdoutLine: {'line': b'-- Up-to-date symlink: /ws/install/openarmx_can/share/openarmx_can/environment/ament_prefix_path.sh\n'}
[0.158848] (openarmx_description) StdoutLine: {'line': b'-- Up-to-date symlink: /ws/install/openarmx_description/share/openarmx_description/urdf/arm/openarmx_macro.xacro\n'}
[0.158874] (openarmx_description) StdoutLine: {'line': b'-- Up-to-date symlink: /ws/install/openarmx_description/share/openarmx_description/urdf/body/openarmx_body.xacro\n'}
[0.158897] (openarmx_description) StdoutLine: {'line': b'-- Up-to-date symlink: /ws/install/openarmx_description/share/openarmx_description/urdf/body/openarmx_body_macro.xacro\n'}
[0.158924] (openarmx_description) StdoutLine: {'line': b'-- Up-to-date symlink: /ws/install/openarmx_description/share/openarmx_description/urdf/ee/ee_with_one_link.xacro\n'}
[0.158948] (openarmx_description) StdoutLine: {'line': b'-- Up-to-date symlink: /ws/install/openarmx_description/share/openarmx_description/urdf/ee/openarmx_hand.xacro\n'}
[0.158990] (openarmx_can) StdoutLine: {'line': b'-- Up-to-date symlink: /ws/install/openarmx_can/share/openarmx_can/environment/ament_prefix_path.dsv\n'}
[0.159017] (openarmx_description) StdoutLine: {'line': b'-- Up-to-date symlink: /ws/install/openarmx_description/share/openarmx_description/urdf/ee/openarmx_hand_arguments.xacro\n'}
[0.159065] (openarmx_can) StdoutLine: {'line': b'-- Up-to-date symlink: /ws/install/openarmx_can/share/openarmx_can/environment/path.sh\n'}
[0.159090] (openarmx_can) StdoutLine: {'line': b'-- Up-to-date symlink: /ws/install/openarmx_can/share/openarmx_can/environment/path.dsv\n'}
[0.159123] (openarmx_can) StdoutLine: {'line': b'-- Up-to-date symlink: /ws/install/openarmx_can/share/openarmx_can/local_setup.bash\n'}
[0.159146] (openarmx_description) StdoutLine: {'line': b'-- Up-to-date symlink: /ws/install/openarmx_description/share/openarmx_description/urdf/ee/openarmx_hand_macro.xacro\n'}
[0.159170] (openarmx_can) StdoutLine: {'line': b'-- Up-to-date symlink: /ws/install/openarmx_can/share/openarmx_can/local_setup.sh\n'}
[0.159207] (openarmx_can) StdoutLine: {'line': b'-- Up-to-date symlink: /ws/install/openarmx_can/share/openarmx_can/local_setup.zsh\n'}
[0.159251] (openarmx_can) StdoutLine: {'line': b'-- Up-to-date symlink: /ws/install/openarmx_can/share/openarmx_can/local_setup.dsv\n'}
[0.159282] (openarmx_description) StdoutLine: {'line': b'-- Up-to-date symlink: /ws/install/openarmx_description/share/openarmx_description/urdf/robot/openarmx_bimanual_sim.urdf\n'}
[0.159316] (openarmx_can) StdoutLine: {'line': b'-- Symlinking: /ws/install/openarmx_can/share/openarmx_can/package.dsv\n'}
[0.159348] (openarmx_description) StdoutLine: {'line': b'-- Up-to-date symlink: /ws/install/openarmx_description/share/openarmx_description/urdf/robot/openarmx_robot.xacro\n'}
[0.159391] (openarmx_description) StdoutLine: {'line': b'-- Up-to-date symlink: /ws/install/openarmx_description/share/openarmx_description/urdf/robot/v10.urdf.xacro\n'}
[0.159461] (openarmx_description) StdoutLine: {'line': b'-- Up-to-date symlink: /ws/install/openarmx_description/share/openarmx_description/urdf/ros2_control/openarmx.bimanual.ros2_control.xacro\n'}
[0.159530] (openarmx_description) StdoutLine: {'line': b'-- Up-to-date symlink: /ws/install/openarmx_description/share/openarmx_description/urdf/ros2_control/openarmx.ros2_control.xacro\n'}
[0.159796] (openarmx_description) StdoutLine: {'line': b'-- Up-to-date symlink: /ws/install/openarmx_description/share/openarmx_description/config/arm/v10/inertials.yaml\n'}
[0.159883] (openarmx_kp_kd_panel) StdoutLine: {'line': b'-- Up-to-date symlink: /ws/install/openarmx_kp_kd_panel/share/ament_index/resource_index/packages/openarmx_kp_kd_panel\n'}
[0.159913] (openarmx_description) StdoutLine: {'line': b'-- Up-to-date symlink: /ws/install/openarmx_description/share/openarmx_description/config/arm/v10/joint_limits.yaml\n'}
[0.159963] (openarmx_kp_kd_panel) StdoutLine: {'line': b'-- Up-to-date symlink: /ws/install/openarmx_kp_kd_panel/share/ament_index/resource_index/rviz_common__pluginlib__plugin/openarmx_kp_kd_panel\n'}
[0.160000] (openarmx_description) StdoutLine: {'line': b'-- Up-to-date symlink: /ws/install/openarmx_description/share/openarmx_description/config/arm/v10/kinematics.yaml\n'}
[0.160026] (openarmx_kp_kd_panel) StdoutLine: {'line': b'-- Up-to-date symlink: /ws/install/openarmx_kp_kd_panel/share/openarmx_kp_kd_panel/cmake/ament_cmake_export_include_directories-extras.cmake\n'}
[0.160075] (openarmx_kp_kd_panel) StdoutLine: {'line': b'-- Up-to-date symlink: /ws/install/openarmx_kp_kd_panel/share/openarmx_kp_kd_panel/cmake/ament_cmake_export_libraries-extras.cmake\n'}
[0.160100] (openarmx_description) StdoutLine: {'line': b'-- Up-to-date symlink: /ws/install/openarmx_description/share/openarmx_description/config/arm/v10/kinematics_link.yaml\n'}
[0.160125] (openarmx_description) StdoutLine: {'line': b'-- Up-to-date symlink: /ws/install/openarmx_description/share/openarmx_description/config/arm/v10/kinematics_offset.yaml\n'}
[0.160157] (openarmx_description) StdoutLine: {'line': b'-- Up-to-date symlink: /ws/install/openarmx_description/share/openarmx_description/config/body/v10/inertials.yaml\n'}
[0.160199] (openarmx_kp_kd_panel) StdoutLine: {'line': b'-- Up-to-date symlink: /ws/install/openarmx_kp_kd_panel/share/openarmx_kp_kd_panel/cmake/openarmx_kp_kd_panelConfig.cmake\n'}
[0.160234] (openarmx_description) StdoutLine: {'line': b'-- Up-to-date symlink: /ws/install/openarmx_description/share/openarmx_description/config/body/v10/kinematics.yaml\n'}
[0.160300] (openarmx_kp_kd_panel) StdoutLine: {'line': b'-- Up-to-date symlink: /ws/install/openarmx_kp_kd_panel/share/openarmx_kp_kd_panel/cmake/openarmx_kp_kd_panelConfig-version.cmake\n'}
[0.160328] (openarmx_kp_kd_panel) StdoutLine: {'line': b'-- Up-to-date symlink: /ws/install/openarmx_kp_kd_panel/share/openarmx_kp_kd_panel/package.xml\n'}
[0.160351] (openarmx_description) StdoutLine: {'line': b'-- Up-to-date symlink: /ws/install/openarmx_description/share/openarmx_description/config/body/v10/kinematics_link.yaml\n'}
[0.160381] (openarmx_description) StdoutLine: {'line': b'-- Up-to-date symlink: /ws/install/openarmx_description/share/openarmx_description/config/hand/openarmx_hand/inertials.yaml\n'}
[0.160428] (openarmx_description) StdoutLine: {'line': b'-- Up-to-date symlink: /ws/install/openarmx_description/share/openarmx_description/config/hand/openarmx_hand/joint_limits.yaml\n'}
[0.160497] (openarmx_description) StdoutLine: {'line': b'-- Up-to-date symlink: /ws/install/openarmx_description/share/openarmx_description/config/hand/openarmx_hand/kinematics.yaml\n'}
[0.160568] (openarmx_description) StdoutLine: {'line': b'-- Up-to-date symlink: /ws/install/openarmx_description/share/openarmx_description/config/hand/openarmx_hand/kinematics_link.yaml\n'}
[0.160692] (openarmx_description) StdoutLine: {'line': b'-- Up-to-date symlink: /ws/install/openarmx_description/share/ament_index/resource_index/package_run_dependencies/openarmx_description\n'}
[0.160806] (openarmx_description) StdoutLine: {'line': b'-- Up-to-date symlink: /ws/install/openarmx_description/share/ament_index/resource_index/parent_prefix_path/openarmx_description\n'}
[0.161010] (openarmx_description) StdoutLine: {'line': b'-- Up-to-date symlink: /ws/install/openarmx_description/share/openarmx_description/environment/ament_prefix_path.sh\n'}
[0.161052] (openarmx_description) StdoutLine: {'line': b'-- Up-to-date symlink: /ws/install/openarmx_description/share/openarmx_description/environment/ament_prefix_path.dsv\n'}
[0.161382] (openarmx_kp_kd_panel) CommandEnded: {'returncode': 0}
[0.161499] (openarmx_description) StdoutLine: {'line': b'-- Up-to-date symlink: /ws/install/openarmx_description/share/openarmx_description/environment/path.sh\n'}
[0.161531] (openarmx_description) StdoutLine: {'line': b'-- Up-to-date symlink: /ws/install/openarmx_description/share/openarmx_description/environment/path.dsv\n'}
[0.161556] (openarmx_description) StdoutLine: {'line': b'-- Up-to-date symlink: /ws/install/openarmx_description/share/openarmx_description/local_setup.bash\n'}
[0.161609] (openarmx_description) StdoutLine: {'line': b'-- Up-to-date symlink: /ws/install/openarmx_description/share/openarmx_description/local_setup.sh\n'}
[0.161633] (openarmx_description) StdoutLine: {'line': b'-- Up-to-date symlink: /ws/install/openarmx_description/share/openarmx_description/local_setup.zsh\n'}
[0.161666] (openarmx_description) StdoutLine: {'line': b'-- Up-to-date symlink: /ws/install/openarmx_description/share/openarmx_description/local_setup.dsv\n'}
[0.161738] (openarmx_description) StdoutLine: {'line': b'-- Symlinking: /ws/install/openarmx_description/share/openarmx_description/package.dsv\n'}
[0.162308] (openarmx_bringup) StdoutLine: {'line': b'-- Up-to-date symlink: /ws/install/openarmx_bringup/share/ament_index/resource_index/packages/openarmx_bringup\n'}
[0.162481] (openarmx_bringup) StdoutLine: {'line': b'-- Up-to-date symlink: /ws/install/openarmx_bringup/share/openarmx_bringup/cmake/openarmx_bringupConfig.cmake\n'}
[0.162585] (openarmx_bringup) StdoutLine: {'line': b'-- Up-to-date symlink: /ws/install/openarmx_bringup/share/openarmx_bringup/cmake/openarmx_bringupConfig-version.cmake\n'}
[0.162750] (openarmx_bringup) StdoutLine: {'line': b'-- Up-to-date symlink: /ws/install/openarmx_bringup/share/openarmx_bringup/package.xml\n'}
[0.162921] (openarmx_gripper_panel) StdoutLine: {'line': b'-- Up-to-date symlink: /ws/install/openarmx_gripper_panel/share/ament_index/resource_index/packages/openarmx_gripper_panel\n'}
[0.163025] (openarmx_gripper_panel) StdoutLine: {'line': b'-- Up-to-date symlink: /ws/install/openarmx_gripper_panel/share/ament_index/resource_index/rviz_common__pluginlib__plugin/openarmx_gripper_panel\n'}
[0.163160] (openarmx_gripper_panel) StdoutLine: {'line': b'-- Up-to-date symlink: /ws/install/openarmx_gripper_panel/share/openarmx_gripper_panel/cmake/ament_cmake_export_include_directories-extras.cmake\n'}
[0.163339] (openarmx_gripper_panel) StdoutLine: {'line': b'-- Up-to-date symlink: /ws/install/openarmx_gripper_panel/share/openarmx_gripper_panel/cmake/ament_cmake_export_libraries-extras.cmake\n'}
[0.163533] (openarmx_gripper_panel) StdoutLine: {'line': b'-- Up-to-date symlink: /ws/install/openarmx_gripper_panel/share/openarmx_gripper_panel/cmake/ament_cmake_export_dependencies-extras.cmake\n'}
[0.163673] (openarmx_gripper_panel) StdoutLine: {'line': b'-- Up-to-date symlink: /ws/install/openarmx_gripper_panel/share/openarmx_gripper_panel/cmake/openarmx_gripper_panelConfig.cmake\n'}
[0.163749] (openarmx_gripper_panel) StdoutLine: {'line': b'-- Up-to-date symlink: /ws/install/openarmx_gripper_panel/share/openarmx_gripper_panel/cmake/openarmx_gripper_panelConfig-version.cmake\n'}
[0.163849] (openarmx_gripper_panel) StdoutLine: {'line': b'-- Up-to-date symlink: /ws/install/openarmx_gripper_panel/share/openarmx_gripper_panel/package.xml\n'}
[0.163961] (openarmx_gripper_panel) StdoutLine: {'line': b'-- Up-to-date: /ws/install/openarmx_gripper_panel/lib/libopenarmx_gripper_panel.so\n'}
[0.165511] (openarmx_can) StdoutLine: {'line': b'-- Up-to-date symlink: /ws/install/openarmx_can/share/ament_index/resource_index/packages/openarmx_can\n'}
[0.165628] (openarmx_can) StdoutLine: {'line': b'-- Up-to-date symlink: /ws/install/openarmx_can/share/openarmx_can/cmake/ament_cmake_export_targets-extras.cmake\n'}
[0.165711] (openarmx_can) StdoutLine: {'line': b'-- Up-to-date symlink: /ws/install/openarmx_can/share/openarmx_can/cmake/openarmx_canConfig.cmake\n'}
[0.165832] (openarmx_can) StdoutLine: {'line': b'-- Up-to-date symlink: /ws/install/openarmx_can/share/openarmx_can/cmake/openarmx_canConfig-version.cmake\n'}
[0.165939] (openarmx_can) StdoutLine: {'line': b'-- Up-to-date symlink: /ws/install/openarmx_can/share/openarmx_can/package.xml\n'}
[0.165995] (openarmx_can) StdoutLine: {'line': b'-- Up-to-date: /ws/install/openarmx_can/lib/libopenarmx_can.a\n'}
[0.166020] (openarmx_can) StdoutLine: {'line': b'-- Up-to-date: /ws/install/openarmx_can/lib/cmake/OpenArmCANOpenArmXCom/OpenArmCANOpenArmXComTargets.cmake\n'}
[0.166068] (openarmx_can) StdoutLine: {'line': b'-- Up-to-date: /ws/install/openarmx_can/lib/cmake/OpenArmCANOpenArmXCom/OpenArmCANOpenArmXComTargets-noconfig.cmake\n'}
[0.166158] (openarmx_can) StdoutLine: {'line': b'-- Up-to-date: /ws/install/openarmx_can/lib/libopenarmx_can.a\n'}
[0.166184] (openarmx_can) StdoutLine: {'line': b'-- Up-to-date: /ws/install/openarmx_can/lib/cmake/openarmx_can/openarmx_canTargets.cmake\n'}
[0.166207] (openarmx_can) StdoutLine: {'line': b'-- Up-to-date: /ws/install/openarmx_can/lib/cmake/openarmx_can/openarmx_canTargets-noconfig.cmake\n'}
[0.166256] (openarmx_can) StdoutLine: {'line': b'-- Up-to-date: /ws/install/openarmx_can/share/openarmx_can/cmake/openarmx_canTargetsExport.cmake\n'}
[0.166280] (openarmx_can) StdoutLine: {'line': b'-- Up-to-date: /ws/install/openarmx_can/share/openarmx_can/cmake/openarmx_canTargetsExport-noconfig.cmake\n'}
[0.167633] (openarmx_description) StdoutLine: {'line': b'-- Up-to-date symlink: /ws/install/openarmx_description/share/ament_index/resource_index/packages/openarmx_description\n'}
[0.167766] (openarmx_description) StdoutLine: {'line': b'-- Up-to-date symlink: /ws/install/openarmx_description/share/openarmx_description/cmake/openarmx_descriptionConfig.cmake\n'}
[0.167800] (openarmx_description) StdoutLine: {'line': b'-- Up-to-date symlink: /ws/install/openarmx_description/share/openarmx_description/cmake/openarmx_descriptionConfig-version.cmake\n'}
[0.167895] (openarmx_description) StdoutLine: {'line': b'-- Up-to-date symlink: /ws/install/openarmx_description/share/openarmx_description/package.xml\n'}
[0.173318] (openarmx_kp_kd_panel) JobEnded: {'identifier': 'openarmx_kp_kd_panel', 'rc': 0}
[0.174175] (openarmx_bringup) CommandEnded: {'returncode': 0}
[0.178850] (openarmx_bringup) JobEnded: {'identifier': 'openarmx_bringup', 'rc': 0}
[0.179213] (openarmx_gripper_panel) CommandEnded: {'returncode': 0}
[0.184951] (openarmx_gripper_panel) JobEnded: {'identifier': 'openarmx_gripper_panel', 'rc': 0}
[0.185398] (openarmx_description) CommandEnded: {'returncode': 0}
[0.190111] (openarmx_description) JobEnded: {'identifier': 'openarmx_description', 'rc': 0}
[0.190439] (openarmx_can) CommandEnded: {'returncode': 0}
[0.195350] (openarmx_can) JobEnded: {'identifier': 'openarmx_can', 'rc': 0}
[0.195713] (openarmx_hardware) JobStarted: {'identifier': 'openarmx_hardware'}
[0.197366] (openarmx_bimanual_moveit_config) JobStarted: {'identifier': 'openarmx_bimanual_moveit_config'}
[0.199117] (openarmx_teleop_leader) JobStarted: {'identifier': 'openarmx_teleop_leader'}
[0.199931] (-) TimerEvent: {}
[0.201406] (openarmx_hardware) JobProgress: {'identifier': 'openarmx_hardware', 'progress': 'cmake'}
[0.201630] (openarmx_hardware) JobProgress: {'identifier': 'openarmx_hardware', 'progress': 'build'}
[0.201730] (openarmx_hardware) Command: {'cmd': ['/usr/bin/cmake', '--build', '/ws/build/openarmx_hardware', '--', '-j20', '-l20'], 'cwd': '/ws/build/openarmx_hardware', 'env': OrderedDict([('HOSTNAME', 'sajio-System-Product-Name'), ('SHLVL', '1'), ('LD_LIBRARY_PATH', '/ws/install/openarmx_kp_kd_panel/lib:/ws/install/openarmx_hardware/lib:/ws/install/openarmx_gripper_panel/lib:/ws/install/openarmx_can/lib:/opt/ros/humble/opt/rviz_ogre_vendor/lib:/opt/ros/humble/lib/x86_64-linux-gnu:/opt/ros/humble/lib'), ('HOME', '/root'), ('ROS_PYTHON_VERSION', '3'), ('COLCON_PREFIX_PATH', '/ws/install'), ('ROS_DISTRO', 'humble'), ('_', '/usr/bin/colcon'), ('ROS_VERSION', '2'), ('TERM', 'xterm'), ('ROS_LOCALHOST_ONLY', '0'), ('QT_X11_NO_MITSHM', '1'), ('PATH', '/opt/ros/humble/bin:/usr/local/sbin:/usr/local/bin:/usr/sbin:/usr/bin:/sbin:/bin'), ('DISPLAY', ':0'), ('LANG', 'C.UTF-8'), ('AMENT_PREFIX_PATH', '/ws/install/openarmx_teleop_leader:/ws/install/openarmx_teach:/ws/install/openarmx_kp_kd_panel:/ws/install/openarmx:/ws/install/openarmx_hardware:/ws/install/openarmx_gripper_panel:/ws/install/openarmx_bimanual_moveit_config:/ws/install/openarmx_description:/ws/install/openarmx_can:/ws/install/openarmx_bringup:/opt/ros/humble'), ('DEBIAN_FRONTEND', 'noninteractive'), ('PWD', '/ws/build/openarmx_hardware'), ('LC_ALL', 'C.UTF-8'), ('PYTHONPATH', '/ws/build/openarmx_teach:/ws/install/openarmx_teach/lib/python3.10/site-packages:/opt/ros/humble/lib/python3.10/site-packages:/opt/ros/humble/local/lib/python3.10/dist-packages'), ('COLCON', '1'), ('CMAKE_PREFIX_PATH', '/ws/install/openarmx_can:/ws/install/openarmx_teleop_leader:/ws/install/openarmx_kp_kd_panel:/ws/install/openarmx:/ws/install/openarmx_hardware:/ws/install/openarmx_gripper_panel:/ws/install/openarmx_bimanual_moveit_config:/ws/install/openarmx_description:/ws/install/openarmx_bringup:/ws/install/openarmx_teach:/opt/ros/humble')]), 'shell': False}
[0.202433] (openarmx_bimanual_moveit_config) JobProgress: {'identifier': 'openarmx_bimanual_moveit_config', 'progress': 'cmake'}
[0.202499] (openarmx_bimanual_moveit_config) JobProgress: {'identifier': 'openarmx_bimanual_moveit_config', 'progress': 'build'}
[0.202636] (openarmx_bimanual_moveit_config) Command: {'cmd': ['/usr/bin/cmake', '--build', '/ws/build/openarmx_bimanual_moveit_config', '--', '-j20', '-l20'], 'cwd': '/ws/build/openarmx_bimanual_moveit_config', 'env': OrderedDict([('HOSTNAME', 'sajio-System-Product-Name'), ('SHLVL', '1'), ('LD_LIBRARY_PATH', '/ws/install/openarmx_kp_kd_panel/lib:/ws/install/openarmx_hardware/lib:/ws/install/openarmx_gripper_panel/lib:/ws/install/openarmx_can/lib:/opt/ros/humble/opt/rviz_ogre_vendor/lib:/opt/ros/humble/lib/x86_64-linux-gnu:/opt/ros/humble/lib'), ('HOME', '/root'), ('ROS_PYTHON_VERSION', '3'), ('COLCON_PREFIX_PATH', '/ws/install'), ('ROS_DISTRO', 'humble'), ('_', '/usr/bin/colcon'), ('ROS_VERSION', '2'), ('TERM', 'xterm'), ('ROS_LOCALHOST_ONLY', '0'), ('QT_X11_NO_MITSHM', '1'), ('PATH', '/opt/ros/humble/bin:/usr/local/sbin:/usr/local/bin:/usr/sbin:/usr/bin:/sbin:/bin'), ('DISPLAY', ':0'), ('LANG', 'C.UTF-8'), ('AMENT_PREFIX_PATH', '/ws/install/openarmx_teleop_leader:/ws/install/openarmx_teach:/ws/install/openarmx_kp_kd_panel:/ws/install/openarmx:/ws/install/openarmx_hardware:/ws/install/openarmx_gripper_panel:/ws/install/openarmx_bimanual_moveit_config:/ws/install/openarmx_description:/ws/install/openarmx_can:/ws/install/openarmx_bringup:/opt/ros/humble'), ('DEBIAN_FRONTEND', 'noninteractive'), ('PWD', '/ws/build/openarmx_bimanual_moveit_config'), ('LC_ALL', 'C.UTF-8'), ('PYTHONPATH', '/ws/build/openarmx_teach:/ws/install/openarmx_teach/lib/python3.10/site-packages:/opt/ros/humble/lib/python3.10/site-packages:/opt/ros/humble/local/lib/python3.10/dist-packages'), ('COLCON', '1'), ('CMAKE_PREFIX_PATH', '/ws/install/openarmx_description:/ws/install/openarmx_teleop_leader:/ws/install/openarmx_kp_kd_panel:/ws/install/openarmx:/ws/install/openarmx_hardware:/ws/install/openarmx_gripper_panel:/ws/install/openarmx_bimanual_moveit_config:/ws/install/openarmx_can:/ws/install/openarmx_bringup:/ws/install/openarmx_teach:/opt/ros/humble')]), 'shell': False}
[0.203875] (openarmx_teleop_leader) JobProgress: {'identifier': 'openarmx_teleop_leader', 'progress': 'cmake'}
[0.204293] (openarmx_teleop_leader) JobProgress: {'identifier': 'openarmx_teleop_leader', 'progress': 'build'}
[0.204462] (openarmx_teleop_leader) Command: {'cmd': ['/usr/bin/cmake', '--build', '/ws/build/openarmx_teleop_leader', '--', '-j20', '-l20'], 'cwd': '/ws/build/openarmx_teleop_leader', 'env': OrderedDict([('HOSTNAME', 'sajio-System-Product-Name'), ('SHLVL', '1'), ('LD_LIBRARY_PATH', '/ws/install/openarmx_kp_kd_panel/lib:/ws/install/openarmx_hardware/lib:/ws/install/openarmx_gripper_panel/lib:/ws/install/openarmx_can/lib:/opt/ros/humble/opt/rviz_ogre_vendor/lib:/opt/ros/humble/lib/x86_64-linux-gnu:/opt/ros/humble/lib'), ('HOME', '/root'), ('ROS_PYTHON_VERSION', '3'), ('COLCON_PREFIX_PATH', '/ws/install'), ('ROS_DISTRO', 'humble'), ('_', '/usr/bin/colcon'), ('ROS_VERSION', '2'), ('TERM', 'xterm'), ('ROS_LOCALHOST_ONLY', '0'), ('QT_X11_NO_MITSHM', '1'), ('PATH', '/opt/ros/humble/bin:/usr/local/sbin:/usr/local/bin:/usr/sbin:/usr/bin:/sbin:/bin'), ('DISPLAY', ':0'), ('LANG', 'C.UTF-8'), ('AMENT_PREFIX_PATH', '/ws/install/openarmx_teleop_leader:/ws/install/openarmx_teach:/ws/install/openarmx_kp_kd_panel:/ws/install/openarmx:/ws/install/openarmx_hardware:/ws/install/openarmx_gripper_panel:/ws/install/openarmx_bimanual_moveit_config:/ws/install/openarmx_description:/ws/install/openarmx_can:/ws/install/openarmx_bringup:/opt/ros/humble'), ('DEBIAN_FRONTEND', 'noninteractive'), ('PWD', '/ws/build/openarmx_teleop_leader'), ('LC_ALL', 'C.UTF-8'), ('PYTHONPATH', '/ws/build/openarmx_teach:/ws/install/openarmx_teach/lib/python3.10/site-packages:/opt/ros/humble/lib/python3.10/site-packages:/opt/ros/humble/local/lib/python3.10/dist-packages'), ('COLCON', '1'), ('CMAKE_PREFIX_PATH', '/ws/install/openarmx_can:/ws/install/openarmx_teleop_leader:/ws/install/openarmx_kp_kd_panel:/ws/install/openarmx:/ws/install/openarmx_hardware:/ws/install/openarmx_gripper_panel:/ws/install/openarmx_bimanual_moveit_config:/ws/install/openarmx_description:/ws/install/openarmx_bringup:/ws/install/openarmx_teach:/opt/ros/humble')]), 'shell': False}
[0.226512] (openarmx_bimanual_moveit_config) CommandEnded: {'returncode': 0}
[0.226972] (openarmx_bimanual_moveit_config) JobProgress: {'identifier': 'openarmx_bimanual_moveit_config', 'progress': 'install'}
[0.227239] (openarmx_bimanual_moveit_config) Command: {'cmd': ['/usr/bin/cmake', '--install', '/ws/build/openarmx_bimanual_moveit_config'], 'cwd': '/ws/build/openarmx_bimanual_moveit_config', 'env': OrderedDict([('HOSTNAME', 'sajio-System-Product-Name'), ('SHLVL', '1'), ('LD_LIBRARY_PATH', '/ws/install/openarmx_kp_kd_panel/lib:/ws/install/openarmx_hardware/lib:/ws/install/openarmx_gripper_panel/lib:/ws/install/openarmx_can/lib:/opt/ros/humble/opt/rviz_ogre_vendor/lib:/opt/ros/humble/lib/x86_64-linux-gnu:/opt/ros/humble/lib'), ('HOME', '/root'), ('ROS_PYTHON_VERSION', '3'), ('COLCON_PREFIX_PATH', '/ws/install'), ('ROS_DISTRO', 'humble'), ('_', '/usr/bin/colcon'), ('ROS_VERSION', '2'), ('TERM', 'xterm'), ('ROS_LOCALHOST_ONLY', '0'), ('QT_X11_NO_MITSHM', '1'), ('PATH', '/opt/ros/humble/bin:/usr/local/sbin:/usr/local/bin:/usr/sbin:/usr/bin:/sbin:/bin'), ('DISPLAY', ':0'), ('LANG', 'C.UTF-8'), ('AMENT_PREFIX_PATH', '/ws/install/openarmx_teleop_leader:/ws/install/openarmx_teach:/ws/install/openarmx_kp_kd_panel:/ws/install/openarmx:/ws/install/openarmx_hardware:/ws/install/openarmx_gripper_panel:/ws/install/openarmx_bimanual_moveit_config:/ws/install/openarmx_description:/ws/install/openarmx_can:/ws/install/openarmx_bringup:/opt/ros/humble'), ('DEBIAN_FRONTEND', 'noninteractive'), ('PWD', '/ws/build/openarmx_bimanual_moveit_config'), ('LC_ALL', 'C.UTF-8'), ('PYTHONPATH', '/ws/build/openarmx_teach:/ws/install/openarmx_teach/lib/python3.10/site-packages:/opt/ros/humble/lib/python3.10/site-packages:/opt/ros/humble/local/lib/python3.10/dist-packages'), ('COLCON', '1'), ('CMAKE_PREFIX_PATH', '/ws/install/openarmx_description:/ws/install/openarmx_teleop_leader:/ws/install/openarmx_kp_kd_panel:/ws/install/openarmx:/ws/install/openarmx_hardware:/ws/install/openarmx_gripper_panel:/ws/install/openarmx_bimanual_moveit_config:/ws/install/openarmx_can:/ws/install/openarmx_bringup:/ws/install/openarmx_teach:/opt/ros/humble')]), 'shell': False}
[0.232421] (openarmx_bimanual_moveit_config) StdoutLine: {'line': b'-- Install configuration: ""\n'}
[0.232676] (openarmx_bimanual_moveit_config) StdoutLine: {'line': b'-- Execute custom install script\n'}
[0.232794] (openarmx_bimanual_moveit_config) StdoutLine: {'line': b'-- Up-to-date symlink: /ws/install/openarmx_bimanual_moveit_config/share/ament_index/resource_index/package_run_dependencies/openarmx_bimanual_moveit_config\n'}
[0.232880] (openarmx_bimanual_moveit_config) StdoutLine: {'line': b'-- Up-to-date symlink: /ws/install/openarmx_bimanual_moveit_config/share/ament_index/resource_index/parent_prefix_path/openarmx_bimanual_moveit_config\n'}
[0.232965] (openarmx_bimanual_moveit_config) StdoutLine: {'line': b'-- Up-to-date symlink: /ws/install/openarmx_bimanual_moveit_config/share/openarmx_bimanual_moveit_config/environment/ament_prefix_path.sh\n'}
[0.233043] (openarmx_bimanual_moveit_config) StdoutLine: {'line': b'-- Up-to-date symlink: /ws/install/openarmx_bimanual_moveit_config/share/openarmx_bimanual_moveit_config/environment/ament_prefix_path.dsv\n'}
[0.233123] (openarmx_bimanual_moveit_config) StdoutLine: {'line': b'-- Up-to-date symlink: /ws/install/openarmx_bimanual_moveit_config/share/openarmx_bimanual_moveit_config/environment/path.sh\n'}
[0.233195] (openarmx_bimanual_moveit_config) StdoutLine: {'line': b'-- Up-to-date symlink: /ws/install/openarmx_bimanual_moveit_config/share/openarmx_bimanual_moveit_config/environment/path.dsv\n'}
[0.233276] (openarmx_bimanual_moveit_config) StdoutLine: {'line': b'-- Up-to-date symlink: /ws/install/openarmx_bimanual_moveit_config/share/openarmx_bimanual_moveit_config/local_setup.bash\n'}
[0.233346] (openarmx_bimanual_moveit_config) StdoutLine: {'line': b'-- Up-to-date symlink: /ws/install/openarmx_bimanual_moveit_config/share/openarmx_bimanual_moveit_config/local_setup.sh\n'}
[0.233402] (openarmx_bimanual_moveit_config) StdoutLine: {'line': b'-- Up-to-date symlink: /ws/install/openarmx_bimanual_moveit_config/share/openarmx_bimanual_moveit_config/local_setup.zsh\n'}
[0.233459] (openarmx_bimanual_moveit_config) StdoutLine: {'line': b'-- Up-to-date symlink: /ws/install/openarmx_bimanual_moveit_config/share/openarmx_bimanual_moveit_config/local_setup.dsv\n'}
[0.233515] (openarmx_bimanual_moveit_config) StdoutLine: {'line': b'-- Symlinking: /ws/install/openarmx_bimanual_moveit_config/share/openarmx_bimanual_moveit_config/package.dsv\n'}
[0.237564] (openarmx_hardware) StdoutLine: {'line': b'[100%] Built target openarmx_hardware\n'}
[0.238840] (openarmx_bimanual_moveit_config) StdoutLine: {'line': b'-- Up-to-date symlink: /ws/install/openarmx_bimanual_moveit_config/share/ament_index/resource_index/packages/openarmx_bimanual_moveit_config\n'}
[0.238918] (openarmx_bimanual_moveit_config) StdoutLine: {'line': b'-- Up-to-date symlink: /ws/install/openarmx_bimanual_moveit_config/share/openarmx_bimanual_moveit_config/cmake/openarmx_bimanual_moveit_configConfig.cmake\n'}
[0.238961] (openarmx_bimanual_moveit_config) StdoutLine: {'line': b'-- Up-to-date symlink: /ws/install/openarmx_bimanual_moveit_config/share/openarmx_bimanual_moveit_config/cmake/openarmx_bimanual_moveit_configConfig-version.cmake\n'}
[0.238998] (openarmx_bimanual_moveit_config) StdoutLine: {'line': b'-- Up-to-date symlink: /ws/install/openarmx_bimanual_moveit_config/share/openarmx_bimanual_moveit_config/package.xml\n'}
[0.239169] (openarmx_bimanual_moveit_config) StdoutLine: {'line': b'-- Up-to-date symlink: /ws/install/openarmx_bimanual_moveit_config/share/openarmx_bimanual_moveit_config/launch/demo.launch.py\n'}
[0.239206] (openarmx_bimanual_moveit_config) StdoutLine: {'line': b'-- Up-to-date symlink: /ws/install/openarmx_bimanual_moveit_config/share/openarmx_bimanual_moveit_config/launch/demo.launch.py.backup\n'}
[0.239240] (openarmx_bimanual_moveit_config) StdoutLine: {'line': b'-- Up-to-date symlink: /ws/install/openarmx_bimanual_moveit_config/share/openarmx_bimanual_moveit_config/launch/demo_sim.launch.py\n'}
[0.240080] (openarmx_bimanual_moveit_config) StdoutLine: {'line': b'-- Up-to-date symlink: /ws/install/openarmx_bimanual_moveit_config/share/openarmx_bimanual_moveit_config/launch/motor_config_loader.py\n'}
[0.240176] (openarmx_bimanual_moveit_config) StdoutLine: {'line': b'-- Up-to-date symlink: /ws/install/openarmx_bimanual_moveit_config/share/openarmx_bimanual_moveit_config/launch/motor_control.py\n'}
[0.240240] (openarmx_bimanual_moveit_config) StdoutLine: {'line': b'-- Up-to-date symlink: /ws/install/openarmx_bimanual_moveit_config/share/openarmx_bimanual_moveit_config/launch/move_group.launch.py\n'}
[0.240371] (openarmx_bimanual_moveit_config) StdoutLine: {'line': b'-- Up-to-date symlink: /ws/install/openarmx_bimanual_moveit_config/share/openarmx_bimanual_moveit_config/launch/moveit_rviz.launch.py\n'}
[0.240428] (openarmx_bimanual_moveit_config) StdoutLine: {'line': b'-- Up-to-date symlink: /ws/install/openarmx_bimanual_moveit_config/share/openarmx_bimanual_moveit_config/launch/setup_assistant.launch.py\n'}
[0.240515] (openarmx_bimanual_moveit_config) StdoutLine: {'line': b'-- Up-to-date symlink: /ws/install/openarmx_bimanual_moveit_config/share/openarmx_bimanual_moveit_config/launch/spawn_controllers.launch.py\n'}
[0.240729] (openarmx_bimanual_moveit_config) StdoutLine: {'line': b'-- Up-to-date symlink: /ws/install/openarmx_bimanual_moveit_config/share/openarmx_bimanual_moveit_config/launch/static_virtual_joint_tfs.launch.py\n'}
[0.241060] (openarmx_bimanual_moveit_config) StdoutLine: {'line': b'-- Up-to-date symlink: /ws/install/openarmx_bimanual_moveit_config/share/openarmx_bimanual_moveit_config/config/initial_positions.yaml\n'}
[0.241099] (openarmx_bimanual_moveit_config) StdoutLine: {'line': b'-- Up-to-date symlink: /ws/install/openarmx_bimanual_moveit_config/share/openarmx_bimanual_moveit_config/config/joint_limits.yaml\n'}
[0.241127] (openarmx_bimanual_moveit_config) StdoutLine: {'line': b'-- Up-to-date symlink: /ws/install/openarmx_bimanual_moveit_config/share/openarmx_bimanual_moveit_config/config/kinematics.yaml\n'}
[0.241153] (openarmx_bimanual_moveit_config) StdoutLine: {'line': b'-- Up-to-date symlink: /ws/install/openarmx_bimanual_moveit_config/share/openarmx_bimanual_moveit_config/config/moveit.rviz\n'}
[0.241178] (openarmx_bimanual_moveit_config) StdoutLine: {'line': b'-- Up-to-date symlink: /ws/install/openarmx_bimanual_moveit_config/share/openarmx_bimanual_moveit_config/config/moveit_controllers.yaml\n'}
[0.241203] (openarmx_bimanual_moveit_config) StdoutLine: {'line': b'-- Up-to-date symlink: /ws/install/openarmx_bimanual_moveit_config/share/openarmx_bimanual_moveit_config/config/openarm_bimanual.srdf\n'}
[0.241491] (openarmx_bimanual_moveit_config) StdoutLine: {'line': b'-- Up-to-date symlink: /ws/install/openarmx_bimanual_moveit_config/share/openarmx_bimanual_moveit_config/config/openarm_bimanual.urdf.xacro\n'}
[0.241544] (openarmx_bimanual_moveit_config) StdoutLine: {'line': b'-- Up-to-date symlink: /ws/install/openarmx_bimanual_moveit_config/share/openarmx_bimanual_moveit_config/config/pilz_cartesian_limits.yaml\n'}
[0.241570] (openarmx_bimanual_moveit_config) StdoutLine: {'line': b'-- Up-to-date symlink: /ws/install/openarmx_bimanual_moveit_config/share/openarmx_bimanual_moveit_config/config/ros2_controllers.yaml\n'}
[0.241595] (openarmx_bimanual_moveit_config) StdoutLine: {'line': b'-- Up-to-date symlink: /ws/install/openarmx_bimanual_moveit_config/share/openarmx_bimanual_moveit_config/config/sensors_3d.yaml\n'}
[0.241618] (openarmx_bimanual_moveit_config) StdoutLine: {'line': b'-- Up-to-date symlink: /ws/install/openarmx_bimanual_moveit_config/share/openarmx_bimanual_moveit_config/.setup_assistant\n'}
[0.241643] (openarmx_bimanual_moveit_config) CommandEnded: {'returncode': 0}
[0.241888] (openarmx_teleop_leader) StdoutLine: {'line': b'[ 33%] Built target openarmx_teleop_leader_dynamics\n'}
[0.243778] (openarmx_teleop_leader) StdoutLine: {'line': b'[ 66%] Built target teleop_leader_node\n'}
[0.246926] (openarmx_bimanual_moveit_config) JobEnded: {'identifier': 'openarmx_bimanual_moveit_config', 'rc': 0}
[0.247450] (openarmx_hardware) CommandEnded: {'returncode': 0}
[0.247750] (openarmx_hardware) JobProgress: {'identifier': 'openarmx_hardware', 'progress': 'install'}
[0.247911] (openarmx_hardware) Command: {'cmd': ['/usr/bin/cmake', '--install', '/ws/build/openarmx_hardware'], 'cwd': '/ws/build/openarmx_hardware', 'env': OrderedDict([('HOSTNAME', 'sajio-System-Product-Name'), ('SHLVL', '1'), ('LD_LIBRARY_PATH', '/ws/install/openarmx_kp_kd_panel/lib:/ws/install/openarmx_hardware/lib:/ws/install/openarmx_gripper_panel/lib:/ws/install/openarmx_can/lib:/opt/ros/humble/opt/rviz_ogre_vendor/lib:/opt/ros/humble/lib/x86_64-linux-gnu:/opt/ros/humble/lib'), ('HOME', '/root'), ('ROS_PYTHON_VERSION', '3'), ('COLCON_PREFIX_PATH', '/ws/install'), ('ROS_DISTRO', 'humble'), ('_', '/usr/bin/colcon'), ('ROS_VERSION', '2'), ('TERM', 'xterm'), ('ROS_LOCALHOST_ONLY', '0'), ('QT_X11_NO_MITSHM', '1'), ('PATH', '/opt/ros/humble/bin:/usr/local/sbin:/usr/local/bin:/usr/sbin:/usr/bin:/sbin:/bin'), ('DISPLAY', ':0'), ('LANG', 'C.UTF-8'), ('AMENT_PREFIX_PATH', '/ws/install/openarmx_teleop_leader:/ws/install/openarmx_teach:/ws/install/openarmx_kp_kd_panel:/ws/install/openarmx:/ws/install/openarmx_hardware:/ws/install/openarmx_gripper_panel:/ws/install/openarmx_bimanual_moveit_config:/ws/install/openarmx_description:/ws/install/openarmx_can:/ws/install/openarmx_bringup:/opt/ros/humble'), ('DEBIAN_FRONTEND', 'noninteractive'), ('PWD', '/ws/build/openarmx_hardware'), ('LC_ALL', 'C.UTF-8'), ('PYTHONPATH', '/ws/build/openarmx_teach:/ws/install/openarmx_teach/lib/python3.10/site-packages:/opt/ros/humble/lib/python3.10/site-packages:/opt/ros/humble/local/lib/python3.10/dist-packages'), ('COLCON', '1'), ('CMAKE_PREFIX_PATH', '/ws/install/openarmx_can:/ws/install/openarmx_teleop_leader:/ws/install/openarmx_kp_kd_panel:/ws/install/openarmx:/ws/install/openarmx_hardware:/ws/install/openarmx_gripper_panel:/ws/install/openarmx_bimanual_moveit_config:/ws/install/openarmx_description:/ws/install/openarmx_bringup:/ws/install/openarmx_teach:/opt/ros/humble')]), 'shell': False}
[0.253905] (openarmx_hardware) StdoutLine: {'line': b'-- Install configuration: ""\n'}
[0.254339] (openarmx_hardware) StdoutLine: {'line': b'-- Execute custom install script\n'}
[0.254486] (openarmx_hardware) StdoutLine: {'line': b'-- Up-to-date symlink: /ws/install/openarmx_hardware/share/openarmx_hardware//openarmx_hardware.xml\n'}
[0.254672] (openarmx_hardware) StdoutLine: {'line': b'-- Up-to-date symlink: /ws/install/openarmx_hardware/lib/libopenarmx_hardware.so\n'}
[0.254916] (openarmx_hardware) StdoutLine: {'line': b'-- Up-to-date symlink: /ws/install/openarmx_hardware/include/openarmx_hardware/v10_simple_hardware.hpp\n'}
[0.254994] (openarmx_hardware) StdoutLine: {'line': b'-- Up-to-date symlink: /ws/install/openarmx_hardware/include/openarmx_hardware/visibility_control.h\n'}
[0.255125] (openarmx_hardware) StdoutLine: {'line': b'-- Up-to-date symlink: /ws/install/openarmx_hardware/share/openarmx_hardware/environment/library_path.sh\n'}
[0.255236] (openarmx_hardware) StdoutLine: {'line': b'-- Up-to-date symlink: /ws/install/openarmx_hardware/share/openarmx_hardware/environment/library_path.dsv\n'}
[0.255370] (openarmx_hardware) StdoutLine: {'line': b'-- Up-to-date symlink: /ws/install/openarmx_hardware/share/ament_index/resource_index/package_run_dependencies/openarmx_hardware\n'}
[0.255501] (openarmx_hardware) StdoutLine: {'line': b'-- Up-to-date symlink: /ws/install/openarmx_hardware/share/ament_index/resource_index/parent_prefix_path/openarmx_hardware\n'}
[0.255616] (openarmx_hardware) StdoutLine: {'line': b'-- Up-to-date symlink: /ws/install/openarmx_hardware/share/openarmx_hardware/environment/ament_prefix_path.sh\n'}
[0.255710] (openarmx_hardware) StdoutLine: {'line': b'-- Up-to-date symlink: /ws/install/openarmx_hardware/share/openarmx_hardware/environment/ament_prefix_path.dsv\n'}
[0.255822] (openarmx_hardware) StdoutLine: {'line': b'-- Up-to-date symlink: /ws/install/openarmx_hardware/share/openarmx_hardware/environment/path.sh\n'}
[0.255925] (openarmx_hardware) StdoutLine: {'line': b'-- Up-to-date symlink: /ws/install/openarmx_hardware/share/openarmx_hardware/environment/path.dsv\n'}
[0.256027] (openarmx_hardware) StdoutLine: {'line': b'-- Up-to-date symlink: /ws/install/openarmx_hardware/share/openarmx_hardware/local_setup.bash\n'}
[0.256127] (openarmx_hardware) StdoutLine: {'line': b'-- Up-to-date symlink: /ws/install/openarmx_hardware/share/openarmx_hardware/local_setup.sh\n'}
[0.256227] (openarmx_hardware) StdoutLine: {'line': b'-- Up-to-date symlink: /ws/install/openarmx_hardware/share/openarmx_hardware/local_setup.zsh\n'}
[0.256348] (openarmx_hardware) StdoutLine: {'line': b'-- Up-to-date symlink: /ws/install/openarmx_hardware/share/openarmx_hardware/local_setup.dsv\n'}
[0.256423] (openarmx_hardware) StdoutLine: {'line': b'-- Symlinking: /ws/install/openarmx_hardware/share/openarmx_hardware/package.dsv\n'}
[0.257973] (openarmx_teleop_leader) StdoutLine: {'line': b'[100%] Built target teleop_leader_with_gravitycomp_single\n'}
[0.260383] (openarmx_hardware) StdoutLine: {'line': b'-- Up-to-date symlink: /ws/install/openarmx_hardware/share/ament_index/resource_index/packages/openarmx_hardware\n'}
[0.260492] (openarmx_hardware) StdoutLine: {'line': b'-- Up-to-date symlink: /ws/install/openarmx_hardware/share/ament_index/resource_index/hardware_interface__pluginlib__plugin/openarmx_hardware\n'}
[0.260598] (openarmx_hardware) StdoutLine: {'line': b'-- Up-to-date symlink: /ws/install/openarmx_hardware/share/openarmx_hardware/cmake/ament_cmake_export_include_directories-extras.cmake\n'}
[0.260697] (openarmx_hardware) StdoutLine: {'line': b'-- Up-to-date symlink: /ws/install/openarmx_hardware/share/openarmx_hardware/cmake/ament_cmake_export_libraries-extras.cmake\n'}
[0.260797] (openarmx_hardware) StdoutLine: {'line': b'-- Up-to-date symlink: /ws/install/openarmx_hardware/share/openarmx_hardware/cmake/ament_cmake_export_dependencies-extras.cmake\n'}
[0.260898] (openarmx_hardware) StdoutLine: {'line': b'-- Up-to-date symlink: /ws/install/openarmx_hardware/share/openarmx_hardware/cmake/openarmx_hardwareConfig.cmake\n'}
[0.260969] (openarmx_hardware) StdoutLine: {'line': b'-- Up-to-date symlink: /ws/install/openarmx_hardware/share/openarmx_hardware/cmake/openarmx_hardwareConfig-version.cmake\n'}
[0.261068] (openarmx_hardware) StdoutLine: {'line': b'-- Up-to-date symlink: /ws/install/openarmx_hardware/share/openarmx_hardware/package.xml\n'}
[0.262269] (openarmx_hardware) CommandEnded: {'returncode': 0}
[0.269068] (openarmx_hardware) JobEnded: {'identifier': 'openarmx_hardware', 'rc': 0}
[0.269590] (openarmx) JobStarted: {'identifier': 'openarmx'}
[0.271626] (openarmx_teleop_leader) CommandEnded: {'returncode': 0}
[0.271850] (openarmx_teleop_leader) JobProgress: {'identifier': 'openarmx_teleop_leader', 'progress': 'install'}
[0.272023] (openarmx_teleop_leader) Command: {'cmd': ['/usr/bin/cmake', '--install', '/ws/build/openarmx_teleop_leader'], 'cwd': '/ws/build/openarmx_teleop_leader', 'env': OrderedDict([('HOSTNAME', 'sajio-System-Product-Name'), ('SHLVL', '1'), ('LD_LIBRARY_PATH', '/ws/install/openarmx_kp_kd_panel/lib:/ws/install/openarmx_hardware/lib:/ws/install/openarmx_gripper_panel/lib:/ws/install/openarmx_can/lib:/opt/ros/humble/opt/rviz_ogre_vendor/lib:/opt/ros/humble/lib/x86_64-linux-gnu:/opt/ros/humble/lib'), ('HOME', '/root'), ('ROS_PYTHON_VERSION', '3'), ('COLCON_PREFIX_PATH', '/ws/install'), ('ROS_DISTRO', 'humble'), ('_', '/usr/bin/colcon'), ('ROS_VERSION', '2'), ('TERM', 'xterm'), ('ROS_LOCALHOST_ONLY', '0'), ('QT_X11_NO_MITSHM', '1'), ('PATH', '/opt/ros/humble/bin:/usr/local/sbin:/usr/local/bin:/usr/sbin:/usr/bin:/sbin:/bin'), ('DISPLAY', ':0'), ('LANG', 'C.UTF-8'), ('AMENT_PREFIX_PATH', '/ws/install/openarmx_teleop_leader:/ws/install/openarmx_teach:/ws/install/openarmx_kp_kd_panel:/ws/install/openarmx:/ws/install/openarmx_hardware:/ws/install/openarmx_gripper_panel:/ws/install/openarmx_bimanual_moveit_config:/ws/install/openarmx_description:/ws/install/openarmx_can:/ws/install/openarmx_bringup:/opt/ros/humble'), ('DEBIAN_FRONTEND', 'noninteractive'), ('PWD', '/ws/build/openarmx_teleop_leader'), ('LC_ALL', 'C.UTF-8'), ('PYTHONPATH', '/ws/build/openarmx_teach:/ws/install/openarmx_teach/lib/python3.10/site-packages:/opt/ros/humble/lib/python3.10/site-packages:/opt/ros/humble/local/lib/python3.10/dist-packages'), ('COLCON', '1'), ('CMAKE_PREFIX_PATH', '/ws/install/openarmx_can:/ws/install/openarmx_teleop_leader:/ws/install/openarmx_kp_kd_panel:/ws/install/openarmx:/ws/install/openarmx_hardware:/ws/install/openarmx_gripper_panel:/ws/install/openarmx_bimanual_moveit_config:/ws/install/openarmx_description:/ws/install/openarmx_bringup:/ws/install/openarmx_teach:/opt/ros/humble')]), 'shell': False}
[0.276093] (openarmx) JobProgress: {'identifier': 'openarmx', 'progress': 'cmake'}
[0.276464] (openarmx) JobProgress: {'identifier': 'openarmx', 'progress': 'build'}
[0.276604] (openarmx) Command: {'cmd': ['/usr/bin/cmake', '--build', '/ws/build/openarmx', '--', '-j20', '-l20'], 'cwd': '/ws/build/openarmx', 'env': OrderedDict([('HOSTNAME', 'sajio-System-Product-Name'), ('SHLVL', '1'), ('LD_LIBRARY_PATH', '/ws/install/openarmx_hardware/lib:/ws/install/openarmx_kp_kd_panel/lib:/ws/install/openarmx_gripper_panel/lib:/ws/install/openarmx_can/lib:/opt/ros/humble/opt/rviz_ogre_vendor/lib:/opt/ros/humble/lib/x86_64-linux-gnu:/opt/ros/humble/lib'), ('HOME', '/root'), ('ROS_PYTHON_VERSION', '3'), ('COLCON_PREFIX_PATH', '/ws/install'), ('ROS_DISTRO', 'humble'), ('_', '/usr/bin/colcon'), ('ROS_VERSION', '2'), ('TERM', 'xterm'), ('ROS_LOCALHOST_ONLY', '0'), ('QT_X11_NO_MITSHM', '1'), ('PATH', '/opt/ros/humble/bin:/usr/local/sbin:/usr/local/bin:/usr/sbin:/usr/bin:/sbin:/bin'), ('DISPLAY', ':0'), ('LANG', 'C.UTF-8'), ('AMENT_PREFIX_PATH', '/ws/install/openarmx_teleop_leader:/ws/install/openarmx_teach:/ws/install/openarmx_kp_kd_panel:/ws/install/openarmx:/ws/install/openarmx_hardware:/ws/install/openarmx_gripper_panel:/ws/install/openarmx_bimanual_moveit_config:/ws/install/openarmx_description:/ws/install/openarmx_can:/ws/install/openarmx_bringup:/opt/ros/humble'), ('DEBIAN_FRONTEND', 'noninteractive'), ('PWD', '/ws/build/openarmx'), ('LC_ALL', 'C.UTF-8'), ('PYTHONPATH', '/ws/build/openarmx_teach:/ws/install/openarmx_teach/lib/python3.10/site-packages:/opt/ros/humble/lib/python3.10/site-packages:/opt/ros/humble/local/lib/python3.10/dist-packages'), ('COLCON', '1'), ('CMAKE_PREFIX_PATH', '/ws/install/openarmx_hardware:/ws/install/openarmx_description:/ws/install/openarmx_can:/ws/install/openarmx_bringup:/ws/install/openarmx_teleop_leader:/ws/install/openarmx_kp_kd_panel:/ws/install/openarmx:/ws/install/openarmx_gripper_panel:/ws/install/openarmx_bimanual_moveit_config:/ws/install/openarmx_teach:/opt/ros/humble')]), 'shell': False}
[0.278038] (openarmx_teleop_leader) StdoutLine: {'line': b'-- Install configuration: ""\n'}
[0.278437] (openarmx_teleop_leader) StdoutLine: {'line': b'-- Execute custom install script\n'}
[0.278667] (openarmx_teleop_leader) StdoutLine: {'line': b'-- Up-to-date symlink: /ws/install/openarmx_teleop_leader/lib/openarmx_teleop_leader/teleop_leader_node\n'}
[0.278791] (openarmx_teleop_leader) StdoutLine: {'line': b'-- Up-to-date symlink: /ws/install/openarmx_teleop_leader/lib/openarmx_teleop_leader/teleop_leader_with_gravitycomp_single\n'}
[0.279038] (openarmx_teleop_leader) StdoutLine: {'line': b'-- Up-to-date symlink: /ws/install/openarmx_teleop_leader/share/openarmx_teleop_leader/launch/bimanual_teleop.launch.py\n'}
[0.279118] (openarmx_teleop_leader) StdoutLine: {'line': b'-- Up-to-date symlink: /ws/install/openarmx_teleop_leader/share/openarmx_teleop_leader/launch/teleop_leader_with_gravitycomp_bimanual.launch.py\n'}
[0.279249] (openarmx_teleop_leader) StdoutLine: {'line': b'-- Up-to-date symlink: /ws/install/openarmx_teleop_leader/share/ament_index/resource_index/package_run_dependencies/openarmx_teleop_leader\n'}
[0.279372] (openarmx_teleop_leader) StdoutLine: {'line': b'-- Up-to-date symlink: /ws/install/openarmx_teleop_leader/share/ament_index/resource_index/parent_prefix_path/openarmx_teleop_leader\n'}
[0.279495] (openarmx_teleop_leader) StdoutLine: {'line': b'-- Up-to-date symlink: /ws/install/openarmx_teleop_leader/share/openarmx_teleop_leader/environment/ament_prefix_path.sh\n'}
[0.279603] (openarmx_teleop_leader) StdoutLine: {'line': b'-- Up-to-date symlink: /ws/install/openarmx_teleop_leader/share/openarmx_teleop_leader/environment/ament_prefix_path.dsv\n'}
[0.279719] (openarmx_teleop_leader) StdoutLine: {'line': b'-- Up-to-date symlink: /ws/install/openarmx_teleop_leader/share/openarmx_teleop_leader/environment/path.sh\n'}
[0.279824] (openarmx_teleop_leader) StdoutLine: {'line': b'-- Up-to-date symlink: /ws/install/openarmx_teleop_leader/share/openarmx_teleop_leader/environment/path.dsv\n'}
[0.279929] (openarmx_teleop_leader) StdoutLine: {'line': b'-- Up-to-date symlink: /ws/install/openarmx_teleop_leader/share/openarmx_teleop_leader/local_setup.bash\n'}
[0.280031] (openarmx_teleop_leader) StdoutLine: {'line': b'-- Up-to-date symlink: /ws/install/openarmx_teleop_leader/share/openarmx_teleop_leader/local_setup.sh\n'}
[0.280133] (openarmx_teleop_leader) StdoutLine: {'line': b'-- Up-to-date symlink: /ws/install/openarmx_teleop_leader/share/openarmx_teleop_leader/local_setup.zsh\n'}
[0.280233] (openarmx_teleop_leader) StdoutLine: {'line': b'-- Up-to-date symlink: /ws/install/openarmx_teleop_leader/share/openarmx_teleop_leader/local_setup.dsv\n'}
[0.280319] (openarmx_teleop_leader) StdoutLine: {'line': b'-- Symlinking: /ws/install/openarmx_teleop_leader/share/openarmx_teleop_leader/package.dsv\n'}
[0.284343] (openarmx_teleop_leader) StdoutLine: {'line': b'-- Up-to-date symlink: /ws/install/openarmx_teleop_leader/share/ament_index/resource_index/packages/openarmx_teleop_leader\n'}
[0.284497] (openarmx_teleop_leader) StdoutLine: {'line': b'-- Up-to-date symlink: /ws/install/openarmx_teleop_leader/share/openarmx_teleop_leader/cmake/openarmx_teleop_leaderConfig.cmake\n'}
[0.284586] (openarmx_teleop_leader) StdoutLine: {'line': b'-- Up-to-date symlink: /ws/install/openarmx_teleop_leader/share/openarmx_teleop_leader/cmake/openarmx_teleop_leaderConfig-version.cmake\n'}
[0.284650] (openarmx_teleop_leader) StdoutLine: {'line': b'-- Up-to-date symlink: /ws/install/openarmx_teleop_leader/share/openarmx_teleop_leader/package.xml\n'}
[0.285351] (openarmx_teleop_leader) CommandEnded: {'returncode': 0}
[0.291068] (openarmx_teleop_leader) JobEnded: {'identifier': 'openarmx_teleop_leader', 'rc': 0}
[0.300104] (-) TimerEvent: {}
[0.300358] (openarmx_teach) Command: {'cmd': ['/usr/bin/python3', '-W', 'ignore:setup.py install is deprecated', '-W', 'ignore:easy_install command is deprecated', 'setup.py', 'develop', '--editable', '--build-directory', '/ws/build/openarmx_teach/build', '--no-deps', 'symlink_data'], 'cwd': '/ws/build/openarmx_teach', 'env': {'HOSTNAME': 'sajio-System-Product-Name', 'SHLVL': '1', 'LD_LIBRARY_PATH': '/ws/install/openarmx_kp_kd_panel/lib:/ws/install/openarmx_hardware/lib:/ws/install/openarmx_gripper_panel/lib:/ws/install/openarmx_can/lib:/opt/ros/humble/opt/rviz_ogre_vendor/lib:/opt/ros/humble/lib/x86_64-linux-gnu:/opt/ros/humble/lib', 'HOME': '/root', 'ROS_PYTHON_VERSION': '3', 'COLCON_PREFIX_PATH': '/ws/install', 'ROS_DISTRO': 'humble', '_': '/usr/bin/colcon', 'ROS_VERSION': '2', 'TERM': 'xterm', 'ROS_LOCALHOST_ONLY': '0', 'QT_X11_NO_MITSHM': '1', 'PATH': '/opt/ros/humble/bin:/usr/local/sbin:/usr/local/bin:/usr/sbin:/usr/bin:/sbin:/bin', 'DISPLAY': ':0', 'LANG': 'C.UTF-8', 'AMENT_PREFIX_PATH': '/ws/install/openarmx_teleop_leader:/ws/install/openarmx_teach:/ws/install/openarmx_kp_kd_panel:/ws/install/openarmx:/ws/install/openarmx_hardware:/ws/install/openarmx_gripper_panel:/ws/install/openarmx_bimanual_moveit_config:/ws/install/openarmx_description:/ws/install/openarmx_can:/ws/install/openarmx_bringup:/opt/ros/humble', 'DEBIAN_FRONTEND': 'noninteractive', 'PWD': '/ws/build/openarmx_teach', 'LC_ALL': 'C.UTF-8', 'PYTHONPATH': '/ws/build/openarmx_teach/prefix_override:/usr/lib/python3/dist-packages/colcon_core/task/python/colcon_distutils_commands:/ws/install/openarmx_teach/lib/python3.10/site-packages:/ws/build/openarmx_teach:/ws/install/openarmx_teach/lib/python3.10/site-packages:/opt/ros/humble/lib/python3.10/site-packages:/opt/ros/humble/local/lib/python3.10/dist-packages', 'COLCON': '1', 'CMAKE_PREFIX_PATH': '/ws/install/openarmx_teleop_leader:/ws/install/openarmx_kp_kd_panel:/ws/install/openarmx:/ws/install/openarmx_hardware:/ws/install/openarmx_gripper_panel:/ws/install/openarmx_bimanual_moveit_config:/ws/install/openarmx_description:/ws/install/openarmx_can:/ws/install/openarmx_bringup'}, 'shell': False}
[0.301612] (openarmx) CommandEnded: {'returncode': 0}
[0.301902] (openarmx) JobProgress: {'identifier': 'openarmx', 'progress': 'install'}
[0.302022] (openarmx) Command: {'cmd': ['/usr/bin/cmake', '--install', '/ws/build/openarmx'], 'cwd': '/ws/build/openarmx', 'env': OrderedDict([('HOSTNAME', 'sajio-System-Product-Name'), ('SHLVL', '1'), ('LD_LIBRARY_PATH', '/ws/install/openarmx_hardware/lib:/ws/install/openarmx_kp_kd_panel/lib:/ws/install/openarmx_gripper_panel/lib:/ws/install/openarmx_can/lib:/opt/ros/humble/opt/rviz_ogre_vendor/lib:/opt/ros/humble/lib/x86_64-linux-gnu:/opt/ros/humble/lib'), ('HOME', '/root'), ('ROS_PYTHON_VERSION', '3'), ('COLCON_PREFIX_PATH', '/ws/install'), ('ROS_DISTRO', 'humble'), ('_', '/usr/bin/colcon'), ('ROS_VERSION', '2'), ('TERM', 'xterm'), ('ROS_LOCALHOST_ONLY', '0'), ('QT_X11_NO_MITSHM', '1'), ('PATH', '/opt/ros/humble/bin:/usr/local/sbin:/usr/local/bin:/usr/sbin:/usr/bin:/sbin:/bin'), ('DISPLAY', ':0'), ('LANG', 'C.UTF-8'), ('AMENT_PREFIX_PATH', '/ws/install/openarmx_teleop_leader:/ws/install/openarmx_teach:/ws/install/openarmx_kp_kd_panel:/ws/install/openarmx:/ws/install/openarmx_hardware:/ws/install/openarmx_gripper_panel:/ws/install/openarmx_bimanual_moveit_config:/ws/install/openarmx_description:/ws/install/openarmx_can:/ws/install/openarmx_bringup:/opt/ros/humble'), ('DEBIAN_FRONTEND', 'noninteractive'), ('PWD', '/ws/build/openarmx'), ('LC_ALL', 'C.UTF-8'), ('PYTHONPATH', '/ws/build/openarmx_teach:/ws/install/openarmx_teach/lib/python3.10/site-packages:/opt/ros/humble/lib/python3.10/site-packages:/opt/ros/humble/local/lib/python3.10/dist-packages'), ('COLCON', '1'), ('CMAKE_PREFIX_PATH', '/ws/install/openarmx_hardware:/ws/install/openarmx_description:/ws/install/openarmx_can:/ws/install/openarmx_bringup:/ws/install/openarmx_teleop_leader:/ws/install/openarmx_kp_kd_panel:/ws/install/openarmx:/ws/install/openarmx_gripper_panel:/ws/install/openarmx_bimanual_moveit_config:/ws/install/openarmx_teach:/opt/ros/humble')]), 'shell': False}
[0.305608] (openarmx) StdoutLine: {'line': b'-- Install configuration: ""\n'}
[0.305847] (openarmx) StdoutLine: {'line': b'-- Execute custom install script\n'}
[0.305943] (openarmx) StdoutLine: {'line': b'-- Up-to-date symlink: /ws/install/openarmx/share/ament_index/resource_index/package_run_dependencies/openarmx\n'}
[0.306010] (openarmx) StdoutLine: {'line': b'-- Up-to-date symlink: /ws/install/openarmx/share/ament_index/resource_index/parent_prefix_path/openarmx\n'}
[0.306077] (openarmx) StdoutLine: {'line': b'-- Up-to-date symlink: /ws/install/openarmx/share/openarmx/environment/ament_prefix_path.sh\n'}
[0.306130] (openarmx) StdoutLine: {'line': b'-- Up-to-date symlink: /ws/install/openarmx/share/openarmx/environment/ament_prefix_path.dsv\n'}
[0.306187] (openarmx) StdoutLine: {'line': b'-- Up-to-date symlink: /ws/install/openarmx/share/openarmx/environment/path.sh\n'}
[0.306236] (openarmx) StdoutLine: {'line': b'-- Up-to-date symlink: /ws/install/openarmx/share/openarmx/environment/path.dsv\n'}
[0.306294] (openarmx) StdoutLine: {'line': b'-- Up-to-date symlink: /ws/install/openarmx/share/openarmx/local_setup.bash\n'}
[0.306339] (openarmx) StdoutLine: {'line': b'-- Up-to-date symlink: /ws/install/openarmx/share/openarmx/local_setup.sh\n'}
[0.306384] (openarmx) StdoutLine: {'line': b'-- Up-to-date symlink: /ws/install/openarmx/share/openarmx/local_setup.zsh\n'}
[0.306428] (openarmx) StdoutLine: {'line': b'-- Up-to-date symlink: /ws/install/openarmx/share/openarmx/local_setup.dsv\n'}
[0.306463] (openarmx) StdoutLine: {'line': b'-- Symlinking: /ws/install/openarmx/share/openarmx/package.dsv\n'}
[0.310307] (openarmx) StdoutLine: {'line': b'-- Up-to-date symlink: /ws/install/openarmx/share/ament_index/resource_index/packages/openarmx\n'}
[0.310365] (openarmx) StdoutLine: {'line': b'-- Up-to-date symlink: /ws/install/openarmx/share/openarmx/cmake/openarmxConfig.cmake\n'}
[0.310401] (openarmx) StdoutLine: {'line': b'-- Up-to-date symlink: /ws/install/openarmx/share/openarmx/cmake/openarmxConfig-version.cmake\n'}
[0.310456] (openarmx) StdoutLine: {'line': b'-- Up-to-date symlink: /ws/install/openarmx/share/openarmx/package.xml\n'}
[0.311256] (openarmx) CommandEnded: {'returncode': 0}
[0.316095] (openarmx) JobEnded: {'identifier': 'openarmx', 'rc': 0}
[0.400232] (-) TimerEvent: {}
[0.400855] (openarmx_teach) StdoutLine: {'line': b'running develop\n'}
[0.447131] (openarmx_teach) StdoutLine: {'line': b'running egg_info\n'}
[0.447283] (openarmx_teach) StdoutLine: {'line': b'writing openarmx_teach.egg-info/PKG-INFO\n'}
[0.447312] (openarmx_teach) StdoutLine: {'line': b'writing dependency_links to openarmx_teach.egg-info/dependency_links.txt\n'}
[0.447470] (openarmx_teach) StdoutLine: {'line': b'writing entry points to openarmx_teach.egg-info/entry_points.txt\n'}
[0.447528] (openarmx_teach) StdoutLine: {'line': b'writing requirements to openarmx_teach.egg-info/requires.txt\n'}
[0.447555] (openarmx_teach) StdoutLine: {'line': b'writing top-level names to openarmx_teach.egg-info/top_level.txt\n'}
[0.448076] (openarmx_teach) StdoutLine: {'line': b"reading manifest file 'openarmx_teach.egg-info/SOURCES.txt'\n"}
[0.448402] (openarmx_teach) StdoutLine: {'line': b"writing manifest file 'openarmx_teach.egg-info/SOURCES.txt'\n"}
[0.449073] (openarmx_teach) StdoutLine: {'line': b'running build_ext\n'}
[0.449118] (openarmx_teach) StdoutLine: {'line': b'Creating /ws/install/openarmx_teach/lib/python3.10/site-packages/openarmx-teach.egg-link (link to .)\n'}
[0.449484] (openarmx_teach) StdoutLine: {'line': b'Installing play_joint_trajectory script to /ws/install/openarmx_teach/lib/openarmx_teach\n'}
[0.449549] (openarmx_teach) StdoutLine: {'line': b'Installing record_joint_states_always script to /ws/install/openarmx_teach/lib/openarmx_teach\n'}
[0.449608] (openarmx_teach) StdoutLine: {'line': b'Installing record_joint_states_stepbystep script to /ws/install/openarmx_teach/lib/openarmx_teach\n'}
[0.449655] (openarmx_teach) StdoutLine: {'line': b'\n'}
[0.449679] (openarmx_teach) StdoutLine: {'line': b'Installed /ws/build/openarmx_teach\n'}
[0.449701] (openarmx_teach) StdoutLine: {'line': b'running symlink_data\n'}
[0.460946] (openarmx_teach) CommandEnded: {'returncode': 0}
[0.465496] (openarmx_teach) JobEnded: {'identifier': 'openarmx_teach', 'rc': 0}
[0.465874] (-) EventReactorShutdown: {}
