[0.015s] Invoking command in '/ws/build/openarmx_can': CMAKE_PREFIX_PATH=${CMAKE_PREFIX_PATH}:/ws/install/openarmx_teach:/opt/ros/humble /usr/bin/cmake --build /ws/build/openarmx_can -- -j20 -l20
[0.052s] [ 50%] Built target openarmx_can
[0.070s] [ 60%] Built target motor-check
[0.072s] [ 70%] Built target robstride-demo-full
[0.074s] [ 80%] Built target robstride-demo-gripper
[0.076s] [ 90%] Built target robstride-demo
[0.076s] [100%] Built target python-style-test
[0.152s] Invoked command in '/ws/build/openarmx_can' returned '0': CMAKE_PREFIX_PATH=${CMAKE_PREFIX_PATH}:/ws/install/openarmx_teach:/opt/ros/humble /usr/bin/cmake --build /ws/build/openarmx_can -- -j20 -l20
[0.152s] Invoking command in '/ws/build/openarmx_can': CMAKE_PREFIX_PATH=${CMAKE_PREFIX_PATH}:/ws/install/openarmx_teach:/opt/ros/humble /usr/bin/cmake --install /ws/build/openarmx_can
[0.157s] -- Install configuration: ""
[0.158s] -- Execute custom install script
[0.158s] -- Up-to-date symlink: /ws/install/openarmx_can/lib/cmake/OpenArmCANOpenArmXCom/OpenArmXCANConfig.cmake
[0.158s] -- Up-to-date symlink: /ws/install/openarmx_can/lib/cmake/OpenArmCANOpenArmXCom/OpenArmXCANVersion.cmake
[0.158s] -- Up-to-date symlink: /ws/install/openarmx_can/lib/pkgconfig/openarmx-can.pc
[0.159s] -- Up-to-date symlink: /ws/install/openarmx_can/include/openarm/can/socket/arm_component.hpp
[0.159s] -- Up-to-date symlink: /ws/install/openarmx_can/include/openarm/can/socket/gripper_component.hpp
[0.159s] -- Up-to-date symlink: /ws/install/openarmx_can/include/openarm/can/socket/openarm.hpp
[0.159s] -- Up-to-date symlink: /ws/install/openarmx_can/include/openarm/canbus/can_device.hpp
[0.159s] -- Up-to-date symlink: /ws/install/openarmx_can/include/openarm/canbus/can_device_collection.hpp
[0.159s] -- Up-to-date symlink: /ws/install/openarmx_can/include/openarm/canbus/can_socket.hpp
[0.159s] -- Up-to-date symlink: /ws/install/openarmx_can/include/openarm/robstride_motor/rs_motor.hpp
[0.159s] -- Up-to-date symlink: /ws/install/openarmx_can/include/openarm/robstride_motor/rs_motor_constants.hpp
[0.159s] -- Up-to-date symlink: /ws/install/openarmx_can/include/openarm/robstride_motor/rs_motor_control.hpp
[0.159s] -- Up-to-date symlink: /ws/install/openarmx_can/include/openarm/robstride_motor/rs_motor_device.hpp
[0.159s] -- Up-to-date symlink: /ws/install/openarmx_can/include/openarm/robstride_motor/rs_motor_device_collection.hpp
[0.159s] -- Up-to-date symlink: /ws/install/openarmx_can/lib/openarmx_can/robstride-demo
[0.160s] -- Up-to-date symlink: /ws/install/openarmx_can/lib/openarmx_can/python-style-test
[0.160s] -- Up-to-date symlink: /ws/install/openarmx_can/lib/openarmx_can/robstride-demo-full
[0.160s] -- Up-to-date symlink: /ws/install/openarmx_can/lib/openarmx_can/robstride-demo-gripper
[0.160s] -- Up-to-date symlink: /ws/install/openarmx_can/lib/openarmx_can/motor-check
[0.160s] -- Up-to-date symlink: /ws/install/openarmx_can/lib/cmake/openarmx_can/openarmx_canConfig.cmake
[0.160s] -- Up-to-date symlink: /ws/install/openarmx_can/share/openarmx_can/environment/library_path.sh
[0.160s] -- Up-to-date symlink: /ws/install/openarmx_can/share/openarmx_can/environment/library_path.dsv
[0.160s] -- Up-to-date symlink: /ws/install/openarmx_can/share/ament_index/resource_index/package_run_dependencies/openarmx_can
[0.160s] -- Up-to-date symlink: /ws/install/openarmx_can/share/ament_index/resource_index/parent_prefix_path/openarmx_can
[0.160s] -- Up-to-date symlink: /ws/install/openarmx_can/share/openarmx_can/environment/ament_prefix_path.sh
[0.160s] -- Up-to-date symlink: /ws/install/openarmx_can/share/openarmx_can/environment/ament_prefix_path.dsv
[0.161s] -- Up-to-date symlink: /ws/install/openarmx_can/share/openarmx_can/environment/path.sh
[0.161s] -- Up-to-date symlink: /ws/install/openarmx_can/share/openarmx_can/environment/path.dsv
[0.161s] -- Up-to-date symlink: /ws/install/openarmx_can/share/openarmx_can/local_setup.bash
[0.161s] -- Up-to-date symlink: /ws/install/openarmx_can/share/openarmx_can/local_setup.sh
[0.161s] -- Up-to-date symlink: /ws/install/openarmx_can/share/openarmx_can/local_setup.zsh
[0.161s] -- Up-to-date symlink: /ws/install/openarmx_can/share/openarmx_can/local_setup.dsv
[0.161s] -- Symlinking: /ws/install/openarmx_can/share/openarmx_can/package.dsv
[0.167s] -- Up-to-date symlink: /ws/install/openarmx_can/share/ament_index/resource_index/packages/openarmx_can
[0.167s] -- Up-to-date symlink: /ws/install/openarmx_can/share/openarmx_can/cmake/ament_cmake_export_targets-extras.cmake
[0.168s] -- Up-to-date symlink: /ws/install/openarmx_can/share/openarmx_can/cmake/openarmx_canConfig.cmake
[0.168s] -- Up-to-date symlink: /ws/install/openarmx_can/share/openarmx_can/cmake/openarmx_canConfig-version.cmake
[0.168s] -- Up-to-date symlink: /ws/install/openarmx_can/share/openarmx_can/package.xml
[0.170s] -- Up-to-date: /ws/install/openarmx_can/lib/libopenarmx_can.a
[0.171s] -- Up-to-date: /ws/install/openarmx_can/lib/cmake/OpenArmCANOpenArmXCom/OpenArmCANOpenArmXComTargets.cmake
[0.171s] -- Up-to-date: /ws/install/openarmx_can/lib/cmake/OpenArmCANOpenArmXCom/OpenArmCANOpenArmXComTargets-noconfig.cmake
[0.171s] -- Up-to-date: /ws/install/openarmx_can/lib/libopenarmx_can.a
[0.171s] -- Up-to-date: /ws/install/openarmx_can/lib/cmake/openarmx_can/openarmx_canTargets.cmake
[0.171s] -- Up-to-date: /ws/install/openarmx_can/lib/cmake/openarmx_can/openarmx_canTargets-noconfig.cmake
[0.171s] -- Up-to-date: /ws/install/openarmx_can/share/openarmx_can/cmake/openarmx_canTargetsExport.cmake
[0.172s] -- Up-to-date: /ws/install/openarmx_can/share/openarmx_can/cmake/openarmx_canTargetsExport-noconfig.cmake
[0.184s] Invoked command in '/ws/build/openarmx_can' returned '0': CMAKE_PREFIX_PATH=${CMAKE_PREFIX_PATH}:/ws/install/openarmx_teach:/opt/ros/humble /usr/bin/cmake --install /ws/build/openarmx_can
