[0.000000] (-) TimerEvent: {}
[0.000302] (openarmx_bringup) JobQueued: {'identifier': 'openarmx_bringup', 'dependencies': OrderedDict()}
[0.000468] (openarmx_can) JobQueued: {'identifier': 'openarmx_can', 'dependencies': OrderedDict()}
[0.000501] (openarmx_description) JobQueued: {'identifier': 'openarmx_description', 'dependencies': OrderedDict()}
[0.000627] (openarmx_gripper_panel) JobQueued: {'identifier': 'openarmx_gripper_panel', 'dependencies': OrderedDict()}
[0.000656] (openarmx_kp_kd_panel) JobQueued: {'identifier': 'openarmx_kp_kd_panel', 'dependencies': OrderedDict()}
[0.000870] (openarmx_teach) JobQueued: {'identifier': 'openarmx_teach', 'dependencies': OrderedDict()}
[0.000898] (openarmx_bimanual_moveit_config) JobQueued: {'identifier': 'openarmx_bimanual_moveit_config', 'dependencies': OrderedDict([('openarmx_description', '/ws/install/openarmx_description')])}
[0.000922] (openarmx_hardware) JobQueued: {'identifier': 'openarmx_hardware', 'dependencies': OrderedDict([('openarmx_can', '/ws/install/openarmx_can')])}
[0.000942] (openarmx_teleop_leader) JobQueued: {'identifier': 'openarmx_teleop_leader', 'dependencies': OrderedDict([('openarmx_can', '/ws/install/openarmx_can')])}
[0.000957] (openarmx) JobQueued: {'identifier': 'openarmx', 'dependencies': OrderedDict([('openarmx_bringup', '/ws/install/openarmx_bringup'), ('openarmx_can', '/ws/install/openarmx_can'), ('openarmx_description', '/ws/install/openarmx_description'), ('openarmx_hardware', '/ws/install/openarmx_hardware')])}
[0.000977] (openarmx_can) JobStarted: {'identifier': 'openarmx_can'}
[0.004053] (openarmx_description) JobStarted: {'identifier': 'openarmx_description'}
[0.005746] (openarmx_bringup) JobStarted: {'identifier': 'openarmx_bringup'}
[0.007356] (openarmx_gripper_panel) JobStarted: {'identifier': 'openarmx_gripper_panel'}
[0.009114] (openarmx_kp_kd_panel) JobStarted: {'identifier': 'openarmx_kp_kd_panel'}
[0.010716] (openarmx_teach) JobStarted: {'identifier': 'openarmx_teach'}
[0.014599] (openarmx_can) JobProgress: {'identifier': 'openarmx_can', 'progress': 'cmake'}
[0.014845] (openarmx_can) JobProgress: {'identifier': 'openarmx_can', 'progress': 'build'}
[0.015163] (openarmx_can) Command: {'cmd': ['/usr/bin/cmake', '--build', '/ws/build/openarmx_can', '--', '-j20', '-l20'], 'cwd': '/ws/build/openarmx_can', 'env': OrderedDict([('HOSTNAME', 'sajio-System-Product-Name'), ('SHLVL', '1'), ('LD_LIBRARY_PATH', '/ws/install/openarmx_kp_kd_panel/lib:/ws/install/openarmx_hardware/lib:/ws/install/openarmx_gripper_panel/lib:/ws/install/openarmx_can/lib:/opt/ros/humble/opt/rviz_ogre_vendor/lib:/opt/ros/humble/lib/x86_64-linux-gnu:/opt/ros/humble/lib'), ('HOME', '/root'), ('ROS_PYTHON_VERSION', '3'), ('COLCON_PREFIX_PATH', '/ws/install'), ('ROS_DISTRO', 'humble'), ('_', '/usr/bin/colcon'), ('ROS_VERSION', '2'), ('TERM', 'xterm'), ('ROS_LOCALHOST_ONLY', '0'), ('QT_X11_NO_MITSHM', '1'), ('PATH', '/opt/ros/humble/bin:/usr/local/sbin:/usr/local/bin:/usr/sbin:/usr/bin:/sbin:/bin'), ('DISPLAY', ':0'), ('LANG', 'C.UTF-8'), ('AMENT_PREFIX_PATH', '/ws/install/openarmx_teleop_leader:/ws/install/openarmx_teach:/ws/install/openarmx_kp_kd_panel:/ws/install/openarmx:/ws/install/openarmx_hardware:/ws/install/openarmx_gripper_panel:/ws/install/openarmx_bimanual_moveit_config:/ws/install/openarmx_description:/ws/install/openarmx_can:/ws/install/openarmx_bringup:/opt/ros/humble'), ('DEBIAN_FRONTEND', 'noninteractive'), ('PWD', '/ws/build/openarmx_can'), ('LC_ALL', 'C.UTF-8'), ('PYTHONPATH', '/ws/build/openarmx_teach:/ws/install/openarmx_teach/lib/python3.10/site-packages:/opt/ros/humble/lib/python3.10/site-packages:/opt/ros/humble/local/lib/python3.10/dist-packages'), ('COLCON', '1'), ('CMAKE_PREFIX_PATH', '/ws/install/openarmx_teleop_leader:/ws/install/openarmx_kp_kd_panel:/ws/install/openarmx:/ws/install/openarmx_hardware:/ws/install/openarmx_gripper_panel:/ws/install/openarmx_bimanual_moveit_config:/ws/install/openarmx_description:/ws/install/openarmx_can:/ws/install/openarmx_bringup:/ws/install/openarmx_teach:/opt/ros/humble')]), 'shell': False}
[0.016246] (openarmx_description) JobProgress: {'identifier': 'openarmx_description', 'progress': 'cmake'}
[0.016454] (openarmx_description) JobProgress: {'identifier': 'openarmx_description', 'progress': 'build'}
[0.016589] (openarmx_description) Command: {'cmd': ['/usr/bin/cmake', '--build', '/ws/build/openarmx_description', '--', '-j20', '-l20'], 'cwd': '/ws/build/openarmx_description', 'env': OrderedDict([('HOSTNAME', 'sajio-System-Product-Name'), ('SHLVL', '1'), ('LD_LIBRARY_PATH', '/ws/install/openarmx_kp_kd_panel/lib:/ws/install/openarmx_hardware/lib:/ws/install/openarmx_gripper_panel/lib:/ws/install/openarmx_can/lib:/opt/ros/humble/opt/rviz_ogre_vendor/lib:/opt/ros/humble/lib/x86_64-linux-gnu:/opt/ros/humble/lib'), ('HOME', '/root'), ('ROS_PYTHON_VERSION', '3'), ('COLCON_PREFIX_PATH', '/ws/install'), ('ROS_DISTRO', 'humble'), ('_', '/usr/bin/colcon'), ('ROS_VERSION', '2'), ('TERM', 'xterm'), ('ROS_LOCALHOST_ONLY', '0'), ('QT_X11_NO_MITSHM', '1'), ('PATH', '/opt/ros/humble/bin:/usr/local/sbin:/usr/local/bin:/usr/sbin:/usr/bin:/sbin:/bin'), ('DISPLAY', ':0'), ('LANG', 'C.UTF-8'), ('AMENT_PREFIX_PATH', '/ws/install/openarmx_teleop_leader:/ws/install/openarmx_teach:/ws/install/openarmx_kp_kd_panel:/ws/install/openarmx:/ws/install/openarmx_hardware:/ws/install/openarmx_gripper_panel:/ws/install/openarmx_bimanual_moveit_config:/ws/install/openarmx_description:/ws/install/openarmx_can:/ws/install/openarmx_bringup:/opt/ros/humble'), ('DEBIAN_FRONTEND', 'noninteractive'), ('PWD', '/ws/build/openarmx_description'), ('LC_ALL', 'C.UTF-8'), ('PYTHONPATH', '/ws/build/openarmx_teach:/ws/install/openarmx_teach/lib/python3.10/site-packages:/opt/ros/humble/lib/python3.10/site-packages:/opt/ros/humble/local/lib/python3.10/dist-packages'), ('COLCON', '1'), ('CMAKE_PREFIX_PATH', '/ws/install/openarmx_teleop_leader:/ws/install/openarmx_kp_kd_panel:/ws/install/openarmx:/ws/install/openarmx_hardware:/ws/install/openarmx_gripper_panel:/ws/install/openarmx_bimanual_moveit_config:/ws/install/openarmx_description:/ws/install/openarmx_can:/ws/install/openarmx_bringup:/ws/install/openarmx_teach:/opt/ros/humble')]), 'shell': False}
[0.017195] (openarmx_bringup) JobProgress: {'identifier': 'openarmx_bringup', 'progress': 'cmake'}
[0.017277] (openarmx_bringup) JobProgress: {'identifier': 'openarmx_bringup', 'progress': 'build'}
[0.017417] (openarmx_bringup) Command: {'cmd': ['/usr/bin/cmake', '--build', '/ws/build/openarmx_bringup', '--', '-j20', '-l20'], 'cwd': '/ws/build/openarmx_bringup', 'env': OrderedDict([('HOSTNAME', 'sajio-System-Product-Name'), ('SHLVL', '1'), ('LD_LIBRARY_PATH', '/ws/install/openarmx_kp_kd_panel/lib:/ws/install/openarmx_hardware/lib:/ws/install/openarmx_gripper_panel/lib:/ws/install/openarmx_can/lib:/opt/ros/humble/opt/rviz_ogre_vendor/lib:/opt/ros/humble/lib/x86_64-linux-gnu:/opt/ros/humble/lib'), ('HOME', '/root'), ('ROS_PYTHON_VERSION', '3'), ('COLCON_PREFIX_PATH', '/ws/install'), ('ROS_DISTRO', 'humble'), ('_', '/usr/bin/colcon'), ('ROS_VERSION', '2'), ('TERM', 'xterm'), ('ROS_LOCALHOST_ONLY', '0'), ('QT_X11_NO_MITSHM', '1'), ('PATH', '/opt/ros/humble/bin:/usr/local/sbin:/usr/local/bin:/usr/sbin:/usr/bin:/sbin:/bin'), ('DISPLAY', ':0'), ('LANG', 'C.UTF-8'), ('AMENT_PREFIX_PATH', '/ws/install/openarmx_teleop_leader:/ws/install/openarmx_teach:/ws/install/openarmx_kp_kd_panel:/ws/install/openarmx:/ws/install/openarmx_hardware:/ws/install/openarmx_gripper_panel:/ws/install/openarmx_bimanual_moveit_config:/ws/install/openarmx_description:/ws/install/openarmx_can:/ws/install/openarmx_bringup:/opt/ros/humble'), ('DEBIAN_FRONTEND', 'noninteractive'), ('PWD', '/ws/build/openarmx_bringup'), ('LC_ALL', 'C.UTF-8'), ('PYTHONPATH', '/ws/build/openarmx_teach:/ws/install/openarmx_teach/lib/python3.10/site-packages:/opt/ros/humble/lib/python3.10/site-packages:/opt/ros/humble/local/lib/python3.10/dist-packages'), ('COLCON', '1'), ('CMAKE_PREFIX_PATH', '/ws/install/openarmx_teleop_leader:/ws/install/openarmx_kp_kd_panel:/ws/install/openarmx:/ws/install/openarmx_hardware:/ws/install/openarmx_gripper_panel:/ws/install/openarmx_bimanual_moveit_config:/ws/install/openarmx_description:/ws/install/openarmx_can:/ws/install/openarmx_bringup:/ws/install/openarmx_teach:/opt/ros/humble')]), 'shell': False}
[0.017925] (openarmx_gripper_panel) JobProgress: {'identifier': 'openarmx_gripper_panel', 'progress': 'cmake'}
[0.018198] (openarmx_gripper_panel) JobProgress: {'identifier': 'openarmx_gripper_panel', 'progress': 'build'}
[0.018324] (openarmx_gripper_panel) Command: {'cmd': ['/usr/bin/cmake', '--build', '/ws/build/openarmx_gripper_panel', '--', '-j20', '-l20'], 'cwd': '/ws/build/openarmx_gripper_panel', 'env': OrderedDict([('HOSTNAME', 'sajio-System-Product-Name'), ('SHLVL', '1'), ('LD_LIBRARY_PATH', '/ws/install/openarmx_kp_kd_panel/lib:/ws/install/openarmx_hardware/lib:/ws/install/openarmx_gripper_panel/lib:/ws/install/openarmx_can/lib:/opt/ros/humble/opt/rviz_ogre_vendor/lib:/opt/ros/humble/lib/x86_64-linux-gnu:/opt/ros/humble/lib'), ('HOME', '/root'), ('ROS_PYTHON_VERSION', '3'), ('COLCON_PREFIX_PATH', '/ws/install'), ('ROS_DISTRO', 'humble'), ('_', '/usr/bin/colcon'), ('ROS_VERSION', '2'), ('TERM', 'xterm'), ('ROS_LOCALHOST_ONLY', '0'), ('QT_X11_NO_MITSHM', '1'), ('PATH', '/opt/ros/humble/bin:/usr/local/sbin:/usr/local/bin:/usr/sbin:/usr/bin:/sbin:/bin'), ('DISPLAY', ':0'), ('LANG', 'C.UTF-8'), ('AMENT_PREFIX_PATH', '/ws/install/openarmx_teleop_leader:/ws/install/openarmx_teach:/ws/install/openarmx_kp_kd_panel:/ws/install/openarmx:/ws/install/openarmx_hardware:/ws/install/openarmx_gripper_panel:/ws/install/openarmx_bimanual_moveit_config:/ws/install/openarmx_description:/ws/install/openarmx_can:/ws/install/openarmx_bringup:/opt/ros/humble'), ('DEBIAN_FRONTEND', 'noninteractive'), ('PWD', '/ws/build/openarmx_gripper_panel'), ('LC_ALL', 'C.UTF-8'), ('PYTHONPATH', '/ws/build/openarmx_teach:/ws/install/openarmx_teach/lib/python3.10/site-packages:/opt/ros/humble/lib/python3.10/site-packages:/opt/ros/humble/local/lib/python3.10/dist-packages'), ('COLCON', '1'), ('CMAKE_PREFIX_PATH', '/ws/install/openarmx_teleop_leader:/ws/install/openarmx_kp_kd_panel:/ws/install/openarmx:/ws/install/openarmx_hardware:/ws/install/openarmx_gripper_panel:/ws/install/openarmx_bimanual_moveit_config:/ws/install/openarmx_description:/ws/install/openarmx_can:/ws/install/openarmx_bringup:/ws/install/openarmx_teach:/opt/ros/humble')]), 'shell': False}
[0.018907] (openarmx_kp_kd_panel) JobProgress: {'identifier': 'openarmx_kp_kd_panel', 'progress': 'cmake'}
[0.019150] (openarmx_kp_kd_panel) JobProgress: {'identifier': 'openarmx_kp_kd_panel', 'progress': 'build'}
[0.019530] (openarmx_kp_kd_panel) Command: {'cmd': ['/usr/bin/cmake', '--build', '/ws/build/openarmx_kp_kd_panel', '--', '-j20', '-l20'], 'cwd': '/ws/build/openarmx_kp_kd_panel', 'env': OrderedDict([('HOSTNAME', 'sajio-System-Product-Name'), ('SHLVL', '1'), ('LD_LIBRARY_PATH', '/ws/install/openarmx_kp_kd_panel/lib:/ws/install/openarmx_hardware/lib:/ws/install/openarmx_gripper_panel/lib:/ws/install/openarmx_can/lib:/opt/ros/humble/opt/rviz_ogre_vendor/lib:/opt/ros/humble/lib/x86_64-linux-gnu:/opt/ros/humble/lib'), ('HOME', '/root'), ('ROS_PYTHON_VERSION', '3'), ('COLCON_PREFIX_PATH', '/ws/install'), ('ROS_DISTRO', 'humble'), ('_', '/usr/bin/colcon'), ('ROS_VERSION', '2'), ('TERM', 'xterm'), ('ROS_LOCALHOST_ONLY', '0'), ('QT_X11_NO_MITSHM', '1'), ('PATH', '/opt/ros/humble/bin:/usr/local/sbin:/usr/local/bin:/usr/sbin:/usr/bin:/sbin:/bin'), ('DISPLAY', ':0'), ('LANG', 'C.UTF-8'), ('AMENT_PREFIX_PATH', '/ws/install/openarmx_teleop_leader:/ws/install/openarmx_teach:/ws/install/openarmx_kp_kd_panel:/ws/install/openarmx:/ws/install/openarmx_hardware:/ws/install/openarmx_gripper_panel:/ws/install/openarmx_bimanual_moveit_config:/ws/install/openarmx_description:/ws/install/openarmx_can:/ws/install/openarmx_bringup:/opt/ros/humble'), ('DEBIAN_FRONTEND', 'noninteractive'), ('PWD', '/ws/build/openarmx_kp_kd_panel'), ('LC_ALL', 'C.UTF-8'), ('PYTHONPATH', '/ws/build/openarmx_teach:/ws/install/openarmx_teach/lib/python3.10/site-packages:/opt/ros/humble/lib/python3.10/site-packages:/opt/ros/humble/local/lib/python3.10/dist-packages'), ('COLCON', '1'), ('CMAKE_PREFIX_PATH', '/ws/install/openarmx_teleop_leader:/ws/install/openarmx_kp_kd_panel:/ws/install/openarmx:/ws/install/openarmx_hardware:/ws/install/openarmx_gripper_panel:/ws/install/openarmx_bimanual_moveit_config:/ws/install/openarmx_description:/ws/install/openarmx_can:/ws/install/openarmx_bringup:/ws/install/openarmx_teach:/opt/ros/humble')]), 'shell': False}
[0.047956] (openarmx_gripper_panel) StdoutLine: {'line': b'[ 25%] \x1b[34m\x1b[1mAutomatic MOC for target openarmx_gripper_panel\x1b[0m\n'}
[0.049625] (openarmx_kp_kd_panel) StdoutLine: {'line': b'[ 25%] \x1b[34m\x1b[1mAutomatic MOC and UIC for target openarmx_kp_kd_panel\x1b[0m\n'}
[0.050625] (openarmx_can) StdoutLine: {'line': b'[ 50%] Built target openarmx_can\n'}
[0.060724] (openarmx_can) StdoutLine: {'line': b'[ 60%] Built target robstride-demo-full\n'}
[0.060900] (openarmx_can) StdoutLine: {'line': b'[ 70%] Built target motor-check\n'}
[0.061250] (openarmx_gripper_panel) StdoutLine: {'line': b'[ 25%] Built target openarmx_gripper_panel_autogen\n'}
[0.061613] (openarmx_kp_kd_panel) StdoutLine: {'line': b'[ 25%] Built target openarmx_kp_kd_panel_autogen\n'}
[0.063051] (openarmx_can) StdoutLine: {'line': b'[ 80%] Built target robstride-demo\n'}
[0.064833] (openarmx_can) StdoutLine: {'line': b'[ 90%] Built target robstride-demo-gripper\n'}
[0.064937] (openarmx_can) StdoutLine: {'line': b'[100%] Built target python-style-test\n'}
[0.076820] (openarmx_gripper_panel) StdoutLine: {'line': b'[100%] Built target openarmx_gripper_panel\n'}
[0.078090] (openarmx_kp_kd_panel) StdoutLine: {'line': b'[100%] Built target openarmx_kp_kd_panel\n'}
[0.099848] (-) TimerEvent: {}
[0.135731] (openarmx_can) CommandEnded: {'returncode': 0}
[0.136010] (openarmx_can) JobProgress: {'identifier': 'openarmx_can', 'progress': 'install'}
[0.140082] (openarmx_can) Command: {'cmd': ['/usr/bin/cmake', '--install', '/ws/build/openarmx_can'], 'cwd': '/ws/build/openarmx_can', 'env': OrderedDict([('HOSTNAME', 'sajio-System-Product-Name'), ('SHLVL', '1'), ('LD_LIBRARY_PATH', '/ws/install/openarmx_kp_kd_panel/lib:/ws/install/openarmx_hardware/lib:/ws/install/openarmx_gripper_panel/lib:/ws/install/openarmx_can/lib:/opt/ros/humble/opt/rviz_ogre_vendor/lib:/opt/ros/humble/lib/x86_64-linux-gnu:/opt/ros/humble/lib'), ('HOME', '/root'), ('ROS_PYTHON_VERSION', '3'), ('COLCON_PREFIX_PATH', '/ws/install'), ('ROS_DISTRO', 'humble'), ('_', '/usr/bin/colcon'), ('ROS_VERSION', '2'), ('TERM', 'xterm'), ('ROS_LOCALHOST_ONLY', '0'), ('QT_X11_NO_MITSHM', '1'), ('PATH', '/opt/ros/humble/bin:/usr/local/sbin:/usr/local/bin:/usr/sbin:/usr/bin:/sbin:/bin'), ('DISPLAY', ':0'), ('LANG', 'C.UTF-8'), ('AMENT_PREFIX_PATH', '/ws/install/openarmx_teleop_leader:/ws/install/openarmx_teach:/ws/install/openarmx_kp_kd_panel:/ws/install/openarmx:/ws/install/openarmx_hardware:/ws/install/openarmx_gripper_panel:/ws/install/openarmx_bimanual_moveit_config:/ws/install/openarmx_description:/ws/install/openarmx_can:/ws/install/openarmx_bringup:/opt/ros/humble'), ('DEBIAN_FRONTEND', 'noninteractive'), ('PWD', '/ws/build/openarmx_can'), ('LC_ALL', 'C.UTF-8'), ('PYTHONPATH', '/ws/build/openarmx_teach:/ws/install/openarmx_teach/lib/python3.10/site-packages:/opt/ros/humble/lib/python3.10/site-packages:/opt/ros/humble/local/lib/python3.10/dist-packages'), ('COLCON', '1'), ('CMAKE_PREFIX_PATH', '/ws/install/openarmx_teleop_leader:/ws/install/openarmx_kp_kd_panel:/ws/install/openarmx:/ws/install/openarmx_hardware:/ws/install/openarmx_gripper_panel:/ws/install/openarmx_bimanual_moveit_config:/ws/install/openarmx_description:/ws/install/openarmx_can:/ws/install/openarmx_bringup:/ws/install/openarmx_teach:/opt/ros/humble')]), 'shell': False}
[0.140586] (openarmx_description) CommandEnded: {'returncode': 0}
[0.140773] (openarmx_description) JobProgress: {'identifier': 'openarmx_description', 'progress': 'install'}
[0.140905] (openarmx_description) Command: {'cmd': ['/usr/bin/cmake', '--install', '/ws/build/openarmx_description'], 'cwd': '/ws/build/openarmx_description', 'env': OrderedDict([('HOSTNAME', 'sajio-System-Product-Name'), ('SHLVL', '1'), ('LD_LIBRARY_PATH', '/ws/install/openarmx_kp_kd_panel/lib:/ws/install/openarmx_hardware/lib:/ws/install/openarmx_gripper_panel/lib:/ws/install/openarmx_can/lib:/opt/ros/humble/opt/rviz_ogre_vendor/lib:/opt/ros/humble/lib/x86_64-linux-gnu:/opt/ros/humble/lib'), ('HOME', '/root'), ('ROS_PYTHON_VERSION', '3'), ('COLCON_PREFIX_PATH', '/ws/install'), ('ROS_DISTRO', 'humble'), ('_', '/usr/bin/colcon'), ('ROS_VERSION', '2'), ('TERM', 'xterm'), ('ROS_LOCALHOST_ONLY', '0'), ('QT_X11_NO_MITSHM', '1'), ('PATH', '/opt/ros/humble/bin:/usr/local/sbin:/usr/local/bin:/usr/sbin:/usr/bin:/sbin:/bin'), ('DISPLAY', ':0'), ('LANG', 'C.UTF-8'), ('AMENT_PREFIX_PATH', '/ws/install/openarmx_teleop_leader:/ws/install/openarmx_teach:/ws/install/openarmx_kp_kd_panel:/ws/install/openarmx:/ws/install/openarmx_hardware:/ws/install/openarmx_gripper_panel:/ws/install/openarmx_bimanual_moveit_config:/ws/install/openarmx_description:/ws/install/openarmx_can:/ws/install/openarmx_bringup:/opt/ros/humble'), ('DEBIAN_FRONTEND', 'noninteractive'), ('PWD', '/ws/build/openarmx_description'), ('LC_ALL', 'C.UTF-8'), ('PYTHONPATH', '/ws/build/openarmx_teach:/ws/install/openarmx_teach/lib/python3.10/site-packages:/opt/ros/humble/lib/python3.10/site-packages:/opt/ros/humble/local/lib/python3.10/dist-packages'), ('COLCON', '1'), ('CMAKE_PREFIX_PATH', '/ws/install/openarmx_teleop_leader:/ws/install/openarmx_kp_kd_panel:/ws/install/openarmx:/ws/install/openarmx_hardware:/ws/install/openarmx_gripper_panel:/ws/install/openarmx_bimanual_moveit_config:/ws/install/openarmx_description:/ws/install/openarmx_can:/ws/install/openarmx_bringup:/ws/install/openarmx_teach:/opt/ros/humble')]), 'shell': False}
[0.141309] (openarmx_bringup) CommandEnded: {'returncode': 0}
[0.141490] (openarmx_bringup) JobProgress: {'identifier': 'openarmx_bringup', 'progress': 'install'}
[0.141610] (openarmx_bringup) Command: {'cmd': ['/usr/bin/cmake', '--install', '/ws/build/openarmx_bringup'], 'cwd': '/ws/build/openarmx_bringup', 'env': OrderedDict([('HOSTNAME', 'sajio-System-Product-Name'), ('SHLVL', '1'), ('LD_LIBRARY_PATH', '/ws/install/openarmx_kp_kd_panel/lib:/ws/install/openarmx_hardware/lib:/ws/install/openarmx_gripper_panel/lib:/ws/install/openarmx_can/lib:/opt/ros/humble/opt/rviz_ogre_vendor/lib:/opt/ros/humble/lib/x86_64-linux-gnu:/opt/ros/humble/lib'), ('HOME', '/root'), ('ROS_PYTHON_VERSION', '3'), ('COLCON_PREFIX_PATH', '/ws/install'), ('ROS_DISTRO', 'humble'), ('_', '/usr/bin/colcon'), ('ROS_VERSION', '2'), ('TERM', 'xterm'), ('ROS_LOCALHOST_ONLY', '0'), ('QT_X11_NO_MITSHM', '1'), ('PATH', '/opt/ros/humble/bin:/usr/local/sbin:/usr/local/bin:/usr/sbin:/usr/bin:/sbin:/bin'), ('DISPLAY', ':0'), ('LANG', 'C.UTF-8'), ('AMENT_PREFIX_PATH', '/ws/install/openarmx_teleop_leader:/ws/install/openarmx_teach:/ws/install/openarmx_kp_kd_panel:/ws/install/openarmx:/ws/install/openarmx_hardware:/ws/install/openarmx_gripper_panel:/ws/install/openarmx_bimanual_moveit_config:/ws/install/openarmx_description:/ws/install/openarmx_can:/ws/install/openarmx_bringup:/opt/ros/humble'), ('DEBIAN_FRONTEND', 'noninteractive'), ('PWD', '/ws/build/openarmx_bringup'), ('LC_ALL', 'C.UTF-8'), ('PYTHONPATH', '/ws/build/openarmx_teach:/ws/install/openarmx_teach/lib/python3.10/site-packages:/opt/ros/humble/lib/python3.10/site-packages:/opt/ros/humble/local/lib/python3.10/dist-packages'), ('COLCON', '1'), ('CMAKE_PREFIX_PATH', '/ws/install/openarmx_teleop_leader:/ws/install/openarmx_kp_kd_panel:/ws/install/openarmx:/ws/install/openarmx_hardware:/ws/install/openarmx_gripper_panel:/ws/install/openarmx_bimanual_moveit_config:/ws/install/openarmx_description:/ws/install/openarmx_can:/ws/install/openarmx_bringup:/ws/install/openarmx_teach:/opt/ros/humble')]), 'shell': False}
[0.141970] (openarmx_gripper_panel) CommandEnded: {'returncode': 0}
[0.142158] (openarmx_gripper_panel) JobProgress: {'identifier': 'openarmx_gripper_panel', 'progress': 'install'}
[0.142323] (openarmx_gripper_panel) Command: {'cmd': ['/usr/bin/cmake', '--install', '/ws/build/openarmx_gripper_panel'], 'cwd': '/ws/build/openarmx_gripper_panel', 'env': OrderedDict([('HOSTNAME', 'sajio-System-Product-Name'), ('SHLVL', '1'), ('LD_LIBRARY_PATH', '/ws/install/openarmx_kp_kd_panel/lib:/ws/install/openarmx_hardware/lib:/ws/install/openarmx_gripper_panel/lib:/ws/install/openarmx_can/lib:/opt/ros/humble/opt/rviz_ogre_vendor/lib:/opt/ros/humble/lib/x86_64-linux-gnu:/opt/ros/humble/lib'), ('HOME', '/root'), ('ROS_PYTHON_VERSION', '3'), ('COLCON_PREFIX_PATH', '/ws/install'), ('ROS_DISTRO', 'humble'), ('_', '/usr/bin/colcon'), ('ROS_VERSION', '2'), ('TERM', 'xterm'), ('ROS_LOCALHOST_ONLY', '0'), ('QT_X11_NO_MITSHM', '1'), ('PATH', '/opt/ros/humble/bin:/usr/local/sbin:/usr/local/bin:/usr/sbin:/usr/bin:/sbin:/bin'), ('DISPLAY', ':0'), ('LANG', 'C.UTF-8'), ('AMENT_PREFIX_PATH', '/ws/install/openarmx_teleop_leader:/ws/install/openarmx_teach:/ws/install/openarmx_kp_kd_panel:/ws/install/openarmx:/ws/install/openarmx_hardware:/ws/install/openarmx_gripper_panel:/ws/install/openarmx_bimanual_moveit_config:/ws/install/openarmx_description:/ws/install/openarmx_can:/ws/install/openarmx_bringup:/opt/ros/humble'), ('DEBIAN_FRONTEND', 'noninteractive'), ('PWD', '/ws/build/openarmx_gripper_panel'), ('LC_ALL', 'C.UTF-8'), ('PYTHONPATH', '/ws/build/openarmx_teach:/ws/install/openarmx_teach/lib/python3.10/site-packages:/opt/ros/humble/lib/python3.10/site-packages:/opt/ros/humble/local/lib/python3.10/dist-packages'), ('COLCON', '1'), ('CMAKE_PREFIX_PATH', '/ws/install/openarmx_teleop_leader:/ws/install/openarmx_kp_kd_panel:/ws/install/openarmx:/ws/install/openarmx_hardware:/ws/install/openarmx_gripper_panel:/ws/install/openarmx_bimanual_moveit_config:/ws/install/openarmx_description:/ws/install/openarmx_can:/ws/install/openarmx_bringup:/ws/install/openarmx_teach:/opt/ros/humble')]), 'shell': False}
[0.142898] (openarmx_kp_kd_panel) CommandEnded: {'returncode': 0}
[0.143080] (openarmx_kp_kd_panel) JobProgress: {'identifier': 'openarmx_kp_kd_panel', 'progress': 'install'}
[0.143255] (openarmx_kp_kd_panel) Command: {'cmd': ['/usr/bin/cmake', '--install', '/ws/build/openarmx_kp_kd_panel'], 'cwd': '/ws/build/openarmx_kp_kd_panel', 'env': OrderedDict([('HOSTNAME', 'sajio-System-Product-Name'), ('SHLVL', '1'), ('LD_LIBRARY_PATH', '/ws/install/openarmx_kp_kd_panel/lib:/ws/install/openarmx_hardware/lib:/ws/install/openarmx_gripper_panel/lib:/ws/install/openarmx_can/lib:/opt/ros/humble/opt/rviz_ogre_vendor/lib:/opt/ros/humble/lib/x86_64-linux-gnu:/opt/ros/humble/lib'), ('HOME', '/root'), ('ROS_PYTHON_VERSION', '3'), ('COLCON_PREFIX_PATH', '/ws/install'), ('ROS_DISTRO', 'humble'), ('_', '/usr/bin/colcon'), ('ROS_VERSION', '2'), ('TERM', 'xterm'), ('ROS_LOCALHOST_ONLY', '0'), ('QT_X11_NO_MITSHM', '1'), ('PATH', '/opt/ros/humble/bin:/usr/local/sbin:/usr/local/bin:/usr/sbin:/usr/bin:/sbin:/bin'), ('DISPLAY', ':0'), ('LANG', 'C.UTF-8'), ('AMENT_PREFIX_PATH', '/ws/install/openarmx_teleop_leader:/ws/install/openarmx_teach:/ws/install/openarmx_kp_kd_panel:/ws/install/openarmx:/ws/install/openarmx_hardware:/ws/install/openarmx_gripper_panel:/ws/install/openarmx_bimanual_moveit_config:/ws/install/openarmx_description:/ws/install/openarmx_can:/ws/install/openarmx_bringup:/opt/ros/humble'), ('DEBIAN_FRONTEND', 'noninteractive'), ('PWD', '/ws/build/openarmx_kp_kd_panel'), ('LC_ALL', 'C.UTF-8'), ('PYTHONPATH', '/ws/build/openarmx_teach:/ws/install/openarmx_teach/lib/python3.10/site-packages:/opt/ros/humble/lib/python3.10/site-packages:/opt/ros/humble/local/lib/python3.10/dist-packages'), ('COLCON', '1'), ('CMAKE_PREFIX_PATH', '/ws/install/openarmx_teleop_leader:/ws/install/openarmx_kp_kd_panel:/ws/install/openarmx:/ws/install/openarmx_hardware:/ws/install/openarmx_gripper_panel:/ws/install/openarmx_bimanual_moveit_config:/ws/install/openarmx_description:/ws/install/openarmx_can:/ws/install/openarmx_bringup:/ws/install/openarmx_teach:/opt/ros/humble')]), 'shell': False}
[0.144135] (openarmx_can) StdoutLine: {'line': b'-- Install configuration: ""\n'}
[0.144258] (openarmx_can) StdoutLine: {'line': b'-- Execute custom install script\n'}
[0.144405] (openarmx_can) StdoutLine: {'line': b'-- Up-to-date symlink: /ws/install/openarmx_can/lib/cmake/OpenArmCANOpenArmXCom/OpenArmXCANConfig.cmake\n'}
[0.144444] (openarmx_can) StdoutLine: {'line': b'-- Up-to-date symlink: /ws/install/openarmx_can/lib/cmake/OpenArmCANOpenArmXCom/OpenArmXCANVersion.cmake\n'}
[0.144528] (openarmx_can) StdoutLine: {'line': b'-- Up-to-date symlink: /ws/install/openarmx_can/lib/pkgconfig/openarmx-can.pc\n'}
[0.144557] (openarmx_description) StdoutLine: {'line': b'-- Install configuration: ""\n'}
[0.145024] (openarmx_description) StdoutLine: {'line': b'-- Execute custom install script\n'}
[0.145283] (openarmx_can) StdoutLine: {'line': b'-- Up-to-date symlink: /ws/install/openarmx_can/include/openarm/can/socket/arm_component.hpp\n'}
[0.146330] (openarmx_can) StdoutLine: {'line': b'-- Up-to-date symlink: /ws/install/openarmx_can/include/openarm/can/socket/gripper_component.hpp\n'}
[0.146940] (openarmx_can) StdoutLine: {'line': b'-- Up-to-date symlink: /ws/install/openarmx_can/include/openarm/can/socket/openarm.hpp\n'}
[0.147496] (openarmx_can) StdoutLine: {'line': b'-- Up-to-date symlink: /ws/install/openarmx_can/include/openarm/canbus/can_device.hpp\n'}
[0.147642] (openarmx_can) StdoutLine: {'line': b'-- Up-to-date symlink: /ws/install/openarmx_can/include/openarm/canbus/can_device_collection.hpp\n'}
[0.147764] (openarmx_can) StdoutLine: {'line': b'-- Up-to-date symlink: /ws/install/openarmx_can/include/openarm/canbus/can_socket.hpp\n'}
[0.147925] (openarmx_can) StdoutLine: {'line': b'-- Up-to-date symlink: /ws/install/openarmx_can/include/openarm/robstride_motor/rs_motor.hpp\n'}
[0.148064] (openarmx_can) StdoutLine: {'line': b'-- Up-to-date symlink: /ws/install/openarmx_can/include/openarm/robstride_motor/rs_motor_constants.hpp\n'}
[0.148213] (openarmx_can) StdoutLine: {'line': b'-- Up-to-date symlink: /ws/install/openarmx_can/include/openarm/robstride_motor/rs_motor_control.hpp\n'}
[0.148305] (openarmx_can) StdoutLine: {'line': b'-- Up-to-date symlink: /ws/install/openarmx_can/include/openarm/robstride_motor/rs_motor_device.hpp\n'}
[0.148408] (openarmx_can) StdoutLine: {'line': b'-- Up-to-date symlink: /ws/install/openarmx_can/include/openarm/robstride_motor/rs_motor_device_collection.hpp\n'}
[0.148500] (openarmx_description) StdoutLine: {'line': b'-- Up-to-date symlink: /ws/install/openarmx_description/share/openarmx_description/launch/display_openarmx.launch.py\n'}
[0.148608] (openarmx_can) StdoutLine: {'line': b'-- Up-to-date symlink: /ws/install/openarmx_can/lib/openarmx_can/robstride-demo\n'}
[0.148726] (openarmx_description) StdoutLine: {'line': b'-- Up-to-date symlink: /ws/install/openarmx_description/share/openarmx_description/meshes/arm/v10/collision/link0_symp.stl\n'}
[0.148806] (openarmx_description) StdoutLine: {'line': b'-- Up-to-date symlink: /ws/install/openarmx_description/share/openarmx_description/meshes/arm/v10/collision/link1_symp.stl\n'}
[0.148876] (openarmx_description) StdoutLine: {'line': b'-- Up-to-date symlink: /ws/install/openarmx_description/share/openarmx_description/meshes/arm/v10/collision/link2_symp.stl\n'}
[0.148947] (openarmx_can) StdoutLine: {'line': b'-- Up-to-date symlink: /ws/install/openarmx_can/lib/openarmx_can/python-style-test\n'}
[0.149024] (openarmx_description) StdoutLine: {'line': b'-- Up-to-date symlink: /ws/install/openarmx_description/share/openarmx_description/meshes/arm/v10/collision/link3_symp.stl\n'}
[0.149098] (openarmx_can) StdoutLine: {'line': b'-- Up-to-date symlink: /ws/install/openarmx_can/lib/openarmx_can/robstride-demo-full\n'}
[0.149201] (openarmx_can) StdoutLine: {'line': b'-- Up-to-date symlink: /ws/install/openarmx_can/lib/openarmx_can/robstride-demo-gripper\n'}
[0.149283] (openarmx_can) StdoutLine: {'line': b'-- Up-to-date symlink: /ws/install/openarmx_can/lib/openarmx_can/motor-check\n'}
[0.149363] (openarmx_description) StdoutLine: {'line': b'-- Up-to-date symlink: /ws/install/openarmx_description/share/openarmx_description/meshes/arm/v10/collision/link4_symp.stl\n'}
[0.149456] (openarmx_description) StdoutLine: {'line': b'-- Up-to-date symlink: /ws/install/openarmx_description/share/openarmx_description/meshes/arm/v10/collision/link5_symp.stl\n'}
[0.149542] (openarmx_description) StdoutLine: {'line': b'-- Up-to-date symlink: /ws/install/openarmx_description/share/openarmx_description/meshes/arm/v10/collision/link6_symp.stl\n'}
[0.149628] (openarmx_description) StdoutLine: {'line': b'-- Up-to-date symlink: /ws/install/openarmx_description/share/openarmx_description/meshes/arm/v10/collision/link7_symp.stl\n'}
[0.149729] (openarmx_description) StdoutLine: {'line': b'-- Up-to-date symlink: /ws/install/openarmx_description/share/openarmx_description/meshes/arm/v10/visual/link0.dae\n'}
[0.149814] (openarmx_can) StdoutLine: {'line': b'-- Up-to-date symlink: /ws/install/openarmx_can/lib/cmake/openarmx_can/openarmx_canConfig.cmake\n'}
[0.149888] (openarmx_description) StdoutLine: {'line': b'-- Up-to-date symlink: /ws/install/openarmx_description/share/openarmx_description/meshes/arm/v10/visual/link0.stl\n'}
[0.149984] (openarmx_description) StdoutLine: {'line': b'-- Up-to-date symlink: /ws/install/openarmx_description/share/openarmx_description/meshes/arm/v10/visual/link1.dae\n'}
[0.150057] (openarmx_description) StdoutLine: {'line': b'-- Up-to-date symlink: /ws/install/openarmx_description/share/openarmx_description/meshes/arm/v10/visual/link1.stl\n'}
[0.150154] (openarmx_can) StdoutLine: {'line': b'-- Up-to-date symlink: /ws/install/openarmx_can/share/openarmx_can/environment/library_path.sh\n'}
[0.150227] (openarmx_can) StdoutLine: {'line': b'-- Up-to-date symlink: /ws/install/openarmx_can/share/openarmx_can/environment/library_path.dsv\n'}
[0.150310] (openarmx_description) StdoutLine: {'line': b'-- Up-to-date symlink: /ws/install/openarmx_description/share/openarmx_description/meshes/arm/v10/visual/link2.dae\n'}
[0.150392] (openarmx_description) StdoutLine: {'line': b'-- Up-to-date symlink: /ws/install/openarmx_description/share/openarmx_description/meshes/arm/v10/visual/link2.stl\n'}
[0.150487] (openarmx_description) StdoutLine: {'line': b'-- Up-to-date symlink: /ws/install/openarmx_description/share/openarmx_description/meshes/arm/v10/visual/link3.dae\n'}
[0.150562] (openarmx_description) StdoutLine: {'line': b'-- Up-to-date symlink: /ws/install/openarmx_description/share/openarmx_description/meshes/arm/v10/visual/link3.stl\n'}
[0.150651] (openarmx_description) StdoutLine: {'line': b'-- Up-to-date symlink: /ws/install/openarmx_description/share/openarmx_description/meshes/arm/v10/visual/link4.dae\n'}
[0.150726] (openarmx_description) StdoutLine: {'line': b'-- Up-to-date symlink: /ws/install/openarmx_description/share/openarmx_description/meshes/arm/v10/visual/link4.stl\n'}
[0.150782] (openarmx_description) StdoutLine: {'line': b'-- Up-to-date symlink: /ws/install/openarmx_description/share/openarmx_description/meshes/arm/v10/visual/link5.dae\n'}
[0.150853] (openarmx_description) StdoutLine: {'line': b'-- Up-to-date symlink: /ws/install/openarmx_description/share/openarmx_description/meshes/arm/v10/visual/link5.stl\n'}
[0.150917] (openarmx_description) StdoutLine: {'line': b'-- Up-to-date symlink: /ws/install/openarmx_description/share/openarmx_description/meshes/arm/v10/visual/link6.dae\n'}
[0.150982] (openarmx_description) StdoutLine: {'line': b'-- Up-to-date symlink: /ws/install/openarmx_description/share/openarmx_description/meshes/arm/v10/visual/link6.stl\n'}
[0.151054] (openarmx_description) StdoutLine: {'line': b'-- Up-to-date symlink: /ws/install/openarmx_description/share/openarmx_description/meshes/arm/v10/visual/link7.dae\n'}
[0.151119] (openarmx_description) StdoutLine: {'line': b'-- Up-to-date symlink: /ws/install/openarmx_description/share/openarmx_description/meshes/arm/v10/visual/link7.stl\n'}
[0.151184] (openarmx_description) StdoutLine: {'line': b'-- Up-to-date symlink: /ws/install/openarmx_description/share/openarmx_description/meshes/body/v10/collision/body_link0_symp.stl\n'}
[0.151250] (openarmx_description) StdoutLine: {'line': b'-- Up-to-date symlink: /ws/install/openarmx_description/share/openarmx_description/meshes/body/v10/visual/body_link0.dae\n'}
[0.151315] (openarmx_description) StdoutLine: {'line': b'-- Up-to-date symlink: /ws/install/openarmx_description/share/openarmx_description/meshes/body/v10/visual/body_link0.stl\n'}
[0.151397] (openarmx_description) StdoutLine: {'line': b'-- Up-to-date symlink: /ws/install/openarmx_description/share/openarmx_description/meshes/ee/openarmx_hand/collision/finger.stl\n'}
[0.151465] (openarmx_description) StdoutLine: {'line': b'-- Up-to-date symlink: /ws/install/openarmx_description/share/openarmx_description/meshes/ee/openarmx_hand/collision/hand.stl\n'}
[0.151532] (openarmx_description) StdoutLine: {'line': b'-- Up-to-date symlink: /ws/install/openarmx_description/share/openarmx_description/meshes/ee/openarmx_hand/visual/finger.dae\n'}
[0.151585] (openarmx_description) StdoutLine: {'line': b'-- Up-to-date symlink: /ws/install/openarmx_description/share/openarmx_description/meshes/ee/openarmx_hand/visual/finger.stl\n'}
[0.151639] (openarmx_description) StdoutLine: {'line': b'-- Up-to-date symlink: /ws/install/openarmx_description/share/openarmx_description/meshes/ee/openarmx_hand/visual/hand.dae\n'}
[0.151706] (openarmx_description) StdoutLine: {'line': b'-- Up-to-date symlink: /ws/install/openarmx_description/share/openarmx_description/rviz/arm_only.rviz\n'}
[0.151778] (openarmx_description) StdoutLine: {'line': b'-- Up-to-date symlink: /ws/install/openarmx_description/share/openarmx_description/rviz/bimanual.rviz\n'}
[0.151842] (openarmx_can) StdoutLine: {'line': b'-- Up-to-date symlink: /ws/install/openarmx_can/share/ament_index/resource_index/package_run_dependencies/openarmx_can\n'}
[0.151899] (openarmx_can) StdoutLine: {'line': b'-- Up-to-date symlink: /ws/install/openarmx_can/share/ament_index/resource_index/parent_prefix_path/openarmx_can\n'}
[0.151954] (openarmx_can) StdoutLine: {'line': b'-- Up-to-date symlink: /ws/install/openarmx_can/share/openarmx_can/environment/ament_prefix_path.sh\n'}
[0.152018] (openarmx_can) StdoutLine: {'line': b'-- Up-to-date symlink: /ws/install/openarmx_can/share/openarmx_can/environment/ament_prefix_path.dsv\n'}
[0.152081] (openarmx_can) StdoutLine: {'line': b'-- Up-to-date symlink: /ws/install/openarmx_can/share/openarmx_can/environment/path.sh\n'}
[0.152145] (openarmx_can) StdoutLine: {'line': b'-- Up-to-date symlink: /ws/install/openarmx_can/share/openarmx_can/environment/path.dsv\n'}
[0.152199] (openarmx_can) StdoutLine: {'line': b'-- Up-to-date symlink: /ws/install/openarmx_can/share/openarmx_can/local_setup.bash\n'}
[0.152265] (openarmx_can) StdoutLine: {'line': b'-- Up-to-date symlink: /ws/install/openarmx_can/share/openarmx_can/local_setup.sh\n'}
[0.152334] (openarmx_can) StdoutLine: {'line': b'-- Up-to-date symlink: /ws/install/openarmx_can/share/openarmx_can/local_setup.zsh\n'}
[0.152431] (openarmx_can) StdoutLine: {'line': b'-- Up-to-date symlink: /ws/install/openarmx_can/share/openarmx_can/local_setup.dsv\n'}
[0.152497] (openarmx_can) StdoutLine: {'line': b'-- Symlinking: /ws/install/openarmx_can/share/openarmx_can/package.dsv\n'}
[0.152552] (openarmx_description) StdoutLine: {'line': b'-- Up-to-date symlink: /ws/install/openarmx_description/share/openarmx_description/urdf/arm/openarmx_arm.xacro\n'}
[0.152627] (openarmx_description) StdoutLine: {'line': b'-- Up-to-date symlink: /ws/install/openarmx_description/share/openarmx_description/urdf/arm/openarmx_macro.xacro\n'}
[0.152682] (openarmx_description) StdoutLine: {'line': b'-- Up-to-date symlink: /ws/install/openarmx_description/share/openarmx_description/urdf/body/openarmx_body.xacro\n'}
[0.152743] (openarmx_description) StdoutLine: {'line': b'-- Up-to-date symlink: /ws/install/openarmx_description/share/openarmx_description/urdf/body/openarmx_body_macro.xacro\n'}
[0.152796] (openarmx_description) StdoutLine: {'line': b'-- Up-to-date symlink: /ws/install/openarmx_description/share/openarmx_description/urdf/ee/ee_with_one_link.xacro\n'}
[0.152860] (openarmx_description) StdoutLine: {'line': b'-- Up-to-date symlink: /ws/install/openarmx_description/share/openarmx_description/urdf/ee/openarmx_hand.xacro\n'}
[0.152914] (openarmx_description) StdoutLine: {'line': b'-- Up-to-date symlink: /ws/install/openarmx_description/share/openarmx_description/urdf/ee/openarmx_hand_arguments.xacro\n'}
[0.152979] (openarmx_description) StdoutLine: {'line': b'-- Up-to-date symlink: /ws/install/openarmx_description/share/openarmx_description/urdf/ee/openarmx_hand_macro.xacro\n'}
[0.153050] (openarmx_description) StdoutLine: {'line': b'-- Up-to-date symlink: /ws/install/openarmx_description/share/openarmx_description/urdf/robot/openarmx_bimanual_sim.urdf\n'}
[0.153130] (openarmx_description) StdoutLine: {'line': b'-- Up-to-date symlink: /ws/install/openarmx_description/share/openarmx_description/urdf/robot/openarmx_robot.xacro\n'}
[0.153202] (openarmx_description) StdoutLine: {'line': b'-- Up-to-date symlink: /ws/install/openarmx_description/share/openarmx_description/urdf/robot/v10.urdf.xacro\n'}
[0.153274] (openarmx_description) StdoutLine: {'line': b'-- Up-to-date symlink: /ws/install/openarmx_description/share/openarmx_description/urdf/ros2_control/openarmx.bimanual.ros2_control.xacro\n'}
[0.153345] (openarmx_description) StdoutLine: {'line': b'-- Up-to-date symlink: /ws/install/openarmx_description/share/openarmx_description/urdf/ros2_control/openarmx.ros2_control.xacro\n'}
[0.153422] (openarmx_bringup) StdoutLine: {'line': b'-- Install configuration: ""\n'}
[0.153504] (openarmx_description) StdoutLine: {'line': b'-- Up-to-date symlink: /ws/install/openarmx_description/share/openarmx_description/config/arm/v10/inertials.yaml\n'}
[0.153558] (openarmx_description) StdoutLine: {'line': b'-- Up-to-date symlink: /ws/install/openarmx_description/share/openarmx_description/config/arm/v10/joint_limits.yaml\n'}
[0.153612] (openarmx_description) StdoutLine: {'line': b'-- Up-to-date symlink: /ws/install/openarmx_description/share/openarmx_description/config/arm/v10/kinematics.yaml\n'}
[0.153817] (openarmx_description) StdoutLine: {'line': b'-- Up-to-date symlink: /ws/install/openarmx_description/share/openarmx_description/config/arm/v10/kinematics_link.yaml\n'}
[0.154121] (openarmx_description) StdoutLine: {'line': b'-- Up-to-date symlink: /ws/install/openarmx_description/share/openarmx_description/config/arm/v10/kinematics_offset.yaml\n'}
[0.154288] (openarmx_description) StdoutLine: {'line': b'-- Up-to-date symlink: /ws/install/openarmx_description/share/openarmx_description/config/body/v10/inertials.yaml\n'}
[0.154777] (openarmx_description) StdoutLine: {'line': b'-- Up-to-date symlink: /ws/install/openarmx_description/share/openarmx_description/config/body/v10/kinematics.yaml\n'}
[0.154898] (openarmx_bringup) StdoutLine: {'line': b'-- Execute custom install script\n'}
[0.155046] (openarmx_description) StdoutLine: {'line': b'-- Up-to-date symlink: /ws/install/openarmx_description/share/openarmx_description/config/body/v10/kinematics_link.yaml\n'}
[0.155280] (openarmx_description) StdoutLine: {'line': b'-- Up-to-date symlink: /ws/install/openarmx_description/share/openarmx_description/config/hand/openarmx_hand/inertials.yaml\n'}
[0.155409] (openarmx_description) StdoutLine: {'line': b'-- Up-to-date symlink: /ws/install/openarmx_description/share/openarmx_description/config/hand/openarmx_hand/joint_limits.yaml\n'}
[0.155597] (openarmx_description) StdoutLine: {'line': b'-- Up-to-date symlink: /ws/install/openarmx_description/share/openarmx_description/config/hand/openarmx_hand/kinematics.yaml\n'}
[0.155730] (openarmx_description) StdoutLine: {'line': b'-- Up-to-date symlink: /ws/install/openarmx_description/share/openarmx_description/config/hand/openarmx_hand/kinematics_link.yaml\n'}
[0.155888] (openarmx_description) StdoutLine: {'line': b'-- Up-to-date symlink: /ws/install/openarmx_description/share/ament_index/resource_index/package_run_dependencies/openarmx_description\n'}
[0.156026] (openarmx_description) StdoutLine: {'line': b'-- Up-to-date symlink: /ws/install/openarmx_description/share/ament_index/resource_index/parent_prefix_path/openarmx_description\n'}
[0.156146] (openarmx_bringup) StdoutLine: {'line': b'-- Up-to-date symlink: /ws/install/openarmx_bringup/share/openarmx_bringup/launch/openarm.bimanual.launch.py\n'}
[0.156215] (openarmx_description) StdoutLine: {'line': b'-- Up-to-date symlink: /ws/install/openarmx_description/share/openarmx_description/environment/ament_prefix_path.sh\n'}
[0.156333] (openarmx_bringup) StdoutLine: {'line': b'-- Up-to-date symlink: /ws/install/openarmx_bringup/share/openarmx_bringup/config/v10_controllers/openarm_v10_bimanual_controllers.yaml\n'}
[0.156449] (openarmx_description) StdoutLine: {'line': b'-- Up-to-date symlink: /ws/install/openarmx_description/share/openarmx_description/environment/ament_prefix_path.dsv\n'}
[0.156532] (openarmx_bringup) StdoutLine: {'line': b'-- Up-to-date symlink: /ws/install/openarmx_bringup/share/openarmx_bringup/config/v10_controllers/openarm_v10_bimanual_controllers_namespaced.yaml\n'}
[0.156673] (openarmx_bringup) StdoutLine: {'line': b'-- Up-to-date symlink: /ws/install/openarmx_bringup/share/openarmx_bringup/config/v10_controllers/openarm_v10_controllers.yaml\n'}
[0.156768] (openarmx_description) StdoutLine: {'line': b'-- Up-to-date symlink: /ws/install/openarmx_description/share/openarmx_description/environment/path.sh\n'}
[0.156870] (openarmx_description) StdoutLine: {'line': b'-- Up-to-date symlink: /ws/install/openarmx_description/share/openarmx_description/environment/path.dsv\n'}
[0.156971] (openarmx_description) StdoutLine: {'line': b'-- Up-to-date symlink: /ws/install/openarmx_description/share/openarmx_description/local_setup.bash\n'}
[0.157041] (openarmx_bringup) StdoutLine: {'line': b'-- Up-to-date symlink: /ws/install/openarmx_bringup/share/ament_index/resource_index/package_run_dependencies/openarmx_bringup\n'}
[0.157270] (openarmx_description) StdoutLine: {'line': b'-- Up-to-date symlink: /ws/install/openarmx_description/share/openarmx_description/local_setup.sh\n'}
[0.157371] (openarmx_bringup) StdoutLine: {'line': b'-- Up-to-date symlink: /ws/install/openarmx_bringup/share/ament_index/resource_index/parent_prefix_path/openarmx_bringup\n'}
[0.157477] (openarmx_description) StdoutLine: {'line': b'-- Up-to-date symlink: /ws/install/openarmx_description/share/openarmx_description/local_setup.zsh\n'}
[0.157590] (openarmx_bringup) StdoutLine: {'line': b'-- Up-to-date symlink: /ws/install/openarmx_bringup/share/openarmx_bringup/environment/ament_prefix_path.sh\n'}
[0.157661] (openarmx_gripper_panel) StdoutLine: {'line': b'-- Install configuration: ""\n'}
[0.157743] (openarmx_description) StdoutLine: {'line': b'-- Up-to-date symlink: /ws/install/openarmx_description/share/openarmx_description/local_setup.dsv\n'}
[0.157852] (openarmx_description) StdoutLine: {'line': b'-- Symlinking: /ws/install/openarmx_description/share/openarmx_description/package.dsv\n'}
[0.157941] (openarmx_bringup) StdoutLine: {'line': b'-- Up-to-date symlink: /ws/install/openarmx_bringup/share/openarmx_bringup/environment/ament_prefix_path.dsv\n'}
[0.158038] (openarmx_bringup) StdoutLine: {'line': b'-- Up-to-date symlink: /ws/install/openarmx_bringup/share/openarmx_bringup/environment/path.sh\n'}
[0.158093] (openarmx_bringup) StdoutLine: {'line': b'-- Up-to-date symlink: /ws/install/openarmx_bringup/share/openarmx_bringup/environment/path.dsv\n'}
[0.158201] (openarmx_bringup) StdoutLine: {'line': b'-- Up-to-date symlink: /ws/install/openarmx_bringup/share/openarmx_bringup/local_setup.bash\n'}
[0.158349] (openarmx_bringup) StdoutLine: {'line': b'-- Up-to-date symlink: /ws/install/openarmx_bringup/share/openarmx_bringup/local_setup.sh\n'}
[0.158412] (openarmx_bringup) StdoutLine: {'line': b'-- Up-to-date symlink: /ws/install/openarmx_bringup/share/openarmx_bringup/local_setup.zsh\n'}
[0.158466] (openarmx_bringup) StdoutLine: {'line': b'-- Up-to-date symlink: /ws/install/openarmx_bringup/share/openarmx_bringup/local_setup.dsv\n'}
[0.158574] (openarmx_bringup) StdoutLine: {'line': b'-- Symlinking: /ws/install/openarmx_bringup/share/openarmx_bringup/package.dsv\n'}
[0.158630] (openarmx_gripper_panel) StdoutLine: {'line': b'-- Execute custom install script\n'}
[0.158704] (openarmx_gripper_panel) StdoutLine: {'line': b'-- Up-to-date symlink: /ws/install/openarmx_gripper_panel/include/openarmx_gripper_panel/gripper_panel.hpp\n'}
[0.158826] (openarmx_gripper_panel) StdoutLine: {'line': b'-- Up-to-date symlink: /ws/install/openarmx_gripper_panel/share/openarmx_gripper_panel/plugin_description.xml\n'}
[0.158890] (openarmx_kp_kd_panel) StdoutLine: {'line': b'-- Install configuration: ""\n'}
[0.158962] (openarmx_gripper_panel) StdoutLine: {'line': b'-- Up-to-date symlink: /ws/install/openarmx_gripper_panel/share/openarmx_gripper_panel/resource/openarmx_gripper_panel\n'}
[0.159067] (openarmx_gripper_panel) StdoutLine: {'line': b'-- Up-to-date symlink: /ws/install/openarmx_gripper_panel/share/openarmx_gripper_panel/plugins/plugin_description.xml\n'}
[0.159214] (openarmx_gripper_panel) StdoutLine: {'line': b'-- Up-to-date symlink: /ws/install/openarmx_gripper_panel/share/openarmx_gripper_panel/environment/library_path.sh\n'}
[0.159327] (openarmx_kp_kd_panel) StdoutLine: {'line': b'-- Execute custom install script\n'}
[0.159399] (openarmx_gripper_panel) StdoutLine: {'line': b'-- Up-to-date symlink: /ws/install/openarmx_gripper_panel/share/openarmx_gripper_panel/environment/library_path.dsv\n'}
[0.159958] (openarmx_kp_kd_panel) StdoutLine: {'line': b'-- Up-to-date symlink: /ws/install/openarmx_kp_kd_panel/share/openarmx_kp_kd_panel//plugin_description.xml\n'}
[0.160028] (openarmx_gripper_panel) StdoutLine: {'line': b'-- Up-to-date symlink: /ws/install/openarmx_gripper_panel/share/ament_index/resource_index/package_run_dependencies/openarmx_gripper_panel\n'}
[0.160098] (openarmx_gripper_panel) StdoutLine: {'line': b'-- Up-to-date symlink: /ws/install/openarmx_gripper_panel/share/ament_index/resource_index/parent_prefix_path/openarmx_gripper_panel\n'}
[0.160204] (openarmx_kp_kd_panel) StdoutLine: {'line': b'-- Up-to-date symlink: /ws/install/openarmx_kp_kd_panel/lib/libopenarmx_kp_kd_panel.so\n'}
[0.160306] (openarmx_gripper_panel) StdoutLine: {'line': b'-- Up-to-date symlink: /ws/install/openarmx_gripper_panel/share/openarmx_gripper_panel/environment/ament_prefix_path.sh\n'}
[0.160417] (openarmx_gripper_panel) StdoutLine: {'line': b'-- Up-to-date symlink: /ws/install/openarmx_gripper_panel/share/openarmx_gripper_panel/environment/ament_prefix_path.dsv\n'}
[0.160535] (openarmx_kp_kd_panel) StdoutLine: {'line': b'-- Up-to-date symlink: /ws/install/openarmx_kp_kd_panel/include/openarmx_kp_kd_panel/kp_kd_panel.hpp\n'}
[0.160603] (openarmx_kp_kd_panel) StdoutLine: {'line': b'-- Up-to-date symlink: /ws/install/openarmx_kp_kd_panel/share/openarmx_kp_kd_panel/plugin_description.xml\n'}
[0.160671] (openarmx_gripper_panel) StdoutLine: {'line': b'-- Up-to-date symlink: /ws/install/openarmx_gripper_panel/share/openarmx_gripper_panel/environment/path.sh\n'}
[0.160803] (openarmx_gripper_panel) StdoutLine: {'line': b'-- Up-to-date symlink: /ws/install/openarmx_gripper_panel/share/openarmx_gripper_panel/environment/path.dsv\n'}
[0.160859] (openarmx_kp_kd_panel) StdoutLine: {'line': b'-- Up-to-date symlink: /ws/install/openarmx_kp_kd_panel/share/openarmx_kp_kd_panel/environment/library_path.sh\n'}
[0.160940] (openarmx_gripper_panel) StdoutLine: {'line': b'-- Up-to-date symlink: /ws/install/openarmx_gripper_panel/share/openarmx_gripper_panel/local_setup.bash\n'}
[0.161053] (openarmx_kp_kd_panel) StdoutLine: {'line': b'-- Up-to-date symlink: /ws/install/openarmx_kp_kd_panel/share/openarmx_kp_kd_panel/environment/library_path.dsv\n'}
[0.161135] (openarmx_gripper_panel) StdoutLine: {'line': b'-- Up-to-date symlink: /ws/install/openarmx_gripper_panel/share/openarmx_gripper_panel/local_setup.sh\n'}
[0.161221] (openarmx_kp_kd_panel) StdoutLine: {'line': b'-- Up-to-date symlink: /ws/install/openarmx_kp_kd_panel/share/ament_index/resource_index/package_run_dependencies/openarmx_kp_kd_panel\n'}
[0.161337] (openarmx_gripper_panel) StdoutLine: {'line': b'-- Up-to-date symlink: /ws/install/openarmx_gripper_panel/share/openarmx_gripper_panel/local_setup.zsh\n'}
[0.161419] (openarmx_kp_kd_panel) StdoutLine: {'line': b'-- Up-to-date symlink: /ws/install/openarmx_kp_kd_panel/share/ament_index/resource_index/parent_prefix_path/openarmx_kp_kd_panel\n'}
[0.161514] (openarmx_gripper_panel) StdoutLine: {'line': b'-- Up-to-date symlink: /ws/install/openarmx_gripper_panel/share/openarmx_gripper_panel/local_setup.dsv\n'}
[0.161595] (openarmx_gripper_panel) StdoutLine: {'line': b'-- Symlinking: /ws/install/openarmx_gripper_panel/share/openarmx_gripper_panel/package.dsv\n'}
[0.161709] (openarmx_kp_kd_panel) StdoutLine: {'line': b'-- Up-to-date symlink: /ws/install/openarmx_kp_kd_panel/share/openarmx_kp_kd_panel/environment/ament_prefix_path.sh\n'}
[0.161825] (openarmx_kp_kd_panel) StdoutLine: {'line': b'-- Up-to-date symlink: /ws/install/openarmx_kp_kd_panel/share/openarmx_kp_kd_panel/environment/ament_prefix_path.dsv\n'}
[0.162138] (openarmx_kp_kd_panel) StdoutLine: {'line': b'-- Up-to-date symlink: /ws/install/openarmx_kp_kd_panel/share/openarmx_kp_kd_panel/environment/path.sh\n'}
[0.162221] (openarmx_kp_kd_panel) StdoutLine: {'line': b'-- Up-to-date symlink: /ws/install/openarmx_kp_kd_panel/share/openarmx_kp_kd_panel/environment/path.dsv\n'}
[0.162276] (openarmx_kp_kd_panel) StdoutLine: {'line': b'-- Up-to-date symlink: /ws/install/openarmx_kp_kd_panel/share/openarmx_kp_kd_panel/local_setup.bash\n'}
[0.162525] (openarmx_kp_kd_panel) StdoutLine: {'line': b'-- Up-to-date symlink: /ws/install/openarmx_kp_kd_panel/share/openarmx_kp_kd_panel/local_setup.sh\n'}
[0.162584] (openarmx_kp_kd_panel) StdoutLine: {'line': b'-- Up-to-date symlink: /ws/install/openarmx_kp_kd_panel/share/openarmx_kp_kd_panel/local_setup.zsh\n'}
[0.162669] (openarmx_kp_kd_panel) StdoutLine: {'line': b'-- Up-to-date symlink: /ws/install/openarmx_kp_kd_panel/share/openarmx_kp_kd_panel/local_setup.dsv\n'}
[0.162826] (openarmx_kp_kd_panel) StdoutLine: {'line': b'-- Symlinking: /ws/install/openarmx_kp_kd_panel/share/openarmx_kp_kd_panel/package.dsv\n'}
[0.162905] (openarmx_description) StdoutLine: {'line': b'-- Up-to-date symlink: /ws/install/openarmx_description/share/ament_index/resource_index/packages/openarmx_description\n'}
[0.163081] (openarmx_description) StdoutLine: {'line': b'-- Up-to-date symlink: /ws/install/openarmx_description/share/openarmx_description/cmake/openarmx_descriptionConfig.cmake\n'}
[0.163167] (openarmx_description) StdoutLine: {'line': b'-- Up-to-date symlink: /ws/install/openarmx_description/share/openarmx_description/cmake/openarmx_descriptionConfig-version.cmake\n'}
[0.163321] (openarmx_description) StdoutLine: {'line': b'-- Up-to-date symlink: /ws/install/openarmx_description/share/openarmx_description/package.xml\n'}
[0.163400] (openarmx_bringup) StdoutLine: {'line': b'-- Up-to-date symlink: /ws/install/openarmx_bringup/share/ament_index/resource_index/packages/openarmx_bringup\n'}
[0.163606] (openarmx_bringup) StdoutLine: {'line': b'-- Up-to-date symlink: /ws/install/openarmx_bringup/share/openarmx_bringup/cmake/openarmx_bringupConfig.cmake\n'}
[0.163696] (openarmx_can) StdoutLine: {'line': b'-- Up-to-date symlink: /ws/install/openarmx_can/share/ament_index/resource_index/packages/openarmx_can\n'}
[0.163973] (openarmx_can) StdoutLine: {'line': b'-- Up-to-date symlink: /ws/install/openarmx_can/share/openarmx_can/cmake/ament_cmake_export_targets-extras.cmake\n'}
[0.164152] (openarmx_bringup) StdoutLine: {'line': b'-- Up-to-date symlink: /ws/install/openarmx_bringup/share/openarmx_bringup/cmake/openarmx_bringupConfig-version.cmake\n'}
[0.164938] (openarmx_can) StdoutLine: {'line': b'-- Up-to-date symlink: /ws/install/openarmx_can/share/openarmx_can/cmake/openarmx_canConfig.cmake\n'}
[0.165064] (openarmx_can) StdoutLine: {'line': b'-- Up-to-date symlink: /ws/install/openarmx_can/share/openarmx_can/cmake/openarmx_canConfig-version.cmake\n'}
[0.165549] (openarmx_bringup) StdoutLine: {'line': b'-- Up-to-date symlink: /ws/install/openarmx_bringup/share/openarmx_bringup/package.xml\n'}
[0.165638] (openarmx_can) StdoutLine: {'line': b'-- Up-to-date symlink: /ws/install/openarmx_can/share/openarmx_can/package.xml\n'}
[0.165720] (openarmx_can) StdoutLine: {'line': b'-- Up-to-date: /ws/install/openarmx_can/lib/libopenarmx_can.a\n'}
[0.165775] (openarmx_can) StdoutLine: {'line': b'-- Up-to-date: /ws/install/openarmx_can/lib/cmake/OpenArmCANOpenArmXCom/OpenArmCANOpenArmXComTargets.cmake\n'}
[0.165881] (openarmx_can) StdoutLine: {'line': b'-- Up-to-date: /ws/install/openarmx_can/lib/cmake/OpenArmCANOpenArmXCom/OpenArmCANOpenArmXComTargets-noconfig.cmake\n'}
[0.166005] (openarmx_can) StdoutLine: {'line': b'-- Up-to-date: /ws/install/openarmx_can/lib/libopenarmx_can.a\n'}
[0.166306] (openarmx_can) StdoutLine: {'line': b'-- Up-to-date: /ws/install/openarmx_can/lib/cmake/openarmx_can/openarmx_canTargets.cmake\n'}
[0.166413] (openarmx_can) StdoutLine: {'line': b'-- Up-to-date: /ws/install/openarmx_can/lib/cmake/openarmx_can/openarmx_canTargets-noconfig.cmake\n'}
[0.166457] (openarmx_can) StdoutLine: {'line': b'-- Up-to-date: /ws/install/openarmx_can/share/openarmx_can/cmake/openarmx_canTargetsExport.cmake\n'}
[0.166484] (openarmx_can) StdoutLine: {'line': b'-- Up-to-date: /ws/install/openarmx_can/share/openarmx_can/cmake/openarmx_canTargetsExport-noconfig.cmake\n'}
[0.166510] (openarmx_description) CommandEnded: {'returncode': 0}
[0.166599] (openarmx_gripper_panel) StdoutLine: {'line': b'-- Up-to-date symlink: /ws/install/openarmx_gripper_panel/share/ament_index/resource_index/packages/openarmx_gripper_panel\n'}
[0.166632] (openarmx_gripper_panel) StdoutLine: {'line': b'-- Up-to-date symlink: /ws/install/openarmx_gripper_panel/share/ament_index/resource_index/rviz_common__pluginlib__plugin/openarmx_gripper_panel\n'}
[0.166658] (openarmx_gripper_panel) StdoutLine: {'line': b'-- Up-to-date symlink: /ws/install/openarmx_gripper_panel/share/openarmx_gripper_panel/cmake/ament_cmake_export_include_directories-extras.cmake\n'}
[0.166682] (openarmx_gripper_panel) StdoutLine: {'line': b'-- Up-to-date symlink: /ws/install/openarmx_gripper_panel/share/openarmx_gripper_panel/cmake/ament_cmake_export_libraries-extras.cmake\n'}
[0.166706] (openarmx_gripper_panel) StdoutLine: {'line': b'-- Up-to-date symlink: /ws/install/openarmx_gripper_panel/share/openarmx_gripper_panel/cmake/ament_cmake_export_dependencies-extras.cmake\n'}
[0.166731] (openarmx_gripper_panel) StdoutLine: {'line': b'-- Up-to-date symlink: /ws/install/openarmx_gripper_panel/share/openarmx_gripper_panel/cmake/openarmx_gripper_panelConfig.cmake\n'}
[0.166754] (openarmx_gripper_panel) StdoutLine: {'line': b'-- Up-to-date symlink: /ws/install/openarmx_gripper_panel/share/openarmx_gripper_panel/cmake/openarmx_gripper_panelConfig-version.cmake\n'}
[0.166778] (openarmx_gripper_panel) StdoutLine: {'line': b'-- Up-to-date symlink: /ws/install/openarmx_gripper_panel/share/openarmx_gripper_panel/package.xml\n'}
[0.166843] (openarmx_kp_kd_panel) StdoutLine: {'line': b'-- Up-to-date symlink: /ws/install/openarmx_kp_kd_panel/share/ament_index/resource_index/packages/openarmx_kp_kd_panel\n'}
[0.166974] (openarmx_gripper_panel) StdoutLine: {'line': b'-- Up-to-date: /ws/install/openarmx_gripper_panel/lib/libopenarmx_gripper_panel.so\n'}
[0.167238] (openarmx_kp_kd_panel) StdoutLine: {'line': b'-- Up-to-date symlink: /ws/install/openarmx_kp_kd_panel/share/ament_index/resource_index/rviz_common__pluginlib__plugin/openarmx_kp_kd_panel\n'}
[0.167270] (openarmx_kp_kd_panel) StdoutLine: {'line': b'-- Up-to-date symlink: /ws/install/openarmx_kp_kd_panel/share/openarmx_kp_kd_panel/cmake/ament_cmake_export_include_directories-extras.cmake\n'}
[0.167296] (openarmx_kp_kd_panel) StdoutLine: {'line': b'-- Up-to-date symlink: /ws/install/openarmx_kp_kd_panel/share/openarmx_kp_kd_panel/cmake/ament_cmake_export_libraries-extras.cmake\n'}
[0.167323] (openarmx_kp_kd_panel) StdoutLine: {'line': b'-- Up-to-date symlink: /ws/install/openarmx_kp_kd_panel/share/openarmx_kp_kd_panel/cmake/openarmx_kp_kd_panelConfig.cmake\n'}
[0.167347] (openarmx_kp_kd_panel) StdoutLine: {'line': b'-- Up-to-date symlink: /ws/install/openarmx_kp_kd_panel/share/openarmx_kp_kd_panel/cmake/openarmx_kp_kd_panelConfig-version.cmake\n'}
[0.167392] (openarmx_kp_kd_panel) StdoutLine: {'line': b'-- Up-to-date symlink: /ws/install/openarmx_kp_kd_panel/share/openarmx_kp_kd_panel/package.xml\n'}
[0.170660] (openarmx_description) JobEnded: {'identifier': 'openarmx_description', 'rc': 0}
[0.171239] (openarmx_bimanual_moveit_config) JobStarted: {'identifier': 'openarmx_bimanual_moveit_config'}
[0.172925] (openarmx_bringup) CommandEnded: {'returncode': 0}
[0.177878] (openarmx_bringup) JobEnded: {'identifier': 'openarmx_bringup', 'rc': 0}
[0.178255] (openarmx_can) CommandEnded: {'returncode': 0}
[0.183057] (openarmx_can) JobEnded: {'identifier': 'openarmx_can', 'rc': 0}
[0.183633] (openarmx_hardware) JobStarted: {'identifier': 'openarmx_hardware'}
[0.185368] (openarmx_teleop_leader) JobStarted: {'identifier': 'openarmx_teleop_leader'}
[0.187160] (openarmx_gripper_panel) CommandEnded: {'returncode': 0}
[0.193191] (openarmx_gripper_panel) JobEnded: {'identifier': 'openarmx_gripper_panel', 'rc': 0}
[0.193658] (openarmx_kp_kd_panel) CommandEnded: {'returncode': 0}
[0.199588] (openarmx_kp_kd_panel) JobEnded: {'identifier': 'openarmx_kp_kd_panel', 'rc': 0}
[0.200068] (-) TimerEvent: {}
[0.200181] (openarmx_bimanual_moveit_config) JobProgress: {'identifier': 'openarmx_bimanual_moveit_config', 'progress': 'cmake'}
[0.200364] (openarmx_bimanual_moveit_config) JobProgress: {'identifier': 'openarmx_bimanual_moveit_config', 'progress': 'build'}
[0.200444] (openarmx_bimanual_moveit_config) Command: {'cmd': ['/usr/bin/cmake', '--build', '/ws/build/openarmx_bimanual_moveit_config', '--', '-j20', '-l20'], 'cwd': '/ws/build/openarmx_bimanual_moveit_config', 'env': OrderedDict([('HOSTNAME', 'sajio-System-Product-Name'), ('SHLVL', '1'), ('LD_LIBRARY_PATH', '/ws/install/openarmx_kp_kd_panel/lib:/ws/install/openarmx_hardware/lib:/ws/install/openarmx_gripper_panel/lib:/ws/install/openarmx_can/lib:/opt/ros/humble/opt/rviz_ogre_vendor/lib:/opt/ros/humble/lib/x86_64-linux-gnu:/opt/ros/humble/lib'), ('HOME', '/root'), ('ROS_PYTHON_VERSION', '3'), ('COLCON_PREFIX_PATH', '/ws/install'), ('ROS_DISTRO', 'humble'), ('_', '/usr/bin/colcon'), ('ROS_VERSION', '2'), ('TERM', 'xterm'), ('ROS_LOCALHOST_ONLY', '0'), ('QT_X11_NO_MITSHM', '1'), ('PATH', '/opt/ros/humble/bin:/usr/local/sbin:/usr/local/bin:/usr/sbin:/usr/bin:/sbin:/bin'), ('DISPLAY', ':0'), ('LANG', 'C.UTF-8'), ('AMENT_PREFIX_PATH', '/ws/install/openarmx_teleop_leader:/ws/install/openarmx_teach:/ws/install/openarmx_kp_kd_panel:/ws/install/openarmx:/ws/install/openarmx_hardware:/ws/install/openarmx_gripper_panel:/ws/install/openarmx_bimanual_moveit_config:/ws/install/openarmx_description:/ws/install/openarmx_can:/ws/install/openarmx_bringup:/opt/ros/humble'), ('DEBIAN_FRONTEND', 'noninteractive'), ('PWD', '/ws/build/openarmx_bimanual_moveit_config'), ('LC_ALL', 'C.UTF-8'), ('PYTHONPATH', '/ws/build/openarmx_teach:/ws/install/openarmx_teach/lib/python3.10/site-packages:/opt/ros/humble/lib/python3.10/site-packages:/opt/ros/humble/local/lib/python3.10/dist-packages'), ('COLCON', '1'), ('CMAKE_PREFIX_PATH', '/ws/install/openarmx_description:/ws/install/openarmx_teleop_leader:/ws/install/openarmx_kp_kd_panel:/ws/install/openarmx:/ws/install/openarmx_hardware:/ws/install/openarmx_gripper_panel:/ws/install/openarmx_bimanual_moveit_config:/ws/install/openarmx_can:/ws/install/openarmx_bringup:/ws/install/openarmx_teach:/opt/ros/humble')]), 'shell': False}
[0.201345] (openarmx_hardware) JobProgress: {'identifier': 'openarmx_hardware', 'progress': 'cmake'}
[0.201475] (openarmx_hardware) JobProgress: {'identifier': 'openarmx_hardware', 'progress': 'build'}
[0.201627] (openarmx_hardware) Command: {'cmd': ['/usr/bin/cmake', '--build', '/ws/build/openarmx_hardware', '--', '-j20', '-l20'], 'cwd': '/ws/build/openarmx_hardware', 'env': OrderedDict([('HOSTNAME', 'sajio-System-Product-Name'), ('SHLVL', '1'), ('LD_LIBRARY_PATH', '/ws/install/openarmx_kp_kd_panel/lib:/ws/install/openarmx_hardware/lib:/ws/install/openarmx_gripper_panel/lib:/ws/install/openarmx_can/lib:/opt/ros/humble/opt/rviz_ogre_vendor/lib:/opt/ros/humble/lib/x86_64-linux-gnu:/opt/ros/humble/lib'), ('HOME', '/root'), ('ROS_PYTHON_VERSION', '3'), ('COLCON_PREFIX_PATH', '/ws/install'), ('ROS_DISTRO', 'humble'), ('_', '/usr/bin/colcon'), ('ROS_VERSION', '2'), ('TERM', 'xterm'), ('ROS_LOCALHOST_ONLY', '0'), ('QT_X11_NO_MITSHM', '1'), ('PATH', '/opt/ros/humble/bin:/usr/local/sbin:/usr/local/bin:/usr/sbin:/usr/bin:/sbin:/bin'), ('DISPLAY', ':0'), ('LANG', 'C.UTF-8'), ('AMENT_PREFIX_PATH', '/ws/install/openarmx_teleop_leader:/ws/install/openarmx_teach:/ws/install/openarmx_kp_kd_panel:/ws/install/openarmx:/ws/install/openarmx_hardware:/ws/install/openarmx_gripper_panel:/ws/install/openarmx_bimanual_moveit_config:/ws/install/openarmx_description:/ws/install/openarmx_can:/ws/install/openarmx_bringup:/opt/ros/humble'), ('DEBIAN_FRONTEND', 'noninteractive'), ('PWD', '/ws/build/openarmx_hardware'), ('LC_ALL', 'C.UTF-8'), ('PYTHONPATH', '/ws/build/openarmx_teach:/ws/install/openarmx_teach/lib/python3.10/site-packages:/opt/ros/humble/lib/python3.10/site-packages:/opt/ros/humble/local/lib/python3.10/dist-packages'), ('COLCON', '1'), ('CMAKE_PREFIX_PATH', '/ws/install/openarmx_can:/ws/install/openarmx_teleop_leader:/ws/install/openarmx_kp_kd_panel:/ws/install/openarmx:/ws/install/openarmx_hardware:/ws/install/openarmx_gripper_panel:/ws/install/openarmx_bimanual_moveit_config:/ws/install/openarmx_description:/ws/install/openarmx_bringup:/ws/install/openarmx_teach:/opt/ros/humble')]), 'shell': False}
[0.202214] (openarmx_teleop_leader) JobProgress: {'identifier': 'openarmx_teleop_leader', 'progress': 'cmake'}
[0.202327] (openarmx_teleop_leader) JobProgress: {'identifier': 'openarmx_teleop_leader', 'progress': 'build'}
[0.202480] (openarmx_teleop_leader) Command: {'cmd': ['/usr/bin/cmake', '--build', '/ws/build/openarmx_teleop_leader', '--', '-j20', '-l20'], 'cwd': '/ws/build/openarmx_teleop_leader', 'env': OrderedDict([('HOSTNAME', 'sajio-System-Product-Name'), ('SHLVL', '1'), ('LD_LIBRARY_PATH', '/ws/install/openarmx_kp_kd_panel/lib:/ws/install/openarmx_hardware/lib:/ws/install/openarmx_gripper_panel/lib:/ws/install/openarmx_can/lib:/opt/ros/humble/opt/rviz_ogre_vendor/lib:/opt/ros/humble/lib/x86_64-linux-gnu:/opt/ros/humble/lib'), ('HOME', '/root'), ('ROS_PYTHON_VERSION', '3'), ('COLCON_PREFIX_PATH', '/ws/install'), ('ROS_DISTRO', 'humble'), ('_', '/usr/bin/colcon'), ('ROS_VERSION', '2'), ('TERM', 'xterm'), ('ROS_LOCALHOST_ONLY', '0'), ('QT_X11_NO_MITSHM', '1'), ('PATH', '/opt/ros/humble/bin:/usr/local/sbin:/usr/local/bin:/usr/sbin:/usr/bin:/sbin:/bin'), ('DISPLAY', ':0'), ('LANG', 'C.UTF-8'), ('AMENT_PREFIX_PATH', '/ws/install/openarmx_teleop_leader:/ws/install/openarmx_teach:/ws/install/openarmx_kp_kd_panel:/ws/install/openarmx:/ws/install/openarmx_hardware:/ws/install/openarmx_gripper_panel:/ws/install/openarmx_bimanual_moveit_config:/ws/install/openarmx_description:/ws/install/openarmx_can:/ws/install/openarmx_bringup:/opt/ros/humble'), ('DEBIAN_FRONTEND', 'noninteractive'), ('PWD', '/ws/build/openarmx_teleop_leader'), ('LC_ALL', 'C.UTF-8'), ('PYTHONPATH', '/ws/build/openarmx_teach:/ws/install/openarmx_teach/lib/python3.10/site-packages:/opt/ros/humble/lib/python3.10/site-packages:/opt/ros/humble/local/lib/python3.10/dist-packages'), ('COLCON', '1'), ('CMAKE_PREFIX_PATH', '/ws/install/openarmx_can:/ws/install/openarmx_teleop_leader:/ws/install/openarmx_kp_kd_panel:/ws/install/openarmx:/ws/install/openarmx_hardware:/ws/install/openarmx_gripper_panel:/ws/install/openarmx_bimanual_moveit_config:/ws/install/openarmx_description:/ws/install/openarmx_bringup:/ws/install/openarmx_teach:/opt/ros/humble')]), 'shell': False}
[0.225611] (openarmx_bimanual_moveit_config) CommandEnded: {'returncode': 0}
[0.225948] (openarmx_bimanual_moveit_config) JobProgress: {'identifier': 'openarmx_bimanual_moveit_config', 'progress': 'install'}
[0.226168] (openarmx_bimanual_moveit_config) Command: {'cmd': ['/usr/bin/cmake', '--install', '/ws/build/openarmx_bimanual_moveit_config'], 'cwd': '/ws/build/openarmx_bimanual_moveit_config', 'env': OrderedDict([('HOSTNAME', 'sajio-System-Product-Name'), ('SHLVL', '1'), ('LD_LIBRARY_PATH', '/ws/install/openarmx_kp_kd_panel/lib:/ws/install/openarmx_hardware/lib:/ws/install/openarmx_gripper_panel/lib:/ws/install/openarmx_can/lib:/opt/ros/humble/opt/rviz_ogre_vendor/lib:/opt/ros/humble/lib/x86_64-linux-gnu:/opt/ros/humble/lib'), ('HOME', '/root'), ('ROS_PYTHON_VERSION', '3'), ('COLCON_PREFIX_PATH', '/ws/install'), ('ROS_DISTRO', 'humble'), ('_', '/usr/bin/colcon'), ('ROS_VERSION', '2'), ('TERM', 'xterm'), ('ROS_LOCALHOST_ONLY', '0'), ('QT_X11_NO_MITSHM', '1'), ('PATH', '/opt/ros/humble/bin:/usr/local/sbin:/usr/local/bin:/usr/sbin:/usr/bin:/sbin:/bin'), ('DISPLAY', ':0'), ('LANG', 'C.UTF-8'), ('AMENT_PREFIX_PATH', '/ws/install/openarmx_teleop_leader:/ws/install/openarmx_teach:/ws/install/openarmx_kp_kd_panel:/ws/install/openarmx:/ws/install/openarmx_hardware:/ws/install/openarmx_gripper_panel:/ws/install/openarmx_bimanual_moveit_config:/ws/install/openarmx_description:/ws/install/openarmx_can:/ws/install/openarmx_bringup:/opt/ros/humble'), ('DEBIAN_FRONTEND', 'noninteractive'), ('PWD', '/ws/build/openarmx_bimanual_moveit_config'), ('LC_ALL', 'C.UTF-8'), ('PYTHONPATH', '/ws/build/openarmx_teach:/ws/install/openarmx_teach/lib/python3.10/site-packages:/opt/ros/humble/lib/python3.10/site-packages:/opt/ros/humble/local/lib/python3.10/dist-packages'), ('COLCON', '1'), ('CMAKE_PREFIX_PATH', '/ws/install/openarmx_description:/ws/install/openarmx_teleop_leader:/ws/install/openarmx_kp_kd_panel:/ws/install/openarmx:/ws/install/openarmx_hardware:/ws/install/openarmx_gripper_panel:/ws/install/openarmx_bimanual_moveit_config:/ws/install/openarmx_can:/ws/install/openarmx_bringup:/ws/install/openarmx_teach:/opt/ros/humble')]), 'shell': False}
[0.231415] (openarmx_bimanual_moveit_config) StdoutLine: {'line': b'-- Install configuration: ""\n'}
[0.231813] (openarmx_bimanual_moveit_config) StdoutLine: {'line': b'-- Execute custom install script\n'}
[0.231988] (openarmx_bimanual_moveit_config) StdoutLine: {'line': b'-- Up-to-date symlink: /ws/install/openarmx_bimanual_moveit_config/share/ament_index/resource_index/package_run_dependencies/openarmx_bimanual_moveit_config\n'}
[0.232122] (openarmx_bimanual_moveit_config) StdoutLine: {'line': b'-- Up-to-date symlink: /ws/install/openarmx_bimanual_moveit_config/share/ament_index/resource_index/parent_prefix_path/openarmx_bimanual_moveit_config\n'}
[0.232255] (openarmx_bimanual_moveit_config) StdoutLine: {'line': b'-- Up-to-date symlink: /ws/install/openarmx_bimanual_moveit_config/share/openarmx_bimanual_moveit_config/environment/ament_prefix_path.sh\n'}
[0.232393] (openarmx_bimanual_moveit_config) StdoutLine: {'line': b'-- Up-to-date symlink: /ws/install/openarmx_bimanual_moveit_config/share/openarmx_bimanual_moveit_config/environment/ament_prefix_path.dsv\n'}
[0.232520] (openarmx_bimanual_moveit_config) StdoutLine: {'line': b'-- Up-to-date symlink: /ws/install/openarmx_bimanual_moveit_config/share/openarmx_bimanual_moveit_config/environment/path.sh\n'}
[0.232657] (openarmx_bimanual_moveit_config) StdoutLine: {'line': b'-- Up-to-date symlink: /ws/install/openarmx_bimanual_moveit_config/share/openarmx_bimanual_moveit_config/environment/path.dsv\n'}
[0.232749] (openarmx_bimanual_moveit_config) StdoutLine: {'line': b'-- Up-to-date symlink: /ws/install/openarmx_bimanual_moveit_config/share/openarmx_bimanual_moveit_config/local_setup.bash\n'}
[0.232854] (openarmx_bimanual_moveit_config) StdoutLine: {'line': b'-- Up-to-date symlink: /ws/install/openarmx_bimanual_moveit_config/share/openarmx_bimanual_moveit_config/local_setup.sh\n'}
[0.232957] (openarmx_bimanual_moveit_config) StdoutLine: {'line': b'-- Up-to-date symlink: /ws/install/openarmx_bimanual_moveit_config/share/openarmx_bimanual_moveit_config/local_setup.zsh\n'}
[0.233060] (openarmx_bimanual_moveit_config) StdoutLine: {'line': b'-- Up-to-date symlink: /ws/install/openarmx_bimanual_moveit_config/share/openarmx_bimanual_moveit_config/local_setup.dsv\n'}
[0.233145] (openarmx_bimanual_moveit_config) StdoutLine: {'line': b'-- Symlinking: /ws/install/openarmx_bimanual_moveit_config/share/openarmx_bimanual_moveit_config/package.dsv\n'}
[0.237461] (openarmx_teleop_leader) StdoutLine: {'line': b'[ 33%] Built target openarmx_teleop_leader_dynamics\n'}
[0.238569] (openarmx_hardware) StdoutLine: {'line': b'[100%] Built target openarmx_hardware\n'}
[0.239241] (openarmx_bimanual_moveit_config) StdoutLine: {'line': b'-- Up-to-date symlink: /ws/install/openarmx_bimanual_moveit_config/share/ament_index/resource_index/packages/openarmx_bimanual_moveit_config\n'}
[0.239365] (openarmx_bimanual_moveit_config) StdoutLine: {'line': b'-- Up-to-date symlink: /ws/install/openarmx_bimanual_moveit_config/share/openarmx_bimanual_moveit_config/cmake/openarmx_bimanual_moveit_configConfig.cmake\n'}
[0.239425] (openarmx_bimanual_moveit_config) StdoutLine: {'line': b'-- Up-to-date symlink: /ws/install/openarmx_bimanual_moveit_config/share/openarmx_bimanual_moveit_config/cmake/openarmx_bimanual_moveit_configConfig-version.cmake\n'}
[0.239528] (openarmx_bimanual_moveit_config) StdoutLine: {'line': b'-- Up-to-date symlink: /ws/install/openarmx_bimanual_moveit_config/share/openarmx_bimanual_moveit_config/package.xml\n'}
[0.239685] (openarmx_teleop_leader) StdoutLine: {'line': b'[ 66%] Built target teleop_leader_node\n'}
[0.239863] (openarmx_bimanual_moveit_config) StdoutLine: {'line': b'-- Up-to-date symlink: /ws/install/openarmx_bimanual_moveit_config/share/openarmx_bimanual_moveit_config/launch/demo.launch.py\n'}
[0.239935] (openarmx_bimanual_moveit_config) StdoutLine: {'line': b'-- Up-to-date symlink: /ws/install/openarmx_bimanual_moveit_config/share/openarmx_bimanual_moveit_config/launch/demo.launch.py.backup\n'}
[0.240005] (openarmx_bimanual_moveit_config) StdoutLine: {'line': b'-- Up-to-date symlink: /ws/install/openarmx_bimanual_moveit_config/share/openarmx_bimanual_moveit_config/launch/demo_sim.launch.py\n'}
[0.240073] (openarmx_bimanual_moveit_config) StdoutLine: {'line': b'-- Up-to-date symlink: /ws/install/openarmx_bimanual_moveit_config/share/openarmx_bimanual_moveit_config/launch/motor_config_loader.py\n'}
[0.240141] (openarmx_bimanual_moveit_config) StdoutLine: {'line': b'-- Up-to-date symlink: /ws/install/openarmx_bimanual_moveit_config/share/openarmx_bimanual_moveit_config/launch/motor_control.py\n'}
[0.240208] (openarmx_bimanual_moveit_config) StdoutLine: {'line': b'-- Up-to-date symlink: /ws/install/openarmx_bimanual_moveit_config/share/openarmx_bimanual_moveit_config/launch/move_group.launch.py\n'}
[0.240275] (openarmx_bimanual_moveit_config) StdoutLine: {'line': b'-- Up-to-date symlink: /ws/install/openarmx_bimanual_moveit_config/share/openarmx_bimanual_moveit_config/launch/moveit_rviz.launch.py\n'}
[0.240342] (openarmx_bimanual_moveit_config) StdoutLine: {'line': b'-- Up-to-date symlink: /ws/install/openarmx_bimanual_moveit_config/share/openarmx_bimanual_moveit_config/launch/setup_assistant.launch.py\n'}
[0.240416] (openarmx_bimanual_moveit_config) StdoutLine: {'line': b'-- Up-to-date symlink: /ws/install/openarmx_bimanual_moveit_config/share/openarmx_bimanual_moveit_config/launch/spawn_controllers.launch.py\n'}
[0.240483] (openarmx_bimanual_moveit_config) StdoutLine: {'line': b'-- Up-to-date symlink: /ws/install/openarmx_bimanual_moveit_config/share/openarmx_bimanual_moveit_config/launch/static_virtual_joint_tfs.launch.py\n'}
[0.240730] (openarmx_bimanual_moveit_config) StdoutLine: {'line': b'-- Up-to-date symlink: /ws/install/openarmx_bimanual_moveit_config/share/openarmx_bimanual_moveit_config/config/initial_positions.yaml\n'}
[0.240801] (openarmx_bimanual_moveit_config) StdoutLine: {'line': b'-- Up-to-date symlink: /ws/install/openarmx_bimanual_moveit_config/share/openarmx_bimanual_moveit_config/config/joint_limits.yaml\n'}
[0.240873] (openarmx_bimanual_moveit_config) StdoutLine: {'line': b'-- Up-to-date symlink: /ws/install/openarmx_bimanual_moveit_config/share/openarmx_bimanual_moveit_config/config/kinematics.yaml\n'}
[0.240998] (openarmx_bimanual_moveit_config) StdoutLine: {'line': b'-- Up-to-date symlink: /ws/install/openarmx_bimanual_moveit_config/share/openarmx_bimanual_moveit_config/config/moveit.rviz\n'}
[0.241048] (openarmx_bimanual_moveit_config) StdoutLine: {'line': b'-- Up-to-date symlink: /ws/install/openarmx_bimanual_moveit_config/share/openarmx_bimanual_moveit_config/config/moveit_controllers.yaml\n'}
[0.241090] (openarmx_bimanual_moveit_config) StdoutLine: {'line': b'-- Up-to-date symlink: /ws/install/openarmx_bimanual_moveit_config/share/openarmx_bimanual_moveit_config/config/openarm_bimanual.srdf\n'}
[0.241151] (openarmx_bimanual_moveit_config) StdoutLine: {'line': b'-- Up-to-date symlink: /ws/install/openarmx_bimanual_moveit_config/share/openarmx_bimanual_moveit_config/config/openarm_bimanual.urdf.xacro\n'}
[0.241218] (openarmx_bimanual_moveit_config) StdoutLine: {'line': b'-- Up-to-date symlink: /ws/install/openarmx_bimanual_moveit_config/share/openarmx_bimanual_moveit_config/config/pilz_cartesian_limits.yaml\n'}
[0.241285] (openarmx_bimanual_moveit_config) StdoutLine: {'line': b'-- Up-to-date symlink: /ws/install/openarmx_bimanual_moveit_config/share/openarmx_bimanual_moveit_config/config/ros2_controllers.yaml\n'}
[0.241355] (openarmx_bimanual_moveit_config) StdoutLine: {'line': b'-- Up-to-date symlink: /ws/install/openarmx_bimanual_moveit_config/share/openarmx_bimanual_moveit_config/config/sensors_3d.yaml\n'}
[0.241469] (openarmx_bimanual_moveit_config) StdoutLine: {'line': b'-- Up-to-date symlink: /ws/install/openarmx_bimanual_moveit_config/share/openarmx_bimanual_moveit_config/.setup_assistant\n'}
[0.242755] (openarmx_bimanual_moveit_config) CommandEnded: {'returncode': 0}
[0.250482] (openarmx_bimanual_moveit_config) JobEnded: {'identifier': 'openarmx_bimanual_moveit_config', 'rc': 0}
[0.250986] (openarmx_hardware) CommandEnded: {'returncode': 0}
[0.251611] (openarmx_hardware) JobProgress: {'identifier': 'openarmx_hardware', 'progress': 'install'}
[0.251666] (openarmx_hardware) Command: {'cmd': ['/usr/bin/cmake', '--install', '/ws/build/openarmx_hardware'], 'cwd': '/ws/build/openarmx_hardware', 'env': OrderedDict([('HOSTNAME', 'sajio-System-Product-Name'), ('SHLVL', '1'), ('LD_LIBRARY_PATH', '/ws/install/openarmx_kp_kd_panel/lib:/ws/install/openarmx_hardware/lib:/ws/install/openarmx_gripper_panel/lib:/ws/install/openarmx_can/lib:/opt/ros/humble/opt/rviz_ogre_vendor/lib:/opt/ros/humble/lib/x86_64-linux-gnu:/opt/ros/humble/lib'), ('HOME', '/root'), ('ROS_PYTHON_VERSION', '3'), ('COLCON_PREFIX_PATH', '/ws/install'), ('ROS_DISTRO', 'humble'), ('_', '/usr/bin/colcon'), ('ROS_VERSION', '2'), ('TERM', 'xterm'), ('ROS_LOCALHOST_ONLY', '0'), ('QT_X11_NO_MITSHM', '1'), ('PATH', '/opt/ros/humble/bin:/usr/local/sbin:/usr/local/bin:/usr/sbin:/usr/bin:/sbin:/bin'), ('DISPLAY', ':0'), ('LANG', 'C.UTF-8'), ('AMENT_PREFIX_PATH', '/ws/install/openarmx_teleop_leader:/ws/install/openarmx_teach:/ws/install/openarmx_kp_kd_panel:/ws/install/openarmx:/ws/install/openarmx_hardware:/ws/install/openarmx_gripper_panel:/ws/install/openarmx_bimanual_moveit_config:/ws/install/openarmx_description:/ws/install/openarmx_can:/ws/install/openarmx_bringup:/opt/ros/humble'), ('DEBIAN_FRONTEND', 'noninteractive'), ('PWD', '/ws/build/openarmx_hardware'), ('LC_ALL', 'C.UTF-8'), ('PYTHONPATH', '/ws/build/openarmx_teach:/ws/install/openarmx_teach/lib/python3.10/site-packages:/opt/ros/humble/lib/python3.10/site-packages:/opt/ros/humble/local/lib/python3.10/dist-packages'), ('COLCON', '1'), ('CMAKE_PREFIX_PATH', '/ws/install/openarmx_can:/ws/install/openarmx_teleop_leader:/ws/install/openarmx_kp_kd_panel:/ws/install/openarmx:/ws/install/openarmx_hardware:/ws/install/openarmx_gripper_panel:/ws/install/openarmx_bimanual_moveit_config:/ws/install/openarmx_description:/ws/install/openarmx_bringup:/ws/install/openarmx_teach:/opt/ros/humble')]), 'shell': False}
[0.256515] (openarmx_teleop_leader) StdoutLine: {'line': b'[100%] Built target teleop_leader_with_gravitycomp_single\n'}
[0.256676] (openarmx_hardware) StdoutLine: {'line': b'-- Install configuration: ""\n'}
[0.256951] (openarmx_hardware) StdoutLine: {'line': b'-- Execute custom install script\n'}
[0.257071] (openarmx_hardware) StdoutLine: {'line': b'-- Up-to-date symlink: /ws/install/openarmx_hardware/share/openarmx_hardware//openarmx_hardware.xml\n'}
[0.257152] (openarmx_hardware) StdoutLine: {'line': b'-- Up-to-date symlink: /ws/install/openarmx_hardware/lib/libopenarmx_hardware.so\n'}
[0.257270] (openarmx_hardware) StdoutLine: {'line': b'-- Up-to-date symlink: /ws/install/openarmx_hardware/include/openarmx_hardware/v10_simple_hardware.hpp\n'}
[0.257357] (openarmx_hardware) StdoutLine: {'line': b'-- Up-to-date symlink: /ws/install/openarmx_hardware/include/openarmx_hardware/visibility_control.h\n'}
[0.257431] (openarmx_hardware) StdoutLine: {'line': b'-- Up-to-date symlink: /ws/install/openarmx_hardware/share/openarmx_hardware/environment/library_path.sh\n'}
[0.257511] (openarmx_hardware) StdoutLine: {'line': b'-- Up-to-date symlink: /ws/install/openarmx_hardware/share/openarmx_hardware/environment/library_path.dsv\n'}
[0.257582] (openarmx_hardware) StdoutLine: {'line': b'-- Up-to-date symlink: /ws/install/openarmx_hardware/share/ament_index/resource_index/package_run_dependencies/openarmx_hardware\n'}
[0.257640] (openarmx_hardware) StdoutLine: {'line': b'-- Up-to-date symlink: /ws/install/openarmx_hardware/share/ament_index/resource_index/parent_prefix_path/openarmx_hardware\n'}
[0.257721] (openarmx_hardware) StdoutLine: {'line': b'-- Up-to-date symlink: /ws/install/openarmx_hardware/share/openarmx_hardware/environment/ament_prefix_path.sh\n'}
[0.257789] (openarmx_hardware) StdoutLine: {'line': b'-- Up-to-date symlink: /ws/install/openarmx_hardware/share/openarmx_hardware/environment/ament_prefix_path.dsv\n'}
[0.257865] (openarmx_hardware) StdoutLine: {'line': b'-- Up-to-date symlink: /ws/install/openarmx_hardware/share/openarmx_hardware/environment/path.sh\n'}
[0.257933] (openarmx_hardware) StdoutLine: {'line': b'-- Up-to-date symlink: /ws/install/openarmx_hardware/share/openarmx_hardware/environment/path.dsv\n'}
[0.258007] (openarmx_hardware) StdoutLine: {'line': b'-- Up-to-date symlink: /ws/install/openarmx_hardware/share/openarmx_hardware/local_setup.bash\n'}
[0.258063] (openarmx_hardware) StdoutLine: {'line': b'-- Up-to-date symlink: /ws/install/openarmx_hardware/share/openarmx_hardware/local_setup.sh\n'}
[0.258117] (openarmx_hardware) StdoutLine: {'line': b'-- Up-to-date symlink: /ws/install/openarmx_hardware/share/openarmx_hardware/local_setup.zsh\n'}
[0.258171] (openarmx_hardware) StdoutLine: {'line': b'-- Up-to-date symlink: /ws/install/openarmx_hardware/share/openarmx_hardware/local_setup.dsv\n'}
[0.258226] (openarmx_hardware) StdoutLine: {'line': b'-- Symlinking: /ws/install/openarmx_hardware/share/openarmx_hardware/package.dsv\n'}
[0.261784] (openarmx_teleop_leader) CommandEnded: {'returncode': 0}
[0.262071] (openarmx_hardware) StdoutLine: {'line': b'-- Up-to-date symlink: /ws/install/openarmx_hardware/share/ament_index/resource_index/packages/openarmx_hardware\n'}
[0.262221] (openarmx_hardware) StdoutLine: {'line': b'-- Up-to-date symlink: /ws/install/openarmx_hardware/share/ament_index/resource_index/hardware_interface__pluginlib__plugin/openarmx_hardware\n'}
[0.262397] (openarmx_hardware) StdoutLine: {'line': b'-- Up-to-date symlink: /ws/install/openarmx_hardware/share/openarmx_hardware/cmake/ament_cmake_export_include_directories-extras.cmake\n'}
[0.262491] (openarmx_hardware) StdoutLine: {'line': b'-- Up-to-date symlink: /ws/install/openarmx_hardware/share/openarmx_hardware/cmake/ament_cmake_export_libraries-extras.cmake\n'}
[0.263231] (openarmx_hardware) StdoutLine: {'line': b'-- Up-to-date symlink: /ws/install/openarmx_hardware/share/openarmx_hardware/cmake/ament_cmake_export_dependencies-extras.cmake\n'}
[0.263608] (openarmx_hardware) StdoutLine: {'line': b'-- Up-to-date symlink: /ws/install/openarmx_hardware/share/openarmx_hardware/cmake/openarmx_hardwareConfig.cmake\n'}
[0.263973] (openarmx_hardware) StdoutLine: {'line': b'-- Up-to-date symlink: /ws/install/openarmx_hardware/share/openarmx_hardware/cmake/openarmx_hardwareConfig-version.cmake\n'}
[0.264062] (openarmx_hardware) StdoutLine: {'line': b'-- Up-to-date symlink: /ws/install/openarmx_hardware/share/openarmx_hardware/package.xml\n'}
[0.264109] (openarmx_teleop_leader) JobProgress: {'identifier': 'openarmx_teleop_leader', 'progress': 'install'}
[0.264121] (openarmx_teleop_leader) Command: {'cmd': ['/usr/bin/cmake', '--install', '/ws/build/openarmx_teleop_leader'], 'cwd': '/ws/build/openarmx_teleop_leader', 'env': OrderedDict([('HOSTNAME', 'sajio-System-Product-Name'), ('SHLVL', '1'), ('LD_LIBRARY_PATH', '/ws/install/openarmx_kp_kd_panel/lib:/ws/install/openarmx_hardware/lib:/ws/install/openarmx_gripper_panel/lib:/ws/install/openarmx_can/lib:/opt/ros/humble/opt/rviz_ogre_vendor/lib:/opt/ros/humble/lib/x86_64-linux-gnu:/opt/ros/humble/lib'), ('HOME', '/root'), ('ROS_PYTHON_VERSION', '3'), ('COLCON_PREFIX_PATH', '/ws/install'), ('ROS_DISTRO', 'humble'), ('_', '/usr/bin/colcon'), ('ROS_VERSION', '2'), ('TERM', 'xterm'), ('ROS_LOCALHOST_ONLY', '0'), ('QT_X11_NO_MITSHM', '1'), ('PATH', '/opt/ros/humble/bin:/usr/local/sbin:/usr/local/bin:/usr/sbin:/usr/bin:/sbin:/bin'), ('DISPLAY', ':0'), ('LANG', 'C.UTF-8'), ('AMENT_PREFIX_PATH', '/ws/install/openarmx_teleop_leader:/ws/install/openarmx_teach:/ws/install/openarmx_kp_kd_panel:/ws/install/openarmx:/ws/install/openarmx_hardware:/ws/install/openarmx_gripper_panel:/ws/install/openarmx_bimanual_moveit_config:/ws/install/openarmx_description:/ws/install/openarmx_can:/ws/install/openarmx_bringup:/opt/ros/humble'), ('DEBIAN_FRONTEND', 'noninteractive'), ('PWD', '/ws/build/openarmx_teleop_leader'), ('LC_ALL', 'C.UTF-8'), ('PYTHONPATH', '/ws/build/openarmx_teach:/ws/install/openarmx_teach/lib/python3.10/site-packages:/opt/ros/humble/lib/python3.10/site-packages:/opt/ros/humble/local/lib/python3.10/dist-packages'), ('COLCON', '1'), ('CMAKE_PREFIX_PATH', '/ws/install/openarmx_can:/ws/install/openarmx_teleop_leader:/ws/install/openarmx_kp_kd_panel:/ws/install/openarmx:/ws/install/openarmx_hardware:/ws/install/openarmx_gripper_panel:/ws/install/openarmx_bimanual_moveit_config:/ws/install/openarmx_description:/ws/install/openarmx_bringup:/ws/install/openarmx_teach:/opt/ros/humble')]), 'shell': False}
[0.264241] (openarmx_hardware) CommandEnded: {'returncode': 0}
[0.266330] (openarmx_teleop_leader) StdoutLine: {'line': b'-- Install configuration: ""\n'}
[0.266562] (openarmx_teleop_leader) StdoutLine: {'line': b'-- Execute custom install script\n'}
[0.266642] (openarmx_teleop_leader) StdoutLine: {'line': b'-- Up-to-date symlink: /ws/install/openarmx_teleop_leader/lib/openarmx_teleop_leader/teleop_leader_node\n'}
[0.266747] (openarmx_teleop_leader) StdoutLine: {'line': b'-- Up-to-date symlink: /ws/install/openarmx_teleop_leader/lib/openarmx_teleop_leader/teleop_leader_with_gravitycomp_single\n'}
[0.266816] (openarmx_teleop_leader) StdoutLine: {'line': b'-- Up-to-date symlink: /ws/install/openarmx_teleop_leader/share/openarmx_teleop_leader/launch/bimanual_teleop.launch.py\n'}
[0.266947] (openarmx_teleop_leader) StdoutLine: {'line': b'-- Up-to-date symlink: /ws/install/openarmx_teleop_leader/share/openarmx_teleop_leader/launch/teleop_leader_with_gravitycomp_bimanual.launch.py\n'}
[0.267021] (openarmx_teleop_leader) StdoutLine: {'line': b'-- Up-to-date symlink: /ws/install/openarmx_teleop_leader/share/ament_index/resource_index/package_run_dependencies/openarmx_teleop_leader\n'}
[0.267114] (openarmx_teleop_leader) StdoutLine: {'line': b'-- Up-to-date symlink: /ws/install/openarmx_teleop_leader/share/ament_index/resource_index/parent_prefix_path/openarmx_teleop_leader\n'}
[0.267145] (openarmx_teleop_leader) StdoutLine: {'line': b'-- Up-to-date symlink: /ws/install/openarmx_teleop_leader/share/openarmx_teleop_leader/environment/ament_prefix_path.sh\n'}
[0.267173] (openarmx_teleop_leader) StdoutLine: {'line': b'-- Up-to-date symlink: /ws/install/openarmx_teleop_leader/share/openarmx_teleop_leader/environment/ament_prefix_path.dsv\n'}
[0.267267] (openarmx_teleop_leader) StdoutLine: {'line': b'-- Up-to-date symlink: /ws/install/openarmx_teleop_leader/share/openarmx_teleop_leader/environment/path.sh\n'}
[0.267418] (openarmx_teleop_leader) StdoutLine: {'line': b'-- Up-to-date symlink: /ws/install/openarmx_teleop_leader/share/openarmx_teleop_leader/environment/path.dsv\n'}
[0.267447] (openarmx_teleop_leader) StdoutLine: {'line': b'-- Up-to-date symlink: /ws/install/openarmx_teleop_leader/share/openarmx_teleop_leader/local_setup.bash\n'}
[0.267474] (openarmx_teleop_leader) StdoutLine: {'line': b'-- Up-to-date symlink: /ws/install/openarmx_teleop_leader/share/openarmx_teleop_leader/local_setup.sh\n'}
[0.267562] (openarmx_teleop_leader) StdoutLine: {'line': b'-- Up-to-date symlink: /ws/install/openarmx_teleop_leader/share/openarmx_teleop_leader/local_setup.zsh\n'}
[0.267668] (openarmx_teleop_leader) StdoutLine: {'line': b'-- Up-to-date symlink: /ws/install/openarmx_teleop_leader/share/openarmx_teleop_leader/local_setup.dsv\n'}
[0.267706] (openarmx_teleop_leader) StdoutLine: {'line': b'-- Symlinking: /ws/install/openarmx_teleop_leader/share/openarmx_teleop_leader/package.dsv\n'}
[0.271228] (openarmx_hardware) JobEnded: {'identifier': 'openarmx_hardware', 'rc': 0}
[0.271688] (openarmx) JobStarted: {'identifier': 'openarmx'}
[0.272962] (openarmx_teleop_leader) StdoutLine: {'line': b'-- Up-to-date symlink: /ws/install/openarmx_teleop_leader/share/ament_index/resource_index/packages/openarmx_teleop_leader\n'}
[0.273056] (openarmx_teleop_leader) StdoutLine: {'line': b'-- Up-to-date symlink: /ws/install/openarmx_teleop_leader/share/openarmx_teleop_leader/cmake/openarmx_teleop_leaderConfig.cmake\n'}
[0.273170] (openarmx_teleop_leader) StdoutLine: {'line': b'-- Up-to-date symlink: /ws/install/openarmx_teleop_leader/share/openarmx_teleop_leader/cmake/openarmx_teleop_leaderConfig-version.cmake\n'}
[0.273204] (openarmx_teleop_leader) StdoutLine: {'line': b'-- Up-to-date symlink: /ws/install/openarmx_teleop_leader/share/openarmx_teleop_leader/package.xml\n'}
[0.274046] (openarmx_teleop_leader) CommandEnded: {'returncode': 0}
[0.278965] (openarmx_teleop_leader) JobEnded: {'identifier': 'openarmx_teleop_leader', 'rc': 0}
[0.279406] (openarmx) JobProgress: {'identifier': 'openarmx', 'progress': 'cmake'}
[0.279610] (openarmx) JobProgress: {'identifier': 'openarmx', 'progress': 'build'}
[0.279701] (openarmx) Command: {'cmd': ['/usr/bin/cmake', '--build', '/ws/build/openarmx', '--', '-j20', '-l20'], 'cwd': '/ws/build/openarmx', 'env': OrderedDict([('HOSTNAME', 'sajio-System-Product-Name'), ('SHLVL', '1'), ('LD_LIBRARY_PATH', '/ws/install/openarmx_hardware/lib:/ws/install/openarmx_kp_kd_panel/lib:/ws/install/openarmx_gripper_panel/lib:/ws/install/openarmx_can/lib:/opt/ros/humble/opt/rviz_ogre_vendor/lib:/opt/ros/humble/lib/x86_64-linux-gnu:/opt/ros/humble/lib'), ('HOME', '/root'), ('ROS_PYTHON_VERSION', '3'), ('COLCON_PREFIX_PATH', '/ws/install'), ('ROS_DISTRO', 'humble'), ('_', '/usr/bin/colcon'), ('ROS_VERSION', '2'), ('TERM', 'xterm'), ('ROS_LOCALHOST_ONLY', '0'), ('QT_X11_NO_MITSHM', '1'), ('PATH', '/opt/ros/humble/bin:/usr/local/sbin:/usr/local/bin:/usr/sbin:/usr/bin:/sbin:/bin'), ('DISPLAY', ':0'), ('LANG', 'C.UTF-8'), ('AMENT_PREFIX_PATH', '/ws/install/openarmx_teleop_leader:/ws/install/openarmx_teach:/ws/install/openarmx_kp_kd_panel:/ws/install/openarmx:/ws/install/openarmx_hardware:/ws/install/openarmx_gripper_panel:/ws/install/openarmx_bimanual_moveit_config:/ws/install/openarmx_description:/ws/install/openarmx_can:/ws/install/openarmx_bringup:/opt/ros/humble'), ('DEBIAN_FRONTEND', 'noninteractive'), ('PWD', '/ws/build/openarmx'), ('LC_ALL', 'C.UTF-8'), ('PYTHONPATH', '/ws/build/openarmx_teach:/ws/install/openarmx_teach/lib/python3.10/site-packages:/opt/ros/humble/lib/python3.10/site-packages:/opt/ros/humble/local/lib/python3.10/dist-packages'), ('COLCON', '1'), ('CMAKE_PREFIX_PATH', '/ws/install/openarmx_hardware:/ws/install/openarmx_description:/ws/install/openarmx_can:/ws/install/openarmx_bringup:/ws/install/openarmx_teleop_leader:/ws/install/openarmx_kp_kd_panel:/ws/install/openarmx:/ws/install/openarmx_gripper_panel:/ws/install/openarmx_bimanual_moveit_config:/ws/install/openarmx_teach:/opt/ros/humble')]), 'shell': False}
[0.295648] (openarmx_teach) Command: {'cmd': ['/usr/bin/python3', '-W', 'ignore:setup.py install is deprecated', '-W', 'ignore:easy_install command is deprecated', 'setup.py', 'develop', '--editable', '--build-directory', '/ws/build/openarmx_teach/build', '--no-deps', 'symlink_data'], 'cwd': '/ws/build/openarmx_teach', 'env': {'HOSTNAME': 'sajio-System-Product-Name', 'SHLVL': '1', 'LD_LIBRARY_PATH': '/ws/install/openarmx_kp_kd_panel/lib:/ws/install/openarmx_hardware/lib:/ws/install/openarmx_gripper_panel/lib:/ws/install/openarmx_can/lib:/opt/ros/humble/opt/rviz_ogre_vendor/lib:/opt/ros/humble/lib/x86_64-linux-gnu:/opt/ros/humble/lib', 'HOME': '/root', 'ROS_PYTHON_VERSION': '3', 'COLCON_PREFIX_PATH': '/ws/install', 'ROS_DISTRO': 'humble', '_': '/usr/bin/colcon', 'ROS_VERSION': '2', 'TERM': 'xterm', 'ROS_LOCALHOST_ONLY': '0', 'QT_X11_NO_MITSHM': '1', 'PATH': '/opt/ros/humble/bin:/usr/local/sbin:/usr/local/bin:/usr/sbin:/usr/bin:/sbin:/bin', 'DISPLAY': ':0', 'LANG': 'C.UTF-8', 'AMENT_PREFIX_PATH': '/ws/install/openarmx_teleop_leader:/ws/install/openarmx_teach:/ws/install/openarmx_kp_kd_panel:/ws/install/openarmx:/ws/install/openarmx_hardware:/ws/install/openarmx_gripper_panel:/ws/install/openarmx_bimanual_moveit_config:/ws/install/openarmx_description:/ws/install/openarmx_can:/ws/install/openarmx_bringup:/opt/ros/humble', 'DEBIAN_FRONTEND': 'noninteractive', 'PWD': '/ws/build/openarmx_teach', 'LC_ALL': 'C.UTF-8', 'PYTHONPATH': '/ws/build/openarmx_teach/prefix_override:/usr/lib/python3/dist-packages/colcon_core/task/python/colcon_distutils_commands:/ws/install/openarmx_teach/lib/python3.10/site-packages:/ws/build/openarmx_teach:/ws/install/openarmx_teach/lib/python3.10/site-packages:/opt/ros/humble/lib/python3.10/site-packages:/opt/ros/humble/local/lib/python3.10/dist-packages', 'COLCON': '1', 'CMAKE_PREFIX_PATH': '/ws/install/openarmx_teleop_leader:/ws/install/openarmx_kp_kd_panel:/ws/install/openarmx:/ws/install/openarmx_hardware:/ws/install/openarmx_gripper_panel:/ws/install/openarmx_bimanual_moveit_config:/ws/install/openarmx_description:/ws/install/openarmx_can:/ws/install/openarmx_bringup'}, 'shell': False}
[0.300128] (-) TimerEvent: {}
[0.305954] (openarmx) CommandEnded: {'returncode': 0}
[0.306229] (openarmx) JobProgress: {'identifier': 'openarmx', 'progress': 'install'}
[0.306393] (openarmx) Command: {'cmd': ['/usr/bin/cmake', '--install', '/ws/build/openarmx'], 'cwd': '/ws/build/openarmx', 'env': OrderedDict([('HOSTNAME', 'sajio-System-Product-Name'), ('SHLVL', '1'), ('LD_LIBRARY_PATH', '/ws/install/openarmx_hardware/lib:/ws/install/openarmx_kp_kd_panel/lib:/ws/install/openarmx_gripper_panel/lib:/ws/install/openarmx_can/lib:/opt/ros/humble/opt/rviz_ogre_vendor/lib:/opt/ros/humble/lib/x86_64-linux-gnu:/opt/ros/humble/lib'), ('HOME', '/root'), ('ROS_PYTHON_VERSION', '3'), ('COLCON_PREFIX_PATH', '/ws/install'), ('ROS_DISTRO', 'humble'), ('_', '/usr/bin/colcon'), ('ROS_VERSION', '2'), ('TERM', 'xterm'), ('ROS_LOCALHOST_ONLY', '0'), ('QT_X11_NO_MITSHM', '1'), ('PATH', '/opt/ros/humble/bin:/usr/local/sbin:/usr/local/bin:/usr/sbin:/usr/bin:/sbin:/bin'), ('DISPLAY', ':0'), ('LANG', 'C.UTF-8'), ('AMENT_PREFIX_PATH', '/ws/install/openarmx_teleop_leader:/ws/install/openarmx_teach:/ws/install/openarmx_kp_kd_panel:/ws/install/openarmx:/ws/install/openarmx_hardware:/ws/install/openarmx_gripper_panel:/ws/install/openarmx_bimanual_moveit_config:/ws/install/openarmx_description:/ws/install/openarmx_can:/ws/install/openarmx_bringup:/opt/ros/humble'), ('DEBIAN_FRONTEND', 'noninteractive'), ('PWD', '/ws/build/openarmx'), ('LC_ALL', 'C.UTF-8'), ('PYTHONPATH', '/ws/build/openarmx_teach:/ws/install/openarmx_teach/lib/python3.10/site-packages:/opt/ros/humble/lib/python3.10/site-packages:/opt/ros/humble/local/lib/python3.10/dist-packages'), ('COLCON', '1'), ('CMAKE_PREFIX_PATH', '/ws/install/openarmx_hardware:/ws/install/openarmx_description:/ws/install/openarmx_can:/ws/install/openarmx_bringup:/ws/install/openarmx_teleop_leader:/ws/install/openarmx_kp_kd_panel:/ws/install/openarmx:/ws/install/openarmx_gripper_panel:/ws/install/openarmx_bimanual_moveit_config:/ws/install/openarmx_teach:/opt/ros/humble')]), 'shell': False}
[0.309939] (openarmx) StdoutLine: {'line': b'-- Install configuration: ""\n'}
[0.310171] (openarmx) StdoutLine: {'line': b'-- Execute custom install script\n'}
[0.310266] (openarmx) StdoutLine: {'line': b'-- Up-to-date symlink: /ws/install/openarmx/share/ament_index/resource_index/package_run_dependencies/openarmx\n'}
[0.310333] (openarmx) StdoutLine: {'line': b'-- Up-to-date symlink: /ws/install/openarmx/share/ament_index/resource_index/parent_prefix_path/openarmx\n'}
[0.310408] (openarmx) StdoutLine: {'line': b'-- Up-to-date symlink: /ws/install/openarmx/share/openarmx/environment/ament_prefix_path.sh\n'}
[0.310460] (openarmx) StdoutLine: {'line': b'-- Up-to-date symlink: /ws/install/openarmx/share/openarmx/environment/ament_prefix_path.dsv\n'}
[0.310519] (openarmx) StdoutLine: {'line': b'-- Up-to-date symlink: /ws/install/openarmx/share/openarmx/environment/path.sh\n'}
[0.310568] (openarmx) StdoutLine: {'line': b'-- Up-to-date symlink: /ws/install/openarmx/share/openarmx/environment/path.dsv\n'}
[0.310618] (openarmx) StdoutLine: {'line': b'-- Up-to-date symlink: /ws/install/openarmx/share/openarmx/local_setup.bash\n'}
[0.310664] (openarmx) StdoutLine: {'line': b'-- Up-to-date symlink: /ws/install/openarmx/share/openarmx/local_setup.sh\n'}
[0.310709] (openarmx) StdoutLine: {'line': b'-- Up-to-date symlink: /ws/install/openarmx/share/openarmx/local_setup.zsh\n'}
[0.310754] (openarmx) StdoutLine: {'line': b'-- Up-to-date symlink: /ws/install/openarmx/share/openarmx/local_setup.dsv\n'}
[0.310790] (openarmx) StdoutLine: {'line': b'-- Symlinking: /ws/install/openarmx/share/openarmx/package.dsv\n'}
[0.314552] (openarmx) StdoutLine: {'line': b'-- Up-to-date symlink: /ws/install/openarmx/share/ament_index/resource_index/packages/openarmx\n'}
[0.314608] (openarmx) StdoutLine: {'line': b'-- Up-to-date symlink: /ws/install/openarmx/share/openarmx/cmake/openarmxConfig.cmake\n'}
[0.314643] (openarmx) StdoutLine: {'line': b'-- Up-to-date symlink: /ws/install/openarmx/share/openarmx/cmake/openarmxConfig-version.cmake\n'}
[0.314695] (openarmx) StdoutLine: {'line': b'-- Up-to-date symlink: /ws/install/openarmx/share/openarmx/package.xml\n'}
[0.315505] (openarmx) CommandEnded: {'returncode': 0}
[0.320542] (openarmx) JobEnded: {'identifier': 'openarmx', 'rc': 0}
[0.395574] (openarmx_teach) StdoutLine: {'line': b'running develop\n'}
[0.400188] (-) TimerEvent: {}
[0.441109] (openarmx_teach) StdoutLine: {'line': b'running egg_info\n'}
[0.441214] (openarmx_teach) StdoutLine: {'line': b'writing openarmx_teach.egg-info/PKG-INFO\n'}
[0.441348] (openarmx_teach) StdoutLine: {'line': b'writing dependency_links to openarmx_teach.egg-info/dependency_links.txt\n'}
[0.441422] (openarmx_teach) StdoutLine: {'line': b'writing entry points to openarmx_teach.egg-info/entry_points.txt\n'}
[0.441451] (openarmx_teach) StdoutLine: {'line': b'writing requirements to openarmx_teach.egg-info/requires.txt\n'}
[0.441475] (openarmx_teach) StdoutLine: {'line': b'writing top-level names to openarmx_teach.egg-info/top_level.txt\n'}
[0.442041] (openarmx_teach) StdoutLine: {'line': b"reading manifest file 'openarmx_teach.egg-info/SOURCES.txt'\n"}
[0.442310] (openarmx_teach) StdoutLine: {'line': b"writing manifest file 'openarmx_teach.egg-info/SOURCES.txt'\n"}
[0.442918] (openarmx_teach) StdoutLine: {'line': b'running build_ext\n'}
[0.443069] (openarmx_teach) StdoutLine: {'line': b'Creating /ws/install/openarmx_teach/lib/python3.10/site-packages/openarmx-teach.egg-link (link to .)\n'}
[0.443221] (openarmx_teach) StdoutLine: {'line': b'Installing play_joint_trajectory script to /ws/install/openarmx_teach/lib/openarmx_teach\n'}
[0.443288] (openarmx_teach) StdoutLine: {'line': b'Installing record_joint_states_always script to /ws/install/openarmx_teach/lib/openarmx_teach\n'}
[0.443327] (openarmx_teach) StdoutLine: {'line': b'Installing record_joint_states_stepbystep script to /ws/install/openarmx_teach/lib/openarmx_teach\n'}
[0.443449] (openarmx_teach) StdoutLine: {'line': b'\n'}
[0.443508] (openarmx_teach) StdoutLine: {'line': b'Installed /ws/build/openarmx_teach\n'}
[0.443536] (openarmx_teach) StdoutLine: {'line': b'running symlink_data\n'}
[0.455401] (openarmx_teach) CommandEnded: {'returncode': 0}
[0.458920] (openarmx_teach) JobEnded: {'identifier': 'openarmx_teach', 'rc': 0}
[0.459290] (-) EventReactorShutdown: {}
