[0.010s] Invoking command in '/ws/build/openarmx_bringup': CMAKE_PREFIX_PATH=/opt/ros/humble /usr/bin/cmake /ws/src/openarmx_ros2/openarmx_bringup -DAMENT_CMAKE_SYMLINK_INSTALL=1 -DCMAKE_INSTALL_PREFIX=/ws/install/openarmx_bringup
[0.127s] -- The C compiler identification is GNU 11.4.0
[0.127s] -- The CXX compiler identification is GNU 11.4.0
[0.127s] -- Detecting C compiler ABI info
[0.127s] -- Detecting C compiler ABI info - done
[0.129s] -- Check for working C compiler: /usr/bin/cc - skipped
[0.129s] -- Detecting C compile features
[0.129s] -- Detecting C compile features - done
[0.129s] -- Detecting CXX compiler ABI info
[0.169s] -- Detecting CXX compiler ABI info - done
[0.173s] -- Check for working CXX compiler: /usr/bin/c++ - skipped
[0.173s] -- Detecting CXX compile features
[0.173s] -- Detecting CXX compile features - done
[0.175s] -- Found ament_cmake: 1.3.12 (/opt/ros/humble/share/ament_cmake/cmake)
[0.270s] -- Found Python3: /usr/bin/python3 (found version "3.10.12") found components: Interpreter 
[0.302s] -- Override CMake install command with custom implementation using symlinks instead of copying resources
[0.318s] -- Found ament_lint_auto: 0.12.14 (/opt/ros/humble/share/ament_lint_auto/cmake)
[0.365s] -- Added test 'flake8' to check Python code syntax and style conventions
[0.365s] -- Added test 'lint_cmake' to check CMake code style
[0.365s] -- Added test 'pep257' to check Python code against some of the docstring style conventions in PEP 257
[0.366s] -- Added test 'xmllint' to check XML markup files
[0.367s] -- Configuring done
[0.369s] -- Generating done
[0.369s] -- Build files have been written to: /ws/build/openarmx_bringup
[0.371s] Invoked command in '/ws/build/openarmx_bringup' returned '0': CMAKE_PREFIX_PATH=/opt/ros/humble /usr/bin/cmake /ws/src/openarmx_ros2/openarmx_bringup -DAMENT_CMAKE_SYMLINK_INSTALL=1 -DCMAKE_INSTALL_PREFIX=/ws/install/openarmx_bringup
[0.373s] Invoking command in '/ws/build/openarmx_bringup': CMAKE_PREFIX_PATH=/opt/ros/humble /usr/bin/cmake --build /ws/build/openarmx_bringup -- -j20 -l20
[0.399s] Invoked command in '/ws/build/openarmx_bringup' returned '0': CMAKE_PREFIX_PATH=/opt/ros/humble /usr/bin/cmake --build /ws/build/openarmx_bringup -- -j20 -l20
[0.406s] Invoking command in '/ws/build/openarmx_bringup': CMAKE_PREFIX_PATH=/opt/ros/humble /usr/bin/cmake --install /ws/build/openarmx_bringup
[0.411s] -- Install configuration: ""
[0.412s] -- Execute custom install script
[0.412s] -- Symlinking: /ws/install/openarmx_bringup/share/openarmx_bringup/launch/openarm.bimanual.launch.py
[0.419s] -- Symlinking: /ws/install/openarmx_bringup/share/openarmx_bringup/config/v10_controllers/openarm_v10_bimanual_controllers.yaml
[0.425s] -- Symlinking: /ws/install/openarmx_bringup/share/openarmx_bringup/config/v10_controllers/openarm_v10_bimanual_controllers_namespaced.yaml
[0.428s] -- Symlinking: /ws/install/openarmx_bringup/share/openarmx_bringup/config/v10_controllers/openarm_v10_controllers.yaml
[0.432s] -- Symlinking: /ws/install/openarmx_bringup/share/ament_index/resource_index/package_run_dependencies/openarmx_bringup
[0.438s] -- Symlinking: /ws/install/openarmx_bringup/share/ament_index/resource_index/parent_prefix_path/openarmx_bringup
[0.441s] -- Symlinking: /ws/install/openarmx_bringup/share/openarmx_bringup/environment/ament_prefix_path.sh
[0.446s] -- Symlinking: /ws/install/openarmx_bringup/share/openarmx_bringup/environment/ament_prefix_path.dsv
[0.450s] -- Symlinking: /ws/install/openarmx_bringup/share/openarmx_bringup/environment/path.sh
[0.454s] -- Symlinking: /ws/install/openarmx_bringup/share/openarmx_bringup/environment/path.dsv
[0.458s] -- Symlinking: /ws/install/openarmx_bringup/share/openarmx_bringup/local_setup.bash
[0.462s] -- Symlinking: /ws/install/openarmx_bringup/share/openarmx_bringup/local_setup.sh
[0.469s] -- Symlinking: /ws/install/openarmx_bringup/share/openarmx_bringup/local_setup.zsh
[0.476s] -- Symlinking: /ws/install/openarmx_bringup/share/openarmx_bringup/local_setup.dsv
[0.483s] -- Symlinking: /ws/install/openarmx_bringup/share/openarmx_bringup/package.dsv
[0.498s] -- Symlinking: /ws/install/openarmx_bringup/share/ament_index/resource_index/packages/openarmx_bringup
[0.498s] -- Symlinking: /ws/install/openarmx_bringup/share/openarmx_bringup/cmake/openarmx_bringupConfig.cmake
[0.500s] -- Symlinking: /ws/install/openarmx_bringup/share/openarmx_bringup/cmake/openarmx_bringupConfig-version.cmake
[0.504s] -- Symlinking: /ws/install/openarmx_bringup/share/openarmx_bringup/package.xml
[0.512s] Invoked command in '/ws/build/openarmx_bringup' returned '0': CMAKE_PREFIX_PATH=/opt/ros/humble /usr/bin/cmake --install /ws/build/openarmx_bringup
