[0.012s] Invoking command in '/ws/build/openarmx_gripper_panel': CMAKE_PREFIX_PATH=${CMAKE_PREFIX_PATH}:/ws/install/openarmx_teach:/opt/ros/humble /usr/bin/cmake --build /ws/build/openarmx_gripper_panel -- -j20 -l20
[0.050s] [ 25%] [34m[1mAutomatic MOC for target openarmx_gripper_panel[0m
[0.064s] [ 25%] Built target openarmx_gripper_panel_autogen
[0.082s] [100%] Built target openarmx_gripper_panel
[0.134s] Invoked command in '/ws/build/openarmx_gripper_panel' returned '0': CMAKE_PREFIX_PATH=${CMAKE_PREFIX_PATH}:/ws/install/openarmx_teach:/opt/ros/humble /usr/bin/cmake --build /ws/build/openarmx_gripper_panel -- -j20 -l20
[0.134s] Invoking command in '/ws/build/openarmx_gripper_panel': CMAKE_PREFIX_PATH=${CMAKE_PREFIX_PATH}:/ws/install/openarmx_teach:/opt/ros/humble /usr/bin/cmake --install /ws/build/openarmx_gripper_panel
[0.154s] -- Install configuration: ""
[0.156s] -- Execute custom install script
[0.157s] -- Up-to-date symlink: /ws/install/openarmx_gripper_panel/include/openarmx_gripper_panel/gripper_panel.hpp
[0.157s] -- Up-to-date symlink: /ws/install/openarmx_gripper_panel/share/openarmx_gripper_panel/plugin_description.xml
[0.158s] -- Up-to-date symlink: /ws/install/openarmx_gripper_panel/share/openarmx_gripper_panel/resource/openarmx_gripper_panel
[0.158s] -- Up-to-date symlink: /ws/install/openarmx_gripper_panel/share/openarmx_gripper_panel/plugins/plugin_description.xml
[0.158s] -- Up-to-date symlink: /ws/install/openarmx_gripper_panel/share/openarmx_gripper_panel/environment/library_path.sh
[0.158s] -- Up-to-date symlink: /ws/install/openarmx_gripper_panel/share/openarmx_gripper_panel/environment/library_path.dsv
[0.158s] -- Up-to-date symlink: /ws/install/openarmx_gripper_panel/share/ament_index/resource_index/package_run_dependencies/openarmx_gripper_panel
[0.158s] -- Up-to-date symlink: /ws/install/openarmx_gripper_panel/share/ament_index/resource_index/parent_prefix_path/openarmx_gripper_panel
[0.158s] -- Up-to-date symlink: /ws/install/openarmx_gripper_panel/share/openarmx_gripper_panel/environment/ament_prefix_path.sh
[0.158s] -- Up-to-date symlink: /ws/install/openarmx_gripper_panel/share/openarmx_gripper_panel/environment/ament_prefix_path.dsv
[0.158s] -- Up-to-date symlink: /ws/install/openarmx_gripper_panel/share/openarmx_gripper_panel/environment/path.sh
[0.158s] -- Up-to-date symlink: /ws/install/openarmx_gripper_panel/share/openarmx_gripper_panel/environment/path.dsv
[0.158s] -- Up-to-date symlink: /ws/install/openarmx_gripper_panel/share/openarmx_gripper_panel/local_setup.bash
[0.158s] -- Up-to-date symlink: /ws/install/openarmx_gripper_panel/share/openarmx_gripper_panel/local_setup.sh
[0.158s] -- Up-to-date symlink: /ws/install/openarmx_gripper_panel/share/openarmx_gripper_panel/local_setup.zsh
[0.158s] -- Up-to-date symlink: /ws/install/openarmx_gripper_panel/share/openarmx_gripper_panel/local_setup.dsv
[0.158s] -- Symlinking: /ws/install/openarmx_gripper_panel/share/openarmx_gripper_panel/package.dsv
[0.159s] -- Up-to-date symlink: /ws/install/openarmx_gripper_panel/share/ament_index/resource_index/packages/openarmx_gripper_panel
[0.159s] -- Up-to-date symlink: /ws/install/openarmx_gripper_panel/share/ament_index/resource_index/rviz_common__pluginlib__plugin/openarmx_gripper_panel
[0.159s] -- Up-to-date symlink: /ws/install/openarmx_gripper_panel/share/openarmx_gripper_panel/cmake/ament_cmake_export_include_directories-extras.cmake
[0.159s] -- Up-to-date symlink: /ws/install/openarmx_gripper_panel/share/openarmx_gripper_panel/cmake/ament_cmake_export_libraries-extras.cmake
[0.159s] -- Up-to-date symlink: /ws/install/openarmx_gripper_panel/share/openarmx_gripper_panel/cmake/ament_cmake_export_dependencies-extras.cmake
[0.159s] -- Up-to-date symlink: /ws/install/openarmx_gripper_panel/share/openarmx_gripper_panel/cmake/openarmx_gripper_panelConfig.cmake
[0.159s] -- Up-to-date symlink: /ws/install/openarmx_gripper_panel/share/openarmx_gripper_panel/cmake/openarmx_gripper_panelConfig-version.cmake
[0.159s] -- Up-to-date symlink: /ws/install/openarmx_gripper_panel/share/openarmx_gripper_panel/package.xml
[0.159s] -- Up-to-date: /ws/install/openarmx_gripper_panel/lib/libopenarmx_gripper_panel.so
[0.180s] Invoked command in '/ws/build/openarmx_gripper_panel' returned '0': CMAKE_PREFIX_PATH=${CMAKE_PREFIX_PATH}:/ws/install/openarmx_teach:/opt/ros/humble /usr/bin/cmake --install /ws/build/openarmx_gripper_panel
