[0.000000] (-) TimerEvent: {}
[0.000481] (openarmx_bringup) JobQueued: {'identifier': 'openarmx_bringup', 'dependencies': OrderedDict()}
[0.000657] (openarmx_can) JobQueued: {'identifier': 'openarmx_can', 'dependencies': OrderedDict()}
[0.000682] (openarmx_description) JobQueued: {'identifier': 'openarmx_description', 'dependencies': OrderedDict()}
[0.000691] (openarmx_gripper_panel) JobQueued: {'identifier': 'openarmx_gripper_panel', 'dependencies': OrderedDict()}
[0.000699] (openarmx_kp_kd_panel) JobQueued: {'identifier': 'openarmx_kp_kd_panel', 'dependencies': OrderedDict()}
[0.000706] (openarmx_teach) JobQueued: {'identifier': 'openarmx_teach', 'dependencies': OrderedDict()}
[0.000712] (openarmx_bimanual_moveit_config) JobQueued: {'identifier': 'openarmx_bimanual_moveit_config', 'dependencies': OrderedDict([('openarmx_description', '/ws/install/openarmx_description')])}
[0.000720] (openarmx_hardware) JobQueued: {'identifier': 'openarmx_hardware', 'dependencies': OrderedDict([('openarmx_can', '/ws/install/openarmx_can')])}
[0.000727] (openarmx_teleop_leader) JobQueued: {'identifier': 'openarmx_teleop_leader', 'dependencies': OrderedDict([('openarmx_can', '/ws/install/openarmx_can')])}
[0.000734] (openarmx) JobQueued: {'identifier': 'openarmx', 'dependencies': OrderedDict([('openarmx_bringup', '/ws/install/openarmx_bringup'), ('openarmx_can', '/ws/install/openarmx_can'), ('openarmx_description', '/ws/install/openarmx_description'), ('openarmx_hardware', '/ws/install/openarmx_hardware')])}
[0.000745] (openarmx_can) JobStarted: {'identifier': 'openarmx_can'}
[0.004170] (openarmx_description) JobStarted: {'identifier': 'openarmx_description'}
[0.005861] (openarmx_bringup) JobStarted: {'identifier': 'openarmx_bringup'}
[0.007468] (openarmx_gripper_panel) JobStarted: {'identifier': 'openarmx_gripper_panel'}
[0.009064] (openarmx_kp_kd_panel) JobStarted: {'identifier': 'openarmx_kp_kd_panel'}
[0.010657] (openarmx_teach) JobStarted: {'identifier': 'openarmx_teach'}
[0.014255] (openarmx_can) JobProgress: {'identifier': 'openarmx_can', 'progress': 'cmake'}
[0.014462] (openarmx_can) JobProgress: {'identifier': 'openarmx_can', 'progress': 'build'}
[0.014737] (openarmx_can) Command: {'cmd': ['/usr/bin/cmake', '--build', '/ws/build/openarmx_can', '--', '-j20', '-l20'], 'cwd': '/ws/build/openarmx_can', 'env': OrderedDict([('HOSTNAME', 'sajio-System-Product-Name'), ('SHLVL', '1'), ('LD_LIBRARY_PATH', '/ws/install/openarmx_kp_kd_panel/lib:/ws/install/openarmx_hardware/lib:/ws/install/openarmx_gripper_panel/lib:/ws/install/openarmx_can/lib:/opt/ros/humble/opt/rviz_ogre_vendor/lib:/opt/ros/humble/lib/x86_64-linux-gnu:/opt/ros/humble/lib'), ('HOME', '/root'), ('ROS_PYTHON_VERSION', '3'), ('COLCON_PREFIX_PATH', '/ws/install'), ('ROS_DISTRO', 'humble'), ('_', '/usr/bin/colcon'), ('ROS_VERSION', '2'), ('TERM', 'xterm'), ('ROS_LOCALHOST_ONLY', '0'), ('QT_X11_NO_MITSHM', '1'), ('PATH', '/opt/ros/humble/bin:/usr/local/sbin:/usr/local/bin:/usr/sbin:/usr/bin:/sbin:/bin'), ('DISPLAY', ':0'), ('LANG', 'C.UTF-8'), ('AMENT_PREFIX_PATH', '/ws/install/openarmx_teleop_leader:/ws/install/openarmx_teach:/ws/install/openarmx_kp_kd_panel:/ws/install/openarmx:/ws/install/openarmx_hardware:/ws/install/openarmx_gripper_panel:/ws/install/openarmx_bimanual_moveit_config:/ws/install/openarmx_description:/ws/install/openarmx_can:/ws/install/openarmx_bringup:/opt/ros/humble'), ('DEBIAN_FRONTEND', 'noninteractive'), ('PWD', '/ws/build/openarmx_can'), ('LC_ALL', 'C.UTF-8'), ('PYTHONPATH', '/ws/build/openarmx_teach:/ws/install/openarmx_teach/lib/python3.10/site-packages:/opt/ros/humble/lib/python3.10/site-packages:/opt/ros/humble/local/lib/python3.10/dist-packages'), ('COLCON', '1'), ('CMAKE_PREFIX_PATH', '/ws/install/openarmx_teleop_leader:/ws/install/openarmx_kp_kd_panel:/ws/install/openarmx:/ws/install/openarmx_hardware:/ws/install/openarmx_gripper_panel:/ws/install/openarmx_bimanual_moveit_config:/ws/install/openarmx_description:/ws/install/openarmx_can:/ws/install/openarmx_bringup:/ws/install/openarmx_teach:/opt/ros/humble')]), 'shell': False}
[0.015720] (openarmx_description) JobProgress: {'identifier': 'openarmx_description', 'progress': 'cmake'}
[0.015922] (openarmx_description) JobProgress: {'identifier': 'openarmx_description', 'progress': 'build'}
[0.016059] (openarmx_description) Command: {'cmd': ['/usr/bin/cmake', '--build', '/ws/build/openarmx_description', '--', '-j20', '-l20'], 'cwd': '/ws/build/openarmx_description', 'env': OrderedDict([('HOSTNAME', 'sajio-System-Product-Name'), ('SHLVL', '1'), ('LD_LIBRARY_PATH', '/ws/install/openarmx_kp_kd_panel/lib:/ws/install/openarmx_hardware/lib:/ws/install/openarmx_gripper_panel/lib:/ws/install/openarmx_can/lib:/opt/ros/humble/opt/rviz_ogre_vendor/lib:/opt/ros/humble/lib/x86_64-linux-gnu:/opt/ros/humble/lib'), ('HOME', '/root'), ('ROS_PYTHON_VERSION', '3'), ('COLCON_PREFIX_PATH', '/ws/install'), ('ROS_DISTRO', 'humble'), ('_', '/usr/bin/colcon'), ('ROS_VERSION', '2'), ('TERM', 'xterm'), ('ROS_LOCALHOST_ONLY', '0'), ('QT_X11_NO_MITSHM', '1'), ('PATH', '/opt/ros/humble/bin:/usr/local/sbin:/usr/local/bin:/usr/sbin:/usr/bin:/sbin:/bin'), ('DISPLAY', ':0'), ('LANG', 'C.UTF-8'), ('AMENT_PREFIX_PATH', '/ws/install/openarmx_teleop_leader:/ws/install/openarmx_teach:/ws/install/openarmx_kp_kd_panel:/ws/install/openarmx:/ws/install/openarmx_hardware:/ws/install/openarmx_gripper_panel:/ws/install/openarmx_bimanual_moveit_config:/ws/install/openarmx_description:/ws/install/openarmx_can:/ws/install/openarmx_bringup:/opt/ros/humble'), ('DEBIAN_FRONTEND', 'noninteractive'), ('PWD', '/ws/build/openarmx_description'), ('LC_ALL', 'C.UTF-8'), ('PYTHONPATH', '/ws/build/openarmx_teach:/ws/install/openarmx_teach/lib/python3.10/site-packages:/opt/ros/humble/lib/python3.10/site-packages:/opt/ros/humble/local/lib/python3.10/dist-packages'), ('COLCON', '1'), ('CMAKE_PREFIX_PATH', '/ws/install/openarmx_teleop_leader:/ws/install/openarmx_kp_kd_panel:/ws/install/openarmx:/ws/install/openarmx_hardware:/ws/install/openarmx_gripper_panel:/ws/install/openarmx_bimanual_moveit_config:/ws/install/openarmx_description:/ws/install/openarmx_can:/ws/install/openarmx_bringup:/ws/install/openarmx_teach:/opt/ros/humble')]), 'shell': False}
[0.016552] (openarmx_bringup) JobProgress: {'identifier': 'openarmx_bringup', 'progress': 'cmake'}
[0.016725] (openarmx_bringup) JobProgress: {'identifier': 'openarmx_bringup', 'progress': 'build'}
[0.016852] (openarmx_bringup) Command: {'cmd': ['/usr/bin/cmake', '--build', '/ws/build/openarmx_bringup', '--', '-j20', '-l20'], 'cwd': '/ws/build/openarmx_bringup', 'env': OrderedDict([('HOSTNAME', 'sajio-System-Product-Name'), ('SHLVL', '1'), ('LD_LIBRARY_PATH', '/ws/install/openarmx_kp_kd_panel/lib:/ws/install/openarmx_hardware/lib:/ws/install/openarmx_gripper_panel/lib:/ws/install/openarmx_can/lib:/opt/ros/humble/opt/rviz_ogre_vendor/lib:/opt/ros/humble/lib/x86_64-linux-gnu:/opt/ros/humble/lib'), ('HOME', '/root'), ('ROS_PYTHON_VERSION', '3'), ('COLCON_PREFIX_PATH', '/ws/install'), ('ROS_DISTRO', 'humble'), ('_', '/usr/bin/colcon'), ('ROS_VERSION', '2'), ('TERM', 'xterm'), ('ROS_LOCALHOST_ONLY', '0'), ('QT_X11_NO_MITSHM', '1'), ('PATH', '/opt/ros/humble/bin:/usr/local/sbin:/usr/local/bin:/usr/sbin:/usr/bin:/sbin:/bin'), ('DISPLAY', ':0'), ('LANG', 'C.UTF-8'), ('AMENT_PREFIX_PATH', '/ws/install/openarmx_teleop_leader:/ws/install/openarmx_teach:/ws/install/openarmx_kp_kd_panel:/ws/install/openarmx:/ws/install/openarmx_hardware:/ws/install/openarmx_gripper_panel:/ws/install/openarmx_bimanual_moveit_config:/ws/install/openarmx_description:/ws/install/openarmx_can:/ws/install/openarmx_bringup:/opt/ros/humble'), ('DEBIAN_FRONTEND', 'noninteractive'), ('PWD', '/ws/build/openarmx_bringup'), ('LC_ALL', 'C.UTF-8'), ('PYTHONPATH', '/ws/build/openarmx_teach:/ws/install/openarmx_teach/lib/python3.10/site-packages:/opt/ros/humble/lib/python3.10/site-packages:/opt/ros/humble/local/lib/python3.10/dist-packages'), ('COLCON', '1'), ('CMAKE_PREFIX_PATH', '/ws/install/openarmx_teleop_leader:/ws/install/openarmx_kp_kd_panel:/ws/install/openarmx:/ws/install/openarmx_hardware:/ws/install/openarmx_gripper_panel:/ws/install/openarmx_bimanual_moveit_config:/ws/install/openarmx_description:/ws/install/openarmx_can:/ws/install/openarmx_bringup:/ws/install/openarmx_teach:/opt/ros/humble')]), 'shell': False}
[0.017349] (openarmx_gripper_panel) JobProgress: {'identifier': 'openarmx_gripper_panel', 'progress': 'cmake'}
[0.017619] (openarmx_gripper_panel) JobProgress: {'identifier': 'openarmx_gripper_panel', 'progress': 'build'}
[0.017801] (openarmx_gripper_panel) Command: {'cmd': ['/usr/bin/cmake', '--build', '/ws/build/openarmx_gripper_panel', '--', '-j20', '-l20'], 'cwd': '/ws/build/openarmx_gripper_panel', 'env': OrderedDict([('HOSTNAME', 'sajio-System-Product-Name'), ('SHLVL', '1'), ('LD_LIBRARY_PATH', '/ws/install/openarmx_kp_kd_panel/lib:/ws/install/openarmx_hardware/lib:/ws/install/openarmx_gripper_panel/lib:/ws/install/openarmx_can/lib:/opt/ros/humble/opt/rviz_ogre_vendor/lib:/opt/ros/humble/lib/x86_64-linux-gnu:/opt/ros/humble/lib'), ('HOME', '/root'), ('ROS_PYTHON_VERSION', '3'), ('COLCON_PREFIX_PATH', '/ws/install'), ('ROS_DISTRO', 'humble'), ('_', '/usr/bin/colcon'), ('ROS_VERSION', '2'), ('TERM', 'xterm'), ('ROS_LOCALHOST_ONLY', '0'), ('QT_X11_NO_MITSHM', '1'), ('PATH', '/opt/ros/humble/bin:/usr/local/sbin:/usr/local/bin:/usr/sbin:/usr/bin:/sbin:/bin'), ('DISPLAY', ':0'), ('LANG', 'C.UTF-8'), ('AMENT_PREFIX_PATH', '/ws/install/openarmx_teleop_leader:/ws/install/openarmx_teach:/ws/install/openarmx_kp_kd_panel:/ws/install/openarmx:/ws/install/openarmx_hardware:/ws/install/openarmx_gripper_panel:/ws/install/openarmx_bimanual_moveit_config:/ws/install/openarmx_description:/ws/install/openarmx_can:/ws/install/openarmx_bringup:/opt/ros/humble'), ('DEBIAN_FRONTEND', 'noninteractive'), ('PWD', '/ws/build/openarmx_gripper_panel'), ('LC_ALL', 'C.UTF-8'), ('PYTHONPATH', '/ws/build/openarmx_teach:/ws/install/openarmx_teach/lib/python3.10/site-packages:/opt/ros/humble/lib/python3.10/site-packages:/opt/ros/humble/local/lib/python3.10/dist-packages'), ('COLCON', '1'), ('CMAKE_PREFIX_PATH', '/ws/install/openarmx_teleop_leader:/ws/install/openarmx_kp_kd_panel:/ws/install/openarmx:/ws/install/openarmx_hardware:/ws/install/openarmx_gripper_panel:/ws/install/openarmx_bimanual_moveit_config:/ws/install/openarmx_description:/ws/install/openarmx_can:/ws/install/openarmx_bringup:/ws/install/openarmx_teach:/opt/ros/humble')]), 'shell': False}
[0.018442] (openarmx_kp_kd_panel) JobProgress: {'identifier': 'openarmx_kp_kd_panel', 'progress': 'cmake'}
[0.018582] (openarmx_kp_kd_panel) JobProgress: {'identifier': 'openarmx_kp_kd_panel', 'progress': 'build'}
[0.018763] (openarmx_kp_kd_panel) Command: {'cmd': ['/usr/bin/cmake', '--build', '/ws/build/openarmx_kp_kd_panel', '--', '-j20', '-l20'], 'cwd': '/ws/build/openarmx_kp_kd_panel', 'env': OrderedDict([('HOSTNAME', 'sajio-System-Product-Name'), ('SHLVL', '1'), ('LD_LIBRARY_PATH', '/ws/install/openarmx_kp_kd_panel/lib:/ws/install/openarmx_hardware/lib:/ws/install/openarmx_gripper_panel/lib:/ws/install/openarmx_can/lib:/opt/ros/humble/opt/rviz_ogre_vendor/lib:/opt/ros/humble/lib/x86_64-linux-gnu:/opt/ros/humble/lib'), ('HOME', '/root'), ('ROS_PYTHON_VERSION', '3'), ('COLCON_PREFIX_PATH', '/ws/install'), ('ROS_DISTRO', 'humble'), ('_', '/usr/bin/colcon'), ('ROS_VERSION', '2'), ('TERM', 'xterm'), ('ROS_LOCALHOST_ONLY', '0'), ('QT_X11_NO_MITSHM', '1'), ('PATH', '/opt/ros/humble/bin:/usr/local/sbin:/usr/local/bin:/usr/sbin:/usr/bin:/sbin:/bin'), ('DISPLAY', ':0'), ('LANG', 'C.UTF-8'), ('AMENT_PREFIX_PATH', '/ws/install/openarmx_teleop_leader:/ws/install/openarmx_teach:/ws/install/openarmx_kp_kd_panel:/ws/install/openarmx:/ws/install/openarmx_hardware:/ws/install/openarmx_gripper_panel:/ws/install/openarmx_bimanual_moveit_config:/ws/install/openarmx_description:/ws/install/openarmx_can:/ws/install/openarmx_bringup:/opt/ros/humble'), ('DEBIAN_FRONTEND', 'noninteractive'), ('PWD', '/ws/build/openarmx_kp_kd_panel'), ('LC_ALL', 'C.UTF-8'), ('PYTHONPATH', '/ws/build/openarmx_teach:/ws/install/openarmx_teach/lib/python3.10/site-packages:/opt/ros/humble/lib/python3.10/site-packages:/opt/ros/humble/local/lib/python3.10/dist-packages'), ('COLCON', '1'), ('CMAKE_PREFIX_PATH', '/ws/install/openarmx_teleop_leader:/ws/install/openarmx_kp_kd_panel:/ws/install/openarmx:/ws/install/openarmx_hardware:/ws/install/openarmx_gripper_panel:/ws/install/openarmx_bimanual_moveit_config:/ws/install/openarmx_description:/ws/install/openarmx_can:/ws/install/openarmx_bringup:/ws/install/openarmx_teach:/opt/ros/humble')]), 'shell': False}
[0.048916] (openarmx_kp_kd_panel) StdoutLine: {'line': b'[ 25%] \x1b[34m\x1b[1mAutomatic MOC and UIC for target openarmx_kp_kd_panel\x1b[0m\n'}
[0.053247] (openarmx_gripper_panel) StdoutLine: {'line': b'[ 25%] \x1b[34m\x1b[1mAutomatic MOC for target openarmx_gripper_panel\x1b[0m\n'}
[0.053549] (openarmx_can) StdoutLine: {'line': b'[ 50%] Built target openarmx_can\n'}
[0.064332] (openarmx_kp_kd_panel) StdoutLine: {'line': b'[ 25%] Built target openarmx_kp_kd_panel_autogen\n'}
[0.066928] (openarmx_can) StdoutLine: {'line': b'[ 65%] Built target robstride-demo-gripper\n'}
[0.067100] (openarmx_can) StdoutLine: {'line': b'[ 70%] Built target motor-check\n'}
[0.067186] (openarmx_can) StdoutLine: {'line': b'[ 80%] Built target python-style-test\n'}
[0.068713] (openarmx_can) StdoutLine: {'line': b'[ 90%] Built target robstride-demo-full\n'}
[0.068899] (openarmx_gripper_panel) StdoutLine: {'line': b'[ 25%] Built target openarmx_gripper_panel_autogen\n'}
[0.069594] (openarmx_can) StdoutLine: {'line': b'[100%] Built target robstride-demo\n'}
[0.082365] (openarmx_kp_kd_panel) StdoutLine: {'line': b'[100%] Built target openarmx_kp_kd_panel\n'}
[0.086141] (openarmx_gripper_panel) StdoutLine: {'line': b'[100%] Built target openarmx_gripper_panel\n'}
[0.099983] (-) TimerEvent: {}
[0.134810] (openarmx_description) CommandEnded: {'returncode': 0}
[0.135169] (openarmx_description) JobProgress: {'identifier': 'openarmx_description', 'progress': 'install'}
[0.140097] (openarmx_description) Command: {'cmd': ['/usr/bin/cmake', '--install', '/ws/build/openarmx_description'], 'cwd': '/ws/build/openarmx_description', 'env': OrderedDict([('HOSTNAME', 'sajio-System-Product-Name'), ('SHLVL', '1'), ('LD_LIBRARY_PATH', '/ws/install/openarmx_kp_kd_panel/lib:/ws/install/openarmx_hardware/lib:/ws/install/openarmx_gripper_panel/lib:/ws/install/openarmx_can/lib:/opt/ros/humble/opt/rviz_ogre_vendor/lib:/opt/ros/humble/lib/x86_64-linux-gnu:/opt/ros/humble/lib'), ('HOME', '/root'), ('ROS_PYTHON_VERSION', '3'), ('COLCON_PREFIX_PATH', '/ws/install'), ('ROS_DISTRO', 'humble'), ('_', '/usr/bin/colcon'), ('ROS_VERSION', '2'), ('TERM', 'xterm'), ('ROS_LOCALHOST_ONLY', '0'), ('QT_X11_NO_MITSHM', '1'), ('PATH', '/opt/ros/humble/bin:/usr/local/sbin:/usr/local/bin:/usr/sbin:/usr/bin:/sbin:/bin'), ('DISPLAY', ':0'), ('LANG', 'C.UTF-8'), ('AMENT_PREFIX_PATH', '/ws/install/openarmx_teleop_leader:/ws/install/openarmx_teach:/ws/install/openarmx_kp_kd_panel:/ws/install/openarmx:/ws/install/openarmx_hardware:/ws/install/openarmx_gripper_panel:/ws/install/openarmx_bimanual_moveit_config:/ws/install/openarmx_description:/ws/install/openarmx_can:/ws/install/openarmx_bringup:/opt/ros/humble'), ('DEBIAN_FRONTEND', 'noninteractive'), ('PWD', '/ws/build/openarmx_description'), ('LC_ALL', 'C.UTF-8'), ('PYTHONPATH', '/ws/build/openarmx_teach:/ws/install/openarmx_teach/lib/python3.10/site-packages:/opt/ros/humble/lib/python3.10/site-packages:/opt/ros/humble/local/lib/python3.10/dist-packages'), ('COLCON', '1'), ('CMAKE_PREFIX_PATH', '/ws/install/openarmx_teleop_leader:/ws/install/openarmx_kp_kd_panel:/ws/install/openarmx:/ws/install/openarmx_hardware:/ws/install/openarmx_gripper_panel:/ws/install/openarmx_bimanual_moveit_config:/ws/install/openarmx_description:/ws/install/openarmx_can:/ws/install/openarmx_bringup:/ws/install/openarmx_teach:/opt/ros/humble')]), 'shell': False}
[0.140720] (openarmx_bringup) CommandEnded: {'returncode': 0}
[0.140953] (openarmx_bringup) JobProgress: {'identifier': 'openarmx_bringup', 'progress': 'install'}
[0.141033] (openarmx_bringup) Command: {'cmd': ['/usr/bin/cmake', '--install', '/ws/build/openarmx_bringup'], 'cwd': '/ws/build/openarmx_bringup', 'env': OrderedDict([('HOSTNAME', 'sajio-System-Product-Name'), ('SHLVL', '1'), ('LD_LIBRARY_PATH', '/ws/install/openarmx_kp_kd_panel/lib:/ws/install/openarmx_hardware/lib:/ws/install/openarmx_gripper_panel/lib:/ws/install/openarmx_can/lib:/opt/ros/humble/opt/rviz_ogre_vendor/lib:/opt/ros/humble/lib/x86_64-linux-gnu:/opt/ros/humble/lib'), ('HOME', '/root'), ('ROS_PYTHON_VERSION', '3'), ('COLCON_PREFIX_PATH', '/ws/install'), ('ROS_DISTRO', 'humble'), ('_', '/usr/bin/colcon'), ('ROS_VERSION', '2'), ('TERM', 'xterm'), ('ROS_LOCALHOST_ONLY', '0'), ('QT_X11_NO_MITSHM', '1'), ('PATH', '/opt/ros/humble/bin:/usr/local/sbin:/usr/local/bin:/usr/sbin:/usr/bin:/sbin:/bin'), ('DISPLAY', ':0'), ('LANG', 'C.UTF-8'), ('AMENT_PREFIX_PATH', '/ws/install/openarmx_teleop_leader:/ws/install/openarmx_teach:/ws/install/openarmx_kp_kd_panel:/ws/install/openarmx:/ws/install/openarmx_hardware:/ws/install/openarmx_gripper_panel:/ws/install/openarmx_bimanual_moveit_config:/ws/install/openarmx_description:/ws/install/openarmx_can:/ws/install/openarmx_bringup:/opt/ros/humble'), ('DEBIAN_FRONTEND', 'noninteractive'), ('PWD', '/ws/build/openarmx_bringup'), ('LC_ALL', 'C.UTF-8'), ('PYTHONPATH', '/ws/build/openarmx_teach:/ws/install/openarmx_teach/lib/python3.10/site-packages:/opt/ros/humble/lib/python3.10/site-packages:/opt/ros/humble/local/lib/python3.10/dist-packages'), ('COLCON', '1'), ('CMAKE_PREFIX_PATH', '/ws/install/openarmx_teleop_leader:/ws/install/openarmx_kp_kd_panel:/ws/install/openarmx:/ws/install/openarmx_hardware:/ws/install/openarmx_gripper_panel:/ws/install/openarmx_bimanual_moveit_config:/ws/install/openarmx_description:/ws/install/openarmx_can:/ws/install/openarmx_bringup:/ws/install/openarmx_teach:/opt/ros/humble')]), 'shell': False}
[0.141645] (openarmx_gripper_panel) CommandEnded: {'returncode': 0}
[0.142039] (openarmx_gripper_panel) JobProgress: {'identifier': 'openarmx_gripper_panel', 'progress': 'install'}
[0.142341] (openarmx_gripper_panel) Command: {'cmd': ['/usr/bin/cmake', '--install', '/ws/build/openarmx_gripper_panel'], 'cwd': '/ws/build/openarmx_gripper_panel', 'env': OrderedDict([('HOSTNAME', 'sajio-System-Product-Name'), ('SHLVL', '1'), ('LD_LIBRARY_PATH', '/ws/install/openarmx_kp_kd_panel/lib:/ws/install/openarmx_hardware/lib:/ws/install/openarmx_gripper_panel/lib:/ws/install/openarmx_can/lib:/opt/ros/humble/opt/rviz_ogre_vendor/lib:/opt/ros/humble/lib/x86_64-linux-gnu:/opt/ros/humble/lib'), ('HOME', '/root'), ('ROS_PYTHON_VERSION', '3'), ('COLCON_PREFIX_PATH', '/ws/install'), ('ROS_DISTRO', 'humble'), ('_', '/usr/bin/colcon'), ('ROS_VERSION', '2'), ('TERM', 'xterm'), ('ROS_LOCALHOST_ONLY', '0'), ('QT_X11_NO_MITSHM', '1'), ('PATH', '/opt/ros/humble/bin:/usr/local/sbin:/usr/local/bin:/usr/sbin:/usr/bin:/sbin:/bin'), ('DISPLAY', ':0'), ('LANG', 'C.UTF-8'), ('AMENT_PREFIX_PATH', '/ws/install/openarmx_teleop_leader:/ws/install/openarmx_teach:/ws/install/openarmx_kp_kd_panel:/ws/install/openarmx:/ws/install/openarmx_hardware:/ws/install/openarmx_gripper_panel:/ws/install/openarmx_bimanual_moveit_config:/ws/install/openarmx_description:/ws/install/openarmx_can:/ws/install/openarmx_bringup:/opt/ros/humble'), ('DEBIAN_FRONTEND', 'noninteractive'), ('PWD', '/ws/build/openarmx_gripper_panel'), ('LC_ALL', 'C.UTF-8'), ('PYTHONPATH', '/ws/build/openarmx_teach:/ws/install/openarmx_teach/lib/python3.10/site-packages:/opt/ros/humble/lib/python3.10/site-packages:/opt/ros/humble/local/lib/python3.10/dist-packages'), ('COLCON', '1'), ('CMAKE_PREFIX_PATH', '/ws/install/openarmx_teleop_leader:/ws/install/openarmx_kp_kd_panel:/ws/install/openarmx:/ws/install/openarmx_hardware:/ws/install/openarmx_gripper_panel:/ws/install/openarmx_bimanual_moveit_config:/ws/install/openarmx_description:/ws/install/openarmx_can:/ws/install/openarmx_bringup:/ws/install/openarmx_teach:/opt/ros/humble')]), 'shell': False}
[0.142648] (openarmx_kp_kd_panel) CommandEnded: {'returncode': 0}
[0.143244] (openarmx_kp_kd_panel) JobProgress: {'identifier': 'openarmx_kp_kd_panel', 'progress': 'install'}
[0.143315] (openarmx_kp_kd_panel) Command: {'cmd': ['/usr/bin/cmake', '--install', '/ws/build/openarmx_kp_kd_panel'], 'cwd': '/ws/build/openarmx_kp_kd_panel', 'env': OrderedDict([('HOSTNAME', 'sajio-System-Product-Name'), ('SHLVL', '1'), ('LD_LIBRARY_PATH', '/ws/install/openarmx_kp_kd_panel/lib:/ws/install/openarmx_hardware/lib:/ws/install/openarmx_gripper_panel/lib:/ws/install/openarmx_can/lib:/opt/ros/humble/opt/rviz_ogre_vendor/lib:/opt/ros/humble/lib/x86_64-linux-gnu:/opt/ros/humble/lib'), ('HOME', '/root'), ('ROS_PYTHON_VERSION', '3'), ('COLCON_PREFIX_PATH', '/ws/install'), ('ROS_DISTRO', 'humble'), ('_', '/usr/bin/colcon'), ('ROS_VERSION', '2'), ('TERM', 'xterm'), ('ROS_LOCALHOST_ONLY', '0'), ('QT_X11_NO_MITSHM', '1'), ('PATH', '/opt/ros/humble/bin:/usr/local/sbin:/usr/local/bin:/usr/sbin:/usr/bin:/sbin:/bin'), ('DISPLAY', ':0'), ('LANG', 'C.UTF-8'), ('AMENT_PREFIX_PATH', '/ws/install/openarmx_teleop_leader:/ws/install/openarmx_teach:/ws/install/openarmx_kp_kd_panel:/ws/install/openarmx:/ws/install/openarmx_hardware:/ws/install/openarmx_gripper_panel:/ws/install/openarmx_bimanual_moveit_config:/ws/install/openarmx_description:/ws/install/openarmx_can:/ws/install/openarmx_bringup:/opt/ros/humble'), ('DEBIAN_FRONTEND', 'noninteractive'), ('PWD', '/ws/build/openarmx_kp_kd_panel'), ('LC_ALL', 'C.UTF-8'), ('PYTHONPATH', '/ws/build/openarmx_teach:/ws/install/openarmx_teach/lib/python3.10/site-packages:/opt/ros/humble/lib/python3.10/site-packages:/opt/ros/humble/local/lib/python3.10/dist-packages'), ('COLCON', '1'), ('CMAKE_PREFIX_PATH', '/ws/install/openarmx_teleop_leader:/ws/install/openarmx_kp_kd_panel:/ws/install/openarmx:/ws/install/openarmx_hardware:/ws/install/openarmx_gripper_panel:/ws/install/openarmx_bimanual_moveit_config:/ws/install/openarmx_description:/ws/install/openarmx_can:/ws/install/openarmx_bringup:/ws/install/openarmx_teach:/opt/ros/humble')]), 'shell': False}
[0.143590] (openarmx_can) CommandEnded: {'returncode': 0}
[0.144113] (openarmx_can) JobProgress: {'identifier': 'openarmx_can', 'progress': 'install'}
[0.144155] (openarmx_can) Command: {'cmd': ['/usr/bin/cmake', '--install', '/ws/build/openarmx_can'], 'cwd': '/ws/build/openarmx_can', 'env': OrderedDict([('HOSTNAME', 'sajio-System-Product-Name'), ('SHLVL', '1'), ('LD_LIBRARY_PATH', '/ws/install/openarmx_kp_kd_panel/lib:/ws/install/openarmx_hardware/lib:/ws/install/openarmx_gripper_panel/lib:/ws/install/openarmx_can/lib:/opt/ros/humble/opt/rviz_ogre_vendor/lib:/opt/ros/humble/lib/x86_64-linux-gnu:/opt/ros/humble/lib'), ('HOME', '/root'), ('ROS_PYTHON_VERSION', '3'), ('COLCON_PREFIX_PATH', '/ws/install'), ('ROS_DISTRO', 'humble'), ('_', '/usr/bin/colcon'), ('ROS_VERSION', '2'), ('TERM', 'xterm'), ('ROS_LOCALHOST_ONLY', '0'), ('QT_X11_NO_MITSHM', '1'), ('PATH', '/opt/ros/humble/bin:/usr/local/sbin:/usr/local/bin:/usr/sbin:/usr/bin:/sbin:/bin'), ('DISPLAY', ':0'), ('LANG', 'C.UTF-8'), ('AMENT_PREFIX_PATH', '/ws/install/openarmx_teleop_leader:/ws/install/openarmx_teach:/ws/install/openarmx_kp_kd_panel:/ws/install/openarmx:/ws/install/openarmx_hardware:/ws/install/openarmx_gripper_panel:/ws/install/openarmx_bimanual_moveit_config:/ws/install/openarmx_description:/ws/install/openarmx_can:/ws/install/openarmx_bringup:/opt/ros/humble'), ('DEBIAN_FRONTEND', 'noninteractive'), ('PWD', '/ws/build/openarmx_can'), ('LC_ALL', 'C.UTF-8'), ('PYTHONPATH', '/ws/build/openarmx_teach:/ws/install/openarmx_teach/lib/python3.10/site-packages:/opt/ros/humble/lib/python3.10/site-packages:/opt/ros/humble/local/lib/python3.10/dist-packages'), ('COLCON', '1'), ('CMAKE_PREFIX_PATH', '/ws/install/openarmx_teleop_leader:/ws/install/openarmx_kp_kd_panel:/ws/install/openarmx:/ws/install/openarmx_hardware:/ws/install/openarmx_gripper_panel:/ws/install/openarmx_bimanual_moveit_config:/ws/install/openarmx_description:/ws/install/openarmx_can:/ws/install/openarmx_bringup:/ws/install/openarmx_teach:/opt/ros/humble')]), 'shell': False}
[0.146231] (openarmx_description) StdoutLine: {'line': b'-- Install configuration: ""\n'}
[0.146932] (openarmx_bringup) StdoutLine: {'line': b'-- Install configuration: ""\n'}
[0.147224] (openarmx_bringup) StdoutLine: {'line': b'-- Execute custom install script\n'}
[0.147402] (openarmx_bringup) StdoutLine: {'line': b'-- Up-to-date symlink: /ws/install/openarmx_bringup/share/openarmx_bringup/launch/openarm.bimanual.launch.py\n'}
[0.147535] (openarmx_bringup) StdoutLine: {'line': b'-- Up-to-date symlink: /ws/install/openarmx_bringup/share/openarmx_bringup/config/v10_controllers/openarm_v10_bimanual_controllers.yaml\n'}
[0.147638] (openarmx_bringup) StdoutLine: {'line': b'-- Up-to-date symlink: /ws/install/openarmx_bringup/share/openarmx_bringup/config/v10_controllers/openarm_v10_bimanual_controllers_namespaced.yaml\n'}
[0.147784] (openarmx_bringup) StdoutLine: {'line': b'-- Up-to-date symlink: /ws/install/openarmx_bringup/share/openarmx_bringup/config/v10_controllers/openarm_v10_controllers.yaml\n'}
[0.147948] (openarmx_bringup) StdoutLine: {'line': b'-- Up-to-date symlink: /ws/install/openarmx_bringup/share/ament_index/resource_index/package_run_dependencies/openarmx_bringup\n'}
[0.148057] (openarmx_bringup) StdoutLine: {'line': b'-- Up-to-date symlink: /ws/install/openarmx_bringup/share/ament_index/resource_index/parent_prefix_path/openarmx_bringup\n'}
[0.148387] (openarmx_description) StdoutLine: {'line': b'-- Execute custom install script\n'}
[0.148558] (openarmx_bringup) StdoutLine: {'line': b'-- Up-to-date symlink: /ws/install/openarmx_bringup/share/openarmx_bringup/environment/ament_prefix_path.sh\n'}
[0.148662] (openarmx_bringup) StdoutLine: {'line': b'-- Up-to-date symlink: /ws/install/openarmx_bringup/share/openarmx_bringup/environment/ament_prefix_path.dsv\n'}
[0.148755] (openarmx_description) StdoutLine: {'line': b'-- Up-to-date symlink: /ws/install/openarmx_description/share/openarmx_description/launch/display_openarmx.launch.py\n'}
[0.148842] (openarmx_bringup) StdoutLine: {'line': b'-- Up-to-date symlink: /ws/install/openarmx_bringup/share/openarmx_bringup/environment/path.sh\n'}
[0.148923] (openarmx_bringup) StdoutLine: {'line': b'-- Up-to-date symlink: /ws/install/openarmx_bringup/share/openarmx_bringup/environment/path.dsv\n'}
[0.148993] (openarmx_bringup) StdoutLine: {'line': b'-- Up-to-date symlink: /ws/install/openarmx_bringup/share/openarmx_bringup/local_setup.bash\n'}
[0.149093] (openarmx_bringup) StdoutLine: {'line': b'-- Up-to-date symlink: /ws/install/openarmx_bringup/share/openarmx_bringup/local_setup.sh\n'}
[0.149182] (openarmx_bringup) StdoutLine: {'line': b'-- Up-to-date symlink: /ws/install/openarmx_bringup/share/openarmx_bringup/local_setup.zsh\n'}
[0.149239] (openarmx_bringup) StdoutLine: {'line': b'-- Up-to-date symlink: /ws/install/openarmx_bringup/share/openarmx_bringup/local_setup.dsv\n'}
[0.149317] (openarmx_bringup) StdoutLine: {'line': b'-- Symlinking: /ws/install/openarmx_bringup/share/openarmx_bringup/package.dsv\n'}
[0.149384] (openarmx_description) StdoutLine: {'line': b'-- Up-to-date symlink: /ws/install/openarmx_description/share/openarmx_description/meshes/arm/v10/collision/link0_symp.stl\n'}
[0.149487] (openarmx_kp_kd_panel) StdoutLine: {'line': b'-- Install configuration: ""\n'}
[0.149620] (openarmx_can) StdoutLine: {'line': b'-- Install configuration: ""\n'}
[0.149701] (openarmx_description) StdoutLine: {'line': b'-- Up-to-date symlink: /ws/install/openarmx_description/share/openarmx_description/meshes/arm/v10/collision/link1_symp.stl\n'}
[0.149762] (openarmx_description) StdoutLine: {'line': b'-- Up-to-date symlink: /ws/install/openarmx_description/share/openarmx_description/meshes/arm/v10/collision/link2_symp.stl\n'}
[0.149842] (openarmx_description) StdoutLine: {'line': b'-- Up-to-date symlink: /ws/install/openarmx_description/share/openarmx_description/meshes/arm/v10/collision/link3_symp.stl\n'}
[0.149914] (openarmx_kp_kd_panel) StdoutLine: {'line': b'-- Execute custom install script\n'}
[0.149979] (openarmx_can) StdoutLine: {'line': b'-- Execute custom install script\n'}
[0.150035] (openarmx_description) StdoutLine: {'line': b'-- Up-to-date symlink: /ws/install/openarmx_description/share/openarmx_description/meshes/arm/v10/collision/link4_symp.stl\n'}
[0.150111] (openarmx_kp_kd_panel) StdoutLine: {'line': b'-- Up-to-date symlink: /ws/install/openarmx_kp_kd_panel/share/openarmx_kp_kd_panel//plugin_description.xml\n'}
[0.150197] (openarmx_description) StdoutLine: {'line': b'-- Up-to-date symlink: /ws/install/openarmx_description/share/openarmx_description/meshes/arm/v10/collision/link5_symp.stl\n'}
[0.150267] (openarmx_can) StdoutLine: {'line': b'-- Up-to-date symlink: /ws/install/openarmx_can/lib/cmake/OpenArmCANOpenArmXCom/OpenArmXCANConfig.cmake\n'}
[0.150337] (openarmx_gripper_panel) StdoutLine: {'line': b'-- Install configuration: ""\n'}
[0.150408] (openarmx_can) StdoutLine: {'line': b'-- Up-to-date symlink: /ws/install/openarmx_can/lib/cmake/OpenArmCANOpenArmXCom/OpenArmXCANVersion.cmake\n'}
[0.150479] (openarmx_description) StdoutLine: {'line': b'-- Up-to-date symlink: /ws/install/openarmx_description/share/openarmx_description/meshes/arm/v10/collision/link6_symp.stl\n'}
[0.150548] (openarmx_kp_kd_panel) StdoutLine: {'line': b'-- Up-to-date symlink: /ws/install/openarmx_kp_kd_panel/lib/libopenarmx_kp_kd_panel.so\n'}
[0.150618] (openarmx_can) StdoutLine: {'line': b'-- Up-to-date symlink: /ws/install/openarmx_can/lib/pkgconfig/openarmx-can.pc\n'}
[0.150689] (openarmx_description) StdoutLine: {'line': b'-- Up-to-date symlink: /ws/install/openarmx_description/share/openarmx_description/meshes/arm/v10/collision/link7_symp.stl\n'}
[0.150774] (openarmx_kp_kd_panel) StdoutLine: {'line': b'-- Up-to-date symlink: /ws/install/openarmx_kp_kd_panel/include/openarmx_kp_kd_panel/kp_kd_panel.hpp\n'}
[0.150850] (openarmx_description) StdoutLine: {'line': b'-- Up-to-date symlink: /ws/install/openarmx_description/share/openarmx_description/meshes/arm/v10/visual/link0.dae\n'}
[0.150923] (openarmx_can) StdoutLine: {'line': b'-- Up-to-date symlink: /ws/install/openarmx_can/include/openarm/can/socket/arm_component.hpp\n'}
[0.150999] (openarmx_kp_kd_panel) StdoutLine: {'line': b'-- Up-to-date symlink: /ws/install/openarmx_kp_kd_panel/share/openarmx_kp_kd_panel/plugin_description.xml\n'}
[0.151052] (openarmx_description) StdoutLine: {'line': b'-- Up-to-date symlink: /ws/install/openarmx_description/share/openarmx_description/meshes/arm/v10/visual/link0.stl\n'}
[0.151103] (openarmx_can) StdoutLine: {'line': b'-- Up-to-date symlink: /ws/install/openarmx_can/include/openarm/can/socket/gripper_component.hpp\n'}
[0.151155] (openarmx_can) StdoutLine: {'line': b'-- Up-to-date symlink: /ws/install/openarmx_can/include/openarm/can/socket/openarm.hpp\n'}
[0.151208] (openarmx_kp_kd_panel) StdoutLine: {'line': b'-- Up-to-date symlink: /ws/install/openarmx_kp_kd_panel/share/openarmx_kp_kd_panel/environment/library_path.sh\n'}
[0.151275] (openarmx_description) StdoutLine: {'line': b'-- Up-to-date symlink: /ws/install/openarmx_description/share/openarmx_description/meshes/arm/v10/visual/link1.dae\n'}
[0.151343] (openarmx_can) StdoutLine: {'line': b'-- Up-to-date symlink: /ws/install/openarmx_can/include/openarm/canbus/can_device.hpp\n'}
[0.151410] (openarmx_kp_kd_panel) StdoutLine: {'line': b'-- Up-to-date symlink: /ws/install/openarmx_kp_kd_panel/share/openarmx_kp_kd_panel/environment/library_path.dsv\n'}
[0.151477] (openarmx_can) StdoutLine: {'line': b'-- Up-to-date symlink: /ws/install/openarmx_can/include/openarm/canbus/can_device_collection.hpp\n'}
[0.151544] (openarmx_description) StdoutLine: {'line': b'-- Up-to-date symlink: /ws/install/openarmx_description/share/openarmx_description/meshes/arm/v10/visual/link1.stl\n'}
[0.151611] (openarmx_gripper_panel) StdoutLine: {'line': b'-- Execute custom install script\n'}
[0.151686] (openarmx_kp_kd_panel) StdoutLine: {'line': b'-- Up-to-date symlink: /ws/install/openarmx_kp_kd_panel/share/ament_index/resource_index/package_run_dependencies/openarmx_kp_kd_panel\n'}
[0.151902] (openarmx_description) StdoutLine: {'line': b'-- Up-to-date symlink: /ws/install/openarmx_description/share/openarmx_description/meshes/arm/v10/visual/link2.dae\n'}
[0.153112] (openarmx_kp_kd_panel) StdoutLine: {'line': b'-- Up-to-date symlink: /ws/install/openarmx_kp_kd_panel/share/ament_index/resource_index/parent_prefix_path/openarmx_kp_kd_panel\n'}
[0.153423] (openarmx_description) StdoutLine: {'line': b'-- Up-to-date symlink: /ws/install/openarmx_description/share/openarmx_description/meshes/arm/v10/visual/link2.stl\n'}
[0.153544] (openarmx_can) StdoutLine: {'line': b'-- Up-to-date symlink: /ws/install/openarmx_can/include/openarm/canbus/can_socket.hpp\n'}
[0.153813] (openarmx_can) StdoutLine: {'line': b'-- Up-to-date symlink: /ws/install/openarmx_can/include/openarm/robstride_motor/rs_motor.hpp\n'}
[0.153926] (openarmx_can) StdoutLine: {'line': b'-- Up-to-date symlink: /ws/install/openarmx_can/include/openarm/robstride_motor/rs_motor_constants.hpp\n'}
[0.154207] (openarmx_kp_kd_panel) StdoutLine: {'line': b'-- Up-to-date symlink: /ws/install/openarmx_kp_kd_panel/share/openarmx_kp_kd_panel/environment/ament_prefix_path.sh\n'}
[0.154352] (openarmx_kp_kd_panel) StdoutLine: {'line': b'-- Up-to-date symlink: /ws/install/openarmx_kp_kd_panel/share/openarmx_kp_kd_panel/environment/ament_prefix_path.dsv\n'}
[0.154492] (openarmx_kp_kd_panel) StdoutLine: {'line': b'-- Up-to-date symlink: /ws/install/openarmx_kp_kd_panel/share/openarmx_kp_kd_panel/environment/path.sh\n'}
[0.154576] (openarmx_kp_kd_panel) StdoutLine: {'line': b'-- Up-to-date symlink: /ws/install/openarmx_kp_kd_panel/share/openarmx_kp_kd_panel/environment/path.dsv\n'}
[0.154708] (openarmx_kp_kd_panel) StdoutLine: {'line': b'-- Up-to-date symlink: /ws/install/openarmx_kp_kd_panel/share/openarmx_kp_kd_panel/local_setup.bash\n'}
[0.154767] (openarmx_description) StdoutLine: {'line': b'-- Up-to-date symlink: /ws/install/openarmx_description/share/openarmx_description/meshes/arm/v10/visual/link3.dae\n'}
[0.154831] (openarmx_description) StdoutLine: {'line': b'-- Up-to-date symlink: /ws/install/openarmx_description/share/openarmx_description/meshes/arm/v10/visual/link3.stl\n'}
[0.154909] (openarmx_description) StdoutLine: {'line': b'-- Up-to-date symlink: /ws/install/openarmx_description/share/openarmx_description/meshes/arm/v10/visual/link4.dae\n'}
[0.154965] (openarmx_gripper_panel) StdoutLine: {'line': b'-- Up-to-date symlink: /ws/install/openarmx_gripper_panel/include/openarmx_gripper_panel/gripper_panel.hpp\n'}
[0.155066] (openarmx_gripper_panel) StdoutLine: {'line': b'-- Up-to-date symlink: /ws/install/openarmx_gripper_panel/share/openarmx_gripper_panel/plugin_description.xml\n'}
[0.155146] (openarmx_description) StdoutLine: {'line': b'-- Up-to-date symlink: /ws/install/openarmx_description/share/openarmx_description/meshes/arm/v10/visual/link4.stl\n'}
[0.155237] (openarmx_kp_kd_panel) StdoutLine: {'line': b'-- Up-to-date symlink: /ws/install/openarmx_kp_kd_panel/share/openarmx_kp_kd_panel/local_setup.sh\n'}
[0.155321] (openarmx_can) StdoutLine: {'line': b'-- Up-to-date symlink: /ws/install/openarmx_can/include/openarm/robstride_motor/rs_motor_control.hpp\n'}
[0.155382] (openarmx_can) StdoutLine: {'line': b'-- Up-to-date symlink: /ws/install/openarmx_can/include/openarm/robstride_motor/rs_motor_device.hpp\n'}
[0.155490] (openarmx_can) StdoutLine: {'line': b'-- Up-to-date symlink: /ws/install/openarmx_can/include/openarm/robstride_motor/rs_motor_device_collection.hpp\n'}
[0.155560] (openarmx_can) StdoutLine: {'line': b'-- Up-to-date symlink: /ws/install/openarmx_can/lib/openarmx_can/robstride-demo\n'}
[0.155616] (openarmx_can) StdoutLine: {'line': b'-- Up-to-date symlink: /ws/install/openarmx_can/lib/openarmx_can/python-style-test\n'}
[0.155919] (openarmx_can) StdoutLine: {'line': b'-- Up-to-date symlink: /ws/install/openarmx_can/lib/openarmx_can/robstride-demo-full\n'}
[0.156047] (openarmx_can) StdoutLine: {'line': b'-- Up-to-date symlink: /ws/install/openarmx_can/lib/openarmx_can/robstride-demo-gripper\n'}
[0.156128] (openarmx_kp_kd_panel) StdoutLine: {'line': b'-- Up-to-date symlink: /ws/install/openarmx_kp_kd_panel/share/openarmx_kp_kd_panel/local_setup.zsh\n'}
[0.156259] (openarmx_kp_kd_panel) StdoutLine: {'line': b'-- Up-to-date symlink: /ws/install/openarmx_kp_kd_panel/share/openarmx_kp_kd_panel/local_setup.dsv\n'}
[0.156321] (openarmx_description) StdoutLine: {'line': b'-- Up-to-date symlink: /ws/install/openarmx_description/share/openarmx_description/meshes/arm/v10/visual/link5.dae\n'}
[0.156465] (openarmx_can) StdoutLine: {'line': b'-- Up-to-date symlink: /ws/install/openarmx_can/lib/openarmx_can/motor-check\n'}
[0.156562] (openarmx_can) StdoutLine: {'line': b'-- Up-to-date symlink: /ws/install/openarmx_can/lib/cmake/openarmx_can/openarmx_canConfig.cmake\n'}
[0.156691] (openarmx_kp_kd_panel) StdoutLine: {'line': b'-- Symlinking: /ws/install/openarmx_kp_kd_panel/share/openarmx_kp_kd_panel/package.dsv\n'}
[0.156776] (openarmx_description) StdoutLine: {'line': b'-- Up-to-date symlink: /ws/install/openarmx_description/share/openarmx_description/meshes/arm/v10/visual/link5.stl\n'}
[0.156900] (openarmx_gripper_panel) StdoutLine: {'line': b'-- Up-to-date symlink: /ws/install/openarmx_gripper_panel/share/openarmx_gripper_panel/resource/openarmx_gripper_panel\n'}
[0.156991] (openarmx_can) StdoutLine: {'line': b'-- Up-to-date symlink: /ws/install/openarmx_can/share/openarmx_can/environment/library_path.sh\n'}
[0.157092] (openarmx_description) StdoutLine: {'line': b'-- Up-to-date symlink: /ws/install/openarmx_description/share/openarmx_description/meshes/arm/v10/visual/link6.dae\n'}
[0.157265] (openarmx_can) StdoutLine: {'line': b'-- Up-to-date symlink: /ws/install/openarmx_can/share/openarmx_can/environment/library_path.dsv\n'}
[0.157379] (openarmx_can) StdoutLine: {'line': b'-- Up-to-date symlink: /ws/install/openarmx_can/share/ament_index/resource_index/package_run_dependencies/openarmx_can\n'}
[0.157437] (openarmx_description) StdoutLine: {'line': b'-- Up-to-date symlink: /ws/install/openarmx_description/share/openarmx_description/meshes/arm/v10/visual/link6.stl\n'}
[0.157508] (openarmx_can) StdoutLine: {'line': b'-- Up-to-date symlink: /ws/install/openarmx_can/share/ament_index/resource_index/parent_prefix_path/openarmx_can\n'}
[0.157564] (openarmx_gripper_panel) StdoutLine: {'line': b'-- Up-to-date symlink: /ws/install/openarmx_gripper_panel/share/openarmx_gripper_panel/plugins/plugin_description.xml\n'}
[0.157677] (openarmx_can) StdoutLine: {'line': b'-- Up-to-date symlink: /ws/install/openarmx_can/share/openarmx_can/environment/ament_prefix_path.sh\n'}
[0.157745] (openarmx_can) StdoutLine: {'line': b'-- Up-to-date symlink: /ws/install/openarmx_can/share/openarmx_can/environment/ament_prefix_path.dsv\n'}
[0.157819] (openarmx_gripper_panel) StdoutLine: {'line': b'-- Up-to-date symlink: /ws/install/openarmx_gripper_panel/share/openarmx_gripper_panel/environment/library_path.sh\n'}
[0.157971] (openarmx_can) StdoutLine: {'line': b'-- Up-to-date symlink: /ws/install/openarmx_can/share/openarmx_can/environment/path.sh\n'}
[0.158159] (openarmx_description) StdoutLine: {'line': b'-- Up-to-date symlink: /ws/install/openarmx_description/share/openarmx_description/meshes/arm/v10/visual/link7.dae\n'}
[0.158226] (openarmx_can) StdoutLine: {'line': b'-- Up-to-date symlink: /ws/install/openarmx_can/share/openarmx_can/environment/path.dsv\n'}
[0.158616] (openarmx_description) StdoutLine: {'line': b'-- Up-to-date symlink: /ws/install/openarmx_description/share/openarmx_description/meshes/arm/v10/visual/link7.stl\n'}
[0.159307] (openarmx_can) StdoutLine: {'line': b'-- Up-to-date symlink: /ws/install/openarmx_can/share/openarmx_can/local_setup.bash\n'}
[0.159380] (openarmx_gripper_panel) StdoutLine: {'line': b'-- Up-to-date symlink: /ws/install/openarmx_gripper_panel/share/openarmx_gripper_panel/environment/library_path.dsv\n'}
[0.159420] (openarmx_can) StdoutLine: {'line': b'-- Up-to-date symlink: /ws/install/openarmx_can/share/openarmx_can/local_setup.sh\n'}
[0.159453] (openarmx_description) StdoutLine: {'line': b'-- Up-to-date symlink: /ws/install/openarmx_description/share/openarmx_description/meshes/body/v10/collision/body_link0_symp.stl\n'}
[0.159479] (openarmx_can) StdoutLine: {'line': b'-- Up-to-date symlink: /ws/install/openarmx_can/share/openarmx_can/local_setup.zsh\n'}
[0.159544] (openarmx_gripper_panel) StdoutLine: {'line': b'-- Up-to-date symlink: /ws/install/openarmx_gripper_panel/share/ament_index/resource_index/package_run_dependencies/openarmx_gripper_panel\n'}
[0.159604] (openarmx_can) StdoutLine: {'line': b'-- Up-to-date symlink: /ws/install/openarmx_can/share/openarmx_can/local_setup.dsv\n'}
[0.159648] (openarmx_description) StdoutLine: {'line': b'-- Up-to-date symlink: /ws/install/openarmx_description/share/openarmx_description/meshes/body/v10/visual/body_link0.dae\n'}
[0.159676] (openarmx_can) StdoutLine: {'line': b'-- Symlinking: /ws/install/openarmx_can/share/openarmx_can/package.dsv\n'}
[0.159700] (openarmx_description) StdoutLine: {'line': b'-- Up-to-date symlink: /ws/install/openarmx_description/share/openarmx_description/meshes/body/v10/visual/body_link0.stl\n'}
[0.159723] (openarmx_gripper_panel) StdoutLine: {'line': b'-- Up-to-date symlink: /ws/install/openarmx_gripper_panel/share/ament_index/resource_index/parent_prefix_path/openarmx_gripper_panel\n'}
[0.159748] (openarmx_description) StdoutLine: {'line': b'-- Up-to-date symlink: /ws/install/openarmx_description/share/openarmx_description/meshes/ee/openarmx_hand/collision/finger.stl\n'}
[0.159772] (openarmx_gripper_panel) StdoutLine: {'line': b'-- Up-to-date symlink: /ws/install/openarmx_gripper_panel/share/openarmx_gripper_panel/environment/ament_prefix_path.sh\n'}
[0.159794] (openarmx_description) StdoutLine: {'line': b'-- Up-to-date symlink: /ws/install/openarmx_description/share/openarmx_description/meshes/ee/openarmx_hand/collision/hand.stl\n'}
[0.159819] (openarmx_gripper_panel) StdoutLine: {'line': b'-- Up-to-date symlink: /ws/install/openarmx_gripper_panel/share/openarmx_gripper_panel/environment/ament_prefix_path.dsv\n'}
[0.159843] (openarmx_description) StdoutLine: {'line': b'-- Up-to-date symlink: /ws/install/openarmx_description/share/openarmx_description/meshes/ee/openarmx_hand/visual/finger.dae\n'}
[0.159866] (openarmx_description) StdoutLine: {'line': b'-- Up-to-date symlink: /ws/install/openarmx_description/share/openarmx_description/meshes/ee/openarmx_hand/visual/finger.stl\n'}
[0.159890] (openarmx_gripper_panel) StdoutLine: {'line': b'-- Up-to-date symlink: /ws/install/openarmx_gripper_panel/share/openarmx_gripper_panel/environment/path.sh\n'}
[0.159914] (openarmx_description) StdoutLine: {'line': b'-- Up-to-date symlink: /ws/install/openarmx_description/share/openarmx_description/meshes/ee/openarmx_hand/visual/hand.dae\n'}
[0.159938] (openarmx_gripper_panel) StdoutLine: {'line': b'-- Up-to-date symlink: /ws/install/openarmx_gripper_panel/share/openarmx_gripper_panel/environment/path.dsv\n'}
[0.159961] (openarmx_description) StdoutLine: {'line': b'-- Up-to-date symlink: /ws/install/openarmx_description/share/openarmx_description/rviz/arm_only.rviz\n'}
[0.159990] (openarmx_gripper_panel) StdoutLine: {'line': b'-- Up-to-date symlink: /ws/install/openarmx_gripper_panel/share/openarmx_gripper_panel/local_setup.bash\n'}
[0.160014] (openarmx_description) StdoutLine: {'line': b'-- Up-to-date symlink: /ws/install/openarmx_description/share/openarmx_description/rviz/bimanual.rviz\n'}
[0.160091] (openarmx_gripper_panel) StdoutLine: {'line': b'-- Up-to-date symlink: /ws/install/openarmx_gripper_panel/share/openarmx_gripper_panel/local_setup.sh\n'}
[0.160116] (openarmx_gripper_panel) StdoutLine: {'line': b'-- Up-to-date symlink: /ws/install/openarmx_gripper_panel/share/openarmx_gripper_panel/local_setup.zsh\n'}
[0.160139] (openarmx_gripper_panel) StdoutLine: {'line': b'-- Up-to-date symlink: /ws/install/openarmx_gripper_panel/share/openarmx_gripper_panel/local_setup.dsv\n'}
[0.160160] (openarmx_description) StdoutLine: {'line': b'-- Up-to-date symlink: /ws/install/openarmx_description/share/openarmx_description/urdf/arm/openarmx_arm.xacro\n'}
[0.160182] (openarmx_gripper_panel) StdoutLine: {'line': b'-- Symlinking: /ws/install/openarmx_gripper_panel/share/openarmx_gripper_panel/package.dsv\n'}
[0.160205] (openarmx_description) StdoutLine: {'line': b'-- Up-to-date symlink: /ws/install/openarmx_description/share/openarmx_description/urdf/arm/openarmx_macro.xacro\n'}
[0.160228] (openarmx_description) StdoutLine: {'line': b'-- Up-to-date symlink: /ws/install/openarmx_description/share/openarmx_description/urdf/body/openarmx_body.xacro\n'}
[0.160251] (openarmx_description) StdoutLine: {'line': b'-- Up-to-date symlink: /ws/install/openarmx_description/share/openarmx_description/urdf/body/openarmx_body_macro.xacro\n'}
[0.160272] (openarmx_description) StdoutLine: {'line': b'-- Up-to-date symlink: /ws/install/openarmx_description/share/openarmx_description/urdf/ee/ee_with_one_link.xacro\n'}
[0.160293] (openarmx_description) StdoutLine: {'line': b'-- Up-to-date symlink: /ws/install/openarmx_description/share/openarmx_description/urdf/ee/openarmx_hand.xacro\n'}
[0.160314] (openarmx_description) StdoutLine: {'line': b'-- Up-to-date symlink: /ws/install/openarmx_description/share/openarmx_description/urdf/ee/openarmx_hand_arguments.xacro\n'}
[0.160337] (openarmx_description) StdoutLine: {'line': b'-- Up-to-date symlink: /ws/install/openarmx_description/share/openarmx_description/urdf/ee/openarmx_hand_macro.xacro\n'}
[0.160359] (openarmx_description) StdoutLine: {'line': b'-- Up-to-date symlink: /ws/install/openarmx_description/share/openarmx_description/urdf/robot/openarmx_bimanual_sim.urdf\n'}
[0.160381] (openarmx_bringup) StdoutLine: {'line': b'-- Up-to-date symlink: /ws/install/openarmx_bringup/share/ament_index/resource_index/packages/openarmx_bringup\n'}
[0.160472] (openarmx_description) StdoutLine: {'line': b'-- Up-to-date symlink: /ws/install/openarmx_description/share/openarmx_description/urdf/robot/openarmx_robot.xacro\n'}
[0.160497] (openarmx_description) StdoutLine: {'line': b'-- Up-to-date symlink: /ws/install/openarmx_description/share/openarmx_description/urdf/robot/v10.urdf.xacro\n'}
[0.160519] (openarmx_bringup) StdoutLine: {'line': b'-- Up-to-date symlink: /ws/install/openarmx_bringup/share/openarmx_bringup/cmake/openarmx_bringupConfig.cmake\n'}
[0.160541] (openarmx_description) StdoutLine: {'line': b'-- Up-to-date symlink: /ws/install/openarmx_description/share/openarmx_description/urdf/ros2_control/openarmx.bimanual.ros2_control.xacro\n'}
[0.160563] (openarmx_bringup) StdoutLine: {'line': b'-- Up-to-date symlink: /ws/install/openarmx_bringup/share/openarmx_bringup/cmake/openarmx_bringupConfig-version.cmake\n'}
[0.160585] (openarmx_description) StdoutLine: {'line': b'-- Up-to-date symlink: /ws/install/openarmx_description/share/openarmx_description/urdf/ros2_control/openarmx.ros2_control.xacro\n'}
[0.160607] (openarmx_bringup) StdoutLine: {'line': b'-- Up-to-date symlink: /ws/install/openarmx_bringup/share/openarmx_bringup/package.xml\n'}
[0.160631] (openarmx_description) StdoutLine: {'line': b'-- Up-to-date symlink: /ws/install/openarmx_description/share/openarmx_description/config/arm/v10/inertials.yaml\n'}
[0.160654] (openarmx_description) StdoutLine: {'line': b'-- Up-to-date symlink: /ws/install/openarmx_description/share/openarmx_description/config/arm/v10/joint_limits.yaml\n'}
[0.160675] (openarmx_description) StdoutLine: {'line': b'-- Up-to-date symlink: /ws/install/openarmx_description/share/openarmx_description/config/arm/v10/kinematics.yaml\n'}
[0.160696] (openarmx_description) StdoutLine: {'line': b'-- Up-to-date symlink: /ws/install/openarmx_description/share/openarmx_description/config/arm/v10/kinematics_link.yaml\n'}
[0.160717] (openarmx_description) StdoutLine: {'line': b'-- Up-to-date symlink: /ws/install/openarmx_description/share/openarmx_description/config/arm/v10/kinematics_offset.yaml\n'}
[0.160737] (openarmx_description) StdoutLine: {'line': b'-- Up-to-date symlink: /ws/install/openarmx_description/share/openarmx_description/config/body/v10/inertials.yaml\n'}
[0.160758] (openarmx_description) StdoutLine: {'line': b'-- Up-to-date symlink: /ws/install/openarmx_description/share/openarmx_description/config/body/v10/kinematics.yaml\n'}
[0.160779] (openarmx_description) StdoutLine: {'line': b'-- Up-to-date symlink: /ws/install/openarmx_description/share/openarmx_description/config/body/v10/kinematics_link.yaml\n'}
[0.160801] (openarmx_description) StdoutLine: {'line': b'-- Up-to-date symlink: /ws/install/openarmx_description/share/openarmx_description/config/hand/openarmx_hand/inertials.yaml\n'}
[0.160825] (openarmx_description) StdoutLine: {'line': b'-- Up-to-date symlink: /ws/install/openarmx_description/share/openarmx_description/config/hand/openarmx_hand/joint_limits.yaml\n'}
[0.160847] (openarmx_description) StdoutLine: {'line': b'-- Up-to-date symlink: /ws/install/openarmx_description/share/openarmx_description/config/hand/openarmx_hand/kinematics.yaml\n'}
[0.160894] (openarmx_description) StdoutLine: {'line': b'-- Up-to-date symlink: /ws/install/openarmx_description/share/openarmx_description/config/hand/openarmx_hand/kinematics_link.yaml\n'}
[0.160921] (openarmx_bringup) CommandEnded: {'returncode': 0}
[0.161096] (openarmx_kp_kd_panel) StdoutLine: {'line': b'-- Up-to-date symlink: /ws/install/openarmx_kp_kd_panel/share/ament_index/resource_index/packages/openarmx_kp_kd_panel\n'}
[0.161143] (openarmx_kp_kd_panel) StdoutLine: {'line': b'-- Up-to-date symlink: /ws/install/openarmx_kp_kd_panel/share/ament_index/resource_index/rviz_common__pluginlib__plugin/openarmx_kp_kd_panel\n'}
[0.161266] (openarmx_kp_kd_panel) StdoutLine: {'line': b'-- Up-to-date symlink: /ws/install/openarmx_kp_kd_panel/share/openarmx_kp_kd_panel/cmake/ament_cmake_export_include_directories-extras.cmake\n'}
[0.161293] (openarmx_kp_kd_panel) StdoutLine: {'line': b'-- Up-to-date symlink: /ws/install/openarmx_kp_kd_panel/share/openarmx_kp_kd_panel/cmake/ament_cmake_export_libraries-extras.cmake\n'}
[0.161318] (openarmx_description) StdoutLine: {'line': b'-- Up-to-date symlink: /ws/install/openarmx_description/share/ament_index/resource_index/package_run_dependencies/openarmx_description\n'}
[0.161344] (openarmx_description) StdoutLine: {'line': b'-- Up-to-date symlink: /ws/install/openarmx_description/share/ament_index/resource_index/parent_prefix_path/openarmx_description\n'}
[0.161369] (openarmx_kp_kd_panel) StdoutLine: {'line': b'-- Up-to-date symlink: /ws/install/openarmx_kp_kd_panel/share/openarmx_kp_kd_panel/cmake/openarmx_kp_kd_panelConfig.cmake\n'}
[0.161394] (openarmx_kp_kd_panel) StdoutLine: {'line': b'-- Up-to-date symlink: /ws/install/openarmx_kp_kd_panel/share/openarmx_kp_kd_panel/cmake/openarmx_kp_kd_panelConfig-version.cmake\n'}
[0.161422] (openarmx_description) StdoutLine: {'line': b'-- Up-to-date symlink: /ws/install/openarmx_description/share/openarmx_description/environment/ament_prefix_path.sh\n'}
[0.161446] (openarmx_description) StdoutLine: {'line': b'-- Up-to-date symlink: /ws/install/openarmx_description/share/openarmx_description/environment/ament_prefix_path.dsv\n'}
[0.161468] (openarmx_description) StdoutLine: {'line': b'-- Up-to-date symlink: /ws/install/openarmx_description/share/openarmx_description/environment/path.sh\n'}
[0.161489] (openarmx_description) StdoutLine: {'line': b'-- Up-to-date symlink: /ws/install/openarmx_description/share/openarmx_description/environment/path.dsv\n'}
[0.161511] (openarmx_kp_kd_panel) StdoutLine: {'line': b'-- Up-to-date symlink: /ws/install/openarmx_kp_kd_panel/share/openarmx_kp_kd_panel/package.xml\n'}
[0.161535] (openarmx_description) StdoutLine: {'line': b'-- Up-to-date symlink: /ws/install/openarmx_description/share/openarmx_description/local_setup.bash\n'}
[0.161569] (openarmx_description) StdoutLine: {'line': b'-- Up-to-date symlink: /ws/install/openarmx_description/share/openarmx_description/local_setup.sh\n'}
[0.161595] (openarmx_description) StdoutLine: {'line': b'-- Up-to-date symlink: /ws/install/openarmx_description/share/openarmx_description/local_setup.zsh\n'}
[0.161624] (openarmx_can) StdoutLine: {'line': b'-- Up-to-date symlink: /ws/install/openarmx_can/share/ament_index/resource_index/packages/openarmx_can\n'}
[0.161652] (openarmx_can) StdoutLine: {'line': b'-- Up-to-date symlink: /ws/install/openarmx_can/share/openarmx_can/cmake/ament_cmake_export_targets-extras.cmake\n'}
[0.161819] (openarmx_description) StdoutLine: {'line': b'-- Up-to-date symlink: /ws/install/openarmx_description/share/openarmx_description/local_setup.dsv\n'}
[0.161851] (openarmx_description) StdoutLine: {'line': b'-- Symlinking: /ws/install/openarmx_description/share/openarmx_description/package.dsv\n'}
[0.161877] (openarmx_can) StdoutLine: {'line': b'-- Up-to-date symlink: /ws/install/openarmx_can/share/openarmx_can/cmake/openarmx_canConfig.cmake\n'}
[0.161938] (openarmx_can) StdoutLine: {'line': b'-- Up-to-date symlink: /ws/install/openarmx_can/share/openarmx_can/cmake/openarmx_canConfig-version.cmake\n'}
[0.161962] (openarmx_can) StdoutLine: {'line': b'-- Up-to-date symlink: /ws/install/openarmx_can/share/openarmx_can/package.xml\n'}
[0.161984] (openarmx_can) StdoutLine: {'line': b'-- Up-to-date: /ws/install/openarmx_can/lib/libopenarmx_can.a\n'}
[0.162005] (openarmx_can) StdoutLine: {'line': b'-- Up-to-date: /ws/install/openarmx_can/lib/cmake/OpenArmCANOpenArmXCom/OpenArmCANOpenArmXComTargets.cmake\n'}
[0.162066] (openarmx_can) StdoutLine: {'line': b'-- Up-to-date: /ws/install/openarmx_can/lib/cmake/OpenArmCANOpenArmXCom/OpenArmCANOpenArmXComTargets-noconfig.cmake\n'}
[0.162525] (openarmx_can) StdoutLine: {'line': b'-- Up-to-date: /ws/install/openarmx_can/lib/libopenarmx_can.a\n'}
[0.162549] (openarmx_can) StdoutLine: {'line': b'-- Up-to-date: /ws/install/openarmx_can/lib/cmake/openarmx_can/openarmx_canTargets.cmake\n'}
[0.162571] (openarmx_can) StdoutLine: {'line': b'-- Up-to-date: /ws/install/openarmx_can/lib/cmake/openarmx_can/openarmx_canTargets-noconfig.cmake\n'}
[0.162592] (openarmx_can) StdoutLine: {'line': b'-- Up-to-date: /ws/install/openarmx_can/share/openarmx_can/cmake/openarmx_canTargetsExport.cmake\n'}
[0.162615] (openarmx_can) StdoutLine: {'line': b'-- Up-to-date: /ws/install/openarmx_can/share/openarmx_can/cmake/openarmx_canTargetsExport-noconfig.cmake\n'}
[0.162640] (openarmx_gripper_panel) StdoutLine: {'line': b'-- Up-to-date symlink: /ws/install/openarmx_gripper_panel/share/ament_index/resource_index/packages/openarmx_gripper_panel\n'}
[0.162663] (openarmx_gripper_panel) StdoutLine: {'line': b'-- Up-to-date symlink: /ws/install/openarmx_gripper_panel/share/ament_index/resource_index/rviz_common__pluginlib__plugin/openarmx_gripper_panel\n'}
[0.162684] (openarmx_gripper_panel) StdoutLine: {'line': b'-- Up-to-date symlink: /ws/install/openarmx_gripper_panel/share/openarmx_gripper_panel/cmake/ament_cmake_export_include_directories-extras.cmake\n'}
[0.162708] (openarmx_gripper_panel) StdoutLine: {'line': b'-- Up-to-date symlink: /ws/install/openarmx_gripper_panel/share/openarmx_gripper_panel/cmake/ament_cmake_export_libraries-extras.cmake\n'}
[0.162731] (openarmx_gripper_panel) StdoutLine: {'line': b'-- Up-to-date symlink: /ws/install/openarmx_gripper_panel/share/openarmx_gripper_panel/cmake/ament_cmake_export_dependencies-extras.cmake\n'}
[0.162752] (openarmx_gripper_panel) StdoutLine: {'line': b'-- Up-to-date symlink: /ws/install/openarmx_gripper_panel/share/openarmx_gripper_panel/cmake/openarmx_gripper_panelConfig.cmake\n'}
[0.162774] (openarmx_gripper_panel) StdoutLine: {'line': b'-- Up-to-date symlink: /ws/install/openarmx_gripper_panel/share/openarmx_gripper_panel/cmake/openarmx_gripper_panelConfig-version.cmake\n'}
[0.162796] (openarmx_gripper_panel) StdoutLine: {'line': b'-- Up-to-date symlink: /ws/install/openarmx_gripper_panel/share/openarmx_gripper_panel/package.xml\n'}
[0.162822] (openarmx_gripper_panel) StdoutLine: {'line': b'-- Up-to-date: /ws/install/openarmx_gripper_panel/lib/libopenarmx_gripper_panel.so\n'}
[0.162844] (openarmx_description) StdoutLine: {'line': b'-- Up-to-date symlink: /ws/install/openarmx_description/share/ament_index/resource_index/packages/openarmx_description\n'}
[0.162868] (openarmx_description) StdoutLine: {'line': b'-- Up-to-date symlink: /ws/install/openarmx_description/share/openarmx_description/cmake/openarmx_descriptionConfig.cmake\n'}
[0.162891] (openarmx_description) StdoutLine: {'line': b'-- Up-to-date symlink: /ws/install/openarmx_description/share/openarmx_description/cmake/openarmx_descriptionConfig-version.cmake\n'}
[0.162914] (openarmx_description) StdoutLine: {'line': b'-- Up-to-date symlink: /ws/install/openarmx_description/share/openarmx_description/package.xml\n'}
[0.166845] (openarmx_bringup) JobEnded: {'identifier': 'openarmx_bringup', 'rc': 0}
[0.167498] (openarmx_kp_kd_panel) CommandEnded: {'returncode': 0}
[0.173577] (openarmx_kp_kd_panel) JobEnded: {'identifier': 'openarmx_kp_kd_panel', 'rc': 0}
[0.173939] (openarmx_can) CommandEnded: {'returncode': 0}
[0.178794] (openarmx_can) JobEnded: {'identifier': 'openarmx_can', 'rc': 0}
[0.179134] (openarmx_description) CommandEnded: {'returncode': 0}
[0.183675] (openarmx_description) JobEnded: {'identifier': 'openarmx_description', 'rc': 0}
[0.183979] (openarmx_gripper_panel) CommandEnded: {'returncode': 0}
[0.189721] (openarmx_gripper_panel) JobEnded: {'identifier': 'openarmx_gripper_panel', 'rc': 0}
[0.190108] (openarmx_hardware) JobStarted: {'identifier': 'openarmx_hardware'}
[0.191787] (openarmx_bimanual_moveit_config) JobStarted: {'identifier': 'openarmx_bimanual_moveit_config'}
[0.193623] (openarmx_teleop_leader) JobStarted: {'identifier': 'openarmx_teleop_leader'}
[0.195798] (openarmx_hardware) JobProgress: {'identifier': 'openarmx_hardware', 'progress': 'cmake'}
[0.196015] (openarmx_hardware) JobProgress: {'identifier': 'openarmx_hardware', 'progress': 'build'}
[0.196113] (openarmx_hardware) Command: {'cmd': ['/usr/bin/cmake', '--build', '/ws/build/openarmx_hardware', '--', '-j20', '-l20'], 'cwd': '/ws/build/openarmx_hardware', 'env': OrderedDict([('HOSTNAME', 'sajio-System-Product-Name'), ('SHLVL', '1'), ('LD_LIBRARY_PATH', '/ws/install/openarmx_kp_kd_panel/lib:/ws/install/openarmx_hardware/lib:/ws/install/openarmx_gripper_panel/lib:/ws/install/openarmx_can/lib:/opt/ros/humble/opt/rviz_ogre_vendor/lib:/opt/ros/humble/lib/x86_64-linux-gnu:/opt/ros/humble/lib'), ('HOME', '/root'), ('ROS_PYTHON_VERSION', '3'), ('COLCON_PREFIX_PATH', '/ws/install'), ('ROS_DISTRO', 'humble'), ('_', '/usr/bin/colcon'), ('ROS_VERSION', '2'), ('TERM', 'xterm'), ('ROS_LOCALHOST_ONLY', '0'), ('QT_X11_NO_MITSHM', '1'), ('PATH', '/opt/ros/humble/bin:/usr/local/sbin:/usr/local/bin:/usr/sbin:/usr/bin:/sbin:/bin'), ('DISPLAY', ':0'), ('LANG', 'C.UTF-8'), ('AMENT_PREFIX_PATH', '/ws/install/openarmx_teleop_leader:/ws/install/openarmx_teach:/ws/install/openarmx_kp_kd_panel:/ws/install/openarmx:/ws/install/openarmx_hardware:/ws/install/openarmx_gripper_panel:/ws/install/openarmx_bimanual_moveit_config:/ws/install/openarmx_description:/ws/install/openarmx_can:/ws/install/openarmx_bringup:/opt/ros/humble'), ('DEBIAN_FRONTEND', 'noninteractive'), ('PWD', '/ws/build/openarmx_hardware'), ('LC_ALL', 'C.UTF-8'), ('PYTHONPATH', '/ws/build/openarmx_teach:/ws/install/openarmx_teach/lib/python3.10/site-packages:/opt/ros/humble/lib/python3.10/site-packages:/opt/ros/humble/local/lib/python3.10/dist-packages'), ('COLCON', '1'), ('CMAKE_PREFIX_PATH', '/ws/install/openarmx_can:/ws/install/openarmx_teleop_leader:/ws/install/openarmx_kp_kd_panel:/ws/install/openarmx:/ws/install/openarmx_hardware:/ws/install/openarmx_gripper_panel:/ws/install/openarmx_bimanual_moveit_config:/ws/install/openarmx_description:/ws/install/openarmx_bringup:/ws/install/openarmx_teach:/opt/ros/humble')]), 'shell': False}
[0.196745] (openarmx_bimanual_moveit_config) JobProgress: {'identifier': 'openarmx_bimanual_moveit_config', 'progress': 'cmake'}
[0.196864] (openarmx_bimanual_moveit_config) JobProgress: {'identifier': 'openarmx_bimanual_moveit_config', 'progress': 'build'}
[0.197000] (openarmx_bimanual_moveit_config) Command: {'cmd': ['/usr/bin/cmake', '--build', '/ws/build/openarmx_bimanual_moveit_config', '--', '-j20', '-l20'], 'cwd': '/ws/build/openarmx_bimanual_moveit_config', 'env': OrderedDict([('HOSTNAME', 'sajio-System-Product-Name'), ('SHLVL', '1'), ('LD_LIBRARY_PATH', '/ws/install/openarmx_kp_kd_panel/lib:/ws/install/openarmx_hardware/lib:/ws/install/openarmx_gripper_panel/lib:/ws/install/openarmx_can/lib:/opt/ros/humble/opt/rviz_ogre_vendor/lib:/opt/ros/humble/lib/x86_64-linux-gnu:/opt/ros/humble/lib'), ('HOME', '/root'), ('ROS_PYTHON_VERSION', '3'), ('COLCON_PREFIX_PATH', '/ws/install'), ('ROS_DISTRO', 'humble'), ('_', '/usr/bin/colcon'), ('ROS_VERSION', '2'), ('TERM', 'xterm'), ('ROS_LOCALHOST_ONLY', '0'), ('QT_X11_NO_MITSHM', '1'), ('PATH', '/opt/ros/humble/bin:/usr/local/sbin:/usr/local/bin:/usr/sbin:/usr/bin:/sbin:/bin'), ('DISPLAY', ':0'), ('LANG', 'C.UTF-8'), ('AMENT_PREFIX_PATH', '/ws/install/openarmx_teleop_leader:/ws/install/openarmx_teach:/ws/install/openarmx_kp_kd_panel:/ws/install/openarmx:/ws/install/openarmx_hardware:/ws/install/openarmx_gripper_panel:/ws/install/openarmx_bimanual_moveit_config:/ws/install/openarmx_description:/ws/install/openarmx_can:/ws/install/openarmx_bringup:/opt/ros/humble'), ('DEBIAN_FRONTEND', 'noninteractive'), ('PWD', '/ws/build/openarmx_bimanual_moveit_config'), ('LC_ALL', 'C.UTF-8'), ('PYTHONPATH', '/ws/build/openarmx_teach:/ws/install/openarmx_teach/lib/python3.10/site-packages:/opt/ros/humble/lib/python3.10/site-packages:/opt/ros/humble/local/lib/python3.10/dist-packages'), ('COLCON', '1'), ('CMAKE_PREFIX_PATH', '/ws/install/openarmx_description:/ws/install/openarmx_teleop_leader:/ws/install/openarmx_kp_kd_panel:/ws/install/openarmx:/ws/install/openarmx_hardware:/ws/install/openarmx_gripper_panel:/ws/install/openarmx_bimanual_moveit_config:/ws/install/openarmx_can:/ws/install/openarmx_bringup:/ws/install/openarmx_teach:/opt/ros/humble')]), 'shell': False}
[0.198137] (openarmx_teleop_leader) JobProgress: {'identifier': 'openarmx_teleop_leader', 'progress': 'cmake'}
[0.198542] (openarmx_teleop_leader) JobProgress: {'identifier': 'openarmx_teleop_leader', 'progress': 'build'}
[0.198711] (openarmx_teleop_leader) Command: {'cmd': ['/usr/bin/cmake', '--build', '/ws/build/openarmx_teleop_leader', '--', '-j20', '-l20'], 'cwd': '/ws/build/openarmx_teleop_leader', 'env': OrderedDict([('HOSTNAME', 'sajio-System-Product-Name'), ('SHLVL', '1'), ('LD_LIBRARY_PATH', '/ws/install/openarmx_kp_kd_panel/lib:/ws/install/openarmx_hardware/lib:/ws/install/openarmx_gripper_panel/lib:/ws/install/openarmx_can/lib:/opt/ros/humble/opt/rviz_ogre_vendor/lib:/opt/ros/humble/lib/x86_64-linux-gnu:/opt/ros/humble/lib'), ('HOME', '/root'), ('ROS_PYTHON_VERSION', '3'), ('COLCON_PREFIX_PATH', '/ws/install'), ('ROS_DISTRO', 'humble'), ('_', '/usr/bin/colcon'), ('ROS_VERSION', '2'), ('TERM', 'xterm'), ('ROS_LOCALHOST_ONLY', '0'), ('QT_X11_NO_MITSHM', '1'), ('PATH', '/opt/ros/humble/bin:/usr/local/sbin:/usr/local/bin:/usr/sbin:/usr/bin:/sbin:/bin'), ('DISPLAY', ':0'), ('LANG', 'C.UTF-8'), ('AMENT_PREFIX_PATH', '/ws/install/openarmx_teleop_leader:/ws/install/openarmx_teach:/ws/install/openarmx_kp_kd_panel:/ws/install/openarmx:/ws/install/openarmx_hardware:/ws/install/openarmx_gripper_panel:/ws/install/openarmx_bimanual_moveit_config:/ws/install/openarmx_description:/ws/install/openarmx_can:/ws/install/openarmx_bringup:/opt/ros/humble'), ('DEBIAN_FRONTEND', 'noninteractive'), ('PWD', '/ws/build/openarmx_teleop_leader'), ('LC_ALL', 'C.UTF-8'), ('PYTHONPATH', '/ws/build/openarmx_teach:/ws/install/openarmx_teach/lib/python3.10/site-packages:/opt/ros/humble/lib/python3.10/site-packages:/opt/ros/humble/local/lib/python3.10/dist-packages'), ('COLCON', '1'), ('CMAKE_PREFIX_PATH', '/ws/install/openarmx_can:/ws/install/openarmx_teleop_leader:/ws/install/openarmx_kp_kd_panel:/ws/install/openarmx:/ws/install/openarmx_hardware:/ws/install/openarmx_gripper_panel:/ws/install/openarmx_bimanual_moveit_config:/ws/install/openarmx_description:/ws/install/openarmx_bringup:/ws/install/openarmx_teach:/opt/ros/humble')]), 'shell': False}
[0.200036] (-) TimerEvent: {}
[0.219310] (openarmx_bimanual_moveit_config) CommandEnded: {'returncode': 0}
[0.219654] (openarmx_bimanual_moveit_config) JobProgress: {'identifier': 'openarmx_bimanual_moveit_config', 'progress': 'install'}
[0.219953] (openarmx_bimanual_moveit_config) Command: {'cmd': ['/usr/bin/cmake', '--install', '/ws/build/openarmx_bimanual_moveit_config'], 'cwd': '/ws/build/openarmx_bimanual_moveit_config', 'env': OrderedDict([('HOSTNAME', 'sajio-System-Product-Name'), ('SHLVL', '1'), ('LD_LIBRARY_PATH', '/ws/install/openarmx_kp_kd_panel/lib:/ws/install/openarmx_hardware/lib:/ws/install/openarmx_gripper_panel/lib:/ws/install/openarmx_can/lib:/opt/ros/humble/opt/rviz_ogre_vendor/lib:/opt/ros/humble/lib/x86_64-linux-gnu:/opt/ros/humble/lib'), ('HOME', '/root'), ('ROS_PYTHON_VERSION', '3'), ('COLCON_PREFIX_PATH', '/ws/install'), ('ROS_DISTRO', 'humble'), ('_', '/usr/bin/colcon'), ('ROS_VERSION', '2'), ('TERM', 'xterm'), ('ROS_LOCALHOST_ONLY', '0'), ('QT_X11_NO_MITSHM', '1'), ('PATH', '/opt/ros/humble/bin:/usr/local/sbin:/usr/local/bin:/usr/sbin:/usr/bin:/sbin:/bin'), ('DISPLAY', ':0'), ('LANG', 'C.UTF-8'), ('AMENT_PREFIX_PATH', '/ws/install/openarmx_teleop_leader:/ws/install/openarmx_teach:/ws/install/openarmx_kp_kd_panel:/ws/install/openarmx:/ws/install/openarmx_hardware:/ws/install/openarmx_gripper_panel:/ws/install/openarmx_bimanual_moveit_config:/ws/install/openarmx_description:/ws/install/openarmx_can:/ws/install/openarmx_bringup:/opt/ros/humble'), ('DEBIAN_FRONTEND', 'noninteractive'), ('PWD', '/ws/build/openarmx_bimanual_moveit_config'), ('LC_ALL', 'C.UTF-8'), ('PYTHONPATH', '/ws/build/openarmx_teach:/ws/install/openarmx_teach/lib/python3.10/site-packages:/opt/ros/humble/lib/python3.10/site-packages:/opt/ros/humble/local/lib/python3.10/dist-packages'), ('COLCON', '1'), ('CMAKE_PREFIX_PATH', '/ws/install/openarmx_description:/ws/install/openarmx_teleop_leader:/ws/install/openarmx_kp_kd_panel:/ws/install/openarmx:/ws/install/openarmx_hardware:/ws/install/openarmx_gripper_panel:/ws/install/openarmx_bimanual_moveit_config:/ws/install/openarmx_can:/ws/install/openarmx_bringup:/ws/install/openarmx_teach:/opt/ros/humble')]), 'shell': False}
[0.226036] (openarmx_bimanual_moveit_config) StdoutLine: {'line': b'-- Install configuration: ""\n'}
[0.226422] (openarmx_bimanual_moveit_config) StdoutLine: {'line': b'-- Execute custom install script\n'}
[0.226587] (openarmx_bimanual_moveit_config) StdoutLine: {'line': b'-- Up-to-date symlink: /ws/install/openarmx_bimanual_moveit_config/share/ament_index/resource_index/package_run_dependencies/openarmx_bimanual_moveit_config\n'}
[0.226731] (openarmx_bimanual_moveit_config) StdoutLine: {'line': b'-- Up-to-date symlink: /ws/install/openarmx_bimanual_moveit_config/share/ament_index/resource_index/parent_prefix_path/openarmx_bimanual_moveit_config\n'}
[0.226862] (openarmx_bimanual_moveit_config) StdoutLine: {'line': b'-- Up-to-date symlink: /ws/install/openarmx_bimanual_moveit_config/share/openarmx_bimanual_moveit_config/environment/ament_prefix_path.sh\n'}
[0.226979] (openarmx_bimanual_moveit_config) StdoutLine: {'line': b'-- Up-to-date symlink: /ws/install/openarmx_bimanual_moveit_config/share/openarmx_bimanual_moveit_config/environment/ament_prefix_path.dsv\n'}
[0.227102] (openarmx_bimanual_moveit_config) StdoutLine: {'line': b'-- Up-to-date symlink: /ws/install/openarmx_bimanual_moveit_config/share/openarmx_bimanual_moveit_config/environment/path.sh\n'}
[0.227266] (openarmx_bimanual_moveit_config) StdoutLine: {'line': b'-- Up-to-date symlink: /ws/install/openarmx_bimanual_moveit_config/share/openarmx_bimanual_moveit_config/environment/path.dsv\n'}
[0.227377] (openarmx_bimanual_moveit_config) StdoutLine: {'line': b'-- Up-to-date symlink: /ws/install/openarmx_bimanual_moveit_config/share/openarmx_bimanual_moveit_config/local_setup.bash\n'}
[0.227483] (openarmx_bimanual_moveit_config) StdoutLine: {'line': b'-- Up-to-date symlink: /ws/install/openarmx_bimanual_moveit_config/share/openarmx_bimanual_moveit_config/local_setup.sh\n'}
[0.227588] (openarmx_bimanual_moveit_config) StdoutLine: {'line': b'-- Up-to-date symlink: /ws/install/openarmx_bimanual_moveit_config/share/openarmx_bimanual_moveit_config/local_setup.zsh\n'}
[0.227701] (openarmx_bimanual_moveit_config) StdoutLine: {'line': b'-- Up-to-date symlink: /ws/install/openarmx_bimanual_moveit_config/share/openarmx_bimanual_moveit_config/local_setup.dsv\n'}
[0.227781] (openarmx_bimanual_moveit_config) StdoutLine: {'line': b'-- Symlinking: /ws/install/openarmx_bimanual_moveit_config/share/openarmx_bimanual_moveit_config/package.dsv\n'}
[0.233930] (openarmx_bimanual_moveit_config) StdoutLine: {'line': b'-- Up-to-date symlink: /ws/install/openarmx_bimanual_moveit_config/share/ament_index/resource_index/packages/openarmx_bimanual_moveit_config\n'}
[0.234015] (openarmx_bimanual_moveit_config) StdoutLine: {'line': b'-- Up-to-date symlink: /ws/install/openarmx_bimanual_moveit_config/share/openarmx_bimanual_moveit_config/cmake/openarmx_bimanual_moveit_configConfig.cmake\n'}
[0.234078] (openarmx_bimanual_moveit_config) StdoutLine: {'line': b'-- Up-to-date symlink: /ws/install/openarmx_bimanual_moveit_config/share/openarmx_bimanual_moveit_config/cmake/openarmx_bimanual_moveit_configConfig-version.cmake\n'}
[0.234180] (openarmx_bimanual_moveit_config) StdoutLine: {'line': b'-- Up-to-date symlink: /ws/install/openarmx_bimanual_moveit_config/share/openarmx_bimanual_moveit_config/package.xml\n'}
[0.234512] (openarmx_bimanual_moveit_config) StdoutLine: {'line': b'-- Up-to-date symlink: /ws/install/openarmx_bimanual_moveit_config/share/openarmx_bimanual_moveit_config/launch/demo.launch.py\n'}
[0.234587] (openarmx_bimanual_moveit_config) StdoutLine: {'line': b'-- Up-to-date symlink: /ws/install/openarmx_bimanual_moveit_config/share/openarmx_bimanual_moveit_config/launch/demo.launch.py.backup\n'}
[0.234648] (openarmx_hardware) StdoutLine: {'line': b'[100%] Built target openarmx_hardware\n'}
[0.234696] (openarmx_bimanual_moveit_config) StdoutLine: {'line': b'-- Up-to-date symlink: /ws/install/openarmx_bimanual_moveit_config/share/openarmx_bimanual_moveit_config/launch/demo_sim.launch.py\n'}
[0.234734] (openarmx_bimanual_moveit_config) StdoutLine: {'line': b'-- Up-to-date symlink: /ws/install/openarmx_bimanual_moveit_config/share/openarmx_bimanual_moveit_config/launch/motor_config_loader.py\n'}
[0.234815] (openarmx_bimanual_moveit_config) StdoutLine: {'line': b'-- Up-to-date symlink: /ws/install/openarmx_bimanual_moveit_config/share/openarmx_bimanual_moveit_config/launch/motor_control.py\n'}
[0.234933] (openarmx_bimanual_moveit_config) StdoutLine: {'line': b'-- Up-to-date symlink: /ws/install/openarmx_bimanual_moveit_config/share/openarmx_bimanual_moveit_config/launch/move_group.launch.py\n'}
[0.235020] (openarmx_bimanual_moveit_config) StdoutLine: {'line': b'-- Up-to-date symlink: /ws/install/openarmx_bimanual_moveit_config/share/openarmx_bimanual_moveit_config/launch/moveit_rviz.launch.py\n'}
[0.235094] (openarmx_bimanual_moveit_config) StdoutLine: {'line': b'-- Up-to-date symlink: /ws/install/openarmx_bimanual_moveit_config/share/openarmx_bimanual_moveit_config/launch/setup_assistant.launch.py\n'}
[0.235165] (openarmx_bimanual_moveit_config) StdoutLine: {'line': b'-- Up-to-date symlink: /ws/install/openarmx_bimanual_moveit_config/share/openarmx_bimanual_moveit_config/launch/spawn_controllers.launch.py\n'}
[0.235225] (openarmx_bimanual_moveit_config) StdoutLine: {'line': b'-- Up-to-date symlink: /ws/install/openarmx_bimanual_moveit_config/share/openarmx_bimanual_moveit_config/launch/static_virtual_joint_tfs.launch.py\n'}
[0.235384] (openarmx_bimanual_moveit_config) StdoutLine: {'line': b'-- Up-to-date symlink: /ws/install/openarmx_bimanual_moveit_config/share/openarmx_bimanual_moveit_config/config/initial_positions.yaml\n'}
[0.235459] (openarmx_bimanual_moveit_config) StdoutLine: {'line': b'-- Up-to-date symlink: /ws/install/openarmx_bimanual_moveit_config/share/openarmx_bimanual_moveit_config/config/joint_limits.yaml\n'}
[0.235535] (openarmx_bimanual_moveit_config) StdoutLine: {'line': b'-- Up-to-date symlink: /ws/install/openarmx_bimanual_moveit_config/share/openarmx_bimanual_moveit_config/config/kinematics.yaml\n'}
[0.235602] (openarmx_bimanual_moveit_config) StdoutLine: {'line': b'-- Up-to-date symlink: /ws/install/openarmx_bimanual_moveit_config/share/openarmx_bimanual_moveit_config/config/moveit.rviz\n'}
[0.235731] (openarmx_bimanual_moveit_config) StdoutLine: {'line': b'-- Up-to-date symlink: /ws/install/openarmx_bimanual_moveit_config/share/openarmx_bimanual_moveit_config/config/moveit_controllers.yaml\n'}
[0.235803] (openarmx_bimanual_moveit_config) StdoutLine: {'line': b'-- Up-to-date symlink: /ws/install/openarmx_bimanual_moveit_config/share/openarmx_bimanual_moveit_config/config/openarm_bimanual.srdf\n'}
[0.235880] (openarmx_bimanual_moveit_config) StdoutLine: {'line': b'-- Up-to-date symlink: /ws/install/openarmx_bimanual_moveit_config/share/openarmx_bimanual_moveit_config/config/openarm_bimanual.urdf.xacro\n'}
[0.235950] (openarmx_bimanual_moveit_config) StdoutLine: {'line': b'-- Up-to-date symlink: /ws/install/openarmx_bimanual_moveit_config/share/openarmx_bimanual_moveit_config/config/pilz_cartesian_limits.yaml\n'}
[0.236023] (openarmx_bimanual_moveit_config) StdoutLine: {'line': b'-- Up-to-date symlink: /ws/install/openarmx_bimanual_moveit_config/share/openarmx_bimanual_moveit_config/config/ros2_controllers.yaml\n'}
[0.236091] (openarmx_bimanual_moveit_config) StdoutLine: {'line': b'-- Up-to-date symlink: /ws/install/openarmx_bimanual_moveit_config/share/openarmx_bimanual_moveit_config/config/sensors_3d.yaml\n'}
[0.236219] (openarmx_bimanual_moveit_config) StdoutLine: {'line': b'-- Up-to-date symlink: /ws/install/openarmx_bimanual_moveit_config/share/openarmx_bimanual_moveit_config/.setup_assistant\n'}
[0.237087] (openarmx_teleop_leader) StdoutLine: {'line': b'[ 33%] Built target openarmx_teleop_leader_dynamics\n'}
[0.237580] (openarmx_teleop_leader) StdoutLine: {'line': b'[ 66%] Built target teleop_leader_node\n'}
[0.237776] (openarmx_bimanual_moveit_config) CommandEnded: {'returncode': 0}
[0.242847] (openarmx_bimanual_moveit_config) JobEnded: {'identifier': 'openarmx_bimanual_moveit_config', 'rc': 0}
[0.243375] (openarmx_hardware) CommandEnded: {'returncode': 0}
[0.243725] (openarmx_hardware) JobProgress: {'identifier': 'openarmx_hardware', 'progress': 'install'}
[0.243924] (openarmx_hardware) Command: {'cmd': ['/usr/bin/cmake', '--install', '/ws/build/openarmx_hardware'], 'cwd': '/ws/build/openarmx_hardware', 'env': OrderedDict([('HOSTNAME', 'sajio-System-Product-Name'), ('SHLVL', '1'), ('LD_LIBRARY_PATH', '/ws/install/openarmx_kp_kd_panel/lib:/ws/install/openarmx_hardware/lib:/ws/install/openarmx_gripper_panel/lib:/ws/install/openarmx_can/lib:/opt/ros/humble/opt/rviz_ogre_vendor/lib:/opt/ros/humble/lib/x86_64-linux-gnu:/opt/ros/humble/lib'), ('HOME', '/root'), ('ROS_PYTHON_VERSION', '3'), ('COLCON_PREFIX_PATH', '/ws/install'), ('ROS_DISTRO', 'humble'), ('_', '/usr/bin/colcon'), ('ROS_VERSION', '2'), ('TERM', 'xterm'), ('ROS_LOCALHOST_ONLY', '0'), ('QT_X11_NO_MITSHM', '1'), ('PATH', '/opt/ros/humble/bin:/usr/local/sbin:/usr/local/bin:/usr/sbin:/usr/bin:/sbin:/bin'), ('DISPLAY', ':0'), ('LANG', 'C.UTF-8'), ('AMENT_PREFIX_PATH', '/ws/install/openarmx_teleop_leader:/ws/install/openarmx_teach:/ws/install/openarmx_kp_kd_panel:/ws/install/openarmx:/ws/install/openarmx_hardware:/ws/install/openarmx_gripper_panel:/ws/install/openarmx_bimanual_moveit_config:/ws/install/openarmx_description:/ws/install/openarmx_can:/ws/install/openarmx_bringup:/opt/ros/humble'), ('DEBIAN_FRONTEND', 'noninteractive'), ('PWD', '/ws/build/openarmx_hardware'), ('LC_ALL', 'C.UTF-8'), ('PYTHONPATH', '/ws/build/openarmx_teach:/ws/install/openarmx_teach/lib/python3.10/site-packages:/opt/ros/humble/lib/python3.10/site-packages:/opt/ros/humble/local/lib/python3.10/dist-packages'), ('COLCON', '1'), ('CMAKE_PREFIX_PATH', '/ws/install/openarmx_can:/ws/install/openarmx_teleop_leader:/ws/install/openarmx_kp_kd_panel:/ws/install/openarmx:/ws/install/openarmx_hardware:/ws/install/openarmx_gripper_panel:/ws/install/openarmx_bimanual_moveit_config:/ws/install/openarmx_description:/ws/install/openarmx_bringup:/ws/install/openarmx_teach:/opt/ros/humble')]), 'shell': False}
[0.247745] (openarmx_hardware) StdoutLine: {'line': b'-- Install configuration: ""\n'}
[0.248000] (openarmx_hardware) StdoutLine: {'line': b'-- Execute custom install script\n'}
[0.248094] (openarmx_hardware) StdoutLine: {'line': b'-- Up-to-date symlink: /ws/install/openarmx_hardware/share/openarmx_hardware//openarmx_hardware.xml\n'}
[0.248194] (openarmx_hardware) StdoutLine: {'line': b'-- Up-to-date symlink: /ws/install/openarmx_hardware/lib/libopenarmx_hardware.so\n'}
[0.248335] (openarmx_hardware) StdoutLine: {'line': b'-- Up-to-date symlink: /ws/install/openarmx_hardware/include/openarmx_hardware/v10_simple_hardware.hpp\n'}
[0.248370] (openarmx_hardware) StdoutLine: {'line': b'-- Up-to-date symlink: /ws/install/openarmx_hardware/include/openarmx_hardware/visibility_control.h\n'}
[0.248438] (openarmx_hardware) StdoutLine: {'line': b'-- Up-to-date symlink: /ws/install/openarmx_hardware/share/openarmx_hardware/environment/library_path.sh\n'}
[0.248490] (openarmx_hardware) StdoutLine: {'line': b'-- Up-to-date symlink: /ws/install/openarmx_hardware/share/openarmx_hardware/environment/library_path.dsv\n'}
[0.248548] (openarmx_hardware) StdoutLine: {'line': b'-- Up-to-date symlink: /ws/install/openarmx_hardware/share/ament_index/resource_index/package_run_dependencies/openarmx_hardware\n'}
[0.248602] (openarmx_hardware) StdoutLine: {'line': b'-- Up-to-date symlink: /ws/install/openarmx_hardware/share/ament_index/resource_index/parent_prefix_path/openarmx_hardware\n'}
[0.248664] (openarmx_hardware) StdoutLine: {'line': b'-- Up-to-date symlink: /ws/install/openarmx_hardware/share/openarmx_hardware/environment/ament_prefix_path.sh\n'}
[0.248712] (openarmx_hardware) StdoutLine: {'line': b'-- Up-to-date symlink: /ws/install/openarmx_hardware/share/openarmx_hardware/environment/ament_prefix_path.dsv\n'}
[0.248765] (openarmx_hardware) StdoutLine: {'line': b'-- Up-to-date symlink: /ws/install/openarmx_hardware/share/openarmx_hardware/environment/path.sh\n'}
[0.248813] (openarmx_hardware) StdoutLine: {'line': b'-- Up-to-date symlink: /ws/install/openarmx_hardware/share/openarmx_hardware/environment/path.dsv\n'}
[0.248861] (openarmx_hardware) StdoutLine: {'line': b'-- Up-to-date symlink: /ws/install/openarmx_hardware/share/openarmx_hardware/local_setup.bash\n'}
[0.248907] (openarmx_hardware) StdoutLine: {'line': b'-- Up-to-date symlink: /ws/install/openarmx_hardware/share/openarmx_hardware/local_setup.sh\n'}
[0.248952] (openarmx_hardware) StdoutLine: {'line': b'-- Up-to-date symlink: /ws/install/openarmx_hardware/share/openarmx_hardware/local_setup.zsh\n'}
[0.248995] (openarmx_hardware) StdoutLine: {'line': b'-- Up-to-date symlink: /ws/install/openarmx_hardware/share/openarmx_hardware/local_setup.dsv\n'}
[0.249032] (openarmx_hardware) StdoutLine: {'line': b'-- Symlinking: /ws/install/openarmx_hardware/share/openarmx_hardware/package.dsv\n'}
[0.254286] (openarmx_teleop_leader) StdoutLine: {'line': b'[100%] Built target teleop_leader_with_gravitycomp_single\n'}
[0.254709] (openarmx_hardware) StdoutLine: {'line': b'-- Up-to-date symlink: /ws/install/openarmx_hardware/share/ament_index/resource_index/packages/openarmx_hardware\n'}
[0.254787] (openarmx_hardware) StdoutLine: {'line': b'-- Up-to-date symlink: /ws/install/openarmx_hardware/share/ament_index/resource_index/hardware_interface__pluginlib__plugin/openarmx_hardware\n'}
[0.254834] (openarmx_hardware) StdoutLine: {'line': b'-- Up-to-date symlink: /ws/install/openarmx_hardware/share/openarmx_hardware/cmake/ament_cmake_export_include_directories-extras.cmake\n'}
[0.254891] (openarmx_hardware) StdoutLine: {'line': b'-- Up-to-date symlink: /ws/install/openarmx_hardware/share/openarmx_hardware/cmake/ament_cmake_export_libraries-extras.cmake\n'}
[0.254942] (openarmx_hardware) StdoutLine: {'line': b'-- Up-to-date symlink: /ws/install/openarmx_hardware/share/openarmx_hardware/cmake/ament_cmake_export_dependencies-extras.cmake\n'}
[0.254994] (openarmx_hardware) StdoutLine: {'line': b'-- Up-to-date symlink: /ws/install/openarmx_hardware/share/openarmx_hardware/cmake/openarmx_hardwareConfig.cmake\n'}
[0.255045] (openarmx_hardware) StdoutLine: {'line': b'-- Up-to-date symlink: /ws/install/openarmx_hardware/share/openarmx_hardware/cmake/openarmx_hardwareConfig-version.cmake\n'}
[0.255088] (openarmx_hardware) StdoutLine: {'line': b'-- Up-to-date symlink: /ws/install/openarmx_hardware/share/openarmx_hardware/package.xml\n'}
[0.256097] (openarmx_hardware) CommandEnded: {'returncode': 0}
[0.264693] (openarmx_hardware) JobEnded: {'identifier': 'openarmx_hardware', 'rc': 0}
[0.265224] (openarmx) JobStarted: {'identifier': 'openarmx'}
[0.267233] (openarmx_teleop_leader) CommandEnded: {'returncode': 0}
[0.267473] (openarmx_teleop_leader) JobProgress: {'identifier': 'openarmx_teleop_leader', 'progress': 'install'}
[0.267568] (openarmx_teleop_leader) Command: {'cmd': ['/usr/bin/cmake', '--install', '/ws/build/openarmx_teleop_leader'], 'cwd': '/ws/build/openarmx_teleop_leader', 'env': OrderedDict([('HOSTNAME', 'sajio-System-Product-Name'), ('SHLVL', '1'), ('LD_LIBRARY_PATH', '/ws/install/openarmx_kp_kd_panel/lib:/ws/install/openarmx_hardware/lib:/ws/install/openarmx_gripper_panel/lib:/ws/install/openarmx_can/lib:/opt/ros/humble/opt/rviz_ogre_vendor/lib:/opt/ros/humble/lib/x86_64-linux-gnu:/opt/ros/humble/lib'), ('HOME', '/root'), ('ROS_PYTHON_VERSION', '3'), ('COLCON_PREFIX_PATH', '/ws/install'), ('ROS_DISTRO', 'humble'), ('_', '/usr/bin/colcon'), ('ROS_VERSION', '2'), ('TERM', 'xterm'), ('ROS_LOCALHOST_ONLY', '0'), ('QT_X11_NO_MITSHM', '1'), ('PATH', '/opt/ros/humble/bin:/usr/local/sbin:/usr/local/bin:/usr/sbin:/usr/bin:/sbin:/bin'), ('DISPLAY', ':0'), ('LANG', 'C.UTF-8'), ('AMENT_PREFIX_PATH', '/ws/install/openarmx_teleop_leader:/ws/install/openarmx_teach:/ws/install/openarmx_kp_kd_panel:/ws/install/openarmx:/ws/install/openarmx_hardware:/ws/install/openarmx_gripper_panel:/ws/install/openarmx_bimanual_moveit_config:/ws/install/openarmx_description:/ws/install/openarmx_can:/ws/install/openarmx_bringup:/opt/ros/humble'), ('DEBIAN_FRONTEND', 'noninteractive'), ('PWD', '/ws/build/openarmx_teleop_leader'), ('LC_ALL', 'C.UTF-8'), ('PYTHONPATH', '/ws/build/openarmx_teach:/ws/install/openarmx_teach/lib/python3.10/site-packages:/opt/ros/humble/lib/python3.10/site-packages:/opt/ros/humble/local/lib/python3.10/dist-packages'), ('COLCON', '1'), ('CMAKE_PREFIX_PATH', '/ws/install/openarmx_can:/ws/install/openarmx_teleop_leader:/ws/install/openarmx_kp_kd_panel:/ws/install/openarmx:/ws/install/openarmx_hardware:/ws/install/openarmx_gripper_panel:/ws/install/openarmx_bimanual_moveit_config:/ws/install/openarmx_description:/ws/install/openarmx_bringup:/ws/install/openarmx_teach:/opt/ros/humble')]), 'shell': False}
[0.271988] (openarmx) JobProgress: {'identifier': 'openarmx', 'progress': 'cmake'}
[0.272362] (openarmx) JobProgress: {'identifier': 'openarmx', 'progress': 'build'}
[0.272503] (openarmx) Command: {'cmd': ['/usr/bin/cmake', '--build', '/ws/build/openarmx', '--', '-j20', '-l20'], 'cwd': '/ws/build/openarmx', 'env': OrderedDict([('HOSTNAME', 'sajio-System-Product-Name'), ('SHLVL', '1'), ('LD_LIBRARY_PATH', '/ws/install/openarmx_hardware/lib:/ws/install/openarmx_kp_kd_panel/lib:/ws/install/openarmx_gripper_panel/lib:/ws/install/openarmx_can/lib:/opt/ros/humble/opt/rviz_ogre_vendor/lib:/opt/ros/humble/lib/x86_64-linux-gnu:/opt/ros/humble/lib'), ('HOME', '/root'), ('ROS_PYTHON_VERSION', '3'), ('COLCON_PREFIX_PATH', '/ws/install'), ('ROS_DISTRO', 'humble'), ('_', '/usr/bin/colcon'), ('ROS_VERSION', '2'), ('TERM', 'xterm'), ('ROS_LOCALHOST_ONLY', '0'), ('QT_X11_NO_MITSHM', '1'), ('PATH', '/opt/ros/humble/bin:/usr/local/sbin:/usr/local/bin:/usr/sbin:/usr/bin:/sbin:/bin'), ('DISPLAY', ':0'), ('LANG', 'C.UTF-8'), ('AMENT_PREFIX_PATH', '/ws/install/openarmx_teleop_leader:/ws/install/openarmx_teach:/ws/install/openarmx_kp_kd_panel:/ws/install/openarmx:/ws/install/openarmx_hardware:/ws/install/openarmx_gripper_panel:/ws/install/openarmx_bimanual_moveit_config:/ws/install/openarmx_description:/ws/install/openarmx_can:/ws/install/openarmx_bringup:/opt/ros/humble'), ('DEBIAN_FRONTEND', 'noninteractive'), ('PWD', '/ws/build/openarmx'), ('LC_ALL', 'C.UTF-8'), ('PYTHONPATH', '/ws/build/openarmx_teach:/ws/install/openarmx_teach/lib/python3.10/site-packages:/opt/ros/humble/lib/python3.10/site-packages:/opt/ros/humble/local/lib/python3.10/dist-packages'), ('COLCON', '1'), ('CMAKE_PREFIX_PATH', '/ws/install/openarmx_hardware:/ws/install/openarmx_description:/ws/install/openarmx_can:/ws/install/openarmx_bringup:/ws/install/openarmx_teleop_leader:/ws/install/openarmx_kp_kd_panel:/ws/install/openarmx:/ws/install/openarmx_gripper_panel:/ws/install/openarmx_bimanual_moveit_config:/ws/install/openarmx_teach:/opt/ros/humble')]), 'shell': False}
[0.273649] (openarmx_teleop_leader) StdoutLine: {'line': b'-- Install configuration: ""\n'}
[0.274038] (openarmx_teleop_leader) StdoutLine: {'line': b'-- Execute custom install script\n'}
[0.274265] (openarmx_teleop_leader) StdoutLine: {'line': b'-- Up-to-date symlink: /ws/install/openarmx_teleop_leader/lib/openarmx_teleop_leader/teleop_leader_node\n'}
[0.274389] (openarmx_teleop_leader) StdoutLine: {'line': b'-- Up-to-date symlink: /ws/install/openarmx_teleop_leader/lib/openarmx_teleop_leader/teleop_leader_with_gravitycomp_single\n'}
[0.274641] (openarmx_teleop_leader) StdoutLine: {'line': b'-- Up-to-date symlink: /ws/install/openarmx_teleop_leader/share/openarmx_teleop_leader/launch/bimanual_teleop.launch.py\n'}
[0.274724] (openarmx_teleop_leader) StdoutLine: {'line': b'-- Up-to-date symlink: /ws/install/openarmx_teleop_leader/share/openarmx_teleop_leader/launch/teleop_leader_with_gravitycomp_bimanual.launch.py\n'}
[0.274852] (openarmx_teleop_leader) StdoutLine: {'line': b'-- Up-to-date symlink: /ws/install/openarmx_teleop_leader/share/ament_index/resource_index/package_run_dependencies/openarmx_teleop_leader\n'}
[0.274970] (openarmx_teleop_leader) StdoutLine: {'line': b'-- Up-to-date symlink: /ws/install/openarmx_teleop_leader/share/ament_index/resource_index/parent_prefix_path/openarmx_teleop_leader\n'}
[0.275094] (openarmx_teleop_leader) StdoutLine: {'line': b'-- Up-to-date symlink: /ws/install/openarmx_teleop_leader/share/openarmx_teleop_leader/environment/ament_prefix_path.sh\n'}
[0.275201] (openarmx_teleop_leader) StdoutLine: {'line': b'-- Up-to-date symlink: /ws/install/openarmx_teleop_leader/share/openarmx_teleop_leader/environment/ament_prefix_path.dsv\n'}
[0.275316] (openarmx_teleop_leader) StdoutLine: {'line': b'-- Up-to-date symlink: /ws/install/openarmx_teleop_leader/share/openarmx_teleop_leader/environment/path.sh\n'}
[0.275419] (openarmx_teleop_leader) StdoutLine: {'line': b'-- Up-to-date symlink: /ws/install/openarmx_teleop_leader/share/openarmx_teleop_leader/environment/path.dsv\n'}
[0.275522] (openarmx_teleop_leader) StdoutLine: {'line': b'-- Up-to-date symlink: /ws/install/openarmx_teleop_leader/share/openarmx_teleop_leader/local_setup.bash\n'}
[0.275624] (openarmx_teleop_leader) StdoutLine: {'line': b'-- Up-to-date symlink: /ws/install/openarmx_teleop_leader/share/openarmx_teleop_leader/local_setup.sh\n'}
[0.275730] (openarmx_teleop_leader) StdoutLine: {'line': b'-- Up-to-date symlink: /ws/install/openarmx_teleop_leader/share/openarmx_teleop_leader/local_setup.zsh\n'}
[0.275828] (openarmx_teleop_leader) StdoutLine: {'line': b'-- Up-to-date symlink: /ws/install/openarmx_teleop_leader/share/openarmx_teleop_leader/local_setup.dsv\n'}
[0.275907] (openarmx_teleop_leader) StdoutLine: {'line': b'-- Symlinking: /ws/install/openarmx_teleop_leader/share/openarmx_teleop_leader/package.dsv\n'}
[0.281890] (openarmx_teleop_leader) StdoutLine: {'line': b'-- Up-to-date symlink: /ws/install/openarmx_teleop_leader/share/ament_index/resource_index/packages/openarmx_teleop_leader\n'}
[0.281992] (openarmx_teleop_leader) StdoutLine: {'line': b'-- Up-to-date symlink: /ws/install/openarmx_teleop_leader/share/openarmx_teleop_leader/cmake/openarmx_teleop_leaderConfig.cmake\n'}
[0.282036] (openarmx_teleop_leader) StdoutLine: {'line': b'-- Up-to-date symlink: /ws/install/openarmx_teleop_leader/share/openarmx_teleop_leader/cmake/openarmx_teleop_leaderConfig-version.cmake\n'}
[0.282247] (openarmx_teleop_leader) StdoutLine: {'line': b'-- Up-to-date symlink: /ws/install/openarmx_teleop_leader/share/openarmx_teleop_leader/package.xml\n'}
[0.283484] (openarmx_teleop_leader) CommandEnded: {'returncode': 0}
[0.291239] (openarmx_teleop_leader) JobEnded: {'identifier': 'openarmx_teleop_leader', 'rc': 0}
[0.295106] (openarmx_teach) Command: {'cmd': ['/usr/bin/python3', '-W', 'ignore:setup.py install is deprecated', '-W', 'ignore:easy_install command is deprecated', 'setup.py', 'develop', '--editable', '--build-directory', '/ws/build/openarmx_teach/build', '--no-deps', 'symlink_data'], 'cwd': '/ws/build/openarmx_teach', 'env': {'HOSTNAME': 'sajio-System-Product-Name', 'SHLVL': '1', 'LD_LIBRARY_PATH': '/ws/install/openarmx_kp_kd_panel/lib:/ws/install/openarmx_hardware/lib:/ws/install/openarmx_gripper_panel/lib:/ws/install/openarmx_can/lib:/opt/ros/humble/opt/rviz_ogre_vendor/lib:/opt/ros/humble/lib/x86_64-linux-gnu:/opt/ros/humble/lib', 'HOME': '/root', 'ROS_PYTHON_VERSION': '3', 'COLCON_PREFIX_PATH': '/ws/install', 'ROS_DISTRO': 'humble', '_': '/usr/bin/colcon', 'ROS_VERSION': '2', 'TERM': 'xterm', 'ROS_LOCALHOST_ONLY': '0', 'QT_X11_NO_MITSHM': '1', 'PATH': '/opt/ros/humble/bin:/usr/local/sbin:/usr/local/bin:/usr/sbin:/usr/bin:/sbin:/bin', 'DISPLAY': ':0', 'LANG': 'C.UTF-8', 'AMENT_PREFIX_PATH': '/ws/install/openarmx_teleop_leader:/ws/install/openarmx_teach:/ws/install/openarmx_kp_kd_panel:/ws/install/openarmx:/ws/install/openarmx_hardware:/ws/install/openarmx_gripper_panel:/ws/install/openarmx_bimanual_moveit_config:/ws/install/openarmx_description:/ws/install/openarmx_can:/ws/install/openarmx_bringup:/opt/ros/humble', 'DEBIAN_FRONTEND': 'noninteractive', 'PWD': '/ws/build/openarmx_teach', 'LC_ALL': 'C.UTF-8', 'PYTHONPATH': '/ws/build/openarmx_teach/prefix_override:/usr/lib/python3/dist-packages/colcon_core/task/python/colcon_distutils_commands:/ws/install/openarmx_teach/lib/python3.10/site-packages:/ws/build/openarmx_teach:/ws/install/openarmx_teach/lib/python3.10/site-packages:/opt/ros/humble/lib/python3.10/site-packages:/opt/ros/humble/local/lib/python3.10/dist-packages', 'COLCON': '1', 'CMAKE_PREFIX_PATH': '/ws/install/openarmx_teleop_leader:/ws/install/openarmx_kp_kd_panel:/ws/install/openarmx:/ws/install/openarmx_hardware:/ws/install/openarmx_gripper_panel:/ws/install/openarmx_bimanual_moveit_config:/ws/install/openarmx_description:/ws/install/openarmx_can:/ws/install/openarmx_bringup'}, 'shell': False}
[0.296405] (openarmx) CommandEnded: {'returncode': 0}
[0.296704] (openarmx) JobProgress: {'identifier': 'openarmx', 'progress': 'install'}
[0.296825] (openarmx) Command: {'cmd': ['/usr/bin/cmake', '--install', '/ws/build/openarmx'], 'cwd': '/ws/build/openarmx', 'env': OrderedDict([('HOSTNAME', 'sajio-System-Product-Name'), ('SHLVL', '1'), ('LD_LIBRARY_PATH', '/ws/install/openarmx_hardware/lib:/ws/install/openarmx_kp_kd_panel/lib:/ws/install/openarmx_gripper_panel/lib:/ws/install/openarmx_can/lib:/opt/ros/humble/opt/rviz_ogre_vendor/lib:/opt/ros/humble/lib/x86_64-linux-gnu:/opt/ros/humble/lib'), ('HOME', '/root'), ('ROS_PYTHON_VERSION', '3'), ('COLCON_PREFIX_PATH', '/ws/install'), ('ROS_DISTRO', 'humble'), ('_', '/usr/bin/colcon'), ('ROS_VERSION', '2'), ('TERM', 'xterm'), ('ROS_LOCALHOST_ONLY', '0'), ('QT_X11_NO_MITSHM', '1'), ('PATH', '/opt/ros/humble/bin:/usr/local/sbin:/usr/local/bin:/usr/sbin:/usr/bin:/sbin:/bin'), ('DISPLAY', ':0'), ('LANG', 'C.UTF-8'), ('AMENT_PREFIX_PATH', '/ws/install/openarmx_teleop_leader:/ws/install/openarmx_teach:/ws/install/openarmx_kp_kd_panel:/ws/install/openarmx:/ws/install/openarmx_hardware:/ws/install/openarmx_gripper_panel:/ws/install/openarmx_bimanual_moveit_config:/ws/install/openarmx_description:/ws/install/openarmx_can:/ws/install/openarmx_bringup:/opt/ros/humble'), ('DEBIAN_FRONTEND', 'noninteractive'), ('PWD', '/ws/build/openarmx'), ('LC_ALL', 'C.UTF-8'), ('PYTHONPATH', '/ws/build/openarmx_teach:/ws/install/openarmx_teach/lib/python3.10/site-packages:/opt/ros/humble/lib/python3.10/site-packages:/opt/ros/humble/local/lib/python3.10/dist-packages'), ('COLCON', '1'), ('CMAKE_PREFIX_PATH', '/ws/install/openarmx_hardware:/ws/install/openarmx_description:/ws/install/openarmx_can:/ws/install/openarmx_bringup:/ws/install/openarmx_teleop_leader:/ws/install/openarmx_kp_kd_panel:/ws/install/openarmx:/ws/install/openarmx_gripper_panel:/ws/install/openarmx_bimanual_moveit_config:/ws/install/openarmx_teach:/opt/ros/humble')]), 'shell': False}
[0.300094] (-) TimerEvent: {}
[0.300490] (openarmx) StdoutLine: {'line': b'-- Install configuration: ""\n'}
[0.300736] (openarmx) StdoutLine: {'line': b'-- Execute custom install script\n'}
[0.300833] (openarmx) StdoutLine: {'line': b'-- Up-to-date symlink: /ws/install/openarmx/share/ament_index/resource_index/package_run_dependencies/openarmx\n'}
[0.300903] (openarmx) StdoutLine: {'line': b'-- Up-to-date symlink: /ws/install/openarmx/share/ament_index/resource_index/parent_prefix_path/openarmx\n'}
[0.300974] (openarmx) StdoutLine: {'line': b'-- Up-to-date symlink: /ws/install/openarmx/share/openarmx/environment/ament_prefix_path.sh\n'}
[0.301030] (openarmx) StdoutLine: {'line': b'-- Up-to-date symlink: /ws/install/openarmx/share/openarmx/environment/ament_prefix_path.dsv\n'}
[0.301088] (openarmx) StdoutLine: {'line': b'-- Up-to-date symlink: /ws/install/openarmx/share/openarmx/environment/path.sh\n'}
[0.301139] (openarmx) StdoutLine: {'line': b'-- Up-to-date symlink: /ws/install/openarmx/share/openarmx/environment/path.dsv\n'}
[0.301188] (openarmx) StdoutLine: {'line': b'-- Up-to-date symlink: /ws/install/openarmx/share/openarmx/local_setup.bash\n'}
[0.301236] (openarmx) StdoutLine: {'line': b'-- Up-to-date symlink: /ws/install/openarmx/share/openarmx/local_setup.sh\n'}
[0.301282] (openarmx) StdoutLine: {'line': b'-- Up-to-date symlink: /ws/install/openarmx/share/openarmx/local_setup.zsh\n'}
[0.301326] (openarmx) StdoutLine: {'line': b'-- Up-to-date symlink: /ws/install/openarmx/share/openarmx/local_setup.dsv\n'}
[0.301362] (openarmx) StdoutLine: {'line': b'-- Symlinking: /ws/install/openarmx/share/openarmx/package.dsv\n'}
[0.305325] (openarmx) StdoutLine: {'line': b'-- Up-to-date symlink: /ws/install/openarmx/share/ament_index/resource_index/packages/openarmx\n'}
[0.305399] (openarmx) StdoutLine: {'line': b'-- Up-to-date symlink: /ws/install/openarmx/share/openarmx/cmake/openarmxConfig.cmake\n'}
[0.305443] (openarmx) StdoutLine: {'line': b'-- Up-to-date symlink: /ws/install/openarmx/share/openarmx/cmake/openarmxConfig-version.cmake\n'}
[0.305486] (openarmx) StdoutLine: {'line': b'-- Up-to-date symlink: /ws/install/openarmx/share/openarmx/package.xml\n'}
[0.306300] (openarmx) CommandEnded: {'returncode': 0}
[0.313192] (openarmx) JobEnded: {'identifier': 'openarmx', 'rc': 0}
[0.395060] (openarmx_teach) StdoutLine: {'line': b'running develop\n'}
[0.400154] (-) TimerEvent: {}
[0.441012] (openarmx_teach) StdoutLine: {'line': b'running egg_info\n'}
[0.441147] (openarmx_teach) StdoutLine: {'line': b'writing openarmx_teach.egg-info/PKG-INFO\n'}
[0.441234] (openarmx_teach) StdoutLine: {'line': b'writing dependency_links to openarmx_teach.egg-info/dependency_links.txt\n'}
[0.441324] (openarmx_teach) StdoutLine: {'line': b'writing entry points to openarmx_teach.egg-info/entry_points.txt\n'}
[0.441351] (openarmx_teach) StdoutLine: {'line': b'writing requirements to openarmx_teach.egg-info/requires.txt\n'}
[0.441391] (openarmx_teach) StdoutLine: {'line': b'writing top-level names to openarmx_teach.egg-info/top_level.txt\n'}
[0.442016] (openarmx_teach) StdoutLine: {'line': b"reading manifest file 'openarmx_teach.egg-info/SOURCES.txt'\n"}
[0.442324] (openarmx_teach) StdoutLine: {'line': b"writing manifest file 'openarmx_teach.egg-info/SOURCES.txt'\n"}
[0.442932] (openarmx_teach) StdoutLine: {'line': b'running build_ext\n'}
[0.443041] (openarmx_teach) StdoutLine: {'line': b'Creating /ws/install/openarmx_teach/lib/python3.10/site-packages/openarmx-teach.egg-link (link to .)\n'}
[0.443384] (openarmx_teach) StdoutLine: {'line': b'Installing play_joint_trajectory script to /ws/install/openarmx_teach/lib/openarmx_teach\n'}
[0.443466] (openarmx_teach) StdoutLine: {'line': b'Installing record_joint_states_always script to /ws/install/openarmx_teach/lib/openarmx_teach\n'}
[0.443513] (openarmx_teach) StdoutLine: {'line': b'Installing record_joint_states_stepbystep script to /ws/install/openarmx_teach/lib/openarmx_teach\n'}
[0.443574] (openarmx_teach) StdoutLine: {'line': b'\n'}
[0.443613] (openarmx_teach) StdoutLine: {'line': b'Installed /ws/build/openarmx_teach\n'}
[0.443668] (openarmx_teach) StdoutLine: {'line': b'running symlink_data\n'}
[0.455391] (openarmx_teach) CommandEnded: {'returncode': 0}
[0.459005] (openarmx_teach) JobEnded: {'identifier': 'openarmx_teach', 'rc': 0}
[0.459387] (-) EventReactorShutdown: {}
