[0.017s] Invoking command in '/ws/build/openarmx_can': CMAKE_PREFIX_PATH=${CMAKE_PREFIX_PATH}:/ws/install/openarmx_teach:/opt/ros/humble /usr/bin/cmake --build /ws/build/openarmx_can -- -j20 -l20
[0.103s] [ 50%] Built target openarmx_can
[0.114s] [ 60%] Built target python-style-test
[0.114s] [ 70%] Built target robstride-demo-gripper
[0.115s] [ 80%] Built target motor-check
[0.116s] [ 90%] Built target robstride-demo
[0.117s] [100%] Built target robstride-demo-full
[0.147s] Invoked command in '/ws/build/openarmx_can' returned '0': CMAKE_PREFIX_PATH=${CMAKE_PREFIX_PATH}:/ws/install/openarmx_teach:/opt/ros/humble /usr/bin/cmake --build /ws/build/openarmx_can -- -j20 -l20
[0.148s] Invoking command in '/ws/build/openarmx_can': CMAKE_PREFIX_PATH=${CMAKE_PREFIX_PATH}:/ws/install/openarmx_teach:/opt/ros/humble /usr/bin/cmake --install /ws/build/openarmx_can
[0.154s] -- Install configuration: ""
[0.159s] -- Execute custom install script
[0.161s] -- Up-to-date symlink: /ws/install/openarmx_can/lib/cmake/OpenArmCANOpenArmXCom/OpenArmXCANConfig.cmake
[0.163s] -- Up-to-date symlink: /ws/install/openarmx_can/lib/cmake/OpenArmCANOpenArmXCom/OpenArmXCANVersion.cmake
[0.165s] -- Up-to-date symlink: /ws/install/openarmx_can/lib/pkgconfig/openarmx-can.pc
[0.170s] -- Up-to-date symlink: /ws/install/openarmx_can/include/openarm/can/socket/arm_component.hpp
[0.173s] -- Up-to-date symlink: /ws/install/openarmx_can/include/openarm/can/socket/gripper_component.hpp
[0.174s] -- Up-to-date symlink: /ws/install/openarmx_can/include/openarm/can/socket/openarm.hpp
[0.174s] -- Up-to-date symlink: /ws/install/openarmx_can/include/openarm/canbus/can_device.hpp
[0.178s] -- Up-to-date symlink: /ws/install/openarmx_can/include/openarm/canbus/can_device_collection.hpp
[0.178s] -- Up-to-date symlink: /ws/install/openarmx_can/include/openarm/canbus/can_socket.hpp
[0.178s] -- Up-to-date symlink: /ws/install/openarmx_can/include/openarm/robstride_motor/rs_motor.hpp
[0.179s] -- Up-to-date symlink: /ws/install/openarmx_can/include/openarm/robstride_motor/rs_motor_constants.hpp
[0.179s] -- Up-to-date symlink: /ws/install/openarmx_can/include/openarm/robstride_motor/rs_motor_control.hpp
[0.179s] -- Up-to-date symlink: /ws/install/openarmx_can/include/openarm/robstride_motor/rs_motor_device.hpp
[0.179s] -- Up-to-date symlink: /ws/install/openarmx_can/include/openarm/robstride_motor/rs_motor_device_collection.hpp
[0.179s] -- Up-to-date symlink: /ws/install/openarmx_can/lib/openarmx_can/robstride-demo
[0.179s] -- Up-to-date symlink: /ws/install/openarmx_can/lib/openarmx_can/python-style-test
[0.180s] -- Up-to-date symlink: /ws/install/openarmx_can/lib/openarmx_can/robstride-demo-full
[0.180s] -- Up-to-date symlink: /ws/install/openarmx_can/lib/openarmx_can/robstride-demo-gripper
[0.180s] -- Up-to-date symlink: /ws/install/openarmx_can/lib/openarmx_can/motor-check
[0.180s] -- Up-to-date symlink: /ws/install/openarmx_can/lib/cmake/openarmx_can/openarmx_canConfig.cmake
[0.180s] -- Up-to-date symlink: /ws/install/openarmx_can/share/openarmx_can/environment/library_path.sh
[0.181s] -- Up-to-date symlink: /ws/install/openarmx_can/share/openarmx_can/environment/library_path.dsv
[0.181s] -- Up-to-date symlink: /ws/install/openarmx_can/share/ament_index/resource_index/package_run_dependencies/openarmx_can
[0.181s] -- Up-to-date symlink: /ws/install/openarmx_can/share/ament_index/resource_index/parent_prefix_path/openarmx_can
[0.181s] -- Up-to-date symlink: /ws/install/openarmx_can/share/openarmx_can/environment/ament_prefix_path.sh
[0.181s] -- Up-to-date symlink: /ws/install/openarmx_can/share/openarmx_can/environment/ament_prefix_path.dsv
[0.181s] -- Up-to-date symlink: /ws/install/openarmx_can/share/openarmx_can/environment/path.sh
[0.181s] -- Up-to-date symlink: /ws/install/openarmx_can/share/openarmx_can/environment/path.dsv
[0.181s] -- Up-to-date symlink: /ws/install/openarmx_can/share/openarmx_can/local_setup.bash
[0.181s] -- Up-to-date symlink: /ws/install/openarmx_can/share/openarmx_can/local_setup.sh
[0.181s] -- Up-to-date symlink: /ws/install/openarmx_can/share/openarmx_can/local_setup.zsh
[0.181s] -- Up-to-date symlink: /ws/install/openarmx_can/share/openarmx_can/local_setup.dsv
[0.181s] -- Symlinking: /ws/install/openarmx_can/share/openarmx_can/package.dsv
[0.183s] -- Up-to-date symlink: /ws/install/openarmx_can/share/ament_index/resource_index/packages/openarmx_can
[0.183s] -- Up-to-date symlink: /ws/install/openarmx_can/share/openarmx_can/cmake/ament_cmake_export_targets-extras.cmake
[0.183s] -- Up-to-date symlink: /ws/install/openarmx_can/share/openarmx_can/cmake/openarmx_canConfig.cmake
[0.183s] -- Up-to-date symlink: /ws/install/openarmx_can/share/openarmx_can/cmake/openarmx_canConfig-version.cmake
[0.183s] -- Up-to-date symlink: /ws/install/openarmx_can/share/openarmx_can/package.xml
[0.183s] -- Up-to-date: /ws/install/openarmx_can/lib/libopenarmx_can.a
[0.183s] -- Up-to-date: /ws/install/openarmx_can/lib/cmake/OpenArmCANOpenArmXCom/OpenArmCANOpenArmXComTargets.cmake
[0.183s] -- Up-to-date: /ws/install/openarmx_can/lib/cmake/OpenArmCANOpenArmXCom/OpenArmCANOpenArmXComTargets-noconfig.cmake
[0.183s] -- Up-to-date: /ws/install/openarmx_can/lib/libopenarmx_can.a
[0.183s] -- Up-to-date: /ws/install/openarmx_can/lib/cmake/openarmx_can/openarmx_canTargets.cmake
[0.183s] -- Up-to-date: /ws/install/openarmx_can/lib/cmake/openarmx_can/openarmx_canTargets-noconfig.cmake
[0.183s] -- Up-to-date: /ws/install/openarmx_can/share/openarmx_can/cmake/openarmx_canTargetsExport.cmake
[0.183s] -- Up-to-date: /ws/install/openarmx_can/share/openarmx_can/cmake/openarmx_canTargetsExport-noconfig.cmake
[0.207s] Invoked command in '/ws/build/openarmx_can' returned '0': CMAKE_PREFIX_PATH=${CMAKE_PREFIX_PATH}:/ws/install/openarmx_teach:/opt/ros/humble /usr/bin/cmake --install /ws/build/openarmx_can
