[0.000000] (-) TimerEvent: {}
[0.000128] (openarmx_bringup) JobQueued: {'identifier': 'openarmx_bringup', 'dependencies': OrderedDict()}
[0.000238] (openarmx_can) JobQueued: {'identifier': 'openarmx_can', 'dependencies': OrderedDict()}
[0.000343] (openarmx_description) JobQueued: {'identifier': 'openarmx_description', 'dependencies': OrderedDict()}
[0.000389] (openarmx_gripper_panel) JobQueued: {'identifier': 'openarmx_gripper_panel', 'dependencies': OrderedDict()}
[0.000532] (openarmx_kp_kd_panel) JobQueued: {'identifier': 'openarmx_kp_kd_panel', 'dependencies': OrderedDict()}
[0.000561] (openarmx_teach) JobQueued: {'identifier': 'openarmx_teach', 'dependencies': OrderedDict()}
[0.000599] (openarmx_bimanual_moveit_config) JobQueued: {'identifier': 'openarmx_bimanual_moveit_config', 'dependencies': OrderedDict([('openarmx_description', '/ws/install/openarmx_description')])}
[0.000644] (openarmx_hardware) JobQueued: {'identifier': 'openarmx_hardware', 'dependencies': OrderedDict([('openarmx_can', '/ws/install/openarmx_can')])}
[0.000667] (openarmx_teleop_leader) JobQueued: {'identifier': 'openarmx_teleop_leader', 'dependencies': OrderedDict([('openarmx_can', '/ws/install/openarmx_can')])}
[0.000677] (openarmx) JobQueued: {'identifier': 'openarmx', 'dependencies': OrderedDict([('openarmx_bringup', '/ws/install/openarmx_bringup'), ('openarmx_can', '/ws/install/openarmx_can'), ('openarmx_description', '/ws/install/openarmx_description'), ('openarmx_hardware', '/ws/install/openarmx_hardware')])}
[0.000687] (openarmx_can) JobStarted: {'identifier': 'openarmx_can'}
[0.003764] (openarmx_description) JobStarted: {'identifier': 'openarmx_description'}
[0.005732] (openarmx_bringup) JobStarted: {'identifier': 'openarmx_bringup'}
[0.007189] (openarmx_gripper_panel) JobStarted: {'identifier': 'openarmx_gripper_panel'}
[0.008820] (openarmx_kp_kd_panel) JobStarted: {'identifier': 'openarmx_kp_kd_panel'}
[0.010427] (openarmx_teach) JobStarted: {'identifier': 'openarmx_teach'}
[0.014002] (openarmx_can) JobProgress: {'identifier': 'openarmx_can', 'progress': 'cmake'}
[0.014212] (openarmx_can) JobProgress: {'identifier': 'openarmx_can', 'progress': 'build'}
[0.014535] (openarmx_can) Command: {'cmd': ['/usr/bin/cmake', '--build', '/ws/build/openarmx_can', '--', '-j20', '-l20'], 'cwd': '/ws/build/openarmx_can', 'env': OrderedDict([('HOSTNAME', 'sajio-System-Product-Name'), ('SHLVL', '1'), ('LD_LIBRARY_PATH', '/ws/install/openarmx_kp_kd_panel/lib:/ws/install/openarmx_hardware/lib:/ws/install/openarmx_gripper_panel/lib:/ws/install/openarmx_can/lib:/opt/ros/humble/opt/rviz_ogre_vendor/lib:/opt/ros/humble/lib/x86_64-linux-gnu:/opt/ros/humble/lib'), ('HOME', '/root'), ('ROS_PYTHON_VERSION', '3'), ('COLCON_PREFIX_PATH', '/ws/install'), ('ROS_DISTRO', 'humble'), ('_', '/usr/bin/colcon'), ('ROS_VERSION', '2'), ('TERM', 'xterm'), ('ROS_LOCALHOST_ONLY', '0'), ('QT_X11_NO_MITSHM', '1'), ('PATH', '/opt/ros/humble/bin:/usr/local/sbin:/usr/local/bin:/usr/sbin:/usr/bin:/sbin:/bin'), ('DISPLAY', ':0'), ('LANG', 'C.UTF-8'), ('AMENT_PREFIX_PATH', '/ws/install/openarmx_teleop_leader:/ws/install/openarmx_teach:/ws/install/openarmx_kp_kd_panel:/ws/install/openarmx:/ws/install/openarmx_hardware:/ws/install/openarmx_gripper_panel:/ws/install/openarmx_bimanual_moveit_config:/ws/install/openarmx_description:/ws/install/openarmx_can:/ws/install/openarmx_bringup:/opt/ros/humble'), ('DEBIAN_FRONTEND', 'noninteractive'), ('PWD', '/ws/build/openarmx_can'), ('LC_ALL', 'C.UTF-8'), ('PYTHONPATH', '/ws/build/openarmx_teach:/ws/install/openarmx_teach/lib/python3.10/site-packages:/opt/ros/humble/lib/python3.10/site-packages:/opt/ros/humble/local/lib/python3.10/dist-packages'), ('COLCON', '1'), ('CMAKE_PREFIX_PATH', '/ws/install/openarmx_teleop_leader:/ws/install/openarmx_kp_kd_panel:/ws/install/openarmx:/ws/install/openarmx_hardware:/ws/install/openarmx_gripper_panel:/ws/install/openarmx_bimanual_moveit_config:/ws/install/openarmx_description:/ws/install/openarmx_can:/ws/install/openarmx_bringup:/ws/install/openarmx_teach:/opt/ros/humble')]), 'shell': False}
[0.015590] (openarmx_description) JobProgress: {'identifier': 'openarmx_description', 'progress': 'cmake'}
[0.015792] (openarmx_description) JobProgress: {'identifier': 'openarmx_description', 'progress': 'build'}
[0.015940] (openarmx_description) Command: {'cmd': ['/usr/bin/cmake', '--build', '/ws/build/openarmx_description', '--', '-j20', '-l20'], 'cwd': '/ws/build/openarmx_description', 'env': OrderedDict([('HOSTNAME', 'sajio-System-Product-Name'), ('SHLVL', '1'), ('LD_LIBRARY_PATH', '/ws/install/openarmx_kp_kd_panel/lib:/ws/install/openarmx_hardware/lib:/ws/install/openarmx_gripper_panel/lib:/ws/install/openarmx_can/lib:/opt/ros/humble/opt/rviz_ogre_vendor/lib:/opt/ros/humble/lib/x86_64-linux-gnu:/opt/ros/humble/lib'), ('HOME', '/root'), ('ROS_PYTHON_VERSION', '3'), ('COLCON_PREFIX_PATH', '/ws/install'), ('ROS_DISTRO', 'humble'), ('_', '/usr/bin/colcon'), ('ROS_VERSION', '2'), ('TERM', 'xterm'), ('ROS_LOCALHOST_ONLY', '0'), ('QT_X11_NO_MITSHM', '1'), ('PATH', '/opt/ros/humble/bin:/usr/local/sbin:/usr/local/bin:/usr/sbin:/usr/bin:/sbin:/bin'), ('DISPLAY', ':0'), ('LANG', 'C.UTF-8'), ('AMENT_PREFIX_PATH', '/ws/install/openarmx_teleop_leader:/ws/install/openarmx_teach:/ws/install/openarmx_kp_kd_panel:/ws/install/openarmx:/ws/install/openarmx_hardware:/ws/install/openarmx_gripper_panel:/ws/install/openarmx_bimanual_moveit_config:/ws/install/openarmx_description:/ws/install/openarmx_can:/ws/install/openarmx_bringup:/opt/ros/humble'), ('DEBIAN_FRONTEND', 'noninteractive'), ('PWD', '/ws/build/openarmx_description'), ('LC_ALL', 'C.UTF-8'), ('PYTHONPATH', '/ws/build/openarmx_teach:/ws/install/openarmx_teach/lib/python3.10/site-packages:/opt/ros/humble/lib/python3.10/site-packages:/opt/ros/humble/local/lib/python3.10/dist-packages'), ('COLCON', '1'), ('CMAKE_PREFIX_PATH', '/ws/install/openarmx_teleop_leader:/ws/install/openarmx_kp_kd_panel:/ws/install/openarmx:/ws/install/openarmx_hardware:/ws/install/openarmx_gripper_panel:/ws/install/openarmx_bimanual_moveit_config:/ws/install/openarmx_description:/ws/install/openarmx_can:/ws/install/openarmx_bringup:/ws/install/openarmx_teach:/opt/ros/humble')]), 'shell': False}
[0.016582] (openarmx_bringup) JobProgress: {'identifier': 'openarmx_bringup', 'progress': 'cmake'}
[0.016674] (openarmx_bringup) JobProgress: {'identifier': 'openarmx_bringup', 'progress': 'build'}
[0.016805] (openarmx_bringup) Command: {'cmd': ['/usr/bin/cmake', '--build', '/ws/build/openarmx_bringup', '--', '-j20', '-l20'], 'cwd': '/ws/build/openarmx_bringup', 'env': OrderedDict([('HOSTNAME', 'sajio-System-Product-Name'), ('SHLVL', '1'), ('LD_LIBRARY_PATH', '/ws/install/openarmx_kp_kd_panel/lib:/ws/install/openarmx_hardware/lib:/ws/install/openarmx_gripper_panel/lib:/ws/install/openarmx_can/lib:/opt/ros/humble/opt/rviz_ogre_vendor/lib:/opt/ros/humble/lib/x86_64-linux-gnu:/opt/ros/humble/lib'), ('HOME', '/root'), ('ROS_PYTHON_VERSION', '3'), ('COLCON_PREFIX_PATH', '/ws/install'), ('ROS_DISTRO', 'humble'), ('_', '/usr/bin/colcon'), ('ROS_VERSION', '2'), ('TERM', 'xterm'), ('ROS_LOCALHOST_ONLY', '0'), ('QT_X11_NO_MITSHM', '1'), ('PATH', '/opt/ros/humble/bin:/usr/local/sbin:/usr/local/bin:/usr/sbin:/usr/bin:/sbin:/bin'), ('DISPLAY', ':0'), ('LANG', 'C.UTF-8'), ('AMENT_PREFIX_PATH', '/ws/install/openarmx_teleop_leader:/ws/install/openarmx_teach:/ws/install/openarmx_kp_kd_panel:/ws/install/openarmx:/ws/install/openarmx_hardware:/ws/install/openarmx_gripper_panel:/ws/install/openarmx_bimanual_moveit_config:/ws/install/openarmx_description:/ws/install/openarmx_can:/ws/install/openarmx_bringup:/opt/ros/humble'), ('DEBIAN_FRONTEND', 'noninteractive'), ('PWD', '/ws/build/openarmx_bringup'), ('LC_ALL', 'C.UTF-8'), ('PYTHONPATH', '/ws/build/openarmx_teach:/ws/install/openarmx_teach/lib/python3.10/site-packages:/opt/ros/humble/lib/python3.10/site-packages:/opt/ros/humble/local/lib/python3.10/dist-packages'), ('COLCON', '1'), ('CMAKE_PREFIX_PATH', '/ws/install/openarmx_teleop_leader:/ws/install/openarmx_kp_kd_panel:/ws/install/openarmx:/ws/install/openarmx_hardware:/ws/install/openarmx_gripper_panel:/ws/install/openarmx_bimanual_moveit_config:/ws/install/openarmx_description:/ws/install/openarmx_can:/ws/install/openarmx_bringup:/ws/install/openarmx_teach:/opt/ros/humble')]), 'shell': False}
[0.017350] (openarmx_gripper_panel) JobProgress: {'identifier': 'openarmx_gripper_panel', 'progress': 'cmake'}
[0.017619] (openarmx_gripper_panel) JobProgress: {'identifier': 'openarmx_gripper_panel', 'progress': 'build'}
[0.017800] (openarmx_gripper_panel) Command: {'cmd': ['/usr/bin/cmake', '--build', '/ws/build/openarmx_gripper_panel', '--', '-j20', '-l20'], 'cwd': '/ws/build/openarmx_gripper_panel', 'env': OrderedDict([('HOSTNAME', 'sajio-System-Product-Name'), ('SHLVL', '1'), ('LD_LIBRARY_PATH', '/ws/install/openarmx_kp_kd_panel/lib:/ws/install/openarmx_hardware/lib:/ws/install/openarmx_gripper_panel/lib:/ws/install/openarmx_can/lib:/opt/ros/humble/opt/rviz_ogre_vendor/lib:/opt/ros/humble/lib/x86_64-linux-gnu:/opt/ros/humble/lib'), ('HOME', '/root'), ('ROS_PYTHON_VERSION', '3'), ('COLCON_PREFIX_PATH', '/ws/install'), ('ROS_DISTRO', 'humble'), ('_', '/usr/bin/colcon'), ('ROS_VERSION', '2'), ('TERM', 'xterm'), ('ROS_LOCALHOST_ONLY', '0'), ('QT_X11_NO_MITSHM', '1'), ('PATH', '/opt/ros/humble/bin:/usr/local/sbin:/usr/local/bin:/usr/sbin:/usr/bin:/sbin:/bin'), ('DISPLAY', ':0'), ('LANG', 'C.UTF-8'), ('AMENT_PREFIX_PATH', '/ws/install/openarmx_teleop_leader:/ws/install/openarmx_teach:/ws/install/openarmx_kp_kd_panel:/ws/install/openarmx:/ws/install/openarmx_hardware:/ws/install/openarmx_gripper_panel:/ws/install/openarmx_bimanual_moveit_config:/ws/install/openarmx_description:/ws/install/openarmx_can:/ws/install/openarmx_bringup:/opt/ros/humble'), ('DEBIAN_FRONTEND', 'noninteractive'), ('PWD', '/ws/build/openarmx_gripper_panel'), ('LC_ALL', 'C.UTF-8'), ('PYTHONPATH', '/ws/build/openarmx_teach:/ws/install/openarmx_teach/lib/python3.10/site-packages:/opt/ros/humble/lib/python3.10/site-packages:/opt/ros/humble/local/lib/python3.10/dist-packages'), ('COLCON', '1'), ('CMAKE_PREFIX_PATH', '/ws/install/openarmx_teleop_leader:/ws/install/openarmx_kp_kd_panel:/ws/install/openarmx:/ws/install/openarmx_hardware:/ws/install/openarmx_gripper_panel:/ws/install/openarmx_bimanual_moveit_config:/ws/install/openarmx_description:/ws/install/openarmx_can:/ws/install/openarmx_bringup:/ws/install/openarmx_teach:/opt/ros/humble')]), 'shell': False}
[0.018344] (openarmx_kp_kd_panel) JobProgress: {'identifier': 'openarmx_kp_kd_panel', 'progress': 'cmake'}
[0.018589] (openarmx_kp_kd_panel) JobProgress: {'identifier': 'openarmx_kp_kd_panel', 'progress': 'build'}
[0.018762] (openarmx_kp_kd_panel) Command: {'cmd': ['/usr/bin/cmake', '--build', '/ws/build/openarmx_kp_kd_panel', '--', '-j20', '-l20'], 'cwd': '/ws/build/openarmx_kp_kd_panel', 'env': OrderedDict([('HOSTNAME', 'sajio-System-Product-Name'), ('SHLVL', '1'), ('LD_LIBRARY_PATH', '/ws/install/openarmx_kp_kd_panel/lib:/ws/install/openarmx_hardware/lib:/ws/install/openarmx_gripper_panel/lib:/ws/install/openarmx_can/lib:/opt/ros/humble/opt/rviz_ogre_vendor/lib:/opt/ros/humble/lib/x86_64-linux-gnu:/opt/ros/humble/lib'), ('HOME', '/root'), ('ROS_PYTHON_VERSION', '3'), ('COLCON_PREFIX_PATH', '/ws/install'), ('ROS_DISTRO', 'humble'), ('_', '/usr/bin/colcon'), ('ROS_VERSION', '2'), ('TERM', 'xterm'), ('ROS_LOCALHOST_ONLY', '0'), ('QT_X11_NO_MITSHM', '1'), ('PATH', '/opt/ros/humble/bin:/usr/local/sbin:/usr/local/bin:/usr/sbin:/usr/bin:/sbin:/bin'), ('DISPLAY', ':0'), ('LANG', 'C.UTF-8'), ('AMENT_PREFIX_PATH', '/ws/install/openarmx_teleop_leader:/ws/install/openarmx_teach:/ws/install/openarmx_kp_kd_panel:/ws/install/openarmx:/ws/install/openarmx_hardware:/ws/install/openarmx_gripper_panel:/ws/install/openarmx_bimanual_moveit_config:/ws/install/openarmx_description:/ws/install/openarmx_can:/ws/install/openarmx_bringup:/opt/ros/humble'), ('DEBIAN_FRONTEND', 'noninteractive'), ('PWD', '/ws/build/openarmx_kp_kd_panel'), ('LC_ALL', 'C.UTF-8'), ('PYTHONPATH', '/ws/build/openarmx_teach:/ws/install/openarmx_teach/lib/python3.10/site-packages:/opt/ros/humble/lib/python3.10/site-packages:/opt/ros/humble/local/lib/python3.10/dist-packages'), ('COLCON', '1'), ('CMAKE_PREFIX_PATH', '/ws/install/openarmx_teleop_leader:/ws/install/openarmx_kp_kd_panel:/ws/install/openarmx:/ws/install/openarmx_hardware:/ws/install/openarmx_gripper_panel:/ws/install/openarmx_bimanual_moveit_config:/ws/install/openarmx_description:/ws/install/openarmx_can:/ws/install/openarmx_bringup:/ws/install/openarmx_teach:/opt/ros/humble')]), 'shell': False}
[0.048457] (openarmx_kp_kd_panel) StdoutLine: {'line': b'[ 25%] \x1b[34m\x1b[1mAutomatic MOC and UIC for target openarmx_kp_kd_panel\x1b[0m\n'}
[0.051547] (openarmx_can) StdoutLine: {'line': b'[ 50%] Built target openarmx_can\n'}
[0.056568] (openarmx_gripper_panel) StdoutLine: {'line': b'[ 25%] \x1b[34m\x1b[1mAutomatic MOC for target openarmx_gripper_panel\x1b[0m\n'}
[0.062337] (openarmx_can) StdoutLine: {'line': b'[ 60%] Built target robstride-demo-full\n'}
[0.062828] (openarmx_kp_kd_panel) StdoutLine: {'line': b'[ 25%] Built target openarmx_kp_kd_panel_autogen\n'}
[0.062925] (openarmx_can) StdoutLine: {'line': b'[ 70%] Built target robstride-demo-gripper\n'}
[0.063483] (openarmx_can) StdoutLine: {'line': b'[ 80%] Built target motor-check\n'}
[0.063832] (openarmx_can) StdoutLine: {'line': b'[ 90%] Built target python-style-test\n'}
[0.064952] (openarmx_can) StdoutLine: {'line': b'[100%] Built target robstride-demo\n'}
[0.067766] (openarmx_gripper_panel) StdoutLine: {'line': b'[ 25%] Built target openarmx_gripper_panel_autogen\n'}
[0.076601] (openarmx_kp_kd_panel) StdoutLine: {'line': b'[100%] Built target openarmx_kp_kd_panel\n'}
[0.084341] (openarmx_gripper_panel) StdoutLine: {'line': b'[100%] Built target openarmx_gripper_panel\n'}
[0.099572] (-) TimerEvent: {}
[0.131502] (openarmx_description) CommandEnded: {'returncode': 0}
[0.131884] (openarmx_description) JobProgress: {'identifier': 'openarmx_description', 'progress': 'install'}
[0.136140] (openarmx_description) Command: {'cmd': ['/usr/bin/cmake', '--install', '/ws/build/openarmx_description'], 'cwd': '/ws/build/openarmx_description', 'env': OrderedDict([('HOSTNAME', 'sajio-System-Product-Name'), ('SHLVL', '1'), ('LD_LIBRARY_PATH', '/ws/install/openarmx_kp_kd_panel/lib:/ws/install/openarmx_hardware/lib:/ws/install/openarmx_gripper_panel/lib:/ws/install/openarmx_can/lib:/opt/ros/humble/opt/rviz_ogre_vendor/lib:/opt/ros/humble/lib/x86_64-linux-gnu:/opt/ros/humble/lib'), ('HOME', '/root'), ('ROS_PYTHON_VERSION', '3'), ('COLCON_PREFIX_PATH', '/ws/install'), ('ROS_DISTRO', 'humble'), ('_', '/usr/bin/colcon'), ('ROS_VERSION', '2'), ('TERM', 'xterm'), ('ROS_LOCALHOST_ONLY', '0'), ('QT_X11_NO_MITSHM', '1'), ('PATH', '/opt/ros/humble/bin:/usr/local/sbin:/usr/local/bin:/usr/sbin:/usr/bin:/sbin:/bin'), ('DISPLAY', ':0'), ('LANG', 'C.UTF-8'), ('AMENT_PREFIX_PATH', '/ws/install/openarmx_teleop_leader:/ws/install/openarmx_teach:/ws/install/openarmx_kp_kd_panel:/ws/install/openarmx:/ws/install/openarmx_hardware:/ws/install/openarmx_gripper_panel:/ws/install/openarmx_bimanual_moveit_config:/ws/install/openarmx_description:/ws/install/openarmx_can:/ws/install/openarmx_bringup:/opt/ros/humble'), ('DEBIAN_FRONTEND', 'noninteractive'), ('PWD', '/ws/build/openarmx_description'), ('LC_ALL', 'C.UTF-8'), ('PYTHONPATH', '/ws/build/openarmx_teach:/ws/install/openarmx_teach/lib/python3.10/site-packages:/opt/ros/humble/lib/python3.10/site-packages:/opt/ros/humble/local/lib/python3.10/dist-packages'), ('COLCON', '1'), ('CMAKE_PREFIX_PATH', '/ws/install/openarmx_teleop_leader:/ws/install/openarmx_kp_kd_panel:/ws/install/openarmx:/ws/install/openarmx_hardware:/ws/install/openarmx_gripper_panel:/ws/install/openarmx_bimanual_moveit_config:/ws/install/openarmx_description:/ws/install/openarmx_can:/ws/install/openarmx_bringup:/ws/install/openarmx_teach:/opt/ros/humble')]), 'shell': False}
[0.136656] (openarmx_bringup) CommandEnded: {'returncode': 0}
[0.136863] (openarmx_bringup) JobProgress: {'identifier': 'openarmx_bringup', 'progress': 'install'}
[0.136995] (openarmx_bringup) Command: {'cmd': ['/usr/bin/cmake', '--install', '/ws/build/openarmx_bringup'], 'cwd': '/ws/build/openarmx_bringup', 'env': OrderedDict([('HOSTNAME', 'sajio-System-Product-Name'), ('SHLVL', '1'), ('LD_LIBRARY_PATH', '/ws/install/openarmx_kp_kd_panel/lib:/ws/install/openarmx_hardware/lib:/ws/install/openarmx_gripper_panel/lib:/ws/install/openarmx_can/lib:/opt/ros/humble/opt/rviz_ogre_vendor/lib:/opt/ros/humble/lib/x86_64-linux-gnu:/opt/ros/humble/lib'), ('HOME', '/root'), ('ROS_PYTHON_VERSION', '3'), ('COLCON_PREFIX_PATH', '/ws/install'), ('ROS_DISTRO', 'humble'), ('_', '/usr/bin/colcon'), ('ROS_VERSION', '2'), ('TERM', 'xterm'), ('ROS_LOCALHOST_ONLY', '0'), ('QT_X11_NO_MITSHM', '1'), ('PATH', '/opt/ros/humble/bin:/usr/local/sbin:/usr/local/bin:/usr/sbin:/usr/bin:/sbin:/bin'), ('DISPLAY', ':0'), ('LANG', 'C.UTF-8'), ('AMENT_PREFIX_PATH', '/ws/install/openarmx_teleop_leader:/ws/install/openarmx_teach:/ws/install/openarmx_kp_kd_panel:/ws/install/openarmx:/ws/install/openarmx_hardware:/ws/install/openarmx_gripper_panel:/ws/install/openarmx_bimanual_moveit_config:/ws/install/openarmx_description:/ws/install/openarmx_can:/ws/install/openarmx_bringup:/opt/ros/humble'), ('DEBIAN_FRONTEND', 'noninteractive'), ('PWD', '/ws/build/openarmx_bringup'), ('LC_ALL', 'C.UTF-8'), ('PYTHONPATH', '/ws/build/openarmx_teach:/ws/install/openarmx_teach/lib/python3.10/site-packages:/opt/ros/humble/lib/python3.10/site-packages:/opt/ros/humble/local/lib/python3.10/dist-packages'), ('COLCON', '1'), ('CMAKE_PREFIX_PATH', '/ws/install/openarmx_teleop_leader:/ws/install/openarmx_kp_kd_panel:/ws/install/openarmx:/ws/install/openarmx_hardware:/ws/install/openarmx_gripper_panel:/ws/install/openarmx_bimanual_moveit_config:/ws/install/openarmx_description:/ws/install/openarmx_can:/ws/install/openarmx_bringup:/ws/install/openarmx_teach:/opt/ros/humble')]), 'shell': False}
[0.137830] (openarmx_can) CommandEnded: {'returncode': 0}
[0.138094] (openarmx_can) JobProgress: {'identifier': 'openarmx_can', 'progress': 'install'}
[0.138232] (openarmx_can) Command: {'cmd': ['/usr/bin/cmake', '--install', '/ws/build/openarmx_can'], 'cwd': '/ws/build/openarmx_can', 'env': OrderedDict([('HOSTNAME', 'sajio-System-Product-Name'), ('SHLVL', '1'), ('LD_LIBRARY_PATH', '/ws/install/openarmx_kp_kd_panel/lib:/ws/install/openarmx_hardware/lib:/ws/install/openarmx_gripper_panel/lib:/ws/install/openarmx_can/lib:/opt/ros/humble/opt/rviz_ogre_vendor/lib:/opt/ros/humble/lib/x86_64-linux-gnu:/opt/ros/humble/lib'), ('HOME', '/root'), ('ROS_PYTHON_VERSION', '3'), ('COLCON_PREFIX_PATH', '/ws/install'), ('ROS_DISTRO', 'humble'), ('_', '/usr/bin/colcon'), ('ROS_VERSION', '2'), ('TERM', 'xterm'), ('ROS_LOCALHOST_ONLY', '0'), ('QT_X11_NO_MITSHM', '1'), ('PATH', '/opt/ros/humble/bin:/usr/local/sbin:/usr/local/bin:/usr/sbin:/usr/bin:/sbin:/bin'), ('DISPLAY', ':0'), ('LANG', 'C.UTF-8'), ('AMENT_PREFIX_PATH', '/ws/install/openarmx_teleop_leader:/ws/install/openarmx_teach:/ws/install/openarmx_kp_kd_panel:/ws/install/openarmx:/ws/install/openarmx_hardware:/ws/install/openarmx_gripper_panel:/ws/install/openarmx_bimanual_moveit_config:/ws/install/openarmx_description:/ws/install/openarmx_can:/ws/install/openarmx_bringup:/opt/ros/humble'), ('DEBIAN_FRONTEND', 'noninteractive'), ('PWD', '/ws/build/openarmx_can'), ('LC_ALL', 'C.UTF-8'), ('PYTHONPATH', '/ws/build/openarmx_teach:/ws/install/openarmx_teach/lib/python3.10/site-packages:/opt/ros/humble/lib/python3.10/site-packages:/opt/ros/humble/local/lib/python3.10/dist-packages'), ('COLCON', '1'), ('CMAKE_PREFIX_PATH', '/ws/install/openarmx_teleop_leader:/ws/install/openarmx_kp_kd_panel:/ws/install/openarmx:/ws/install/openarmx_hardware:/ws/install/openarmx_gripper_panel:/ws/install/openarmx_bimanual_moveit_config:/ws/install/openarmx_description:/ws/install/openarmx_can:/ws/install/openarmx_bringup:/ws/install/openarmx_teach:/opt/ros/humble')]), 'shell': False}
[0.138626] (openarmx_gripper_panel) CommandEnded: {'returncode': 0}
[0.138815] (openarmx_gripper_panel) JobProgress: {'identifier': 'openarmx_gripper_panel', 'progress': 'install'}
[0.139011] (openarmx_gripper_panel) Command: {'cmd': ['/usr/bin/cmake', '--install', '/ws/build/openarmx_gripper_panel'], 'cwd': '/ws/build/openarmx_gripper_panel', 'env': OrderedDict([('HOSTNAME', 'sajio-System-Product-Name'), ('SHLVL', '1'), ('LD_LIBRARY_PATH', '/ws/install/openarmx_kp_kd_panel/lib:/ws/install/openarmx_hardware/lib:/ws/install/openarmx_gripper_panel/lib:/ws/install/openarmx_can/lib:/opt/ros/humble/opt/rviz_ogre_vendor/lib:/opt/ros/humble/lib/x86_64-linux-gnu:/opt/ros/humble/lib'), ('HOME', '/root'), ('ROS_PYTHON_VERSION', '3'), ('COLCON_PREFIX_PATH', '/ws/install'), ('ROS_DISTRO', 'humble'), ('_', '/usr/bin/colcon'), ('ROS_VERSION', '2'), ('TERM', 'xterm'), ('ROS_LOCALHOST_ONLY', '0'), ('QT_X11_NO_MITSHM', '1'), ('PATH', '/opt/ros/humble/bin:/usr/local/sbin:/usr/local/bin:/usr/sbin:/usr/bin:/sbin:/bin'), ('DISPLAY', ':0'), ('LANG', 'C.UTF-8'), ('AMENT_PREFIX_PATH', '/ws/install/openarmx_teleop_leader:/ws/install/openarmx_teach:/ws/install/openarmx_kp_kd_panel:/ws/install/openarmx:/ws/install/openarmx_hardware:/ws/install/openarmx_gripper_panel:/ws/install/openarmx_bimanual_moveit_config:/ws/install/openarmx_description:/ws/install/openarmx_can:/ws/install/openarmx_bringup:/opt/ros/humble'), ('DEBIAN_FRONTEND', 'noninteractive'), ('PWD', '/ws/build/openarmx_gripper_panel'), ('LC_ALL', 'C.UTF-8'), ('PYTHONPATH', '/ws/build/openarmx_teach:/ws/install/openarmx_teach/lib/python3.10/site-packages:/opt/ros/humble/lib/python3.10/site-packages:/opt/ros/humble/local/lib/python3.10/dist-packages'), ('COLCON', '1'), ('CMAKE_PREFIX_PATH', '/ws/install/openarmx_teleop_leader:/ws/install/openarmx_kp_kd_panel:/ws/install/openarmx:/ws/install/openarmx_hardware:/ws/install/openarmx_gripper_panel:/ws/install/openarmx_bimanual_moveit_config:/ws/install/openarmx_description:/ws/install/openarmx_can:/ws/install/openarmx_bringup:/ws/install/openarmx_teach:/opt/ros/humble')]), 'shell': False}
[0.139439] (openarmx_kp_kd_panel) CommandEnded: {'returncode': 0}
[0.139640] (openarmx_kp_kd_panel) JobProgress: {'identifier': 'openarmx_kp_kd_panel', 'progress': 'install'}
[0.139823] (openarmx_kp_kd_panel) Command: {'cmd': ['/usr/bin/cmake', '--install', '/ws/build/openarmx_kp_kd_panel'], 'cwd': '/ws/build/openarmx_kp_kd_panel', 'env': OrderedDict([('HOSTNAME', 'sajio-System-Product-Name'), ('SHLVL', '1'), ('LD_LIBRARY_PATH', '/ws/install/openarmx_kp_kd_panel/lib:/ws/install/openarmx_hardware/lib:/ws/install/openarmx_gripper_panel/lib:/ws/install/openarmx_can/lib:/opt/ros/humble/opt/rviz_ogre_vendor/lib:/opt/ros/humble/lib/x86_64-linux-gnu:/opt/ros/humble/lib'), ('HOME', '/root'), ('ROS_PYTHON_VERSION', '3'), ('COLCON_PREFIX_PATH', '/ws/install'), ('ROS_DISTRO', 'humble'), ('_', '/usr/bin/colcon'), ('ROS_VERSION', '2'), ('TERM', 'xterm'), ('ROS_LOCALHOST_ONLY', '0'), ('QT_X11_NO_MITSHM', '1'), ('PATH', '/opt/ros/humble/bin:/usr/local/sbin:/usr/local/bin:/usr/sbin:/usr/bin:/sbin:/bin'), ('DISPLAY', ':0'), ('LANG', 'C.UTF-8'), ('AMENT_PREFIX_PATH', '/ws/install/openarmx_teleop_leader:/ws/install/openarmx_teach:/ws/install/openarmx_kp_kd_panel:/ws/install/openarmx:/ws/install/openarmx_hardware:/ws/install/openarmx_gripper_panel:/ws/install/openarmx_bimanual_moveit_config:/ws/install/openarmx_description:/ws/install/openarmx_can:/ws/install/openarmx_bringup:/opt/ros/humble'), ('DEBIAN_FRONTEND', 'noninteractive'), ('PWD', '/ws/build/openarmx_kp_kd_panel'), ('LC_ALL', 'C.UTF-8'), ('PYTHONPATH', '/ws/build/openarmx_teach:/ws/install/openarmx_teach/lib/python3.10/site-packages:/opt/ros/humble/lib/python3.10/site-packages:/opt/ros/humble/local/lib/python3.10/dist-packages'), ('COLCON', '1'), ('CMAKE_PREFIX_PATH', '/ws/install/openarmx_teleop_leader:/ws/install/openarmx_kp_kd_panel:/ws/install/openarmx:/ws/install/openarmx_hardware:/ws/install/openarmx_gripper_panel:/ws/install/openarmx_bimanual_moveit_config:/ws/install/openarmx_description:/ws/install/openarmx_can:/ws/install/openarmx_bringup:/ws/install/openarmx_teach:/opt/ros/humble')]), 'shell': False}
[0.140523] (openarmx_description) StdoutLine: {'line': b'-- Install configuration: ""\n'}
[0.140858] (openarmx_bringup) StdoutLine: {'line': b'-- Install configuration: ""\n'}
[0.140919] (openarmx_description) StdoutLine: {'line': b'-- Execute custom install script\n'}
[0.140947] (openarmx_bringup) StdoutLine: {'line': b'-- Execute custom install script\n'}
[0.141024] (openarmx_description) StdoutLine: {'line': b'-- Up-to-date symlink: /ws/install/openarmx_description/share/openarmx_description/launch/display_openarmx.launch.py\n'}
[0.141050] (openarmx_bringup) StdoutLine: {'line': b'-- Up-to-date symlink: /ws/install/openarmx_bringup/share/openarmx_bringup/launch/openarm.bimanual.launch.py\n'}
[0.141075] (openarmx_bringup) StdoutLine: {'line': b'-- Up-to-date symlink: /ws/install/openarmx_bringup/share/openarmx_bringup/config/v10_controllers/openarm_v10_bimanual_controllers.yaml\n'}
[0.141099] (openarmx_bringup) StdoutLine: {'line': b'-- Up-to-date symlink: /ws/install/openarmx_bringup/share/openarmx_bringup/config/v10_controllers/openarm_v10_bimanual_controllers_namespaced.yaml\n'}
[0.141125] (openarmx_bringup) StdoutLine: {'line': b'-- Up-to-date symlink: /ws/install/openarmx_bringup/share/openarmx_bringup/config/v10_controllers/openarm_v10_controllers.yaml\n'}
[0.141150] (openarmx_bringup) StdoutLine: {'line': b'-- Up-to-date symlink: /ws/install/openarmx_bringup/share/ament_index/resource_index/package_run_dependencies/openarmx_bringup\n'}
[0.141174] (openarmx_description) StdoutLine: {'line': b'-- Up-to-date symlink: /ws/install/openarmx_description/share/openarmx_description/meshes/arm/v10/collision/link0_symp.stl\n'}
[0.141198] (openarmx_description) StdoutLine: {'line': b'-- Up-to-date symlink: /ws/install/openarmx_description/share/openarmx_description/meshes/arm/v10/collision/link1_symp.stl\n'}
[0.141263] (openarmx_bringup) StdoutLine: {'line': b'-- Up-to-date symlink: /ws/install/openarmx_bringup/share/ament_index/resource_index/parent_prefix_path/openarmx_bringup\n'}
[0.141291] (openarmx_bringup) StdoutLine: {'line': b'-- Up-to-date symlink: /ws/install/openarmx_bringup/share/openarmx_bringup/environment/ament_prefix_path.sh\n'}
[0.141315] (openarmx_bringup) StdoutLine: {'line': b'-- Up-to-date symlink: /ws/install/openarmx_bringup/share/openarmx_bringup/environment/ament_prefix_path.dsv\n'}
[0.141341] (openarmx_bringup) StdoutLine: {'line': b'-- Up-to-date symlink: /ws/install/openarmx_bringup/share/openarmx_bringup/environment/path.sh\n'}
[0.141365] (openarmx_description) StdoutLine: {'line': b'-- Up-to-date symlink: /ws/install/openarmx_description/share/openarmx_description/meshes/arm/v10/collision/link2_symp.stl\n'}
[0.141390] (openarmx_bringup) StdoutLine: {'line': b'-- Up-to-date symlink: /ws/install/openarmx_bringup/share/openarmx_bringup/environment/path.dsv\n'}
[0.141488] (openarmx_bringup) StdoutLine: {'line': b'-- Up-to-date symlink: /ws/install/openarmx_bringup/share/openarmx_bringup/local_setup.bash\n'}
[0.141517] (openarmx_bringup) StdoutLine: {'line': b'-- Up-to-date symlink: /ws/install/openarmx_bringup/share/openarmx_bringup/local_setup.sh\n'}
[0.141541] (openarmx_bringup) StdoutLine: {'line': b'-- Up-to-date symlink: /ws/install/openarmx_bringup/share/openarmx_bringup/local_setup.zsh\n'}
[0.141566] (openarmx_bringup) StdoutLine: {'line': b'-- Up-to-date symlink: /ws/install/openarmx_bringup/share/openarmx_bringup/local_setup.dsv\n'}
[0.141612] (openarmx_description) StdoutLine: {'line': b'-- Up-to-date symlink: /ws/install/openarmx_description/share/openarmx_description/meshes/arm/v10/collision/link3_symp.stl\n'}
[0.141640] (openarmx_description) StdoutLine: {'line': b'-- Up-to-date symlink: /ws/install/openarmx_description/share/openarmx_description/meshes/arm/v10/collision/link4_symp.stl\n'}
[0.141664] (openarmx_description) StdoutLine: {'line': b'-- Up-to-date symlink: /ws/install/openarmx_description/share/openarmx_description/meshes/arm/v10/collision/link5_symp.stl\n'}
[0.141689] (openarmx_description) StdoutLine: {'line': b'-- Up-to-date symlink: /ws/install/openarmx_description/share/openarmx_description/meshes/arm/v10/collision/link6_symp.stl\n'}
[0.141713] (openarmx_description) StdoutLine: {'line': b'-- Up-to-date symlink: /ws/install/openarmx_description/share/openarmx_description/meshes/arm/v10/collision/link7_symp.stl\n'}
[0.141737] (openarmx_description) StdoutLine: {'line': b'-- Up-to-date symlink: /ws/install/openarmx_description/share/openarmx_description/meshes/arm/v10/visual/link0.dae\n'}
[0.141929] (openarmx_description) StdoutLine: {'line': b'-- Up-to-date symlink: /ws/install/openarmx_description/share/openarmx_description/meshes/arm/v10/visual/link0.stl\n'}
[0.141954] (openarmx_description) StdoutLine: {'line': b'-- Up-to-date symlink: /ws/install/openarmx_description/share/openarmx_description/meshes/arm/v10/visual/link1.dae\n'}
[0.141983] (openarmx_description) StdoutLine: {'line': b'-- Up-to-date symlink: /ws/install/openarmx_description/share/openarmx_description/meshes/arm/v10/visual/link1.stl\n'}
[0.142013] (openarmx_description) StdoutLine: {'line': b'-- Up-to-date symlink: /ws/install/openarmx_description/share/openarmx_description/meshes/arm/v10/visual/link2.dae\n'}
[0.142044] (openarmx_description) StdoutLine: {'line': b'-- Up-to-date symlink: /ws/install/openarmx_description/share/openarmx_description/meshes/arm/v10/visual/link2.stl\n'}
[0.142074] (openarmx_description) StdoutLine: {'line': b'-- Up-to-date symlink: /ws/install/openarmx_description/share/openarmx_description/meshes/arm/v10/visual/link3.dae\n'}
[0.142104] (openarmx_description) StdoutLine: {'line': b'-- Up-to-date symlink: /ws/install/openarmx_description/share/openarmx_description/meshes/arm/v10/visual/link3.stl\n'}
[0.142133] (openarmx_bringup) StdoutLine: {'line': b'-- Symlinking: /ws/install/openarmx_bringup/share/openarmx_bringup/package.dsv\n'}
[0.142164] (openarmx_description) StdoutLine: {'line': b'-- Up-to-date symlink: /ws/install/openarmx_description/share/openarmx_description/meshes/arm/v10/visual/link4.dae\n'}
[0.142193] (openarmx_description) StdoutLine: {'line': b'-- Up-to-date symlink: /ws/install/openarmx_description/share/openarmx_description/meshes/arm/v10/visual/link4.stl\n'}
[0.142222] (openarmx_description) StdoutLine: {'line': b'-- Up-to-date symlink: /ws/install/openarmx_description/share/openarmx_description/meshes/arm/v10/visual/link5.dae\n'}
[0.142249] (openarmx_description) StdoutLine: {'line': b'-- Up-to-date symlink: /ws/install/openarmx_description/share/openarmx_description/meshes/arm/v10/visual/link5.stl\n'}
[0.142277] (openarmx_description) StdoutLine: {'line': b'-- Up-to-date symlink: /ws/install/openarmx_description/share/openarmx_description/meshes/arm/v10/visual/link6.dae\n'}
[0.142342] (openarmx_description) StdoutLine: {'line': b'-- Up-to-date symlink: /ws/install/openarmx_description/share/openarmx_description/meshes/arm/v10/visual/link6.stl\n'}
[0.142388] (openarmx_description) StdoutLine: {'line': b'-- Up-to-date symlink: /ws/install/openarmx_description/share/openarmx_description/meshes/arm/v10/visual/link7.dae\n'}
[0.142420] (openarmx_description) StdoutLine: {'line': b'-- Up-to-date symlink: /ws/install/openarmx_description/share/openarmx_description/meshes/arm/v10/visual/link7.stl\n'}
[0.142452] (openarmx_description) StdoutLine: {'line': b'-- Up-to-date symlink: /ws/install/openarmx_description/share/openarmx_description/meshes/body/v10/collision/body_link0_symp.stl\n'}
[0.142484] (openarmx_description) StdoutLine: {'line': b'-- Up-to-date symlink: /ws/install/openarmx_description/share/openarmx_description/meshes/body/v10/visual/body_link0.dae\n'}
[0.142534] (openarmx_description) StdoutLine: {'line': b'-- Up-to-date symlink: /ws/install/openarmx_description/share/openarmx_description/meshes/body/v10/visual/body_link0.stl\n'}
[0.142568] (openarmx_description) StdoutLine: {'line': b'-- Up-to-date symlink: /ws/install/openarmx_description/share/openarmx_description/meshes/ee/openarmx_hand/collision/finger.stl\n'}
[0.142599] (openarmx_description) StdoutLine: {'line': b'-- Up-to-date symlink: /ws/install/openarmx_description/share/openarmx_description/meshes/ee/openarmx_hand/collision/hand.stl\n'}
[0.142631] (openarmx_description) StdoutLine: {'line': b'-- Up-to-date symlink: /ws/install/openarmx_description/share/openarmx_description/meshes/ee/openarmx_hand/visual/finger.dae\n'}
[0.142660] (openarmx_description) StdoutLine: {'line': b'-- Up-to-date symlink: /ws/install/openarmx_description/share/openarmx_description/meshes/ee/openarmx_hand/visual/finger.stl\n'}
[0.142728] (openarmx_description) StdoutLine: {'line': b'-- Up-to-date symlink: /ws/install/openarmx_description/share/openarmx_description/meshes/ee/openarmx_hand/visual/hand.dae\n'}
[0.142760] (openarmx_description) StdoutLine: {'line': b'-- Up-to-date symlink: /ws/install/openarmx_description/share/openarmx_description/rviz/arm_only.rviz\n'}
[0.142825] (openarmx_description) StdoutLine: {'line': b'-- Up-to-date symlink: /ws/install/openarmx_description/share/openarmx_description/rviz/bimanual.rviz\n'}
[0.142858] (openarmx_description) StdoutLine: {'line': b'-- Up-to-date symlink: /ws/install/openarmx_description/share/openarmx_description/urdf/arm/openarmx_arm.xacro\n'}
[0.142888] (openarmx_description) StdoutLine: {'line': b'-- Up-to-date symlink: /ws/install/openarmx_description/share/openarmx_description/urdf/arm/openarmx_macro.xacro\n'}
[0.142918] (openarmx_description) StdoutLine: {'line': b'-- Up-to-date symlink: /ws/install/openarmx_description/share/openarmx_description/urdf/body/openarmx_body.xacro\n'}
[0.142950] (openarmx_description) StdoutLine: {'line': b'-- Up-to-date symlink: /ws/install/openarmx_description/share/openarmx_description/urdf/body/openarmx_body_macro.xacro\n'}
[0.142978] (openarmx_description) StdoutLine: {'line': b'-- Up-to-date symlink: /ws/install/openarmx_description/share/openarmx_description/urdf/ee/ee_with_one_link.xacro\n'}
[0.143001] (openarmx_description) StdoutLine: {'line': b'-- Up-to-date symlink: /ws/install/openarmx_description/share/openarmx_description/urdf/ee/openarmx_hand.xacro\n'}
[0.143024] (openarmx_description) StdoutLine: {'line': b'-- Up-to-date symlink: /ws/install/openarmx_description/share/openarmx_description/urdf/ee/openarmx_hand_arguments.xacro\n'}
[0.143048] (openarmx_description) StdoutLine: {'line': b'-- Up-to-date symlink: /ws/install/openarmx_description/share/openarmx_description/urdf/ee/openarmx_hand_macro.xacro\n'}
[0.143072] (openarmx_description) StdoutLine: {'line': b'-- Up-to-date symlink: /ws/install/openarmx_description/share/openarmx_description/urdf/robot/openarmx_bimanual_sim.urdf\n'}
[0.143095] (openarmx_description) StdoutLine: {'line': b'-- Up-to-date symlink: /ws/install/openarmx_description/share/openarmx_description/urdf/robot/openarmx_robot.xacro\n'}
[0.143119] (openarmx_description) StdoutLine: {'line': b'-- Up-to-date symlink: /ws/install/openarmx_description/share/openarmx_description/urdf/robot/v10.urdf.xacro\n'}
[0.143142] (openarmx_description) StdoutLine: {'line': b'-- Up-to-date symlink: /ws/install/openarmx_description/share/openarmx_description/urdf/ros2_control/openarmx.bimanual.ros2_control.xacro\n'}
[0.143166] (openarmx_description) StdoutLine: {'line': b'-- Up-to-date symlink: /ws/install/openarmx_description/share/openarmx_description/urdf/ros2_control/openarmx.ros2_control.xacro\n'}
[0.143255] (openarmx_description) StdoutLine: {'line': b'-- Up-to-date symlink: /ws/install/openarmx_description/share/openarmx_description/config/arm/v10/inertials.yaml\n'}
[0.143306] (openarmx_description) StdoutLine: {'line': b'-- Up-to-date symlink: /ws/install/openarmx_description/share/openarmx_description/config/arm/v10/joint_limits.yaml\n'}
[0.143333] (openarmx_description) StdoutLine: {'line': b'-- Up-to-date symlink: /ws/install/openarmx_description/share/openarmx_description/config/arm/v10/kinematics.yaml\n'}
[0.143356] (openarmx_description) StdoutLine: {'line': b'-- Up-to-date symlink: /ws/install/openarmx_description/share/openarmx_description/config/arm/v10/kinematics_link.yaml\n'}
[0.143381] (openarmx_description) StdoutLine: {'line': b'-- Up-to-date symlink: /ws/install/openarmx_description/share/openarmx_description/config/arm/v10/kinematics_offset.yaml\n'}
[0.143404] (openarmx_description) StdoutLine: {'line': b'-- Up-to-date symlink: /ws/install/openarmx_description/share/openarmx_description/config/body/v10/inertials.yaml\n'}
[0.143425] (openarmx_description) StdoutLine: {'line': b'-- Up-to-date symlink: /ws/install/openarmx_description/share/openarmx_description/config/body/v10/kinematics.yaml\n'}
[0.143474] (openarmx_description) StdoutLine: {'line': b'-- Up-to-date symlink: /ws/install/openarmx_description/share/openarmx_description/config/body/v10/kinematics_link.yaml\n'}
[0.143496] (openarmx_description) StdoutLine: {'line': b'-- Up-to-date symlink: /ws/install/openarmx_description/share/openarmx_description/config/hand/openarmx_hand/inertials.yaml\n'}
[0.143519] (openarmx_description) StdoutLine: {'line': b'-- Up-to-date symlink: /ws/install/openarmx_description/share/openarmx_description/config/hand/openarmx_hand/joint_limits.yaml\n'}
[0.143560] (openarmx_description) StdoutLine: {'line': b'-- Up-to-date symlink: /ws/install/openarmx_description/share/openarmx_description/config/hand/openarmx_hand/kinematics.yaml\n'}
[0.143618] (openarmx_description) StdoutLine: {'line': b'-- Up-to-date symlink: /ws/install/openarmx_description/share/openarmx_description/config/hand/openarmx_hand/kinematics_link.yaml\n'}
[0.143647] (openarmx_description) StdoutLine: {'line': b'-- Up-to-date symlink: /ws/install/openarmx_description/share/ament_index/resource_index/package_run_dependencies/openarmx_description\n'}
[0.143670] (openarmx_description) StdoutLine: {'line': b'-- Up-to-date symlink: /ws/install/openarmx_description/share/ament_index/resource_index/parent_prefix_path/openarmx_description\n'}
[0.143694] (openarmx_description) StdoutLine: {'line': b'-- Up-to-date symlink: /ws/install/openarmx_description/share/openarmx_description/environment/ament_prefix_path.sh\n'}
[0.143717] (openarmx_description) StdoutLine: {'line': b'-- Up-to-date symlink: /ws/install/openarmx_description/share/openarmx_description/environment/ament_prefix_path.dsv\n'}
[0.143761] (openarmx_description) StdoutLine: {'line': b'-- Up-to-date symlink: /ws/install/openarmx_description/share/openarmx_description/environment/path.sh\n'}
[0.143855] (openarmx_description) StdoutLine: {'line': b'-- Up-to-date symlink: /ws/install/openarmx_description/share/openarmx_description/environment/path.dsv\n'}
[0.143881] (openarmx_description) StdoutLine: {'line': b'-- Up-to-date symlink: /ws/install/openarmx_description/share/openarmx_description/local_setup.bash\n'}
[0.143923] (openarmx_description) StdoutLine: {'line': b'-- Up-to-date symlink: /ws/install/openarmx_description/share/openarmx_description/local_setup.sh\n'}
[0.143948] (openarmx_can) StdoutLine: {'line': b'-- Install configuration: ""\n'}
[0.143984] (openarmx_description) StdoutLine: {'line': b'-- Up-to-date symlink: /ws/install/openarmx_description/share/openarmx_description/local_setup.zsh\n'}
[0.144009] (openarmx_description) StdoutLine: {'line': b'-- Up-to-date symlink: /ws/install/openarmx_description/share/openarmx_description/local_setup.dsv\n'}
[0.144041] (openarmx_description) StdoutLine: {'line': b'-- Symlinking: /ws/install/openarmx_description/share/openarmx_description/package.dsv\n'}
[0.145019] (openarmx_can) StdoutLine: {'line': b'-- Execute custom install script\n'}
[0.145127] (openarmx_can) StdoutLine: {'line': b'-- Up-to-date symlink: /ws/install/openarmx_can/lib/cmake/OpenArmCANOpenArmXCom/OpenArmXCANConfig.cmake\n'}
[0.145187] (openarmx_can) StdoutLine: {'line': b'-- Up-to-date symlink: /ws/install/openarmx_can/lib/cmake/OpenArmCANOpenArmXCom/OpenArmXCANVersion.cmake\n'}
[0.145213] (openarmx_can) StdoutLine: {'line': b'-- Up-to-date symlink: /ws/install/openarmx_can/lib/pkgconfig/openarmx-can.pc\n'}
[0.145237] (openarmx_can) StdoutLine: {'line': b'-- Up-to-date symlink: /ws/install/openarmx_can/include/openarm/can/socket/arm_component.hpp\n'}
[0.145263] (openarmx_can) StdoutLine: {'line': b'-- Up-to-date symlink: /ws/install/openarmx_can/include/openarm/can/socket/gripper_component.hpp\n'}
[0.145286] (openarmx_gripper_panel) StdoutLine: {'line': b'-- Install configuration: ""\n'}
[0.145481] (openarmx_can) StdoutLine: {'line': b'-- Up-to-date symlink: /ws/install/openarmx_can/include/openarm/can/socket/openarm.hpp\n'}
[0.145507] (openarmx_gripper_panel) StdoutLine: {'line': b'-- Execute custom install script\n'}
[0.145549] (openarmx_kp_kd_panel) StdoutLine: {'line': b'-- Install configuration: ""\n'}
[0.145649] (openarmx_gripper_panel) StdoutLine: {'line': b'-- Up-to-date symlink: /ws/install/openarmx_gripper_panel/include/openarmx_gripper_panel/gripper_panel.hpp\n'}
[0.145696] (openarmx_gripper_panel) StdoutLine: {'line': b'-- Up-to-date symlink: /ws/install/openarmx_gripper_panel/share/openarmx_gripper_panel/plugin_description.xml\n'}
[0.145718] (openarmx_can) StdoutLine: {'line': b'-- Up-to-date symlink: /ws/install/openarmx_can/include/openarm/canbus/can_device.hpp\n'}
[0.145742] (openarmx_can) StdoutLine: {'line': b'-- Up-to-date symlink: /ws/install/openarmx_can/include/openarm/canbus/can_device_collection.hpp\n'}
[0.145764] (openarmx_can) StdoutLine: {'line': b'-- Up-to-date symlink: /ws/install/openarmx_can/include/openarm/canbus/can_socket.hpp\n'}
[0.145787] (openarmx_can) StdoutLine: {'line': b'-- Up-to-date symlink: /ws/install/openarmx_can/include/openarm/robstride_motor/rs_motor.hpp\n'}
[0.145810] (openarmx_can) StdoutLine: {'line': b'-- Up-to-date symlink: /ws/install/openarmx_can/include/openarm/robstride_motor/rs_motor_constants.hpp\n'}
[0.145832] (openarmx_gripper_panel) StdoutLine: {'line': b'-- Up-to-date symlink: /ws/install/openarmx_gripper_panel/share/openarmx_gripper_panel/resource/openarmx_gripper_panel\n'}
[0.145855] (openarmx_can) StdoutLine: {'line': b'-- Up-to-date symlink: /ws/install/openarmx_can/include/openarm/robstride_motor/rs_motor_control.hpp\n'}
[0.145879] (openarmx_gripper_panel) StdoutLine: {'line': b'-- Up-to-date symlink: /ws/install/openarmx_gripper_panel/share/openarmx_gripper_panel/plugins/plugin_description.xml\n'}
[0.145903] (openarmx_can) StdoutLine: {'line': b'-- Up-to-date symlink: /ws/install/openarmx_can/include/openarm/robstride_motor/rs_motor_device.hpp\n'}
[0.145967] (openarmx_kp_kd_panel) StdoutLine: {'line': b'-- Execute custom install script\n'}
[0.146015] (openarmx_can) StdoutLine: {'line': b'-- Up-to-date symlink: /ws/install/openarmx_can/include/openarm/robstride_motor/rs_motor_device_collection.hpp\n'}
[0.146039] (openarmx_can) StdoutLine: {'line': b'-- Up-to-date symlink: /ws/install/openarmx_can/lib/openarmx_can/robstride-demo\n'}
[0.146103] (openarmx_gripper_panel) StdoutLine: {'line': b'-- Up-to-date symlink: /ws/install/openarmx_gripper_panel/share/openarmx_gripper_panel/environment/library_path.sh\n'}
[0.146743] (openarmx_kp_kd_panel) StdoutLine: {'line': b'-- Up-to-date symlink: /ws/install/openarmx_kp_kd_panel/share/openarmx_kp_kd_panel//plugin_description.xml\n'}
[0.146818] (openarmx_kp_kd_panel) StdoutLine: {'line': b'-- Up-to-date symlink: /ws/install/openarmx_kp_kd_panel/lib/libopenarmx_kp_kd_panel.so\n'}
[0.146848] (openarmx_can) StdoutLine: {'line': b'-- Up-to-date symlink: /ws/install/openarmx_can/lib/openarmx_can/python-style-test\n'}
[0.146900] (openarmx_can) StdoutLine: {'line': b'-- Up-to-date symlink: /ws/install/openarmx_can/lib/openarmx_can/robstride-demo-full\n'}
[0.146939] (openarmx_can) StdoutLine: {'line': b'-- Up-to-date symlink: /ws/install/openarmx_can/lib/openarmx_can/robstride-demo-gripper\n'}
[0.146977] (openarmx_can) StdoutLine: {'line': b'-- Up-to-date symlink: /ws/install/openarmx_can/lib/openarmx_can/motor-check\n'}
[0.147013] (openarmx_gripper_panel) StdoutLine: {'line': b'-- Up-to-date symlink: /ws/install/openarmx_gripper_panel/share/openarmx_gripper_panel/environment/library_path.dsv\n'}
[0.147052] (openarmx_gripper_panel) StdoutLine: {'line': b'-- Up-to-date symlink: /ws/install/openarmx_gripper_panel/share/ament_index/resource_index/package_run_dependencies/openarmx_gripper_panel\n'}
[0.147087] (openarmx_gripper_panel) StdoutLine: {'line': b'-- Up-to-date symlink: /ws/install/openarmx_gripper_panel/share/ament_index/resource_index/parent_prefix_path/openarmx_gripper_panel\n'}
[0.147124] (openarmx_gripper_panel) StdoutLine: {'line': b'-- Up-to-date symlink: /ws/install/openarmx_gripper_panel/share/openarmx_gripper_panel/environment/ament_prefix_path.sh\n'}
[0.147162] (openarmx_gripper_panel) StdoutLine: {'line': b'-- Up-to-date symlink: /ws/install/openarmx_gripper_panel/share/openarmx_gripper_panel/environment/ament_prefix_path.dsv\n'}
[0.147258] (openarmx_can) StdoutLine: {'line': b'-- Up-to-date symlink: /ws/install/openarmx_can/lib/cmake/openarmx_can/openarmx_canConfig.cmake\n'}
[0.147295] (openarmx_gripper_panel) StdoutLine: {'line': b'-- Up-to-date symlink: /ws/install/openarmx_gripper_panel/share/openarmx_gripper_panel/environment/path.sh\n'}
[0.147332] (openarmx_gripper_panel) StdoutLine: {'line': b'-- Up-to-date symlink: /ws/install/openarmx_gripper_panel/share/openarmx_gripper_panel/environment/path.dsv\n'}
[0.147366] (openarmx_kp_kd_panel) StdoutLine: {'line': b'-- Up-to-date symlink: /ws/install/openarmx_kp_kd_panel/include/openarmx_kp_kd_panel/kp_kd_panel.hpp\n'}
[0.147401] (openarmx_kp_kd_panel) StdoutLine: {'line': b'-- Up-to-date symlink: /ws/install/openarmx_kp_kd_panel/share/openarmx_kp_kd_panel/plugin_description.xml\n'}
[0.147435] (openarmx_kp_kd_panel) StdoutLine: {'line': b'-- Up-to-date symlink: /ws/install/openarmx_kp_kd_panel/share/openarmx_kp_kd_panel/environment/library_path.sh\n'}
[0.147469] (openarmx_kp_kd_panel) StdoutLine: {'line': b'-- Up-to-date symlink: /ws/install/openarmx_kp_kd_panel/share/openarmx_kp_kd_panel/environment/library_path.dsv\n'}
[0.147503] (openarmx_kp_kd_panel) StdoutLine: {'line': b'-- Up-to-date symlink: /ws/install/openarmx_kp_kd_panel/share/ament_index/resource_index/package_run_dependencies/openarmx_kp_kd_panel\n'}
[0.147537] (openarmx_can) StdoutLine: {'line': b'-- Up-to-date symlink: /ws/install/openarmx_can/share/openarmx_can/environment/library_path.sh\n'}
[0.147573] (openarmx_can) StdoutLine: {'line': b'-- Up-to-date symlink: /ws/install/openarmx_can/share/openarmx_can/environment/library_path.dsv\n'}
[0.147611] (openarmx_can) StdoutLine: {'line': b'-- Up-to-date symlink: /ws/install/openarmx_can/share/ament_index/resource_index/package_run_dependencies/openarmx_can\n'}
[0.147651] (openarmx_can) StdoutLine: {'line': b'-- Up-to-date symlink: /ws/install/openarmx_can/share/ament_index/resource_index/parent_prefix_path/openarmx_can\n'}
[0.147689] (openarmx_gripper_panel) StdoutLine: {'line': b'-- Up-to-date symlink: /ws/install/openarmx_gripper_panel/share/openarmx_gripper_panel/local_setup.bash\n'}
[0.148845] (openarmx_kp_kd_panel) StdoutLine: {'line': b'-- Up-to-date symlink: /ws/install/openarmx_kp_kd_panel/share/ament_index/resource_index/parent_prefix_path/openarmx_kp_kd_panel\n'}
[0.148887] (openarmx_kp_kd_panel) StdoutLine: {'line': b'-- Up-to-date symlink: /ws/install/openarmx_kp_kd_panel/share/openarmx_kp_kd_panel/environment/ament_prefix_path.sh\n'}
[0.148925] (openarmx_kp_kd_panel) StdoutLine: {'line': b'-- Up-to-date symlink: /ws/install/openarmx_kp_kd_panel/share/openarmx_kp_kd_panel/environment/ament_prefix_path.dsv\n'}
[0.148961] (openarmx_can) StdoutLine: {'line': b'-- Up-to-date symlink: /ws/install/openarmx_can/share/openarmx_can/environment/ament_prefix_path.sh\n'}
[0.148997] (openarmx_can) StdoutLine: {'line': b'-- Up-to-date symlink: /ws/install/openarmx_can/share/openarmx_can/environment/ament_prefix_path.dsv\n'}
[0.149033] (openarmx_gripper_panel) StdoutLine: {'line': b'-- Up-to-date symlink: /ws/install/openarmx_gripper_panel/share/openarmx_gripper_panel/local_setup.sh\n'}
[0.149067] (openarmx_kp_kd_panel) StdoutLine: {'line': b'-- Up-to-date symlink: /ws/install/openarmx_kp_kd_panel/share/openarmx_kp_kd_panel/environment/path.sh\n'}
[0.149088] (openarmx_can) StdoutLine: {'line': b'-- Up-to-date symlink: /ws/install/openarmx_can/share/openarmx_can/environment/path.sh\n'}
[0.149112] (openarmx_description) StdoutLine: {'line': b'-- Up-to-date symlink: /ws/install/openarmx_description/share/ament_index/resource_index/packages/openarmx_description\n'}
[0.149138] (openarmx_description) StdoutLine: {'line': b'-- Up-to-date symlink: /ws/install/openarmx_description/share/openarmx_description/cmake/openarmx_descriptionConfig.cmake\n'}
[0.149160] (openarmx_description) StdoutLine: {'line': b'-- Up-to-date symlink: /ws/install/openarmx_description/share/openarmx_description/cmake/openarmx_descriptionConfig-version.cmake\n'}
[0.149219] (openarmx_description) StdoutLine: {'line': b'-- Up-to-date symlink: /ws/install/openarmx_description/share/openarmx_description/package.xml\n'}
[0.149242] (openarmx_bringup) StdoutLine: {'line': b'-- Up-to-date symlink: /ws/install/openarmx_bringup/share/ament_index/resource_index/packages/openarmx_bringup\n'}
[0.149266] (openarmx_gripper_panel) StdoutLine: {'line': b'-- Up-to-date symlink: /ws/install/openarmx_gripper_panel/share/openarmx_gripper_panel/local_setup.zsh\n'}
[0.149289] (openarmx_gripper_panel) StdoutLine: {'line': b'-- Up-to-date symlink: /ws/install/openarmx_gripper_panel/share/openarmx_gripper_panel/local_setup.dsv\n'}
[0.149311] (openarmx_gripper_panel) StdoutLine: {'line': b'-- Symlinking: /ws/install/openarmx_gripper_panel/share/openarmx_gripper_panel/package.dsv\n'}
[0.149334] (openarmx_kp_kd_panel) StdoutLine: {'line': b'-- Up-to-date symlink: /ws/install/openarmx_kp_kd_panel/share/openarmx_kp_kd_panel/environment/path.dsv\n'}
[0.149356] (openarmx_kp_kd_panel) StdoutLine: {'line': b'-- Up-to-date symlink: /ws/install/openarmx_kp_kd_panel/share/openarmx_kp_kd_panel/local_setup.bash\n'}
[0.149377] (openarmx_kp_kd_panel) StdoutLine: {'line': b'-- Up-to-date symlink: /ws/install/openarmx_kp_kd_panel/share/openarmx_kp_kd_panel/local_setup.sh\n'}
[0.149399] (openarmx_kp_kd_panel) StdoutLine: {'line': b'-- Up-to-date symlink: /ws/install/openarmx_kp_kd_panel/share/openarmx_kp_kd_panel/local_setup.zsh\n'}
[0.149420] (openarmx_kp_kd_panel) StdoutLine: {'line': b'-- Up-to-date symlink: /ws/install/openarmx_kp_kd_panel/share/openarmx_kp_kd_panel/local_setup.dsv\n'}
[0.149444] (openarmx_kp_kd_panel) StdoutLine: {'line': b'-- Symlinking: /ws/install/openarmx_kp_kd_panel/share/openarmx_kp_kd_panel/package.dsv\n'}
[0.149465] (openarmx_can) StdoutLine: {'line': b'-- Up-to-date symlink: /ws/install/openarmx_can/share/openarmx_can/environment/path.dsv\n'}
[0.149487] (openarmx_can) StdoutLine: {'line': b'-- Up-to-date symlink: /ws/install/openarmx_can/share/openarmx_can/local_setup.bash\n'}
[0.149508] (openarmx_can) StdoutLine: {'line': b'-- Up-to-date symlink: /ws/install/openarmx_can/share/openarmx_can/local_setup.sh\n'}
[0.149529] (openarmx_can) StdoutLine: {'line': b'-- Up-to-date symlink: /ws/install/openarmx_can/share/openarmx_can/local_setup.zsh\n'}
[0.149608] (openarmx_can) StdoutLine: {'line': b'-- Up-to-date symlink: /ws/install/openarmx_can/share/openarmx_can/local_setup.dsv\n'}
[0.149636] (openarmx_can) StdoutLine: {'line': b'-- Symlinking: /ws/install/openarmx_can/share/openarmx_can/package.dsv\n'}
[0.149659] (openarmx_bringup) StdoutLine: {'line': b'-- Up-to-date symlink: /ws/install/openarmx_bringup/share/openarmx_bringup/cmake/openarmx_bringupConfig.cmake\n'}
[0.149683] (openarmx_bringup) StdoutLine: {'line': b'-- Up-to-date symlink: /ws/install/openarmx_bringup/share/openarmx_bringup/cmake/openarmx_bringupConfig-version.cmake\n'}
[0.149707] (openarmx_bringup) StdoutLine: {'line': b'-- Up-to-date symlink: /ws/install/openarmx_bringup/share/openarmx_bringup/package.xml\n'}
[0.150470] (openarmx_bringup) CommandEnded: {'returncode': 0}
[0.154747] (openarmx_gripper_panel) StdoutLine: {'line': b'-- Up-to-date symlink: /ws/install/openarmx_gripper_panel/share/ament_index/resource_index/packages/openarmx_gripper_panel\n'}
[0.154833] (openarmx_gripper_panel) StdoutLine: {'line': b'-- Up-to-date symlink: /ws/install/openarmx_gripper_panel/share/ament_index/resource_index/rviz_common__pluginlib__plugin/openarmx_gripper_panel\n'}
[0.154864] (openarmx_gripper_panel) StdoutLine: {'line': b'-- Up-to-date symlink: /ws/install/openarmx_gripper_panel/share/openarmx_gripper_panel/cmake/ament_cmake_export_include_directories-extras.cmake\n'}
[0.154889] (openarmx_gripper_panel) StdoutLine: {'line': b'-- Up-to-date symlink: /ws/install/openarmx_gripper_panel/share/openarmx_gripper_panel/cmake/ament_cmake_export_libraries-extras.cmake\n'}
[0.154912] (openarmx_gripper_panel) StdoutLine: {'line': b'-- Up-to-date symlink: /ws/install/openarmx_gripper_panel/share/openarmx_gripper_panel/cmake/ament_cmake_export_dependencies-extras.cmake\n'}
[0.154960] (openarmx_gripper_panel) StdoutLine: {'line': b'-- Up-to-date symlink: /ws/install/openarmx_gripper_panel/share/openarmx_gripper_panel/cmake/openarmx_gripper_panelConfig.cmake\n'}
[0.154986] (openarmx_gripper_panel) StdoutLine: {'line': b'-- Up-to-date symlink: /ws/install/openarmx_gripper_panel/share/openarmx_gripper_panel/cmake/openarmx_gripper_panelConfig-version.cmake\n'}
[0.155009] (openarmx_gripper_panel) StdoutLine: {'line': b'-- Up-to-date symlink: /ws/install/openarmx_gripper_panel/share/openarmx_gripper_panel/package.xml\n'}
[0.155092] (openarmx_gripper_panel) StdoutLine: {'line': b'-- Up-to-date: /ws/install/openarmx_gripper_panel/lib/libopenarmx_gripper_panel.so\n'}
[0.155120] (openarmx_kp_kd_panel) StdoutLine: {'line': b'-- Up-to-date symlink: /ws/install/openarmx_kp_kd_panel/share/ament_index/resource_index/packages/openarmx_kp_kd_panel\n'}
[0.155146] (openarmx_can) StdoutLine: {'line': b'-- Up-to-date symlink: /ws/install/openarmx_can/share/ament_index/resource_index/packages/openarmx_can\n'}
[0.155383] (openarmx_can) StdoutLine: {'line': b'-- Up-to-date symlink: /ws/install/openarmx_can/share/openarmx_can/cmake/ament_cmake_export_targets-extras.cmake\n'}
[0.155411] (openarmx_can) StdoutLine: {'line': b'-- Up-to-date symlink: /ws/install/openarmx_can/share/openarmx_can/cmake/openarmx_canConfig.cmake\n'}
[0.155436] (openarmx_can) StdoutLine: {'line': b'-- Up-to-date symlink: /ws/install/openarmx_can/share/openarmx_can/cmake/openarmx_canConfig-version.cmake\n'}
[0.155525] (openarmx_can) StdoutLine: {'line': b'-- Up-to-date symlink: /ws/install/openarmx_can/share/openarmx_can/package.xml\n'}
[0.155553] (openarmx_kp_kd_panel) StdoutLine: {'line': b'-- Up-to-date symlink: /ws/install/openarmx_kp_kd_panel/share/ament_index/resource_index/rviz_common__pluginlib__plugin/openarmx_kp_kd_panel\n'}
[0.155578] (openarmx_kp_kd_panel) StdoutLine: {'line': b'-- Up-to-date symlink: /ws/install/openarmx_kp_kd_panel/share/openarmx_kp_kd_panel/cmake/ament_cmake_export_include_directories-extras.cmake\n'}
[0.155601] (openarmx_kp_kd_panel) StdoutLine: {'line': b'-- Up-to-date symlink: /ws/install/openarmx_kp_kd_panel/share/openarmx_kp_kd_panel/cmake/ament_cmake_export_libraries-extras.cmake\n'}
[0.155628] (openarmx_kp_kd_panel) StdoutLine: {'line': b'-- Up-to-date symlink: /ws/install/openarmx_kp_kd_panel/share/openarmx_kp_kd_panel/cmake/openarmx_kp_kd_panelConfig.cmake\n'}
[0.155693] (openarmx_kp_kd_panel) StdoutLine: {'line': b'-- Up-to-date symlink: /ws/install/openarmx_kp_kd_panel/share/openarmx_kp_kd_panel/cmake/openarmx_kp_kd_panelConfig-version.cmake\n'}
[0.155800] (openarmx_can) StdoutLine: {'line': b'-- Up-to-date: /ws/install/openarmx_can/lib/libopenarmx_can.a\n'}
[0.155830] (openarmx_can) StdoutLine: {'line': b'-- Up-to-date: /ws/install/openarmx_can/lib/cmake/OpenArmCANOpenArmXCom/OpenArmCANOpenArmXComTargets.cmake\n'}
[0.155855] (openarmx_can) StdoutLine: {'line': b'-- Up-to-date: /ws/install/openarmx_can/lib/cmake/OpenArmCANOpenArmXCom/OpenArmCANOpenArmXComTargets-noconfig.cmake\n'}
[0.155883] (openarmx_can) StdoutLine: {'line': b'-- Up-to-date: /ws/install/openarmx_can/lib/libopenarmx_can.a\n'}
[0.155907] (openarmx_kp_kd_panel) StdoutLine: {'line': b'-- Up-to-date symlink: /ws/install/openarmx_kp_kd_panel/share/openarmx_kp_kd_panel/package.xml\n'}
[0.155956] (openarmx_can) StdoutLine: {'line': b'-- Up-to-date: /ws/install/openarmx_can/lib/cmake/openarmx_can/openarmx_canTargets.cmake\n'}
[0.156211] (openarmx_can) StdoutLine: {'line': b'-- Up-to-date: /ws/install/openarmx_can/lib/cmake/openarmx_can/openarmx_canTargets-noconfig.cmake\n'}
[0.157315] (openarmx_can) StdoutLine: {'line': b'-- Up-to-date: /ws/install/openarmx_can/share/openarmx_can/cmake/openarmx_canTargetsExport.cmake\n'}
[0.157606] (openarmx_can) StdoutLine: {'line': b'-- Up-to-date: /ws/install/openarmx_can/share/openarmx_can/cmake/openarmx_canTargetsExport-noconfig.cmake\n'}
[0.161318] (openarmx_bringup) JobEnded: {'identifier': 'openarmx_bringup', 'rc': 0}
[0.161693] (openarmx_description) CommandEnded: {'returncode': 0}
[0.166268] (openarmx_description) JobEnded: {'identifier': 'openarmx_description', 'rc': 0}
[0.166902] (openarmx_bimanual_moveit_config) JobStarted: {'identifier': 'openarmx_bimanual_moveit_config'}
[0.169224] (openarmx_kp_kd_panel) CommandEnded: {'returncode': 0}
[0.175722] (openarmx_kp_kd_panel) JobEnded: {'identifier': 'openarmx_kp_kd_panel', 'rc': 0}
[0.176085] (openarmx_gripper_panel) CommandEnded: {'returncode': 0}
[0.181951] (openarmx_gripper_panel) JobEnded: {'identifier': 'openarmx_gripper_panel', 'rc': 0}
[0.182264] (openarmx_can) CommandEnded: {'returncode': 0}
[0.187079] (openarmx_can) JobEnded: {'identifier': 'openarmx_can', 'rc': 0}
[0.187761] (openarmx_hardware) JobStarted: {'identifier': 'openarmx_hardware'}
[0.189280] (openarmx_teleop_leader) JobStarted: {'identifier': 'openarmx_teleop_leader'}
[0.191517] (openarmx_bimanual_moveit_config) JobProgress: {'identifier': 'openarmx_bimanual_moveit_config', 'progress': 'cmake'}
[0.191832] (openarmx_bimanual_moveit_config) JobProgress: {'identifier': 'openarmx_bimanual_moveit_config', 'progress': 'build'}
[0.191915] (openarmx_bimanual_moveit_config) Command: {'cmd': ['/usr/bin/cmake', '--build', '/ws/build/openarmx_bimanual_moveit_config', '--', '-j20', '-l20'], 'cwd': '/ws/build/openarmx_bimanual_moveit_config', 'env': OrderedDict([('HOSTNAME', 'sajio-System-Product-Name'), ('SHLVL', '1'), ('LD_LIBRARY_PATH', '/ws/install/openarmx_kp_kd_panel/lib:/ws/install/openarmx_hardware/lib:/ws/install/openarmx_gripper_panel/lib:/ws/install/openarmx_can/lib:/opt/ros/humble/opt/rviz_ogre_vendor/lib:/opt/ros/humble/lib/x86_64-linux-gnu:/opt/ros/humble/lib'), ('HOME', '/root'), ('ROS_PYTHON_VERSION', '3'), ('COLCON_PREFIX_PATH', '/ws/install'), ('ROS_DISTRO', 'humble'), ('_', '/usr/bin/colcon'), ('ROS_VERSION', '2'), ('TERM', 'xterm'), ('ROS_LOCALHOST_ONLY', '0'), ('QT_X11_NO_MITSHM', '1'), ('PATH', '/opt/ros/humble/bin:/usr/local/sbin:/usr/local/bin:/usr/sbin:/usr/bin:/sbin:/bin'), ('DISPLAY', ':0'), ('LANG', 'C.UTF-8'), ('AMENT_PREFIX_PATH', '/ws/install/openarmx_teleop_leader:/ws/install/openarmx_teach:/ws/install/openarmx_kp_kd_panel:/ws/install/openarmx:/ws/install/openarmx_hardware:/ws/install/openarmx_gripper_panel:/ws/install/openarmx_bimanual_moveit_config:/ws/install/openarmx_description:/ws/install/openarmx_can:/ws/install/openarmx_bringup:/opt/ros/humble'), ('DEBIAN_FRONTEND', 'noninteractive'), ('PWD', '/ws/build/openarmx_bimanual_moveit_config'), ('LC_ALL', 'C.UTF-8'), ('PYTHONPATH', '/ws/build/openarmx_teach:/ws/install/openarmx_teach/lib/python3.10/site-packages:/opt/ros/humble/lib/python3.10/site-packages:/opt/ros/humble/local/lib/python3.10/dist-packages'), ('COLCON', '1'), ('CMAKE_PREFIX_PATH', '/ws/install/openarmx_description:/ws/install/openarmx_teleop_leader:/ws/install/openarmx_kp_kd_panel:/ws/install/openarmx:/ws/install/openarmx_hardware:/ws/install/openarmx_gripper_panel:/ws/install/openarmx_bimanual_moveit_config:/ws/install/openarmx_can:/ws/install/openarmx_bringup:/ws/install/openarmx_teach:/opt/ros/humble')]), 'shell': False}
[0.192908] (openarmx_hardware) JobProgress: {'identifier': 'openarmx_hardware', 'progress': 'cmake'}
[0.193122] (openarmx_hardware) JobProgress: {'identifier': 'openarmx_hardware', 'progress': 'build'}
[0.193277] (openarmx_hardware) Command: {'cmd': ['/usr/bin/cmake', '--build', '/ws/build/openarmx_hardware', '--', '-j20', '-l20'], 'cwd': '/ws/build/openarmx_hardware', 'env': OrderedDict([('HOSTNAME', 'sajio-System-Product-Name'), ('SHLVL', '1'), ('LD_LIBRARY_PATH', '/ws/install/openarmx_kp_kd_panel/lib:/ws/install/openarmx_hardware/lib:/ws/install/openarmx_gripper_panel/lib:/ws/install/openarmx_can/lib:/opt/ros/humble/opt/rviz_ogre_vendor/lib:/opt/ros/humble/lib/x86_64-linux-gnu:/opt/ros/humble/lib'), ('HOME', '/root'), ('ROS_PYTHON_VERSION', '3'), ('COLCON_PREFIX_PATH', '/ws/install'), ('ROS_DISTRO', 'humble'), ('_', '/usr/bin/colcon'), ('ROS_VERSION', '2'), ('TERM', 'xterm'), ('ROS_LOCALHOST_ONLY', '0'), ('QT_X11_NO_MITSHM', '1'), ('PATH', '/opt/ros/humble/bin:/usr/local/sbin:/usr/local/bin:/usr/sbin:/usr/bin:/sbin:/bin'), ('DISPLAY', ':0'), ('LANG', 'C.UTF-8'), ('AMENT_PREFIX_PATH', '/ws/install/openarmx_teleop_leader:/ws/install/openarmx_teach:/ws/install/openarmx_kp_kd_panel:/ws/install/openarmx:/ws/install/openarmx_hardware:/ws/install/openarmx_gripper_panel:/ws/install/openarmx_bimanual_moveit_config:/ws/install/openarmx_description:/ws/install/openarmx_can:/ws/install/openarmx_bringup:/opt/ros/humble'), ('DEBIAN_FRONTEND', 'noninteractive'), ('PWD', '/ws/build/openarmx_hardware'), ('LC_ALL', 'C.UTF-8'), ('PYTHONPATH', '/ws/build/openarmx_teach:/ws/install/openarmx_teach/lib/python3.10/site-packages:/opt/ros/humble/lib/python3.10/site-packages:/opt/ros/humble/local/lib/python3.10/dist-packages'), ('COLCON', '1'), ('CMAKE_PREFIX_PATH', '/ws/install/openarmx_can:/ws/install/openarmx_teleop_leader:/ws/install/openarmx_kp_kd_panel:/ws/install/openarmx:/ws/install/openarmx_hardware:/ws/install/openarmx_gripper_panel:/ws/install/openarmx_bimanual_moveit_config:/ws/install/openarmx_description:/ws/install/openarmx_bringup:/ws/install/openarmx_teach:/opt/ros/humble')]), 'shell': False}
[0.194075] (openarmx_teleop_leader) JobProgress: {'identifier': 'openarmx_teleop_leader', 'progress': 'cmake'}
[0.194295] (openarmx_teleop_leader) JobProgress: {'identifier': 'openarmx_teleop_leader', 'progress': 'build'}
[0.194447] (openarmx_teleop_leader) Command: {'cmd': ['/usr/bin/cmake', '--build', '/ws/build/openarmx_teleop_leader', '--', '-j20', '-l20'], 'cwd': '/ws/build/openarmx_teleop_leader', 'env': OrderedDict([('HOSTNAME', 'sajio-System-Product-Name'), ('SHLVL', '1'), ('LD_LIBRARY_PATH', '/ws/install/openarmx_kp_kd_panel/lib:/ws/install/openarmx_hardware/lib:/ws/install/openarmx_gripper_panel/lib:/ws/install/openarmx_can/lib:/opt/ros/humble/opt/rviz_ogre_vendor/lib:/opt/ros/humble/lib/x86_64-linux-gnu:/opt/ros/humble/lib'), ('HOME', '/root'), ('ROS_PYTHON_VERSION', '3'), ('COLCON_PREFIX_PATH', '/ws/install'), ('ROS_DISTRO', 'humble'), ('_', '/usr/bin/colcon'), ('ROS_VERSION', '2'), ('TERM', 'xterm'), ('ROS_LOCALHOST_ONLY', '0'), ('QT_X11_NO_MITSHM', '1'), ('PATH', '/opt/ros/humble/bin:/usr/local/sbin:/usr/local/bin:/usr/sbin:/usr/bin:/sbin:/bin'), ('DISPLAY', ':0'), ('LANG', 'C.UTF-8'), ('AMENT_PREFIX_PATH', '/ws/install/openarmx_teleop_leader:/ws/install/openarmx_teach:/ws/install/openarmx_kp_kd_panel:/ws/install/openarmx:/ws/install/openarmx_hardware:/ws/install/openarmx_gripper_panel:/ws/install/openarmx_bimanual_moveit_config:/ws/install/openarmx_description:/ws/install/openarmx_can:/ws/install/openarmx_bringup:/opt/ros/humble'), ('DEBIAN_FRONTEND', 'noninteractive'), ('PWD', '/ws/build/openarmx_teleop_leader'), ('LC_ALL', 'C.UTF-8'), ('PYTHONPATH', '/ws/build/openarmx_teach:/ws/install/openarmx_teach/lib/python3.10/site-packages:/opt/ros/humble/lib/python3.10/site-packages:/opt/ros/humble/local/lib/python3.10/dist-packages'), ('COLCON', '1'), ('CMAKE_PREFIX_PATH', '/ws/install/openarmx_can:/ws/install/openarmx_teleop_leader:/ws/install/openarmx_kp_kd_panel:/ws/install/openarmx:/ws/install/openarmx_hardware:/ws/install/openarmx_gripper_panel:/ws/install/openarmx_bimanual_moveit_config:/ws/install/openarmx_description:/ws/install/openarmx_bringup:/ws/install/openarmx_teach:/opt/ros/humble')]), 'shell': False}
[0.199637] (-) TimerEvent: {}
[0.215359] (openarmx_bimanual_moveit_config) CommandEnded: {'returncode': 0}
[0.215770] (openarmx_bimanual_moveit_config) JobProgress: {'identifier': 'openarmx_bimanual_moveit_config', 'progress': 'install'}
[0.215893] (openarmx_bimanual_moveit_config) Command: {'cmd': ['/usr/bin/cmake', '--install', '/ws/build/openarmx_bimanual_moveit_config'], 'cwd': '/ws/build/openarmx_bimanual_moveit_config', 'env': OrderedDict([('HOSTNAME', 'sajio-System-Product-Name'), ('SHLVL', '1'), ('LD_LIBRARY_PATH', '/ws/install/openarmx_kp_kd_panel/lib:/ws/install/openarmx_hardware/lib:/ws/install/openarmx_gripper_panel/lib:/ws/install/openarmx_can/lib:/opt/ros/humble/opt/rviz_ogre_vendor/lib:/opt/ros/humble/lib/x86_64-linux-gnu:/opt/ros/humble/lib'), ('HOME', '/root'), ('ROS_PYTHON_VERSION', '3'), ('COLCON_PREFIX_PATH', '/ws/install'), ('ROS_DISTRO', 'humble'), ('_', '/usr/bin/colcon'), ('ROS_VERSION', '2'), ('TERM', 'xterm'), ('ROS_LOCALHOST_ONLY', '0'), ('QT_X11_NO_MITSHM', '1'), ('PATH', '/opt/ros/humble/bin:/usr/local/sbin:/usr/local/bin:/usr/sbin:/usr/bin:/sbin:/bin'), ('DISPLAY', ':0'), ('LANG', 'C.UTF-8'), ('AMENT_PREFIX_PATH', '/ws/install/openarmx_teleop_leader:/ws/install/openarmx_teach:/ws/install/openarmx_kp_kd_panel:/ws/install/openarmx:/ws/install/openarmx_hardware:/ws/install/openarmx_gripper_panel:/ws/install/openarmx_bimanual_moveit_config:/ws/install/openarmx_description:/ws/install/openarmx_can:/ws/install/openarmx_bringup:/opt/ros/humble'), ('DEBIAN_FRONTEND', 'noninteractive'), ('PWD', '/ws/build/openarmx_bimanual_moveit_config'), ('LC_ALL', 'C.UTF-8'), ('PYTHONPATH', '/ws/build/openarmx_teach:/ws/install/openarmx_teach/lib/python3.10/site-packages:/opt/ros/humble/lib/python3.10/site-packages:/opt/ros/humble/local/lib/python3.10/dist-packages'), ('COLCON', '1'), ('CMAKE_PREFIX_PATH', '/ws/install/openarmx_description:/ws/install/openarmx_teleop_leader:/ws/install/openarmx_kp_kd_panel:/ws/install/openarmx:/ws/install/openarmx_hardware:/ws/install/openarmx_gripper_panel:/ws/install/openarmx_bimanual_moveit_config:/ws/install/openarmx_can:/ws/install/openarmx_bringup:/ws/install/openarmx_teach:/opt/ros/humble')]), 'shell': False}
[0.221367] (openarmx_bimanual_moveit_config) StdoutLine: {'line': b'-- Install configuration: ""\n'}
[0.221745] (openarmx_bimanual_moveit_config) StdoutLine: {'line': b'-- Execute custom install script\n'}
[0.221878] (openarmx_bimanual_moveit_config) StdoutLine: {'line': b'-- Up-to-date symlink: /ws/install/openarmx_bimanual_moveit_config/share/ament_index/resource_index/package_run_dependencies/openarmx_bimanual_moveit_config\n'}
[0.221973] (openarmx_bimanual_moveit_config) StdoutLine: {'line': b'-- Up-to-date symlink: /ws/install/openarmx_bimanual_moveit_config/share/ament_index/resource_index/parent_prefix_path/openarmx_bimanual_moveit_config\n'}
[0.222058] (openarmx_bimanual_moveit_config) StdoutLine: {'line': b'-- Up-to-date symlink: /ws/install/openarmx_bimanual_moveit_config/share/openarmx_bimanual_moveit_config/environment/ament_prefix_path.sh\n'}
[0.222162] (openarmx_bimanual_moveit_config) StdoutLine: {'line': b'-- Up-to-date symlink: /ws/install/openarmx_bimanual_moveit_config/share/openarmx_bimanual_moveit_config/environment/ament_prefix_path.dsv\n'}
[0.222250] (openarmx_bimanual_moveit_config) StdoutLine: {'line': b'-- Up-to-date symlink: /ws/install/openarmx_bimanual_moveit_config/share/openarmx_bimanual_moveit_config/environment/path.sh\n'}
[0.222332] (openarmx_bimanual_moveit_config) StdoutLine: {'line': b'-- Up-to-date symlink: /ws/install/openarmx_bimanual_moveit_config/share/openarmx_bimanual_moveit_config/environment/path.dsv\n'}
[0.222404] (openarmx_bimanual_moveit_config) StdoutLine: {'line': b'-- Up-to-date symlink: /ws/install/openarmx_bimanual_moveit_config/share/openarmx_bimanual_moveit_config/local_setup.bash\n'}
[0.222460] (openarmx_bimanual_moveit_config) StdoutLine: {'line': b'-- Up-to-date symlink: /ws/install/openarmx_bimanual_moveit_config/share/openarmx_bimanual_moveit_config/local_setup.sh\n'}
[0.222514] (openarmx_bimanual_moveit_config) StdoutLine: {'line': b'-- Up-to-date symlink: /ws/install/openarmx_bimanual_moveit_config/share/openarmx_bimanual_moveit_config/local_setup.zsh\n'}
[0.222569] (openarmx_bimanual_moveit_config) StdoutLine: {'line': b'-- Up-to-date symlink: /ws/install/openarmx_bimanual_moveit_config/share/openarmx_bimanual_moveit_config/local_setup.dsv\n'}
[0.222628] (openarmx_bimanual_moveit_config) StdoutLine: {'line': b'-- Symlinking: /ws/install/openarmx_bimanual_moveit_config/share/openarmx_bimanual_moveit_config/package.dsv\n'}
[0.228818] (openarmx_bimanual_moveit_config) StdoutLine: {'line': b'-- Up-to-date symlink: /ws/install/openarmx_bimanual_moveit_config/share/ament_index/resource_index/packages/openarmx_bimanual_moveit_config\n'}
[0.228990] (openarmx_bimanual_moveit_config) StdoutLine: {'line': b'-- Up-to-date symlink: /ws/install/openarmx_bimanual_moveit_config/share/openarmx_bimanual_moveit_config/cmake/openarmx_bimanual_moveit_configConfig.cmake\n'}
[0.229057] (openarmx_bimanual_moveit_config) StdoutLine: {'line': b'-- Up-to-date symlink: /ws/install/openarmx_bimanual_moveit_config/share/openarmx_bimanual_moveit_config/cmake/openarmx_bimanual_moveit_configConfig-version.cmake\n'}
[0.229114] (openarmx_hardware) StdoutLine: {'line': b'[100%] Built target openarmx_hardware\n'}
[0.229203] (openarmx_bimanual_moveit_config) StdoutLine: {'line': b'-- Up-to-date symlink: /ws/install/openarmx_bimanual_moveit_config/share/openarmx_bimanual_moveit_config/package.xml\n'}
[0.229293] (openarmx_bimanual_moveit_config) StdoutLine: {'line': b'-- Up-to-date symlink: /ws/install/openarmx_bimanual_moveit_config/share/openarmx_bimanual_moveit_config/launch/demo.launch.py\n'}
[0.229374] (openarmx_bimanual_moveit_config) StdoutLine: {'line': b'-- Up-to-date symlink: /ws/install/openarmx_bimanual_moveit_config/share/openarmx_bimanual_moveit_config/launch/demo.launch.py.backup\n'}
[0.229429] (openarmx_bimanual_moveit_config) StdoutLine: {'line': b'-- Up-to-date symlink: /ws/install/openarmx_bimanual_moveit_config/share/openarmx_bimanual_moveit_config/launch/demo_sim.launch.py\n'}
[0.229514] (openarmx_bimanual_moveit_config) StdoutLine: {'line': b'-- Up-to-date symlink: /ws/install/openarmx_bimanual_moveit_config/share/openarmx_bimanual_moveit_config/launch/motor_config_loader.py\n'}
[0.229569] (openarmx_bimanual_moveit_config) StdoutLine: {'line': b'-- Up-to-date symlink: /ws/install/openarmx_bimanual_moveit_config/share/openarmx_bimanual_moveit_config/launch/motor_control.py\n'}
[0.229666] (openarmx_bimanual_moveit_config) StdoutLine: {'line': b'-- Up-to-date symlink: /ws/install/openarmx_bimanual_moveit_config/share/openarmx_bimanual_moveit_config/launch/move_group.launch.py\n'}
[0.229753] (openarmx_bimanual_moveit_config) StdoutLine: {'line': b'-- Up-to-date symlink: /ws/install/openarmx_bimanual_moveit_config/share/openarmx_bimanual_moveit_config/launch/moveit_rviz.launch.py\n'}
[0.229830] (openarmx_bimanual_moveit_config) StdoutLine: {'line': b'-- Up-to-date symlink: /ws/install/openarmx_bimanual_moveit_config/share/openarmx_bimanual_moveit_config/launch/setup_assistant.launch.py\n'}
[0.229940] (openarmx_bimanual_moveit_config) StdoutLine: {'line': b'-- Up-to-date symlink: /ws/install/openarmx_bimanual_moveit_config/share/openarmx_bimanual_moveit_config/launch/spawn_controllers.launch.py\n'}
[0.229996] (openarmx_bimanual_moveit_config) StdoutLine: {'line': b'-- Up-to-date symlink: /ws/install/openarmx_bimanual_moveit_config/share/openarmx_bimanual_moveit_config/launch/static_virtual_joint_tfs.launch.py\n'}
[0.230049] (openarmx_bimanual_moveit_config) StdoutLine: {'line': b'-- Up-to-date symlink: /ws/install/openarmx_bimanual_moveit_config/share/openarmx_bimanual_moveit_config/config/initial_positions.yaml\n'}
[0.230104] (openarmx_bimanual_moveit_config) StdoutLine: {'line': b'-- Up-to-date symlink: /ws/install/openarmx_bimanual_moveit_config/share/openarmx_bimanual_moveit_config/config/joint_limits.yaml\n'}
[0.230159] (openarmx_bimanual_moveit_config) StdoutLine: {'line': b'-- Up-to-date symlink: /ws/install/openarmx_bimanual_moveit_config/share/openarmx_bimanual_moveit_config/config/kinematics.yaml\n'}
[0.230213] (openarmx_bimanual_moveit_config) StdoutLine: {'line': b'-- Up-to-date symlink: /ws/install/openarmx_bimanual_moveit_config/share/openarmx_bimanual_moveit_config/config/moveit.rviz\n'}
[0.230268] (openarmx_bimanual_moveit_config) StdoutLine: {'line': b'-- Up-to-date symlink: /ws/install/openarmx_bimanual_moveit_config/share/openarmx_bimanual_moveit_config/config/moveit_controllers.yaml\n'}
[0.230321] (openarmx_bimanual_moveit_config) StdoutLine: {'line': b'-- Up-to-date symlink: /ws/install/openarmx_bimanual_moveit_config/share/openarmx_bimanual_moveit_config/config/openarm_bimanual.srdf\n'}
[0.230384] (openarmx_bimanual_moveit_config) StdoutLine: {'line': b'-- Up-to-date symlink: /ws/install/openarmx_bimanual_moveit_config/share/openarmx_bimanual_moveit_config/config/openarm_bimanual.urdf.xacro\n'}
[0.230443] (openarmx_bimanual_moveit_config) StdoutLine: {'line': b'-- Up-to-date symlink: /ws/install/openarmx_bimanual_moveit_config/share/openarmx_bimanual_moveit_config/config/pilz_cartesian_limits.yaml\n'}
[0.230496] (openarmx_bimanual_moveit_config) StdoutLine: {'line': b'-- Up-to-date symlink: /ws/install/openarmx_bimanual_moveit_config/share/openarmx_bimanual_moveit_config/config/ros2_controllers.yaml\n'}
[0.230644] (openarmx_teleop_leader) StdoutLine: {'line': b'[ 33%] Built target openarmx_teleop_leader_dynamics\n'}
[0.230840] (openarmx_bimanual_moveit_config) StdoutLine: {'line': b'-- Up-to-date symlink: /ws/install/openarmx_bimanual_moveit_config/share/openarmx_bimanual_moveit_config/config/sensors_3d.yaml\n'}
[0.231219] (openarmx_bimanual_moveit_config) StdoutLine: {'line': b'-- Up-to-date symlink: /ws/install/openarmx_bimanual_moveit_config/share/openarmx_bimanual_moveit_config/.setup_assistant\n'}
[0.231753] (openarmx_bimanual_moveit_config) CommandEnded: {'returncode': 0}
[0.231999] (openarmx_teleop_leader) StdoutLine: {'line': b'[ 66%] Built target teleop_leader_node\n'}
[0.237507] (openarmx_bimanual_moveit_config) JobEnded: {'identifier': 'openarmx_bimanual_moveit_config', 'rc': 0}
[0.238550] (openarmx_hardware) CommandEnded: {'returncode': 0}
[0.238732] (openarmx_hardware) JobProgress: {'identifier': 'openarmx_hardware', 'progress': 'install'}
[0.238745] (openarmx_hardware) Command: {'cmd': ['/usr/bin/cmake', '--install', '/ws/build/openarmx_hardware'], 'cwd': '/ws/build/openarmx_hardware', 'env': OrderedDict([('HOSTNAME', 'sajio-System-Product-Name'), ('SHLVL', '1'), ('LD_LIBRARY_PATH', '/ws/install/openarmx_kp_kd_panel/lib:/ws/install/openarmx_hardware/lib:/ws/install/openarmx_gripper_panel/lib:/ws/install/openarmx_can/lib:/opt/ros/humble/opt/rviz_ogre_vendor/lib:/opt/ros/humble/lib/x86_64-linux-gnu:/opt/ros/humble/lib'), ('HOME', '/root'), ('ROS_PYTHON_VERSION', '3'), ('COLCON_PREFIX_PATH', '/ws/install'), ('ROS_DISTRO', 'humble'), ('_', '/usr/bin/colcon'), ('ROS_VERSION', '2'), ('TERM', 'xterm'), ('ROS_LOCALHOST_ONLY', '0'), ('QT_X11_NO_MITSHM', '1'), ('PATH', '/opt/ros/humble/bin:/usr/local/sbin:/usr/local/bin:/usr/sbin:/usr/bin:/sbin:/bin'), ('DISPLAY', ':0'), ('LANG', 'C.UTF-8'), ('AMENT_PREFIX_PATH', '/ws/install/openarmx_teleop_leader:/ws/install/openarmx_teach:/ws/install/openarmx_kp_kd_panel:/ws/install/openarmx:/ws/install/openarmx_hardware:/ws/install/openarmx_gripper_panel:/ws/install/openarmx_bimanual_moveit_config:/ws/install/openarmx_description:/ws/install/openarmx_can:/ws/install/openarmx_bringup:/opt/ros/humble'), ('DEBIAN_FRONTEND', 'noninteractive'), ('PWD', '/ws/build/openarmx_hardware'), ('LC_ALL', 'C.UTF-8'), ('PYTHONPATH', '/ws/build/openarmx_teach:/ws/install/openarmx_teach/lib/python3.10/site-packages:/opt/ros/humble/lib/python3.10/site-packages:/opt/ros/humble/local/lib/python3.10/dist-packages'), ('COLCON', '1'), ('CMAKE_PREFIX_PATH', '/ws/install/openarmx_can:/ws/install/openarmx_teleop_leader:/ws/install/openarmx_kp_kd_panel:/ws/install/openarmx:/ws/install/openarmx_hardware:/ws/install/openarmx_gripper_panel:/ws/install/openarmx_bimanual_moveit_config:/ws/install/openarmx_description:/ws/install/openarmx_bringup:/ws/install/openarmx_teach:/opt/ros/humble')]), 'shell': False}
[0.242107] (openarmx_hardware) StdoutLine: {'line': b'-- Install configuration: ""\n'}
[0.242378] (openarmx_hardware) StdoutLine: {'line': b'-- Execute custom install script\n'}
[0.242479] (openarmx_hardware) StdoutLine: {'line': b'-- Up-to-date symlink: /ws/install/openarmx_hardware/share/openarmx_hardware//openarmx_hardware.xml\n'}
[0.242566] (openarmx_hardware) StdoutLine: {'line': b'-- Up-to-date symlink: /ws/install/openarmx_hardware/lib/libopenarmx_hardware.so\n'}
[0.242711] (openarmx_hardware) StdoutLine: {'line': b'-- Up-to-date symlink: /ws/install/openarmx_hardware/include/openarmx_hardware/v10_simple_hardware.hpp\n'}
[0.242784] (openarmx_hardware) StdoutLine: {'line': b'-- Up-to-date symlink: /ws/install/openarmx_hardware/include/openarmx_hardware/visibility_control.h\n'}
[0.242863] (openarmx_hardware) StdoutLine: {'line': b'-- Up-to-date symlink: /ws/install/openarmx_hardware/share/openarmx_hardware/environment/library_path.sh\n'}
[0.242931] (openarmx_hardware) StdoutLine: {'line': b'-- Up-to-date symlink: /ws/install/openarmx_hardware/share/openarmx_hardware/environment/library_path.dsv\n'}
[0.243005] (openarmx_hardware) StdoutLine: {'line': b'-- Up-to-date symlink: /ws/install/openarmx_hardware/share/ament_index/resource_index/package_run_dependencies/openarmx_hardware\n'}
[0.243073] (openarmx_hardware) StdoutLine: {'line': b'-- Up-to-date symlink: /ws/install/openarmx_hardware/share/ament_index/resource_index/parent_prefix_path/openarmx_hardware\n'}
[0.243140] (openarmx_hardware) StdoutLine: {'line': b'-- Up-to-date symlink: /ws/install/openarmx_hardware/share/openarmx_hardware/environment/ament_prefix_path.sh\n'}
[0.243213] (openarmx_hardware) StdoutLine: {'line': b'-- Up-to-date symlink: /ws/install/openarmx_hardware/share/openarmx_hardware/environment/ament_prefix_path.dsv\n'}
[0.243280] (openarmx_hardware) StdoutLine: {'line': b'-- Up-to-date symlink: /ws/install/openarmx_hardware/share/openarmx_hardware/environment/path.sh\n'}
[0.243352] (openarmx_hardware) StdoutLine: {'line': b'-- Up-to-date symlink: /ws/install/openarmx_hardware/share/openarmx_hardware/environment/path.dsv\n'}
[0.243423] (openarmx_hardware) StdoutLine: {'line': b'-- Up-to-date symlink: /ws/install/openarmx_hardware/share/openarmx_hardware/local_setup.bash\n'}
[0.243480] (openarmx_hardware) StdoutLine: {'line': b'-- Up-to-date symlink: /ws/install/openarmx_hardware/share/openarmx_hardware/local_setup.sh\n'}
[0.243534] (openarmx_hardware) StdoutLine: {'line': b'-- Up-to-date symlink: /ws/install/openarmx_hardware/share/openarmx_hardware/local_setup.zsh\n'}
[0.243590] (openarmx_hardware) StdoutLine: {'line': b'-- Up-to-date symlink: /ws/install/openarmx_hardware/share/openarmx_hardware/local_setup.dsv\n'}
[0.243654] (openarmx_hardware) StdoutLine: {'line': b'-- Symlinking: /ws/install/openarmx_hardware/share/openarmx_hardware/package.dsv\n'}
[0.247313] (openarmx_teleop_leader) StdoutLine: {'line': b'[100%] Built target teleop_leader_with_gravitycomp_single\n'}
[0.249112] (openarmx_hardware) StdoutLine: {'line': b'-- Up-to-date symlink: /ws/install/openarmx_hardware/share/ament_index/resource_index/packages/openarmx_hardware\n'}
[0.249232] (openarmx_hardware) StdoutLine: {'line': b'-- Up-to-date symlink: /ws/install/openarmx_hardware/share/ament_index/resource_index/hardware_interface__pluginlib__plugin/openarmx_hardware\n'}
[0.249320] (openarmx_hardware) StdoutLine: {'line': b'-- Up-to-date symlink: /ws/install/openarmx_hardware/share/openarmx_hardware/cmake/ament_cmake_export_include_directories-extras.cmake\n'}
[0.249404] (openarmx_hardware) StdoutLine: {'line': b'-- Up-to-date symlink: /ws/install/openarmx_hardware/share/openarmx_hardware/cmake/ament_cmake_export_libraries-extras.cmake\n'}
[0.249478] (openarmx_hardware) StdoutLine: {'line': b'-- Up-to-date symlink: /ws/install/openarmx_hardware/share/openarmx_hardware/cmake/ament_cmake_export_dependencies-extras.cmake\n'}
[0.249541] (openarmx_hardware) StdoutLine: {'line': b'-- Up-to-date symlink: /ws/install/openarmx_hardware/share/openarmx_hardware/cmake/openarmx_hardwareConfig.cmake\n'}
[0.249609] (openarmx_hardware) StdoutLine: {'line': b'-- Up-to-date symlink: /ws/install/openarmx_hardware/share/openarmx_hardware/cmake/openarmx_hardwareConfig-version.cmake\n'}
[0.249672] (openarmx_hardware) StdoutLine: {'line': b'-- Up-to-date symlink: /ws/install/openarmx_hardware/share/openarmx_hardware/package.xml\n'}
[0.250338] (openarmx_hardware) CommandEnded: {'returncode': 0}
[0.256734] (openarmx_hardware) JobEnded: {'identifier': 'openarmx_hardware', 'rc': 0}
[0.257434] (openarmx) JobStarted: {'identifier': 'openarmx'}
[0.259409] (openarmx_teleop_leader) CommandEnded: {'returncode': 0}
[0.259721] (openarmx_teleop_leader) JobProgress: {'identifier': 'openarmx_teleop_leader', 'progress': 'install'}
[0.259822] (openarmx_teleop_leader) Command: {'cmd': ['/usr/bin/cmake', '--install', '/ws/build/openarmx_teleop_leader'], 'cwd': '/ws/build/openarmx_teleop_leader', 'env': OrderedDict([('HOSTNAME', 'sajio-System-Product-Name'), ('SHLVL', '1'), ('LD_LIBRARY_PATH', '/ws/install/openarmx_kp_kd_panel/lib:/ws/install/openarmx_hardware/lib:/ws/install/openarmx_gripper_panel/lib:/ws/install/openarmx_can/lib:/opt/ros/humble/opt/rviz_ogre_vendor/lib:/opt/ros/humble/lib/x86_64-linux-gnu:/opt/ros/humble/lib'), ('HOME', '/root'), ('ROS_PYTHON_VERSION', '3'), ('COLCON_PREFIX_PATH', '/ws/install'), ('ROS_DISTRO', 'humble'), ('_', '/usr/bin/colcon'), ('ROS_VERSION', '2'), ('TERM', 'xterm'), ('ROS_LOCALHOST_ONLY', '0'), ('QT_X11_NO_MITSHM', '1'), ('PATH', '/opt/ros/humble/bin:/usr/local/sbin:/usr/local/bin:/usr/sbin:/usr/bin:/sbin:/bin'), ('DISPLAY', ':0'), ('LANG', 'C.UTF-8'), ('AMENT_PREFIX_PATH', '/ws/install/openarmx_teleop_leader:/ws/install/openarmx_teach:/ws/install/openarmx_kp_kd_panel:/ws/install/openarmx:/ws/install/openarmx_hardware:/ws/install/openarmx_gripper_panel:/ws/install/openarmx_bimanual_moveit_config:/ws/install/openarmx_description:/ws/install/openarmx_can:/ws/install/openarmx_bringup:/opt/ros/humble'), ('DEBIAN_FRONTEND', 'noninteractive'), ('PWD', '/ws/build/openarmx_teleop_leader'), ('LC_ALL', 'C.UTF-8'), ('PYTHONPATH', '/ws/build/openarmx_teach:/ws/install/openarmx_teach/lib/python3.10/site-packages:/opt/ros/humble/lib/python3.10/site-packages:/opt/ros/humble/local/lib/python3.10/dist-packages'), ('COLCON', '1'), ('CMAKE_PREFIX_PATH', '/ws/install/openarmx_can:/ws/install/openarmx_teleop_leader:/ws/install/openarmx_kp_kd_panel:/ws/install/openarmx:/ws/install/openarmx_hardware:/ws/install/openarmx_gripper_panel:/ws/install/openarmx_bimanual_moveit_config:/ws/install/openarmx_description:/ws/install/openarmx_bringup:/ws/install/openarmx_teach:/opt/ros/humble')]), 'shell': False}
[0.264001] (openarmx) JobProgress: {'identifier': 'openarmx', 'progress': 'cmake'}
[0.264414] (openarmx) JobProgress: {'identifier': 'openarmx', 'progress': 'build'}
[0.264558] (openarmx) Command: {'cmd': ['/usr/bin/cmake', '--build', '/ws/build/openarmx', '--', '-j20', '-l20'], 'cwd': '/ws/build/openarmx', 'env': OrderedDict([('HOSTNAME', 'sajio-System-Product-Name'), ('SHLVL', '1'), ('LD_LIBRARY_PATH', '/ws/install/openarmx_hardware/lib:/ws/install/openarmx_kp_kd_panel/lib:/ws/install/openarmx_gripper_panel/lib:/ws/install/openarmx_can/lib:/opt/ros/humble/opt/rviz_ogre_vendor/lib:/opt/ros/humble/lib/x86_64-linux-gnu:/opt/ros/humble/lib'), ('HOME', '/root'), ('ROS_PYTHON_VERSION', '3'), ('COLCON_PREFIX_PATH', '/ws/install'), ('ROS_DISTRO', 'humble'), ('_', '/usr/bin/colcon'), ('ROS_VERSION', '2'), ('TERM', 'xterm'), ('ROS_LOCALHOST_ONLY', '0'), ('QT_X11_NO_MITSHM', '1'), ('PATH', '/opt/ros/humble/bin:/usr/local/sbin:/usr/local/bin:/usr/sbin:/usr/bin:/sbin:/bin'), ('DISPLAY', ':0'), ('LANG', 'C.UTF-8'), ('AMENT_PREFIX_PATH', '/ws/install/openarmx_teleop_leader:/ws/install/openarmx_teach:/ws/install/openarmx_kp_kd_panel:/ws/install/openarmx:/ws/install/openarmx_hardware:/ws/install/openarmx_gripper_panel:/ws/install/openarmx_bimanual_moveit_config:/ws/install/openarmx_description:/ws/install/openarmx_can:/ws/install/openarmx_bringup:/opt/ros/humble'), ('DEBIAN_FRONTEND', 'noninteractive'), ('PWD', '/ws/build/openarmx'), ('LC_ALL', 'C.UTF-8'), ('PYTHONPATH', '/ws/build/openarmx_teach:/ws/install/openarmx_teach/lib/python3.10/site-packages:/opt/ros/humble/lib/python3.10/site-packages:/opt/ros/humble/local/lib/python3.10/dist-packages'), ('COLCON', '1'), ('CMAKE_PREFIX_PATH', '/ws/install/openarmx_hardware:/ws/install/openarmx_description:/ws/install/openarmx_can:/ws/install/openarmx_bringup:/ws/install/openarmx_teleop_leader:/ws/install/openarmx_kp_kd_panel:/ws/install/openarmx:/ws/install/openarmx_gripper_panel:/ws/install/openarmx_bimanual_moveit_config:/ws/install/openarmx_teach:/opt/ros/humble')]), 'shell': False}
[0.265355] (openarmx_teleop_leader) StdoutLine: {'line': b'-- Install configuration: ""\n'}
[0.265429] (openarmx_teleop_leader) StdoutLine: {'line': b'-- Execute custom install script\n'}
[0.265474] (openarmx_teleop_leader) StdoutLine: {'line': b'-- Up-to-date symlink: /ws/install/openarmx_teleop_leader/lib/openarmx_teleop_leader/teleop_leader_node\n'}
[0.265534] (openarmx_teleop_leader) StdoutLine: {'line': b'-- Up-to-date symlink: /ws/install/openarmx_teleop_leader/lib/openarmx_teleop_leader/teleop_leader_with_gravitycomp_single\n'}
[0.265682] (openarmx_teleop_leader) StdoutLine: {'line': b'-- Up-to-date symlink: /ws/install/openarmx_teleop_leader/share/openarmx_teleop_leader/launch/bimanual_teleop.launch.py\n'}
[0.265726] (openarmx_teleop_leader) StdoutLine: {'line': b'-- Up-to-date symlink: /ws/install/openarmx_teleop_leader/share/openarmx_teleop_leader/launch/teleop_leader_with_gravitycomp_bimanual.launch.py\n'}
[0.265788] (openarmx_teleop_leader) StdoutLine: {'line': b'-- Up-to-date symlink: /ws/install/openarmx_teleop_leader/share/ament_index/resource_index/package_run_dependencies/openarmx_teleop_leader\n'}
[0.265847] (openarmx_teleop_leader) StdoutLine: {'line': b'-- Up-to-date symlink: /ws/install/openarmx_teleop_leader/share/ament_index/resource_index/parent_prefix_path/openarmx_teleop_leader\n'}
[0.265908] (openarmx_teleop_leader) StdoutLine: {'line': b'-- Up-to-date symlink: /ws/install/openarmx_teleop_leader/share/openarmx_teleop_leader/environment/ament_prefix_path.sh\n'}
[0.265959] (openarmx_teleop_leader) StdoutLine: {'line': b'-- Up-to-date symlink: /ws/install/openarmx_teleop_leader/share/openarmx_teleop_leader/environment/ament_prefix_path.dsv\n'}
[0.266028] (openarmx_teleop_leader) StdoutLine: {'line': b'-- Up-to-date symlink: /ws/install/openarmx_teleop_leader/share/openarmx_teleop_leader/environment/path.sh\n'}
[0.266074] (openarmx_teleop_leader) StdoutLine: {'line': b'-- Up-to-date symlink: /ws/install/openarmx_teleop_leader/share/openarmx_teleop_leader/environment/path.dsv\n'}
[0.266114] (openarmx_teleop_leader) StdoutLine: {'line': b'-- Up-to-date symlink: /ws/install/openarmx_teleop_leader/share/openarmx_teleop_leader/local_setup.bash\n'}
[0.266166] (openarmx_teleop_leader) StdoutLine: {'line': b'-- Up-to-date symlink: /ws/install/openarmx_teleop_leader/share/openarmx_teleop_leader/local_setup.sh\n'}
[0.266222] (openarmx_teleop_leader) StdoutLine: {'line': b'-- Up-to-date symlink: /ws/install/openarmx_teleop_leader/share/openarmx_teleop_leader/local_setup.zsh\n'}
[0.266266] (openarmx_teleop_leader) StdoutLine: {'line': b'-- Up-to-date symlink: /ws/install/openarmx_teleop_leader/share/openarmx_teleop_leader/local_setup.dsv\n'}
[0.266307] (openarmx_teleop_leader) StdoutLine: {'line': b'-- Symlinking: /ws/install/openarmx_teleop_leader/share/openarmx_teleop_leader/package.dsv\n'}
[0.272352] (openarmx_teleop_leader) StdoutLine: {'line': b'-- Up-to-date symlink: /ws/install/openarmx_teleop_leader/share/ament_index/resource_index/packages/openarmx_teleop_leader\n'}
[0.272521] (openarmx_teleop_leader) StdoutLine: {'line': b'-- Up-to-date symlink: /ws/install/openarmx_teleop_leader/share/openarmx_teleop_leader/cmake/openarmx_teleop_leaderConfig.cmake\n'}
[0.272594] (openarmx_teleop_leader) StdoutLine: {'line': b'-- Up-to-date symlink: /ws/install/openarmx_teleop_leader/share/openarmx_teleop_leader/cmake/openarmx_teleop_leaderConfig-version.cmake\n'}
[0.272663] (openarmx_teleop_leader) StdoutLine: {'line': b'-- Up-to-date symlink: /ws/install/openarmx_teleop_leader/share/openarmx_teleop_leader/package.xml\n'}
[0.273411] (openarmx_teleop_leader) CommandEnded: {'returncode': 0}
[0.279627] (openarmx_teleop_leader) JobEnded: {'identifier': 'openarmx_teleop_leader', 'rc': 0}
[0.284336] (openarmx) CommandEnded: {'returncode': 0}
[0.284682] (openarmx) JobProgress: {'identifier': 'openarmx', 'progress': 'install'}
[0.284763] (openarmx) Command: {'cmd': ['/usr/bin/cmake', '--install', '/ws/build/openarmx'], 'cwd': '/ws/build/openarmx', 'env': OrderedDict([('HOSTNAME', 'sajio-System-Product-Name'), ('SHLVL', '1'), ('LD_LIBRARY_PATH', '/ws/install/openarmx_hardware/lib:/ws/install/openarmx_kp_kd_panel/lib:/ws/install/openarmx_gripper_panel/lib:/ws/install/openarmx_can/lib:/opt/ros/humble/opt/rviz_ogre_vendor/lib:/opt/ros/humble/lib/x86_64-linux-gnu:/opt/ros/humble/lib'), ('HOME', '/root'), ('ROS_PYTHON_VERSION', '3'), ('COLCON_PREFIX_PATH', '/ws/install'), ('ROS_DISTRO', 'humble'), ('_', '/usr/bin/colcon'), ('ROS_VERSION', '2'), ('TERM', 'xterm'), ('ROS_LOCALHOST_ONLY', '0'), ('QT_X11_NO_MITSHM', '1'), ('PATH', '/opt/ros/humble/bin:/usr/local/sbin:/usr/local/bin:/usr/sbin:/usr/bin:/sbin:/bin'), ('DISPLAY', ':0'), ('LANG', 'C.UTF-8'), ('AMENT_PREFIX_PATH', '/ws/install/openarmx_teleop_leader:/ws/install/openarmx_teach:/ws/install/openarmx_kp_kd_panel:/ws/install/openarmx:/ws/install/openarmx_hardware:/ws/install/openarmx_gripper_panel:/ws/install/openarmx_bimanual_moveit_config:/ws/install/openarmx_description:/ws/install/openarmx_can:/ws/install/openarmx_bringup:/opt/ros/humble'), ('DEBIAN_FRONTEND', 'noninteractive'), ('PWD', '/ws/build/openarmx'), ('LC_ALL', 'C.UTF-8'), ('PYTHONPATH', '/ws/build/openarmx_teach:/ws/install/openarmx_teach/lib/python3.10/site-packages:/opt/ros/humble/lib/python3.10/site-packages:/opt/ros/humble/local/lib/python3.10/dist-packages'), ('COLCON', '1'), ('CMAKE_PREFIX_PATH', '/ws/install/openarmx_hardware:/ws/install/openarmx_description:/ws/install/openarmx_can:/ws/install/openarmx_bringup:/ws/install/openarmx_teleop_leader:/ws/install/openarmx_kp_kd_panel:/ws/install/openarmx:/ws/install/openarmx_gripper_panel:/ws/install/openarmx_bimanual_moveit_config:/ws/install/openarmx_teach:/opt/ros/humble')]), 'shell': False}
[0.291008] (openarmx) StdoutLine: {'line': b'-- Install configuration: ""\n'}
[0.291296] (openarmx) StdoutLine: {'line': b'-- Execute custom install script\n'}
[0.291438] (openarmx) StdoutLine: {'line': b'-- Up-to-date symlink: /ws/install/openarmx/share/ament_index/resource_index/package_run_dependencies/openarmx\n'}
[0.291545] (openarmx) StdoutLine: {'line': b'-- Up-to-date symlink: /ws/install/openarmx/share/ament_index/resource_index/parent_prefix_path/openarmx\n'}
[0.291658] (openarmx) StdoutLine: {'line': b'-- Up-to-date symlink: /ws/install/openarmx/share/openarmx/environment/ament_prefix_path.sh\n'}
[0.291746] (openarmx) StdoutLine: {'line': b'-- Up-to-date symlink: /ws/install/openarmx/share/openarmx/environment/ament_prefix_path.dsv\n'}
[0.291843] (openarmx) StdoutLine: {'line': b'-- Up-to-date symlink: /ws/install/openarmx/share/openarmx/environment/path.sh\n'}
[0.291924] (openarmx) StdoutLine: {'line': b'-- Up-to-date symlink: /ws/install/openarmx/share/openarmx/environment/path.dsv\n'}
[0.292007] (openarmx) StdoutLine: {'line': b'-- Up-to-date symlink: /ws/install/openarmx/share/openarmx/local_setup.bash\n'}
[0.292086] (openarmx) StdoutLine: {'line': b'-- Up-to-date symlink: /ws/install/openarmx/share/openarmx/local_setup.sh\n'}
[0.292164] (openarmx) StdoutLine: {'line': b'-- Up-to-date symlink: /ws/install/openarmx/share/openarmx/local_setup.zsh\n'}
[0.292240] (openarmx) StdoutLine: {'line': b'-- Up-to-date symlink: /ws/install/openarmx/share/openarmx/local_setup.dsv\n'}
[0.292301] (openarmx) StdoutLine: {'line': b'-- Symlinking: /ws/install/openarmx/share/openarmx/package.dsv\n'}
[0.294724] (openarmx_teach) Command: {'cmd': ['/usr/bin/python3', '-W', 'ignore:setup.py install is deprecated', '-W', 'ignore:easy_install command is deprecated', 'setup.py', 'develop', '--editable', '--build-directory', '/ws/build/openarmx_teach/build', '--no-deps', 'symlink_data'], 'cwd': '/ws/build/openarmx_teach', 'env': {'HOSTNAME': 'sajio-System-Product-Name', 'SHLVL': '1', 'LD_LIBRARY_PATH': '/ws/install/openarmx_kp_kd_panel/lib:/ws/install/openarmx_hardware/lib:/ws/install/openarmx_gripper_panel/lib:/ws/install/openarmx_can/lib:/opt/ros/humble/opt/rviz_ogre_vendor/lib:/opt/ros/humble/lib/x86_64-linux-gnu:/opt/ros/humble/lib', 'HOME': '/root', 'ROS_PYTHON_VERSION': '3', 'COLCON_PREFIX_PATH': '/ws/install', 'ROS_DISTRO': 'humble', '_': '/usr/bin/colcon', 'ROS_VERSION': '2', 'TERM': 'xterm', 'ROS_LOCALHOST_ONLY': '0', 'QT_X11_NO_MITSHM': '1', 'PATH': '/opt/ros/humble/bin:/usr/local/sbin:/usr/local/bin:/usr/sbin:/usr/bin:/sbin:/bin', 'DISPLAY': ':0', 'LANG': 'C.UTF-8', 'AMENT_PREFIX_PATH': '/ws/install/openarmx_teleop_leader:/ws/install/openarmx_teach:/ws/install/openarmx_kp_kd_panel:/ws/install/openarmx:/ws/install/openarmx_hardware:/ws/install/openarmx_gripper_panel:/ws/install/openarmx_bimanual_moveit_config:/ws/install/openarmx_description:/ws/install/openarmx_can:/ws/install/openarmx_bringup:/opt/ros/humble', 'DEBIAN_FRONTEND': 'noninteractive', 'PWD': '/ws/build/openarmx_teach', 'LC_ALL': 'C.UTF-8', 'PYTHONPATH': '/ws/build/openarmx_teach/prefix_override:/usr/lib/python3/dist-packages/colcon_core/task/python/colcon_distutils_commands:/ws/install/openarmx_teach/lib/python3.10/site-packages:/ws/build/openarmx_teach:/ws/install/openarmx_teach/lib/python3.10/site-packages:/opt/ros/humble/lib/python3.10/site-packages:/opt/ros/humble/local/lib/python3.10/dist-packages', 'COLCON': '1', 'CMAKE_PREFIX_PATH': '/ws/install/openarmx_teleop_leader:/ws/install/openarmx_kp_kd_panel:/ws/install/openarmx:/ws/install/openarmx_hardware:/ws/install/openarmx_gripper_panel:/ws/install/openarmx_bimanual_moveit_config:/ws/install/openarmx_description:/ws/install/openarmx_can:/ws/install/openarmx_bringup'}, 'shell': False}
[0.297233] (openarmx) StdoutLine: {'line': b'-- Up-to-date symlink: /ws/install/openarmx/share/ament_index/resource_index/packages/openarmx\n'}
[0.297314] (openarmx) StdoutLine: {'line': b'-- Up-to-date symlink: /ws/install/openarmx/share/openarmx/cmake/openarmxConfig.cmake\n'}
[0.297361] (openarmx) StdoutLine: {'line': b'-- Up-to-date symlink: /ws/install/openarmx/share/openarmx/cmake/openarmxConfig-version.cmake\n'}
[0.297447] (openarmx) StdoutLine: {'line': b'-- Up-to-date symlink: /ws/install/openarmx/share/openarmx/package.xml\n'}
[0.298444] (openarmx) CommandEnded: {'returncode': 0}
[0.299747] (-) TimerEvent: {}
[0.303788] (openarmx) JobEnded: {'identifier': 'openarmx', 'rc': 0}
[0.395237] (openarmx_teach) StdoutLine: {'line': b'running develop\n'}
[0.399814] (-) TimerEvent: {}
[0.441573] (openarmx_teach) StdoutLine: {'line': b'running egg_info\n'}
[0.441712] (openarmx_teach) StdoutLine: {'line': b'writing openarmx_teach.egg-info/PKG-INFO\n'}
[0.441747] (openarmx_teach) StdoutLine: {'line': b'writing dependency_links to openarmx_teach.egg-info/dependency_links.txt\n'}
[0.441863] (openarmx_teach) StdoutLine: {'line': b'writing entry points to openarmx_teach.egg-info/entry_points.txt\n'}
[0.441920] (openarmx_teach) StdoutLine: {'line': b'writing requirements to openarmx_teach.egg-info/requires.txt\n'}
[0.441947] (openarmx_teach) StdoutLine: {'line': b'writing top-level names to openarmx_teach.egg-info/top_level.txt\n'}
[0.442556] (openarmx_teach) StdoutLine: {'line': b"reading manifest file 'openarmx_teach.egg-info/SOURCES.txt'\n"}
[0.442881] (openarmx_teach) StdoutLine: {'line': b"writing manifest file 'openarmx_teach.egg-info/SOURCES.txt'\n"}
[0.443492] (openarmx_teach) StdoutLine: {'line': b'running build_ext\n'}
[0.443568] (openarmx_teach) StdoutLine: {'line': b'Creating /ws/install/openarmx_teach/lib/python3.10/site-packages/openarmx-teach.egg-link (link to .)\n'}
[0.444003] (openarmx_teach) StdoutLine: {'line': b'Installing play_joint_trajectory script to /ws/install/openarmx_teach/lib/openarmx_teach\n'}
[0.444069] (openarmx_teach) StdoutLine: {'line': b'Installing record_joint_states_always script to /ws/install/openarmx_teach/lib/openarmx_teach\n'}
[0.444120] (openarmx_teach) StdoutLine: {'line': b'Installing record_joint_states_stepbystep script to /ws/install/openarmx_teach/lib/openarmx_teach\n'}
[0.444163] (openarmx_teach) StdoutLine: {'line': b'\n'}
[0.444188] (openarmx_teach) StdoutLine: {'line': b'Installed /ws/build/openarmx_teach\n'}
[0.444212] (openarmx_teach) StdoutLine: {'line': b'running symlink_data\n'}
[0.455504] (openarmx_teach) CommandEnded: {'returncode': 0}
[0.459178] (openarmx_teach) JobEnded: {'identifier': 'openarmx_teach', 'rc': 0}
[0.459521] (-) EventReactorShutdown: {}
