[0.012s] Invoking command in '/ws/build/openarmx_bringup': CMAKE_PREFIX_PATH=${CMAKE_PREFIX_PATH}:/ws/install/openarmx_teach:/opt/ros/humble /usr/bin/cmake --build /ws/build/openarmx_bringup -- -j20 -l20
[0.129s] Invoked command in '/ws/build/openarmx_bringup' returned '0': CMAKE_PREFIX_PATH=${CMAKE_PREFIX_PATH}:/ws/install/openarmx_teach:/opt/ros/humble /usr/bin/cmake --build /ws/build/openarmx_bringup -- -j20 -l20
[0.133s] Invoking command in '/ws/build/openarmx_bringup': CMAKE_PREFIX_PATH=${CMAKE_PREFIX_PATH}:/ws/install/openarmx_teach:/opt/ros/humble /usr/bin/cmake --install /ws/build/openarmx_bringup
[0.142s] -- Install configuration: ""
[0.143s] -- Execute custom install script
[0.147s] -- Up-to-date symlink: /ws/install/openarmx_bringup/share/openarmx_bringup/launch/openarm.bimanual.launch.py
[0.147s] -- Up-to-date symlink: /ws/install/openarmx_bringup/share/openarmx_bringup/config/v10_controllers/openarm_v10_bimanual_controllers.yaml
[0.148s] -- Up-to-date symlink: /ws/install/openarmx_bringup/share/openarmx_bringup/config/v10_controllers/openarm_v10_bimanual_controllers_namespaced.yaml
[0.148s] -- Up-to-date symlink: /ws/install/openarmx_bringup/share/openarmx_bringup/config/v10_controllers/openarm_v10_controllers.yaml
[0.148s] -- Up-to-date symlink: /ws/install/openarmx_bringup/share/ament_index/resource_index/package_run_dependencies/openarmx_bringup
[0.148s] -- Up-to-date symlink: /ws/install/openarmx_bringup/share/ament_index/resource_index/parent_prefix_path/openarmx_bringup
[0.148s] -- Up-to-date symlink: /ws/install/openarmx_bringup/share/openarmx_bringup/environment/ament_prefix_path.sh
[0.148s] -- Up-to-date symlink: /ws/install/openarmx_bringup/share/openarmx_bringup/environment/ament_prefix_path.dsv
[0.148s] -- Up-to-date symlink: /ws/install/openarmx_bringup/share/openarmx_bringup/environment/path.sh
[0.152s] -- Up-to-date symlink: /ws/install/openarmx_bringup/share/openarmx_bringup/environment/path.dsv
[0.152s] -- Up-to-date symlink: /ws/install/openarmx_bringup/share/openarmx_bringup/local_setup.bash
[0.152s] -- Up-to-date symlink: /ws/install/openarmx_bringup/share/openarmx_bringup/local_setup.sh
[0.153s] -- Up-to-date symlink: /ws/install/openarmx_bringup/share/openarmx_bringup/local_setup.zsh
[0.154s] -- Up-to-date symlink: /ws/install/openarmx_bringup/share/openarmx_bringup/local_setup.dsv
[0.154s] -- Symlinking: /ws/install/openarmx_bringup/share/openarmx_bringup/package.dsv
[0.157s] -- Up-to-date symlink: /ws/install/openarmx_bringup/share/ament_index/resource_index/packages/openarmx_bringup
[0.158s] -- Up-to-date symlink: /ws/install/openarmx_bringup/share/openarmx_bringup/cmake/openarmx_bringupConfig.cmake
[0.158s] -- Up-to-date symlink: /ws/install/openarmx_bringup/share/openarmx_bringup/cmake/openarmx_bringupConfig-version.cmake
[0.158s] -- Up-to-date symlink: /ws/install/openarmx_bringup/share/openarmx_bringup/package.xml
[0.173s] Invoked command in '/ws/build/openarmx_bringup' returned '0': CMAKE_PREFIX_PATH=${CMAKE_PREFIX_PATH}:/ws/install/openarmx_teach:/opt/ros/humble /usr/bin/cmake --install /ws/build/openarmx_bringup
